BA1,NON CONTAINER,ANONYMOUS,DEFAULT,Y
BA1,NON CONTAINER,APPQOSSYS,DEFAULT,Y
BA1,NON CONTAINER,AUDSYS,DEFAULT,Y
BA1,NON CONTAINER,DBSFWUSER,DEFAULT,Y
BA1,NON CONTAINER,DBSNMP,DEFAULT,Y
BA1,NON CONTAINER,DIP,DEFAULT,Y
BA1,NON CONTAINER,GGSYS,DEFAULT,Y
BA1,NON CONTAINER,GSMADMIN_INTERNAL,DEFAULT,Y
BA1,NON CONTAINER,GSMCATUSER,DEFAULT,Y
BA1,NON CONTAINER,GSMUSER,DEFAULT,Y
BA1,NON CONTAINER,MONITORING,DEFAULT,N
BA1,NON CONTAINER,OPS$BA1ADM,DEFAULT,N
BA1,NON CONTAINER,OPS$ORABA1,DEFAULT,N
BA1,NON CONTAINER,OPS$ORACLE,DEFAULT,N
BA1,NON CONTAINER,OPS$SAPSERVICEBA1,DEFAULT,N
BA1,NON CONTAINER,ORACLE_OCM,DEFAULT,Y
BA1,NON CONTAINER,OUTLN,DEFAULT,Y
BA1,NON CONTAINER,REMOTE_SCHEDULER_AGENT,DEFAULT,Y
BA1,NON CONTAINER,SAPSR3,SAPUPROF,N
BA1,NON CONTAINER,SYS$UMF,DEFAULT,Y
BA1,NON CONTAINER,SYSBACKUP,DEFAULT,Y
BA1,NON CONTAINER,SYS,DEFAULT,Y
BA1,NON CONTAINER,SYSDG,DEFAULT,Y
BA1,NON CONTAINER,SYSKM,DEFAULT,Y
BA1,NON CONTAINER,SYSRAC,DEFAULT,Y
BA1,NON CONTAINER,SYSTEM,DEFAULT,Y
BA1,NON CONTAINER,XDB,DEFAULT,Y
BA1,NON CONTAINER,XS$NULL,DEFAULT,Y
BA3,NON CONTAINER,ANONYMOUS,DEFAULT,Y
BA3,NON CONTAINER,APPQOSSYS,DEFAULT,Y
BA3,NON CONTAINER,AUDSYS,DEFAULT,Y
BA3,NON CONTAINER,DBSFWUSER,DEFAULT,Y
BA3,NON CONTAINER,DBSNMP,DEFAULT,Y
BA3,NON CONTAINER,DIP,DEFAULT,Y
BA3,NON CONTAINER,GGSYS,DEFAULT,Y
BA3,NON CONTAINER,GSMADMIN_INTERNAL,DEFAULT,Y
BA3,NON CONTAINER,GSMCATUSER,DEFAULT,Y
BA3,NON CONTAINER,GSMUSER,DEFAULT,Y
BA3,NON CONTAINER,MONITORING,DEFAULT,N
BA3,NON CONTAINER,OPS$BA3ADM,DEFAULT,N
BA3,NON CONTAINER,OPS$ORABA3,DEFAULT,N
BA3,NON CONTAINER,OPS$ORACLE,DEFAULT,N
BA3,NON CONTAINER,OPS$SAPSERVICEBA3,DEFAULT,N
BA3,NON CONTAINER,ORACLE_OCM,DEFAULT,Y
BA3,NON CONTAINER,OUTLN,DEFAULT,Y
BA3,NON CONTAINER,REMOTE_SCHEDULER_AGENT,DEFAULT,Y
BA3,NON CONTAINER,SAPSR3,SAPUPROF,N
BA3,NON CONTAINER,SYS$UMF,DEFAULT,Y
BA3,NON CONTAINER,SYSBACKUP,DEFAULT,Y
BA3,NON CONTAINER,SYS,DEFAULT,Y
BA3,NON CONTAINER,SYSDG,DEFAULT,Y
BA3,NON CONTAINER,SYSKM,DEFAULT,Y
BA3,NON CONTAINER,SYSRAC,DEFAULT,Y
BA3,NON CONTAINER,SYSTEM,DEFAULT,Y
BA3,NON CONTAINER,XDB,DEFAULT,Y
BA3,NON CONTAINER,XS$NULL,DEFAULT,Y
BJ1,NON CONTAINER,ANONYMOUS,DEFAULT,Y
BJ1,NON CONTAINER,APPQOSSYS,DEFAULT,Y
BJ1,NON CONTAINER,AUDSYS,DEFAULT,Y
BJ1,NON CONTAINER,DBSFWUSER,DEFAULT,Y
BJ1,NON CONTAINER,DBSNMP,DEFAULT,Y
BJ1,NON CONTAINER,DIP,DEFAULT,Y
BJ1,NON CONTAINER,GGSYS,DEFAULT,Y
BJ1,NON CONTAINER,GSMADMIN_INTERNAL,DEFAULT,Y
BJ1,NON CONTAINER,GSMCATUSER,DEFAULT,Y
BJ1,NON CONTAINER,GSMUSER,DEFAULT,Y
BJ1,NON CONTAINER,MONITORING,DEFAULT,N
BJ1,NON CONTAINER,OPS$BJ1ADM,DEFAULT,N
BJ1,NON CONTAINER,OPS$ORABJ1,DEFAULT,N
BJ1,NON CONTAINER,OPS$ORACLE,DEFAULT,N
BJ1,NON CONTAINER,ORACLE_OCM,DEFAULT,Y
BJ1,NON CONTAINER,OUTLN,DEFAULT,Y
BJ1,NON CONTAINER,REMOTE_SCHEDULER_AGENT,DEFAULT,Y
BJ1,NON CONTAINER,SAPSR3DB,SAPUPROF,N
BJ1,NON CONTAINER,SYS$UMF,DEFAULT,Y
BJ1,NON CONTAINER,SYSBACKUP,DEFAULT,Y
BJ1,NON CONTAINER,SYS,DEFAULT,Y
BJ1,NON CONTAINER,SYSDG,DEFAULT,Y
BJ1,NON CONTAINER,SYSKM,DEFAULT,Y
BJ1,NON CONTAINER,SYSRAC,DEFAULT,Y
BJ1,NON CONTAINER,SYSTEM,DEFAULT,Y
BJ1,NON CONTAINER,XDB,DEFAULT,Y
BJ1,NON CONTAINER,XS$NULL,DEFAULT,Y
BJ3,NON CONTAINER,ANONYMOUS,DEFAULT,Y
BJ3,NON CONTAINER,APPQOSSYS,DEFAULT,Y
BJ3,NON CONTAINER,AUDSYS,DEFAULT,Y
BJ3,NON CONTAINER,DBSFWUSER,DEFAULT,Y
BJ3,NON CONTAINER,DBSNMP,DEFAULT,Y
BJ3,NON CONTAINER,DIP,DEFAULT,Y
BJ3,NON CONTAINER,GGSYS,DEFAULT,Y
BJ3,NON CONTAINER,GSMADMIN_INTERNAL,DEFAULT,Y
BJ3,NON CONTAINER,GSMCATUSER,DEFAULT,Y
BJ3,NON CONTAINER,GSMUSER,DEFAULT,Y
BJ3,NON CONTAINER,MONITORING,DEFAULT,N
BJ3,NON CONTAINER,OPS$BJ3ADM,DEFAULT,N
BJ3,NON CONTAINER,OPS$ORABJ3,DEFAULT,N
BJ3,NON CONTAINER,OPS$ORACLE,DEFAULT,N
BJ3,NON CONTAINER,ORACLE_OCM,DEFAULT,Y
BJ3,NON CONTAINER,OUTLN,DEFAULT,Y
BJ3,NON CONTAINER,REMOTE_SCHEDULER_AGENT,DEFAULT,Y
BJ3,NON CONTAINER,SAPSR3DB,SAPUPROF,N
BJ3,NON CONTAINER,SYS$UMF,DEFAULT,Y
BJ3,NON CONTAINER,SYSBACKUP,DEFAULT,Y
BJ3,NON CONTAINER,SYS,DEFAULT,Y
BJ3,NON CONTAINER,SYSDG,DEFAULT,Y
BJ3,NON CONTAINER,SYSKM,DEFAULT,Y
BJ3,NON CONTAINER,SYSRAC,DEFAULT,Y
BJ3,NON CONTAINER,SYSTEM,DEFAULT,Y
BJ3,NON CONTAINER,XDB,DEFAULT,Y
BJ3,NON CONTAINER,XS$NULL,DEFAULT,Y
BW1,NON CONTAINER,ANONYMOUS,DEFAULT,Y
BW1,NON CONTAINER,APPQOSSYS,DEFAULT,Y
BW1,NON CONTAINER,AUDSYS,DEFAULT,Y
BW1,NON CONTAINER,DBSFWUSER,DEFAULT,Y
BW1,NON CONTAINER,DBSNMP,DEFAULT,Y
BW1,NON CONTAINER,DIP,DEFAULT,Y
BW1,NON CONTAINER,GGSYS,DEFAULT,Y
BW1,NON CONTAINER,GSMADMIN_INTERNAL,DEFAULT,Y
BW1,NON CONTAINER,GSMCATUSER,DEFAULT,Y
BW1,NON CONTAINER,GSMUSER,DEFAULT,Y
BW1,NON CONTAINER,MONITORING,DEFAULT,N
BW1,NON CONTAINER,OPS$BW1ADM,DEFAULT,N
BW1,NON CONTAINER,OPS$ORABW1,DEFAULT,N
BW1,NON CONTAINER,OPS$ORACLE,DEFAULT,N
BW1,NON CONTAINER,OPS$SAPSERVICEBW1,DEFAULT,N
BW1,NON CONTAINER,ORACLE_OCM,DEFAULT,Y
BW1,NON CONTAINER,OUTLN,DEFAULT,Y
BW1,NON CONTAINER,REMOTE_SCHEDULER_AGENT,DEFAULT,Y
BW1,NON CONTAINER,SAPSR3,SAPUPROF,N
BW1,NON CONTAINER,SYS$UMF,DEFAULT,Y
BW1,NON CONTAINER,SYSBACKUP,DEFAULT,Y
BW1,NON CONTAINER,SYS,DEFAULT,Y
BW1,NON CONTAINER,SYSDG,DEFAULT,Y
BW1,NON CONTAINER,SYSKM,DEFAULT,Y
BW1,NON CONTAINER,SYSRAC,DEFAULT,Y
BW1,NON CONTAINER,SYSTEM,DEFAULT,Y
BW1,NON CONTAINER,XDB,DEFAULT,Y
BW1,NON CONTAINER,XS$NULL,DEFAULT,Y
CHC,NON CONTAINER,ANONYMOUS,DEFAULT,Y
CHC,NON CONTAINER,APPQOSSYS,DEFAULT,Y
CHC,NON CONTAINER,AUDSYS,DEFAULT,Y
CHC,NON CONTAINER,DBSFWUSER,DEFAULT,Y
CHC,NON CONTAINER,DBSNMP,CHL_PROFILE,Y
CHC,NON CONTAINER,DIP,DEFAULT,Y
CHC,NON CONTAINER,GGSYS,DEFAULT,Y
CHC,NON CONTAINER,GSMADMIN_INTERNAL,DEFAULT,Y
CHC,NON CONTAINER,GSMCATUSER,DEFAULT,Y
CHC,NON CONTAINER,GSMUSER,GSM_PROF,Y
CHC,NON CONTAINER,MONITORING,DEFAULT,N
CHC,NON CONTAINER,MONITORING_ORACLEDB_EXP,DEFAULT,N
CHC,NON CONTAINER,OPS$CHCADM,DEFAULT,N
CHC,NON CONTAINER,OPS$ORACHC,DEFAULT,N
CHC,NON CONTAINER,OPS$ORACLE,DEFAULT,N
CHC,NON CONTAINER,OPS$SAPSERVICECHC,DEFAULT,N
CHC,NON CONTAINER,ORACLE_OCM,CHL_PROFILE,Y
CHC,NON CONTAINER,OUTLN,DEFAULT,Y
CHC,NON CONTAINER,REMOTE_SCHEDULER_AGENT,DEFAULT,Y
CHC,NON CONTAINER,SAPSR3,SAPUPROF,N
CHC,NON CONTAINER,SYS$UMF,DEFAULT,Y
CHC,NON CONTAINER,SYSBACKUP,DEFAULT,Y
CHC,NON CONTAINER,SYS,CHL_PROFILE,Y
CHC,NON CONTAINER,SYSDG,DEFAULT,Y
CHC,NON CONTAINER,SYSKM,DEFAULT,Y
CHC,NON CONTAINER,SYSRAC,DEFAULT,Y
CHC,NON CONTAINER,SYSTEM,CHL_PROFILE,Y
CHC,NON CONTAINER,XDB,DEFAULT,Y
CHC,NON CONTAINER,XS$NULL,DEFAULT,Y
CHL,NON CONTAINER,ADMRAGJUL01,DEFAULT,N
CHL,NON CONTAINER,ANONYMOUS,DEFAULT,Y
CHL,NON CONTAINER,APPQOSSYS,DEFAULT,Y
CHL,NON CONTAINER,AUDSYS,DEFAULT,Y
CHL,NON CONTAINER,DBSFWUSER,DEFAULT,Y
CHL,NON CONTAINER,DBSNMP,DEFAULT,Y
CHL,NON CONTAINER,DIP,DEFAULT,Y
CHL,NON CONTAINER,GGSYS,DEFAULT,Y
CHL,NON CONTAINER,GSMADMIN_INTERNAL,DEFAULT,Y
CHL,NON CONTAINER,GSMCATUSER,DEFAULT,Y
CHL,NON CONTAINER,GSMUSER,GSM_PROF,Y
CHL,NON CONTAINER,MONITORING,DEFAULT,N
CHL,NON CONTAINER,MONITORING_ORACLEDB_EXP,DEFAULT,N
CHL,NON CONTAINER,OPS$CHLADM,DEFAULT,N
CHL,NON CONTAINER,OPS$ORACHL,DEFAULT,N
CHL,NON CONTAINER,OPS$ORACLE,DEFAULT,N
CHL,NON CONTAINER,OPS$SAPSERVICECHL,DEFAULT,N
CHL,NON CONTAINER,ORACLE_OCM,DEFAULT,Y
CHL,NON CONTAINER,OUTLN,DEFAULT,Y
CHL,NON CONTAINER,REMOTE_SCHEDULER_AGENT,DEFAULT,Y
CHL,NON CONTAINER,SAPSR3,SAPUPROF,N
CHL,NON CONTAINER,SYS$UMF,DEFAULT,Y
CHL,NON CONTAINER,SYSBACKUP,DEFAULT,Y
CHL,NON CONTAINER,SYS,DEFAULT,Y
CHL,NON CONTAINER,SYSDG,DEFAULT,Y
CHL,NON CONTAINER,SYSKM,DEFAULT,Y
CHL,NON CONTAINER,SYSRAC,DEFAULT,Y
CHL,NON CONTAINER,SYSTEM,DEFAULT,Y
CHL,NON CONTAINER,XDB,DEFAULT,Y
CHL,NON CONTAINER,XS$NULL,DEFAULT,Y
CYBERDEV,NON CONTAINER,ADMINISTRATOR,CHL_PROFILE,N
CYBERDEV,NON CONTAINER,ANONYMOUS,DEFAULT,Y
CYBERDEV,NON CONTAINER,APPQOSSYS,DEFAULT,Y
CYBERDEV,NON CONTAINER,AUDSYS,DEFAULT,Y
CYBERDEV,NON CONTAINER,CYBERLABV4,DEFAULT,N
CYBERDEV,NON CONTAINER,CYBERLABV4_RO,DEFAULT,N
CYBERDEV,NON CONTAINER,CYBERLABV6,DEFAULT,N
CYBERDEV,NON CONTAINER,DBSFWUSER,DEFAULT,Y
CYBERDEV,NON CONTAINER,DBSNMP,DEFAULT,Y
CYBERDEV,NON CONTAINER,DIP,DEFAULT,Y
CYBERDEV,NON CONTAINER,GGSYS,DEFAULT,Y
CYBERDEV,NON CONTAINER,GSMADMIN_INTERNAL,DEFAULT,Y
CYBERDEV,NON CONTAINER,GSMCATUSER,DEFAULT,Y
CYBERDEV,NON CONTAINER,GSMUSER,DEFAULT,Y
CYBERDEV,NON CONTAINER,MONITORING,DEFAULT,N
CYBERDEV,NON CONTAINER,ORACLE_OCM,DEFAULT,Y
CYBERDEV,NON CONTAINER,OUTLN,DEFAULT,Y
CYBERDEV,NON CONTAINER,REMOTE_SCHEDULER_AGENT,DEFAULT,Y
CYBERDEV,NON CONTAINER,SYS$UMF,DEFAULT,Y
CYBERDEV,NON CONTAINER,SYSBACKUP,DEFAULT,Y
CYBERDEV,NON CONTAINER,SYS,CHL_PROFILE,Y
CYBERDEV,NON CONTAINER,SYSDG,DEFAULT,Y
CYBERDEV,NON CONTAINER,SYSKM,DEFAULT,Y
CYBERDEV,NON CONTAINER,SYSRAC,DEFAULT,Y
CYBERDEV,NON CONTAINER,SYSTEM,CHL_PROFILE,Y
CYBERDEV,NON CONTAINER,XDB,DEFAULT,Y
CYBERDEV,NON CONTAINER,XS$NULL,DEFAULT,Y
CYBERLAB,NON CONTAINER,ADMINISTRATOR,CHL_PROFILE,N
CYBERLAB,NON CONTAINER,ANONYMOUS,DEFAULT,Y
CYBERLAB,NON CONTAINER,APPQOSSYS,DEFAULT,Y
CYBERLAB,NON CONTAINER,AUDSYS,DEFAULT,Y
CYBERLAB,NON CONTAINER,CYBERLABV4,DEFAULT,N
CYBERLAB,NON CONTAINER,CYBERLABV4_RO,DEFAULT,N
CYBERLAB,NON CONTAINER,DBSFWUSER,DEFAULT,Y
CYBERLAB,NON CONTAINER,DBSNMP,DEFAULT,Y
CYBERLAB,NON CONTAINER,DIP,DEFAULT,Y
CYBERLAB,NON CONTAINER,GGSYS,DEFAULT,Y
CYBERLAB,NON CONTAINER,GSMADMIN_INTERNAL,DEFAULT,Y
CYBERLAB,NON CONTAINER,GSMCATUSER,DEFAULT,Y
CYBERLAB,NON CONTAINER,GSMUSER,DEFAULT,Y
CYBERLAB,NON CONTAINER,MONITORING,DEFAULT,N
CYBERLAB,NON CONTAINER,ORACLE_OCM,DEFAULT,Y
CYBERLAB,NON CONTAINER,OUTLN,DEFAULT,Y
CYBERLAB,NON CONTAINER,REMOTE_SCHEDULER_AGENT,DEFAULT,Y
CYBERLAB,NON CONTAINER,SYS$UMF,DEFAULT,Y
CYBERLAB,NON CONTAINER,SYSBACKUP,DEFAULT,Y
CYBERLAB,NON CONTAINER,SYS,CHL_PROFILE,Y
CYBERLAB,NON CONTAINER,SYSDG,DEFAULT,Y
CYBERLAB,NON CONTAINER,SYSKM,DEFAULT,Y
CYBERLAB,NON CONTAINER,SYSRAC,DEFAULT,Y
CYBERLAB,NON CONTAINER,SYSTEM,CHL_PROFILE,Y
CYBERLAB,NON CONTAINER,XDB,DEFAULT,Y
CYBERLAB,NON CONTAINER,XS$NULL,DEFAULT,Y
DIM,NON CONTAINER,ADMINISTRATOR,CHL_PROFILE,N
DIM,NON CONTAINER,ANONYMOUS,DEFAULT,Y
DIM,NON CONTAINER,APPQOSSYS,DEFAULT,Y
DIM,NON CONTAINER,AUDSYS,DEFAULT,Y
DIM,NON CONTAINER,BUSINESSOBJECTS,DEFAULT,N
DIM,NON CONTAINER,CATALOGUE,DEFAULT,N
DIM,NON CONTAINER,CQ,DEFAULT,N
DIM,NON CONTAINER,DBSFWUSER,DEFAULT,Y
DIM,NON CONTAINER,DBSNMP,DEFAULT,Y
DIM,NON CONTAINER,DIP,DEFAULT,Y
DIM,NON CONTAINER,DOCUMENT,DEFAULT,N
DIM,NON CONTAINER,GAP,DEFAULT,N
DIM,NON CONTAINER,GGSYS,DEFAULT,Y
DIM,NON CONTAINER,GSMADMIN_INTERNAL,DEFAULT,Y
DIM,NON CONTAINER,GSMCATUSER,DEFAULT,Y
DIM,NON CONTAINER,GSMUSER,DEFAULT,Y
DIM,NON CONTAINER,HPMS,DEFAULT,N
DIM,NON CONTAINER,ICODE,DEFAULT,N
DIM,NON CONTAINER,ICODEINCCI,DEFAULT,N
DIM,NON CONTAINER,ICODEINCCI_STAT,DEFAULT,N
DIM,NON CONTAINER,ICODE_STAT,DEFAULT,N
DIM,NON CONTAINER,MASTER,DEFAULT,N
DIM,NON CONTAINER,MONITORING,DEFAULT,N
DIM,NON CONTAINER,MTSSYS,DEFAULT,N
DIM,NON CONTAINER,MWSACCESS,DEFAULT,N
DIM,NON CONTAINER,NMCL,DEFAULT,N
DIM,NON CONTAINER,ORACLE_OCM,DEFAULT,Y
DIM,NON CONTAINER,OUTILS,DEFAULT,N
DIM,NON CONTAINER,OUTLN,DEFAULT,Y
DIM,NON CONTAINER,PATIENT,DEFAULT,N
DIM,NON CONTAINER,PMSI,DEFAULT,N
DIM,NON CONTAINER,RDV,DEFAULT,N
DIM,NON CONTAINER,REGULATION,DEFAULT,N
DIM,NON CONTAINER,REMOTE_SCHEDULER_AGENT,DEFAULT,Y
DIM,NON CONTAINER,SID,DEFAULT,N
DIM,NON CONTAINER,STRUCTURE,DEFAULT,N
DIM,NON CONTAINER,SYS$UMF,DEFAULT,Y
DIM,NON CONTAINER,SYSBACKUP,DEFAULT,Y
DIM,NON CONTAINER,SYS,CHL_PROFILE,Y
DIM,NON CONTAINER,SYSDG,DEFAULT,Y
DIM,NON CONTAINER,SYSKM,DEFAULT,Y
DIM,NON CONTAINER,SYSRAC,DEFAULT,Y
DIM,NON CONTAINER,SYSTEM,CHL_PROFILE,Y
DIM,NON CONTAINER,UPDATES,DEFAULT,N
DIM,NON CONTAINER,WMSYS,DEFAULT,Y
DIM,NON CONTAINER,XDB,DEFAULT,Y
DIM,NON CONTAINER,XS$NULL,DEFAULT,Y
ENNOV,NON CONTAINER,ADMINISTRATOR,CHL_PROFILE,N
ENNOV,NON CONTAINER,ANONYMOUS,DEFAULT,Y
ENNOV,NON CONTAINER,APPQOSSYS,DEFAULT,Y
ENNOV,NON CONTAINER,AUDSYS,DEFAULT,Y
ENNOV,NON CONTAINER,DATAMART_ENNOV,DEFAULT,N
ENNOV,NON CONTAINER,DBSFWUSER,DEFAULT,Y
ENNOV,NON CONTAINER,DBSNMP,DEFAULT,Y
ENNOV,NON CONTAINER,DIP,DEFAULT,Y
ENNOV,NON CONTAINER,DT_ETL_ENNOV,DEFAULT,N
ENNOV,NON CONTAINER,ENNOV8PROD,DEFAULT,N
ENNOV,NON CONTAINER,ENNOV8PROD_RO,DEFAULT,N
ENNOV,NON CONTAINER,ENNOV8QUARTZ,DEFAULT,N
ENNOV,NON CONTAINER,GGSYS,DEFAULT,Y
ENNOV,NON CONTAINER,GSMADMIN_INTERNAL,DEFAULT,Y
ENNOV,NON CONTAINER,GSMCATUSER,DEFAULT,Y
ENNOV,NON CONTAINER,GSMUSER,DEFAULT,Y
ENNOV,NON CONTAINER,MONITORING,DEFAULT,N
ENNOV,NON CONTAINER,ORACLE_OCM,DEFAULT,Y
ENNOV,NON CONTAINER,OUTLN,DEFAULT,Y
ENNOV,NON CONTAINER,REMOTE_SCHEDULER_AGENT,DEFAULT,Y
ENNOV,NON CONTAINER,SYS$UMF,DEFAULT,Y
ENNOV,NON CONTAINER,SYSBACKUP,DEFAULT,Y
ENNOV,NON CONTAINER,SYS,CHL_PROFILE,Y
ENNOV,NON CONTAINER,SYSDG,DEFAULT,Y
ENNOV,NON CONTAINER,SYSKM,DEFAULT,Y
ENNOV,NON CONTAINER,SYSRAC,DEFAULT,Y
ENNOV,NON CONTAINER,SYSTEM,CHL_PROFILE,Y
ENNOV,NON CONTAINER,XDB,DEFAULT,Y
ENNOV,NON CONTAINER,XS$NULL,DEFAULT,Y
ENNOVT,NON CONTAINER,ADMINISTRATOR,CHL_PROFILE,N
ENNOVT,NON CONTAINER,ANONYMOUS,DEFAULT,Y
ENNOVT,NON CONTAINER,APPQOSSYS,DEFAULT,Y
ENNOVT,NON CONTAINER,AUDSYS,DEFAULT,Y
ENNOVT,NON CONTAINER,DATAMART_ENNOV,DEFAULT,N
ENNOVT,NON CONTAINER,DBSFWUSER,DEFAULT,Y
ENNOVT,NON CONTAINER,DBSNMP,DEFAULT,Y
ENNOVT,NON CONTAINER,DIP,DEFAULT,Y
ENNOVT,NON CONTAINER,DT_ETL_ENNOVPROD,DEFAULT,N
ENNOVT,NON CONTAINER,ENNOV8PROD,DEFAULT,N
ENNOVT,NON CONTAINER,ENNOV8PROD_RO,DEFAULT,N
ENNOVT,NON CONTAINER,ENNOV8QUARTZ,DEFAULT,N
ENNOVT,NON CONTAINER,GGSYS,DEFAULT,Y
ENNOVT,NON CONTAINER,GSMADMIN_INTERNAL,DEFAULT,Y
ENNOVT,NON CONTAINER,GSMCATUSER,DEFAULT,Y
ENNOVT,NON CONTAINER,GSMUSER,DEFAULT,Y
ENNOVT,NON CONTAINER,MONITORING,DEFAULT,N
ENNOVT,NON CONTAINER,ORACLE_OCM,DEFAULT,Y
ENNOVT,NON CONTAINER,OUTLN,DEFAULT,Y
ENNOVT,NON CONTAINER,REMOTE_SCHEDULER_AGENT,DEFAULT,Y
ENNOVT,NON CONTAINER,SYS$UMF,DEFAULT,Y
ENNOVT,NON CONTAINER,SYSBACKUP,DEFAULT,Y
ENNOVT,NON CONTAINER,SYS,CHL_PROFILE,Y
ENNOVT,NON CONTAINER,SYSDG,DEFAULT,Y
ENNOVT,NON CONTAINER,SYSKM,DEFAULT,Y
ENNOVT,NON CONTAINER,SYSRAC,DEFAULT,Y
ENNOVT,NON CONTAINER,SYSTEM,CHL_PROFILE,Y
ENNOVT,NON CONTAINER,XDB,DEFAULT,Y
ENNOVT,NON CONTAINER,XS$NULL,DEFAULT,Y
HYDPRDG5,NON CONTAINER,ADMINISTRATOR,CHL_PROFILE,N
HYDPRDG5,NON CONTAINER,ANONYMOUS,DEFAULT,Y
HYDPRDG5,NON CONTAINER,APPQOSSYS,DEFAULT,Y
HYDPRDG5,NON CONTAINER,AUDSYS,DEFAULT,Y
HYDPRDG5,NON CONTAINER,CTXSYS,DEFAULT,Y
HYDPRDG5,NON CONTAINER,DBSFWUSER,DEFAULT,Y
HYDPRDG5,NON CONTAINER,DBSNMP,DEFAULT,Y
HYDPRDG5,NON CONTAINER,DIP,DEFAULT,Y
HYDPRDG5,NON CONTAINER,DVF,DEFAULT,Y
HYDPRDG5,NON CONTAINER,DVSYS,DEFAULT,Y
HYDPRDG5,NON CONTAINER,G5,DEFAULT,N
HYDPRDG5,NON CONTAINER,G6_4SAP,DEFAULT,N
HYDPRDG5,NON CONTAINER,GGSYS,DEFAULT,Y
HYDPRDG5,NON CONTAINER,GSMADMIN_INTERNAL,DEFAULT,Y
HYDPRDG5,NON CONTAINER,GSMCATUSER,DEFAULT,Y
HYDPRDG5,NON CONTAINER,GSMROOTUSER,DEFAULT,Y
HYDPRDG5,NON CONTAINER,GSMUSER,DEFAULT,Y
HYDPRDG5,NON CONTAINER,LBACSYS,DEFAULT,Y
HYDPRDG5,NON CONTAINER,MDDATA,DEFAULT,Y
HYDPRDG5,NON CONTAINER,MDSYS,DEFAULT,Y
HYDPRDG5,NON CONTAINER,MONITORING,DEFAULT,N
HYDPRDG5,NON CONTAINER,OJVMSYS,DEFAULT,Y
HYDPRDG5,NON CONTAINER,OLAPSYS,DEFAULT,Y
HYDPRDG5,NON CONTAINER,ORACLE_OCM,DEFAULT,Y
HYDPRDG5,NON CONTAINER,ORDDATA,DEFAULT,Y
HYDPRDG5,NON CONTAINER,ORDPLUGINS,DEFAULT,Y
HYDPRDG5,NON CONTAINER,ORDSYS,DEFAULT,Y
HYDPRDG5,NON CONTAINER,OUTLN,DEFAULT,Y
HYDPRDG5,NON CONTAINER,REMOTE_SCHEDULER_AGENT,DEFAULT,Y
HYDPRDG5,NON CONTAINER,SI_INFORMTN_SCHEMA,DEFAULT,Y
HYDPRDG5,NON CONTAINER,SYS$UMF,DEFAULT,Y
HYDPRDG5,NON CONTAINER,SYSBACKUP,DEFAULT,Y
HYDPRDG5,NON CONTAINER,SYS,CHL_PROFILE,Y
HYDPRDG5,NON CONTAINER,SYSDG,DEFAULT,Y
HYDPRDG5,NON CONTAINER,SYSKM,DEFAULT,Y
HYDPRDG5,NON CONTAINER,SYSRAC,DEFAULT,Y
HYDPRDG5,NON CONTAINER,SYSTEM,CHL_PROFILE,Y
HYDPRDG5,NON CONTAINER,WMSYS,DEFAULT,Y
HYDPRDG5,NON CONTAINER,XDB,DEFAULT,Y
HYDPRDG5,NON CONTAINER,XS$NULL,DEFAULT,Y
HYDTEST,NON CONTAINER,ADMINISTRATOR,CHL_PROFILE,N
HYDTEST,NON CONTAINER,ANONYMOUS,DEFAULT,Y
HYDTEST,NON CONTAINER,APPQOSSYS,DEFAULT,Y
HYDTEST,NON CONTAINER,AUDSYS,DEFAULT,Y
HYDTEST,NON CONTAINER,DBSFWUSER,DEFAULT,Y
HYDTEST,NON CONTAINER,DBSNMP,DEFAULT,Y
HYDTEST,NON CONTAINER,DIP,DEFAULT,Y
HYDTEST,NON CONTAINER,G5_4SAP,DEFAULT,N
HYDTEST,NON CONTAINER,G5,DEFAULT,N
HYDTEST,NON CONTAINER,GGSYS,DEFAULT,Y
HYDTEST,NON CONTAINER,GSMADMIN_INTERNAL,DEFAULT,Y
HYDTEST,NON CONTAINER,GSMCATUSER,DEFAULT,Y
HYDTEST,NON CONTAINER,GSMUSER,DEFAULT,Y
HYDTEST,NON CONTAINER,HYD_KEYCLK,DEFAULT,N
HYDTEST,NON CONTAINER,MONITORING,DEFAULT,N
HYDTEST,NON CONTAINER,ORACLE_OCM,DEFAULT,Y
HYDTEST,NON CONTAINER,OUTLN,DEFAULT,Y
HYDTEST,NON CONTAINER,REMOTE_SCHEDULER_AGENT,DEFAULT,Y
HYDTEST,NON CONTAINER,SYS$UMF,DEFAULT,Y
HYDTEST,NON CONTAINER,SYSBACKUP,DEFAULT,Y
HYDTEST,NON CONTAINER,SYS,CHL_PROFILE,Y
HYDTEST,NON CONTAINER,SYSDG,DEFAULT,Y
HYDTEST,NON CONTAINER,SYSKM,DEFAULT,Y
HYDTEST,NON CONTAINER,SYSRAC,DEFAULT,Y
HYDTEST,NON CONTAINER,SYSTEM,CHL_PROFILE,Y
HYDTEST,NON CONTAINER,XDB,DEFAULT,Y
HYDTEST,NON CONTAINER,XS$NULL,DEFAULT,Y
LABODEV,NON CONTAINER,ADMINISTRATOR,CHL_PROFILE,N
LABODEV,NON CONTAINER,ANONYMOUS,DEFAULT,Y
LABODEV,NON CONTAINER,APPQOSSYS,DEFAULT,Y
LABODEV,NON CONTAINER,AUDSYS,DEFAULT,Y
LABODEV,NON CONTAINER,DBSFWUSER,DEFAULT,Y
LABODEV,NON CONTAINER,DBSNMP,DEFAULT,Y
LABODEV,NON CONTAINER,DIP,DEFAULT,Y
LABODEV,NON CONTAINER,GGSYS,DEFAULT,Y
LABODEV,NON CONTAINER,GSMADMIN_INTERNAL,DEFAULT,Y
LABODEV,NON CONTAINER,GSMCATUSER,DEFAULT,Y
LABODEV,NON CONTAINER,GSMUSER,DEFAULT,Y
LABODEV,NON CONTAINER,MIPSDEV,DEFAULT,N
LABODEV,NON CONTAINER,MONITORING,DEFAULT,N
LABODEV,NON CONTAINER,ORACLE_OCM,DEFAULT,Y
LABODEV,NON CONTAINER,ORAGLIMS,DEFAULT,N
LABODEV,NON CONTAINER,ORAGLIMS_RO,DEFAULT,N
LABODEV,NON CONTAINER,OUTLN,DEFAULT,Y
LABODEV,NON CONTAINER,REMOTE_SCHEDULER_AGENT,DEFAULT,Y
LABODEV,NON CONTAINER,SYS$UMF,DEFAULT,Y
LABODEV,NON CONTAINER,SYSBACKUP,DEFAULT,Y
LABODEV,NON CONTAINER,SYS,CHL_PROFILE,Y
LABODEV,NON CONTAINER,SYSDG,DEFAULT,Y
LABODEV,NON CONTAINER,SYSKM,DEFAULT,Y
LABODEV,NON CONTAINER,SYSRAC,DEFAULT,Y
LABODEV,NON CONTAINER,SYSTEM,CHL_PROFILE,Y
LABODEV,NON CONTAINER,XDB,DEFAULT,Y
LABODEV,NON CONTAINER,XS$NULL,DEFAULT,Y
LABO,NON CONTAINER,ADMINISTRATOR,CHL_PROFILE,N
LABO,NON CONTAINER,ANONYMOUS,DEFAULT,Y
LABO,NON CONTAINER,APPQOSSYS,DEFAULT,Y
LABO,NON CONTAINER,AUDSYS,DEFAULT,Y
LABO,NON CONTAINER,DBSFWUSER,DEFAULT,Y
LABO,NON CONTAINER,DBSNMP,DEFAULT,Y
LABO,NON CONTAINER,DIP,DEFAULT,Y
LABO,NON CONTAINER,GGSYS,DEFAULT,Y
LABO,NON CONTAINER,GSMADMIN_INTERNAL,DEFAULT,Y
LABO,NON CONTAINER,GSMCATUSER,DEFAULT,Y
LABO,NON CONTAINER,GSMUSER,DEFAULT,Y
LABO,NON CONTAINER,MIPSDEV,DEFAULT,N
LABO,NON CONTAINER,MONITORING,DEFAULT,N
LABO,NON CONTAINER,ORACLE_OCM,DEFAULT,Y
LABO,NON CONTAINER,ORAGLIMS,DEFAULT,N
LABO,NON CONTAINER,ORAGLIMS_RO,DEFAULT,N
LABO,NON CONTAINER,OUTLN,DEFAULT,Y
LABO,NON CONTAINER,REMOTE_SCHEDULER_AGENT,DEFAULT,Y
LABO,NON CONTAINER,SYS$UMF,DEFAULT,Y
LABO,NON CONTAINER,SYSBACKUP,DEFAULT,Y
LABO,NON CONTAINER,SYS,CHL_PROFILE,Y
LABO,NON CONTAINER,SYSDG,DEFAULT,Y
LABO,NON CONTAINER,SYSKM,DEFAULT,Y
LABO,NON CONTAINER,SYSRAC,DEFAULT,Y
LABO,NON CONTAINER,SYSTEM,CHL_PROFILE,Y
LABO,NON CONTAINER,XDB,DEFAULT,Y
LABO,NON CONTAINER,XS$NULL,DEFAULT,Y
LABOTEST,NON CONTAINER,ADMINISTRATOR,CHL_PROFILE,N
LABOTEST,NON CONTAINER,ANONYMOUS,DEFAULT,Y
LABOTEST,NON CONTAINER,APPQOSSYS,DEFAULT,Y
LABOTEST,NON CONTAINER,AUDSYS,DEFAULT,Y
LABOTEST,NON CONTAINER,DBSFWUSER,DEFAULT,Y
LABOTEST,NON CONTAINER,DBSNMP,DEFAULT,Y
LABOTEST,NON CONTAINER,DIP,DEFAULT,Y
LABOTEST,NON CONTAINER,GGSYS,DEFAULT,Y
LABOTEST,NON CONTAINER,GSMADMIN_INTERNAL,DEFAULT,Y
LABOTEST,NON CONTAINER,GSMCATUSER,DEFAULT,Y
LABOTEST,NON CONTAINER,GSMUSER,DEFAULT,Y
LABOTEST,NON CONTAINER,MIPSDEV,DEFAULT,N
LABOTEST,NON CONTAINER,MONITORING,DEFAULT,N
LABOTEST,NON CONTAINER,ORACLE_OCM,DEFAULT,Y
LABOTEST,NON CONTAINER,ORAGLIMS,DEFAULT,N
LABOTEST,NON CONTAINER,ORAGLIMS_RO,DEFAULT,N
LABOTEST,NON CONTAINER,OUTLN,DEFAULT,Y
LABOTEST,NON CONTAINER,REMOTE_SCHEDULER_AGENT,DEFAULT,Y
LABOTEST,NON CONTAINER,SYS$UMF,DEFAULT,Y
LABOTEST,NON CONTAINER,SYSBACKUP,DEFAULT,Y
LABOTEST,NON CONTAINER,SYS,CHL_PROFILE,Y
LABOTEST,NON CONTAINER,SYSDG,DEFAULT,Y
LABOTEST,NON CONTAINER,SYSKM,DEFAULT,Y
LABOTEST,NON CONTAINER,SYSRAC,DEFAULT,Y
LABOTEST,NON CONTAINER,SYSTEM,CHL_PROFILE,Y
LABOTEST,NON CONTAINER,XDB,DEFAULT,Y
LABOTEST,NON CONTAINER,XS$NULL,DEFAULT,Y
MIRTH,NON CONTAINER,ADMINISTRATOR,CHL_PROFILE,N
MIRTH,NON CONTAINER,ANONYMOUS,DEFAULT,Y
MIRTH,NON CONTAINER,APPQOSSYS,DEFAULT,Y
MIRTH,NON CONTAINER,AUDSYS,DEFAULT,Y
MIRTH,NON CONTAINER,DBSFWUSER,DEFAULT,Y
MIRTH,NON CONTAINER,DBSNMP,DEFAULT,Y
MIRTH,NON CONTAINER,DIP,DEFAULT,Y
MIRTH,NON CONTAINER,ESANTE,DEFAULT,N
MIRTH,NON CONTAINER,ESANTE_STATS,DEFAULT,N
MIRTH,NON CONTAINER,GGSYS,DEFAULT,Y
MIRTH,NON CONTAINER,GSMADMIN_INTERNAL,DEFAULT,Y
MIRTH,NON CONTAINER,GSMCATUSER,DEFAULT,Y
MIRTH,NON CONTAINER,GSMUSER,DEFAULT,Y
MIRTH,NON CONTAINER,HL7HISTORY_PROD,DEFAULT,N
MIRTH,NON CONTAINER,HL7HISTORY_PROD_RO,DEFAULT,N
MIRTH,NON CONTAINER,LAURENT_ANIM,DEFAULT,N
MIRTH,NON CONTAINER,MONITORING,DEFAULT,N
MIRTH,NON CONTAINER,ORACLE_OCM,DEFAULT,Y
MIRTH,NON CONTAINER,OUTLN,DEFAULT,Y
MIRTH,NON CONTAINER,PIERRE_ANIM,DEFAULT,N
MIRTH,NON CONTAINER,REMOTE_SCHEDULER_AGENT,DEFAULT,Y
MIRTH,NON CONTAINER,ROBERT_ANIM,DEFAULT,N
MIRTH,NON CONTAINER,SYS$UMF,DEFAULT,Y
MIRTH,NON CONTAINER,SYSBACKUP,DEFAULT,Y
MIRTH,NON CONTAINER,SYS,CHL_PROFILE,Y
MIRTH,NON CONTAINER,SYSDG,DEFAULT,Y
MIRTH,NON CONTAINER,SYSKM,DEFAULT,Y
MIRTH,NON CONTAINER,SYSRAC,DEFAULT,Y
MIRTH,NON CONTAINER,SYSTEM,CHL_PROFILE,Y
MIRTH,NON CONTAINER,TEST,DEFAULT,N
MIRTH,NON CONTAINER,XDB,DEFAULT,Y
MIRTH,NON CONTAINER,XS$NULL,DEFAULT,Y
MIRTHT,NON CONTAINER,ADMINISTRATOR,CHL_PROFILE,N
MIRTHT,NON CONTAINER,ANIMGCP_DEV,DEFAULT,N
MIRTHT,NON CONTAINER,ANONYMOUS,DEFAULT,Y
MIRTHT,NON CONTAINER,APPQOSSYS,DEFAULT,Y
MIRTHT,NON CONTAINER,AUDSYS,DEFAULT,Y
MIRTHT,NON CONTAINER,DBSFWUSER,DEFAULT,Y
MIRTHT,NON CONTAINER,DBSNMP,DEFAULT,Y
MIRTHT,NON CONTAINER,DIP,DEFAULT,Y
MIRTHT,NON CONTAINER,ESANTE_DEV,DEFAULT,N
MIRTHT,NON CONTAINER,GGSYS,DEFAULT,Y
MIRTHT,NON CONTAINER,GSMADMIN_INTERNAL,DEFAULT,Y
MIRTHT,NON CONTAINER,GSMCATUSER,DEFAULT,Y
MIRTHT,NON CONTAINER,GSMUSER,DEFAULT,Y
MIRTHT,NON CONTAINER,HL7HISTORY_DEV,DEFAULT,N
MIRTHT,NON CONTAINER,HL7HISTORY_TEST,DEFAULT,N
MIRTHT,NON CONTAINER,HL7HISTORY_TEST_RO,DEFAULT,N
MIRTHT,NON CONTAINER,MONITORING,DEFAULT,N
MIRTHT,NON CONTAINER,ORACLE_OCM,DEFAULT,Y
MIRTHT,NON CONTAINER,OUTLN,DEFAULT,Y
MIRTHT,NON CONTAINER,PIERRE_ANIM,DEFAULT,N
MIRTHT,NON CONTAINER,REMOTE_SCHEDULER_AGENT,DEFAULT,Y
MIRTHT,NON CONTAINER,ROBERT_ANIM,DEFAULT,N
MIRTHT,NON CONTAINER,SYS$UMF,DEFAULT,Y
MIRTHT,NON CONTAINER,SYSBACKUP,DEFAULT,Y
MIRTHT,NON CONTAINER,SYS,CHL_PROFILE,Y
MIRTHT,NON CONTAINER,SYSDG,DEFAULT,Y
MIRTHT,NON CONTAINER,SYSKM,DEFAULT,Y
MIRTHT,NON CONTAINER,SYSRAC,DEFAULT,Y
MIRTHT,NON CONTAINER,SYSTEM,CHL_PROFILE,Y
MIRTHT,NON CONTAINER,XDB,DEFAULT,Y
MIRTHT,NON CONTAINER,XS$NULL,DEFAULT,Y
NA3,NON CONTAINER,ANONYMOUS,DEFAULT,Y
NA3,NON CONTAINER,APPQOSSYS,DEFAULT,Y
NA3,NON CONTAINER,AUDSYS,DEFAULT,Y
NA3,NON CONTAINER,BACKUP,DEFAULT,N
NA3,NON CONTAINER,DBSFWUSER,DEFAULT,Y
NA3,NON CONTAINER,DBSNMP,DEFAULT,Y
NA3,NON CONTAINER,DIP,DEFAULT,Y
NA3,NON CONTAINER,GGSYS,DEFAULT,Y
NA3,NON CONTAINER,GSMADMIN_INTERNAL,DEFAULT,Y
NA3,NON CONTAINER,GSMCATUSER,DEFAULT,Y
NA3,NON CONTAINER,GSMUSER,DEFAULT,Y
NA3,NON CONTAINER,MONITORING,DEFAULT,N
NA3,NON CONTAINER,OPS$NA3ADM,DEFAULT,N
NA3,NON CONTAINER,OPS$ORACLE,DEFAULT,N
NA3,NON CONTAINER,OPS$ORANA3,DEFAULT,N
NA3,NON CONTAINER,OPS$SAPSERVICENA3,DEFAULT,N
NA3,NON CONTAINER,ORACLE_OCM,DEFAULT,Y
NA3,NON CONTAINER,OUTLN,DEFAULT,Y
NA3,NON CONTAINER,REMOTE_SCHEDULER_AGENT,DEFAULT,Y
NA3,NON CONTAINER,SAPSR3,SAPUPROF,N
NA3,NON CONTAINER,SYS$UMF,DEFAULT,Y
NA3,NON CONTAINER,SYSBACKUP,DEFAULT,Y
NA3,NON CONTAINER,SYS,DEFAULT,Y
NA3,NON CONTAINER,SYSDG,DEFAULT,Y
NA3,NON CONTAINER,SYSKM,DEFAULT,Y
NA3,NON CONTAINER,SYSRAC,DEFAULT,Y
NA3,NON CONTAINER,SYSTEM,DEFAULT,Y
NA3,NON CONTAINER,XDB,DEFAULT,Y
NA3,NON CONTAINER,XS$NULL,DEFAULT,Y
NJ3,NON CONTAINER,ANONYMOUS,DEFAULT,Y
NJ3,NON CONTAINER,APPQOSSYS,DEFAULT,Y
NJ3,NON CONTAINER,AUDSYS,DEFAULT,Y
NJ3,NON CONTAINER,BACKUP,DEFAULT,N
NJ3,NON CONTAINER,DBSFWUSER,DEFAULT,Y
NJ3,NON CONTAINER,DBSNMP,DEFAULT,Y
NJ3,NON CONTAINER,DIP,DEFAULT,Y
NJ3,NON CONTAINER,GGSYS,DEFAULT,Y
NJ3,NON CONTAINER,GSMADMIN_INTERNAL,DEFAULT,Y
NJ3,NON CONTAINER,GSMCATUSER,DEFAULT,Y
NJ3,NON CONTAINER,GSMUSER,DEFAULT,Y
NJ3,NON CONTAINER,MONITORING,DEFAULT,N
NJ3,NON CONTAINER,OPS$NA3ADM,DEFAULT,N
NJ3,NON CONTAINER,OPS$NJ3ADM,DEFAULT,N
NJ3,NON CONTAINER,OPS$ORACLE,DEFAULT,N
NJ3,NON CONTAINER,OPS$ORANA3,DEFAULT,N
NJ3,NON CONTAINER,OPS$ORANJ3,DEFAULT,N
NJ3,NON CONTAINER,ORACLE_OCM,DEFAULT,Y
NJ3,NON CONTAINER,OUTLN,DEFAULT,Y
NJ3,NON CONTAINER,REMOTE_SCHEDULER_AGENT,DEFAULT,Y
NJ3,NON CONTAINER,SAPSR3DB,SAPUPROF,N
NJ3,NON CONTAINER,SYS$UMF,DEFAULT,Y
NJ3,NON CONTAINER,SYSBACKUP,DEFAULT,Y
NJ3,NON CONTAINER,SYS,DEFAULT,Y
NJ3,NON CONTAINER,SYSDG,DEFAULT,Y
NJ3,NON CONTAINER,SYSKM,DEFAULT,Y
NJ3,NON CONTAINER,SYSRAC,DEFAULT,Y
NJ3,NON CONTAINER,SYSTEM,DEFAULT,Y
NJ3,NON CONTAINER,XDB,DEFAULT,Y
NJ3,NON CONTAINER,XS$NULL,DEFAULT,Y
OEM,NON CONTAINER,ADMINISTRATOR,CHL_PROFILE,N
OEM,NON CONTAINER,ANONYMOUS,DEFAULT,Y
OEM,NON CONTAINER,APPQOSSYS,DEFAULT,Y
OEM,NON CONTAINER,AUDSYS,DEFAULT,Y
OEM,NON CONTAINER,CLOUD_ENGINE_USER,DEFAULT,N
OEM,NON CONTAINER,CLOUD_SWLIB_USER,DEFAULT,N
OEM,NON CONTAINER,CTXSYS,DEFAULT,Y
OEM,NON CONTAINER,DBSFWUSER,DEFAULT,Y
OEM,NON CONTAINER,DBSNMP,DEFAULT,Y
OEM,NON CONTAINER,DIP,DEFAULT,Y
OEM,NON CONTAINER,DVF,DEFAULT,Y
OEM,NON CONTAINER,DVSYS,DEFAULT,Y
OEM,NON CONTAINER,EUS_ENGINE_USER,DEFAULT,N
OEM,NON CONTAINER,GGSYS,DEFAULT,Y
OEM,NON CONTAINER,GRAFANA_APP_MONITOR,DEFAULT,N
OEM,NON CONTAINER,GSMADMIN_INTERNAL,DEFAULT,Y
OEM,NON CONTAINER,GSMCATUSER,DEFAULT,Y
OEM,NON CONTAINER,GSMUSER,DEFAULT,Y
OEM,NON CONTAINER,LBACSYS,DEFAULT,Y
OEM,NON CONTAINER,MDDATA,DEFAULT,Y
OEM,NON CONTAINER,MDSYS,DEFAULT,Y
OEM,NON CONTAINER,MGMT_VIEW,MGMT_INTERNAL_USER_PROFILE,N
OEM,NON CONTAINER,MONITORING,DEFAULT,N
OEM,NON CONTAINER,OAS_BIPLATFORM,DEFAULT,N
OEM,NON CONTAINER,OAS_IAU_APPEND,DEFAULT,N
OEM,NON CONTAINER,OAS_IAU,DEFAULT,N
OEM,NON CONTAINER,OAS_IAU_VIEWER,DEFAULT,N
OEM,NON CONTAINER,OAS_MDS,DEFAULT,N
OEM,NON CONTAINER,OAS_OPSS,DEFAULT,N
OEM,NON CONTAINER,OAS_STB,DEFAULT,N
OEM,NON CONTAINER,OAS_WLS,DEFAULT,N
OEM,NON CONTAINER,OAS_WLS_RUNTIME,DEFAULT,N
OEM,NON CONTAINER,OJVMSYS,DEFAULT,Y
OEM,NON CONTAINER,OLAPSYS,DEFAULT,Y
OEM,NON CONTAINER,ORACLE_OCM,DEFAULT,Y
OEM,NON CONTAINER,ORDDATA,DEFAULT,Y
OEM,NON CONTAINER,ORDPLUGINS,DEFAULT,Y
OEM,NON CONTAINER,ORDSYS,DEFAULT,Y
OEM,NON CONTAINER,OUTLN,DEFAULT,Y
OEM,NON CONTAINER,REMOTE_SCHEDULER_AGENT,DEFAULT,Y
OEM,NON CONTAINER,SI_INFORMTN_SCHEMA,DEFAULT,Y
OEM,NON CONTAINER,SYS$UMF,DEFAULT,Y
OEM,NON CONTAINER,SYSBACKUP,DEFAULT,Y
OEM,NON CONTAINER,SYS,CHL_PROFILE,Y
OEM,NON CONTAINER,SYSDG,DEFAULT,Y
OEM,NON CONTAINER,SYSKM,DEFAULT,Y
OEM,NON CONTAINER,SYSMAN122140_OPSS,MGMT_INTERNAL_USER_PROFILE,N
OEM,NON CONTAINER,SYSMAN_MDS,MGMT_INTERNAL_USER_PROFILE,N
OEM,NON CONTAINER,SYSMAN,MGMT_INTERNAL_USER_PROFILE,N
OEM,NON CONTAINER,SYSMAN_RO,MGMT_INTERNAL_USER_PROFILE,N
OEM,NON CONTAINER,SYSMAN_STB,MGMT_INTERNAL_USER_PROFILE,N
OEM,NON CONTAINER,SYSMAN_TYPES,DEFAULT,N
OEM,NON CONTAINER,SYSRAC,DEFAULT,Y
OEM,NON CONTAINER,SYSTEM,CHL_PROFILE,Y
OEM,NON CONTAINER,WMSYS,DEFAULT,Y
OEM,NON CONTAINER,XDB,DEFAULT,Y
OEM,NON CONTAINER,XS$NULL,DEFAULT,Y
ORAWEB,NON CONTAINER,ADMINISTRATOR,CHL_PROFILE,N
ORAWEB,NON CONTAINER,ANONYMOUS,DEFAULT,Y
ORAWEB,NON CONTAINER,APEX_030200,DEFAULT,N
ORAWEB,NON CONTAINER,APEX_050100,DEFAULT,N
ORAWEB,NON CONTAINER,APEX_220100,DEFAULT,Y
ORAWEB,NON CONTAINER,APEX_INSTANCE_ADMIN_USER,DEFAULT,N
ORAWEB,NON CONTAINER,APEX_PUBLIC_USER,DEFAULT,N
ORAWEB,NON CONTAINER,APPQOSSYS,DEFAULT,Y
ORAWEB,NON CONTAINER,AUDSYS,DEFAULT,Y
ORAWEB,NON CONTAINER,BO,DEFAULT,N
ORAWEB,NON CONTAINER,CARDIO,DEFAULT,N
ORAWEB,NON CONTAINER,CELLULE_CRISE,DEFAULT,N
ORAWEB,NON CONTAINER,CHL,DEFAULT,N
ORAWEB,NON CONTAINER,CTXSYS,DEFAULT,Y
ORAWEB,NON CONTAINER,DBSFWUSER,DEFAULT,Y
ORAWEB,NON CONTAINER,DBSNMP,DEFAULT,Y
ORAWEB,NON CONTAINER,DIANE,DEFAULT,N
ORAWEB,NON CONTAINER,DIANE_STATS,DEFAULT,N
ORAWEB,NON CONTAINER,DIP,DEFAULT,Y
ORAWEB,NON CONTAINER,EQUIPEMENT,DEFAULT,N
ORAWEB,NON CONTAINER,ESANTE,DEFAULT,N
ORAWEB,NON CONTAINER,ETUDES,DEFAULT,N
ORAWEB,NON CONTAINER,EVERBRIDGE,DEFAULT,N
ORAWEB,NON CONTAINER,EVERBRIDGE_TEST,DEFAULT,N
ORAWEB,NON CONTAINER,FLOWS_020000,DEFAULT,N
ORAWEB,NON CONTAINER,FLOWS_030100,DEFAULT,N
ORAWEB,NON CONTAINER,FLOWS_FILES,DEFAULT,N
ORAWEB,NON CONTAINER,GGSYS,DEFAULT,Y
ORAWEB,NON CONTAINER,GRH2,DEFAULT,N
ORAWEB,NON CONTAINER,GRH,DEFAULT,N
ORAWEB,NON CONTAINER,GRH_RESTORE,DEFAULT,N
ORAWEB,NON CONTAINER,GRH_STATS,DEFAULT,N
ORAWEB,NON CONTAINER,GSMADMIN_INTERNAL,DEFAULT,Y
ORAWEB,NON CONTAINER,GSMCATUSER,DEFAULT,Y
ORAWEB,NON CONTAINER,GSMUSER,GSM_PROF,Y
ORAWEB,NON CONTAINER,HCM,DEFAULT,N
ORAWEB,NON CONTAINER,HTMLDB,DEFAULT,N
ORAWEB,NON CONTAINER,HTMLDB_PUBLIC_USER,DEFAULT,N
ORAWEB,NON CONTAINER,HTMLDB_RO,DEFAULT,N
ORAWEB,NON CONTAINER,HTMLDB_STAT_AD,DEFAULT,N
ORAWEB,NON CONTAINER,HTMLDB_STAT,DEFAULT,N
ORAWEB,NON CONTAINER,HTMLDB_STATS,DEFAULT,N
ORAWEB,NON CONTAINER,HTMLDB_TEL,DEFAULT,N
ORAWEB,NON CONTAINER,INTRANET,DEFAULT,N
ORAWEB,NON CONTAINER,JCI,DEFAULT,N
ORAWEB,NON CONTAINER,MIDPOINT,DEFAULT,N
ORAWEB,NON CONTAINER,MONITORING,DEFAULT,N
ORAWEB,NON CONTAINER,ODS,DEFAULT,N
ORAWEB,NON CONTAINER,ODSTEST,DEFAULT,N
ORAWEB,NON CONTAINER,OJVMSYS,DEFAULT,Y
ORAWEB,NON CONTAINER,ORACLE_OCM,DEFAULT,Y
ORAWEB,NON CONTAINER,ORDS_METADATA,DEFAULT,N
ORAWEB,NON CONTAINER,ORDS_PUBLIC_USER,DEFAULT,N
ORAWEB,NON CONTAINER,OUTLN,DEFAULT,Y
ORAWEB,NON CONTAINER,OWF_MGR,DEFAULT,N
ORAWEB,NON CONTAINER,PLAINTES_STATS,DEFAULT,N
ORAWEB,NON CONTAINER,PLPDF,DEFAULT,N
ORAWEB,NON CONTAINER,PURCHASE,DEFAULT,N
ORAWEB,NON CONTAINER,RDV,DEFAULT,N
ORAWEB,NON CONTAINER,RDVLABO,DEFAULT,N
ORAWEB,NON CONTAINER,REMOTE_SCHEDULER_AGENT,DEFAULT,Y
ORAWEB,NON CONTAINER,SERVICENOW,DEFAULT,N
ORAWEB,NON CONTAINER,SYS$UMF,DEFAULT,Y
ORAWEB,NON CONTAINER,SYSADMIN,DEFAULT,N
ORAWEB,NON CONTAINER,SYSBACKUP,DEFAULT,Y
ORAWEB,NON CONTAINER,SYS,CHL_PROFILE,Y
ORAWEB,NON CONTAINER,SYSDG,DEFAULT,Y
ORAWEB,NON CONTAINER,SYSKM,DEFAULT,Y
ORAWEB,NON CONTAINER,SYSRAC,DEFAULT,Y
ORAWEB,NON CONTAINER,SYSTEM,CHL_PROFILE,Y
ORAWEB,NON CONTAINER,TESTWF1,DEFAULT,N
ORAWEB,NON CONTAINER,WFADMIN,DEFAULT,N
ORAWEB,NON CONTAINER,WMSYS,DEFAULT,Y
ORAWEB,NON CONTAINER,XDBADMN,DEFAULT,N
ORAWEB,NON CONTAINER,XDB,DEFAULT,Y
ORAWEB,NON CONTAINER,XS$NULL,DEFAULT,Y
ORAWEB,NON CONTAINER,YODA,DEFAULT,N
ORAWEB,NON CONTAINER,ZPFM,DEFAULT,N
ORAWEB,NON CONTAINER,ZPFM_RO,DEFAULT,N
ORAWEBT,NON CONTAINER,ADMINISTRATOR,CHL_PROFILE,N
ORAWEBT,NON CONTAINER,ANONYMOUS,DEFAULT,Y
ORAWEBT,NON CONTAINER,APEX_030200,DEFAULT,N
ORAWEBT,NON CONTAINER,APEX_050100,DEFAULT,N
ORAWEBT,NON CONTAINER,APEX_220100,DEFAULT,Y
ORAWEBT,NON CONTAINER,APEX_INSTANCE_ADMIN_USER,DEFAULT,N
ORAWEBT,NON CONTAINER,APEX_LISTENER,DEFAULT,Y
ORAWEBT,NON CONTAINER,APEX_PUBLIC_USER,DEFAULT,N
ORAWEBT,NON CONTAINER,APEX_REST_PUBLIC_USER,DEFAULT,Y
ORAWEBT,NON CONTAINER,APPQOSSYS,DEFAULT,Y
ORAWEBT,NON CONTAINER,AST,DEFAULT,N
ORAWEBT,NON CONTAINER,AUBERTIN,DEFAULT,N
ORAWEBT,NON CONTAINER,AUDSYS,DEFAULT,Y
ORAWEBT,NON CONTAINER,BEAUCHET,DEFAULT,N
ORAWEBT,NON CONTAINER,BELLION,DEFAULT,N
ORAWEBT,NON CONTAINER,BIEGEL,DEFAULT,N
ORAWEBT,NON CONTAINER,BLEWIS,DEFAULT,N
ORAWEBT,NON CONTAINER,BO,DEFAULT,N
ORAWEBT,NON CONTAINER,BRASSEUR,DEFAULT,N
ORAWEBT,NON CONTAINER,BRUSSELMAN,DEFAULT,N
ORAWEBT,NON CONTAINER,BURZALA,DEFAULT,N
ORAWEBT,NON CONTAINER,CARDIO,DEFAULT,N
ORAWEBT,NON CONTAINER,CDOUGLAS,DEFAULT,N
ORAWEBT,NON CONTAINER,CELLULE_CRISE,DEFAULT,N
ORAWEBT,NON CONTAINER,CHL,DEFAULT,N
ORAWEBT,NON CONTAINER,CHRISTOPHE,DEFAULT,N
ORAWEBT,NON CONTAINER,CIGRAND,DEFAULT,N
ORAWEBT,NON CONTAINER,CLAUDE,DEFAULT,N
ORAWEBT,NON CONTAINER,COLBACH,DEFAULT,N
ORAWEBT,NON CONTAINER,CORDEIRO,DEFAULT,N
ORAWEBT,NON CONTAINER,CTXSYS,DEFAULT,Y
ORAWEBT,NON CONTAINER,DACUNHA,DEFAULT,N
ORAWEBT,NON CONTAINER,DBSFWUSER,DEFAULT,Y
ORAWEBT,NON CONTAINER,DBSNMP,DEFAULT,Y
ORAWEBT,NON CONTAINER,DELVAUX,DEFAULT,N
ORAWEBT,NON CONTAINER,DEVE,DEFAULT,N
ORAWEBT,NON CONTAINER,DIANE,DEFAULT,N
ORAWEBT,NON CONTAINER,DIANE_STATS,DEFAULT,N
ORAWEBT,NON CONTAINER,DIBARI,DEFAULT,N
ORAWEBT,NON CONTAINER,DIFFERDING,DEFAULT,N
ORAWEBT,NON CONTAINER,DIMMER,DEFAULT,N
ORAWEBT,NON CONTAINER,DIP,DEFAULT,Y
ORAWEBT,NON CONTAINER,DONAT,DEFAULT,N
ORAWEBT,NON CONTAINER,ELSEN,DEFAULT,N
ORAWEBT,NON CONTAINER,ENNOV,DEFAULT,N
ORAWEBT,NON CONTAINER,EQUIPEMENT,DEFAULT,N
ORAWEBT,NON CONTAINER,ESANTE,DEFAULT,N
ORAWEBT,NON CONTAINER,ETUDES,DEFAULT,N
ORAWEBT,NON CONTAINER,EVERBRIDGE,DEFAULT,N
ORAWEBT,NON CONTAINER,EVERBRIDGE_TEST,DEFAULT,N
ORAWEBT,NON CONTAINER,FICKINGER,DEFAULT,N
ORAWEBT,NON CONTAINER,FLOWS_020000,DEFAULT,N
ORAWEBT,NON CONTAINER,FLOWS_030100,DEFAULT,N
ORAWEBT,NON CONTAINER,FLOWS_FILES,DEFAULT,N
ORAWEBT,NON CONTAINER,FORNES,DEFAULT,N
ORAWEBT,NON CONTAINER,FRAITURE,DEFAULT,N
ORAWEBT,NON CONTAINER,FRIEDEN,DEFAULT,N
ORAWEBT,NON CONTAINER,GASSER,DEFAULT,N
ORAWEBT,NON CONTAINER,GEORGES,DEFAULT,N
ORAWEBT,NON CONTAINER,GERSON,DEFAULT,N
ORAWEBT,NON CONTAINER,GGSYS,DEFAULT,Y
ORAWEBT,NON CONTAINER,GILLEN,DEFAULT,N
ORAWEBT,NON CONTAINER,GOEPFERT,DEFAULT,N
ORAWEBT,NON CONTAINER,GOUBER,DEFAULT,N
ORAWEBT,NON CONTAINER,GRH2,DEFAULT,N
ORAWEBT,NON CONTAINER,GRH,DEFAULT,N
ORAWEBT,NON CONTAINER,GRH_RESTORE,DEFAULT,N
ORAWEBT,NON CONTAINER,GRH_STATS,DEFAULT,N
ORAWEBT,NON CONTAINER,GRUSLIN,DEFAULT,N
ORAWEBT,NON CONTAINER,GSMADMIN_INTERNAL,DEFAULT,Y
ORAWEBT,NON CONTAINER,GSMCATUSER,DEFAULT,Y
ORAWEBT,NON CONTAINER,GSMUSER,GSM_PROF,Y
ORAWEBT,NON CONTAINER,HAMER,DEFAULT,N
ORAWEBT,NON CONTAINER,HARTZ,DEFAULT,N
ORAWEBT,NON CONTAINER,HCM,DEFAULT,N
ORAWEBT,NON CONTAINER,HEINEN,DEFAULT,N
ORAWEBT,NON CONTAINER,HEINTZ,DEFAULT,N
ORAWEBT,NON CONTAINER,HELENOROLO,DEFAULT,N
ORAWEBT,NON CONTAINER,HOFFMANN,DEFAULT,N
ORAWEBT,NON CONTAINER,HTMLDB,DEFAULT,N
ORAWEBT,NON CONTAINER,HTMLDB_PUBLIC_USER,DEFAULT,N
ORAWEBT,NON CONTAINER,HTMLDB_RO,DEFAULT,N
ORAWEBT,NON CONTAINER,HTMLDB_STAT,DEFAULT,N
ORAWEBT,NON CONTAINER,HTMLDB_STATS,DEFAULT,N
ORAWEBT,NON CONTAINER,HTMLDB_TEL,DEFAULT,N
ORAWEBT,NON CONTAINER,INTRANET,DEFAULT,N
ORAWEBT,NON CONTAINER,JACOBSM,DEFAULT,N
ORAWEBT,NON CONTAINER,JAMROS,DEFAULT,N
ORAWEBT,NON CONTAINER,JCI,DEFAULT,N
ORAWEBT,NON CONTAINER,KAUFMANN_G,DEFAULT,N
ORAWEBT,NON CONTAINER,KLEIN,DEFAULT,N
ORAWEBT,NON CONTAINER,KNEIP,DEFAULT,N
ORAWEBT,NON CONTAINER,KUFFERY,DEFAULT,N
ORAWEBT,NON CONTAINER,KWALKER,DEFAULT,N
ORAWEBT,NON CONTAINER,LAAS,DEFAULT,N
ORAWEBT,NON CONTAINER,LARCHER,DEFAULT,N
ORAWEBT,NON CONTAINER,LAVANDIER,DEFAULT,N
ORAWEBT,NON CONTAINER,LION,DEFAULT,N
ORAWEBT,NON CONTAINER,MAHASSEN,DEFAULT,N
ORAWEBT,NON CONTAINER,MARTINEZ,DEFAULT,N
ORAWEBT,NON CONTAINER,MARTINO,DEFAULT,N
ORAWEBT,NON CONTAINER,MARTINS,DEFAULT,N
ORAWEBT,NON CONTAINER,MATTIONI,DEFAULT,N
ORAWEBT,NON CONTAINER,MEJA,DEFAULT,N
ORAWEBT,NON CONTAINER,MEUNIER,DEFAULT,N
ORAWEBT,NON CONTAINER,MICHEL,DEFAULT,N
ORAWEBT,NON CONTAINER,MIRTH_BADGES,DEFAULT,N
ORAWEBT,NON CONTAINER,MONITORING,DEFAULT,N
ORAWEBT,NON CONTAINER,MOUSEL,DEFAULT,N
ORAWEBT,NON CONTAINER,NEIERTZ,DEFAULT,N
ORAWEBT,NON CONTAINER,NELLY,DEFAULT,N
ORAWEBT,NON CONTAINER,NESSER,DEFAULT,N
ORAWEBT,NON CONTAINER,NIEGO,DEFAULT,N
ORAWEBT,NON CONTAINER,ODS,DEFAULT,N
ORAWEBT,NON CONTAINER,ODSTEST,DEFAULT,N
ORAWEBT,NON CONTAINER,OJVMSYS,DEFAULT,Y
ORAWEBT,NON CONTAINER,ORACLE_OCM,DEFAULT,Y
ORAWEBT,NON CONTAINER,ORDS_METADATA,DEFAULT,N
ORAWEBT,NON CONTAINER,ORDS_PUBLIC_USER,DEFAULT,N
ORAWEBT,NON CONTAINER,OUTLN,DEFAULT,Y
ORAWEBT,NON CONTAINER,OWF_MGR,DEFAULT,N
ORAWEBT,NON CONTAINER,PAPPAFAVA,DEFAULT,N
ORAWEBT,NON CONTAINER,PEARCE,DEFAULT,N
ORAWEBT,NON CONTAINER,PLAINTES_STATS,DEFAULT,N
ORAWEBT,NON CONTAINER,PLPDF,DEFAULT,N
ORAWEBT,NON CONTAINER,PONNET,DEFAULT,N
ORAWEBT,NON CONTAINER,POUPART,DEFAULT,N
ORAWEBT,NON CONTAINER,PURCHASE,DEFAULT,N
ORAWEBT,NON CONTAINER,RDV,DEFAULT,N
ORAWEBT,NON CONTAINER,RDVLABO,DEFAULT,N
ORAWEBT,NON CONTAINER,RECHT,DEFAULT,N
ORAWEBT,NON CONTAINER,REMOTE_SCHEDULER_AGENT,DEFAULT,Y
ORAWEBT,NON CONTAINER,RODRIGUES,DEFAULT,N
ORAWEBT,NON CONTAINER,ROILGEN,DEFAULT,N
ORAWEBT,NON CONTAINER,SANDROLINI,DEFAULT,N
ORAWEBT,NON CONTAINER,SANTOS,DEFAULT,N
ORAWEBT,NON CONTAINER,SANTOSMONTEIRO,DEFAULT,N
ORAWEBT,NON CONTAINER,SCHILTZ,DEFAULT,N
ORAWEBT,NON CONTAINER,SCHODER,DEFAULT,N
ORAWEBT,NON CONTAINER,SCHOLTES,DEFAULT,N
ORAWEBT,NON CONTAINER,SCORIEL,DEFAULT,N
ORAWEBT,NON CONTAINER,SERGE,DEFAULT,N
ORAWEBT,NON CONTAINER,SERVICENOW,DEFAULT,N
ORAWEBT,NON CONTAINER,SPALLETTA,DEFAULT,N
ORAWEBT,NON CONTAINER,STAAR,DEFAULT,N
ORAWEBT,NON CONTAINER,STEVE,DEFAULT,N
ORAWEBT,NON CONTAINER,SYS$UMF,DEFAULT,Y
ORAWEBT,NON CONTAINER,SYSADMIN,DEFAULT,N
ORAWEBT,NON CONTAINER,SYSBACKUP,DEFAULT,Y
ORAWEBT,NON CONTAINER,SYS,CHL_PROFILE,Y
ORAWEBT,NON CONTAINER,SYSDG,DEFAULT,Y
ORAWEBT,NON CONTAINER,SYSKM,DEFAULT,Y
ORAWEBT,NON CONTAINER,SYSRAC,DEFAULT,Y
ORAWEBT,NON CONTAINER,SYSTEM,CHL_PROFILE,Y
ORAWEBT,NON CONTAINER,TESTWF1,DEFAULT,N
ORAWEBT,NON CONTAINER,THEIS,DEFAULT,N
ORAWEBT,NON CONTAINER,VANMARUM,DEFAULT,N
ORAWEBT,NON CONTAINER,WAGENER,DEFAULT,N
ORAWEBT,NON CONTAINER,WEBER,DEFAULT,N
ORAWEBT,NON CONTAINER,WEINACHT,DEFAULT,N
ORAWEBT,NON CONTAINER,WFADMIN,DEFAULT,N
ORAWEBT,NON CONTAINER,WIES,DEFAULT,N
ORAWEBT,NON CONTAINER,WMSYS,DEFAULT,Y
ORAWEBT,NON CONTAINER,XDBADMN,DEFAULT,N
ORAWEBT,NON CONTAINER,XDB,DEFAULT,Y
ORAWEBT,NON CONTAINER,XS$NULL,DEFAULT,Y
ORAWEBT,NON CONTAINER,YODA_COMPTA,DEFAULT,N
ORAWEBT,NON CONTAINER,YODA,DEFAULT,N
ORAWEBT,NON CONTAINER,ZABBIX,DEFAULT,N
ORAWEBT,NON CONTAINER,ZPFM,DEFAULT,N
ORAWEBT,NON CONTAINER,ZPFM_RO,DEFAULT,N
RETRODEV,NON CONTAINER,ADMINISTRATOR,CHL_PROFILE,N
RETRODEV,NON CONTAINER,ANONYMOUS,DEFAULT,Y
RETRODEV,NON CONTAINER,APEX_210100,DEFAULT,Y
RETRODEV,NON CONTAINER,APEX_LISTENER,DEFAULT,Y
RETRODEV,NON CONTAINER,APEX_PUBLIC_USER,DEFAULT,Y
RETRODEV,NON CONTAINER,APEX_REST_PUBLIC_USER,DEFAULT,Y
RETRODEV,NON CONTAINER,APPQOSSYS,DEFAULT,Y
RETRODEV,NON CONTAINER,AUDSYS,DEFAULT,Y
RETRODEV,NON CONTAINER,CTXSYS,DEFAULT,Y
RETRODEV,NON CONTAINER,DBSFWUSER,DEFAULT,Y
RETRODEV,NON CONTAINER,DBSNMP,DEFAULT,Y
RETRODEV,NON CONTAINER,DIP,DEFAULT,Y
RETRODEV,NON CONTAINER,DVF,DEFAULT,Y
RETRODEV,NON CONTAINER,DVSYS,DEFAULT,Y
RETRODEV,NON CONTAINER,FLOWS,DEFAULT,N
RETRODEV,NON CONTAINER,FLOWS_FILES,DEFAULT,Y
RETRODEV,NON CONTAINER,GGSYS,DEFAULT,Y
RETRODEV,NON CONTAINER,GSMADMIN_INTERNAL,DEFAULT,Y
RETRODEV,NON CONTAINER,GSMCATUSER,DEFAULT,Y
RETRODEV,NON CONTAINER,GSMROOTUSER,DEFAULT,Y
RETRODEV,NON CONTAINER,GSMUSER,GSM_PROF,Y
RETRODEV,NON CONTAINER,LBACSYS,DEFAULT,Y
RETRODEV,NON CONTAINER,MDDATA,DEFAULT,Y
RETRODEV,NON CONTAINER,MDSYS,DEFAULT,Y
RETRODEV,NON CONTAINER,MONITORING,DEFAULT,N
RETRODEV,NON CONTAINER,OJVMSYS,DEFAULT,Y
RETRODEV,NON CONTAINER,OLAPSYS,DEFAULT,Y
RETRODEV,NON CONTAINER,ORACLE_OCM,DEFAULT,Y
RETRODEV,NON CONTAINER,ORDDATA,DEFAULT,Y
RETRODEV,NON CONTAINER,ORDPLUGINS,DEFAULT,Y
RETRODEV,NON CONTAINER,ORDS_METADATA,DEFAULT,N
RETRODEV,NON CONTAINER,ORDS_PUBLIC_USER,DEFAULT,N
RETRODEV,NON CONTAINER,ORDSYS,DEFAULT,Y
RETRODEV,NON CONTAINER,OUTLN,DEFAULT,Y
RETRODEV,NON CONTAINER,REMOTE_SCHEDULER_AGENT,DEFAULT,Y
RETRODEV,NON CONTAINER,RETRO,DEFAULT,N
RETRODEV,NON CONTAINER,RETRO_MIG_BKP,DEFAULT,N
RETRODEV,NON CONTAINER,RETRO_MIG,DEFAULT,N
RETRODEV,NON CONTAINER,RETRO_MIRTH,DEFAULT,N
RETRODEV,NON CONTAINER,SI_INFORMTN_SCHEMA,DEFAULT,Y
RETRODEV,NON CONTAINER,SYS$UMF,DEFAULT,Y
RETRODEV,NON CONTAINER,SYSBACKUP,DEFAULT,Y
RETRODEV,NON CONTAINER,SYS,CHL_PROFILE,Y
RETRODEV,NON CONTAINER,SYSDG,DEFAULT,Y
RETRODEV,NON CONTAINER,SYSKM,DEFAULT,Y
RETRODEV,NON CONTAINER,SYSRAC,DEFAULT,Y
RETRODEV,NON CONTAINER,SYSTEM,CHL_PROFILE,Y
RETRODEV,NON CONTAINER,WMSYS,DEFAULT,Y
RETRODEV,NON CONTAINER,XDB,DEFAULT,Y
RETRODEV,NON CONTAINER,XS$NULL,DEFAULT,Y
RETRO,NON CONTAINER,ADMINISTRATOR,CHL_PROFILE,N
RETRO,NON CONTAINER,ANONYMOUS,DEFAULT,Y
RETRO,NON CONTAINER,APEX_210100,DEFAULT,Y
RETRO,NON CONTAINER,APEX_LISTENER,DEFAULT,Y
RETRO,NON CONTAINER,APEX_PUBLIC_USER,DEFAULT,Y
RETRO,NON CONTAINER,APEX_REST_PUBLIC_USER,DEFAULT,Y
RETRO,NON CONTAINER,APPQOSSYS,DEFAULT,Y
RETRO,NON CONTAINER,AUDSYS,DEFAULT,Y
RETRO,NON CONTAINER,CTXSYS,DEFAULT,Y
RETRO,NON CONTAINER,DBSFWUSER,DEFAULT,Y
RETRO,NON CONTAINER,DBSNMP,DEFAULT,Y
RETRO,NON CONTAINER,DIP,DEFAULT,Y
RETRO,NON CONTAINER,DVF,DEFAULT,Y
RETRO,NON CONTAINER,DVSYS,DEFAULT,Y
RETRO,NON CONTAINER,FLOWS_FILES,DEFAULT,Y
RETRO,NON CONTAINER,GGSYS,DEFAULT,Y
RETRO,NON CONTAINER,GSMADMIN_INTERNAL,DEFAULT,Y
RETRO,NON CONTAINER,GSMCATUSER,DEFAULT,Y
RETRO,NON CONTAINER,GSMROOTUSER,DEFAULT,Y
RETRO,NON CONTAINER,GSMUSER,GSM_PROF,Y
RETRO,NON CONTAINER,LBACSYS,DEFAULT,Y
RETRO,NON CONTAINER,MDDATA,DEFAULT,Y
RETRO,NON CONTAINER,MDSYS,DEFAULT,Y
RETRO,NON CONTAINER,MONITORING,DEFAULT,N
RETRO,NON CONTAINER,OJVMSYS,DEFAULT,Y
RETRO,NON CONTAINER,OLAPSYS,DEFAULT,Y
RETRO,NON CONTAINER,ORACLE_OCM,DEFAULT,Y
RETRO,NON CONTAINER,ORDDATA,DEFAULT,Y
RETRO,NON CONTAINER,ORDPLUGINS,DEFAULT,Y
RETRO,NON CONTAINER,ORDS_METADATA,DEFAULT,N
RETRO,NON CONTAINER,ORDS_PUBLIC_USER,DEFAULT,N
RETRO,NON CONTAINER,ORDSYS,DEFAULT,Y
RETRO,NON CONTAINER,OUTLN,DEFAULT,Y
RETRO,NON CONTAINER,REMOTE_SCHEDULER_AGENT,DEFAULT,Y
RETRO,NON CONTAINER,RETRO,DEFAULT,N
RETRO,NON CONTAINER,RETRO_MIRTH,DEFAULT,N
RETRO,NON CONTAINER,SI_INFORMTN_SCHEMA,DEFAULT,Y
RETRO,NON CONTAINER,SYS$UMF,DEFAULT,Y
RETRO,NON CONTAINER,SYSBACKUP,DEFAULT,Y
RETRO,NON CONTAINER,SYS,CHL_PROFILE,Y
RETRO,NON CONTAINER,SYSDG,DEFAULT,Y
RETRO,NON CONTAINER,SYSKM,DEFAULT,Y
RETRO,NON CONTAINER,SYSRAC,DEFAULT,Y
RETRO,NON CONTAINER,SYSTEM,CHL_PROFILE,Y
RETRO,NON CONTAINER,WMSYS,DEFAULT,Y
RETRO,NON CONTAINER,XDB,DEFAULT,Y
RETRO,NON CONTAINER,XS$NULL,DEFAULT,Y
RETROUAT,NON CONTAINER,ADMINISTRATOR,CHL_PROFILE,N
RETROUAT,NON CONTAINER,ANONYMOUS,DEFAULT,Y
RETROUAT,NON CONTAINER,APEX_210100,DEFAULT,Y
RETROUAT,NON CONTAINER,APEX_LISTENER,DEFAULT,Y
RETROUAT,NON CONTAINER,APEX_PUBLIC_USER,DEFAULT,Y
RETROUAT,NON CONTAINER,APEX_REST_PUBLIC_USER,DEFAULT,Y
RETROUAT,NON CONTAINER,APPQOSSYS,DEFAULT,Y
RETROUAT,NON CONTAINER,AUDSYS,DEFAULT,Y
RETROUAT,NON CONTAINER,CTXSYS,DEFAULT,Y
RETROUAT,NON CONTAINER,DBSFWUSER,DEFAULT,Y
RETROUAT,NON CONTAINER,DBSNMP,DEFAULT,Y
RETROUAT,NON CONTAINER,DIP,DEFAULT,Y
RETROUAT,NON CONTAINER,DVF,DEFAULT,Y
RETROUAT,NON CONTAINER,DVSYS,DEFAULT,Y
RETROUAT,NON CONTAINER,FLOWS_FILES,DEFAULT,Y
RETROUAT,NON CONTAINER,GGSYS,DEFAULT,Y
RETROUAT,NON CONTAINER,GSMADMIN_INTERNAL,DEFAULT,Y
RETROUAT,NON CONTAINER,GSMCATUSER,DEFAULT,Y
RETROUAT,NON CONTAINER,GSMROOTUSER,DEFAULT,Y
RETROUAT,NON CONTAINER,GSMUSER,GSM_PROF,Y
RETROUAT,NON CONTAINER,LBACSYS,DEFAULT,Y
RETROUAT,NON CONTAINER,MDDATA,DEFAULT,Y
RETROUAT,NON CONTAINER,MDSYS,DEFAULT,Y
RETROUAT,NON CONTAINER,MONITORING,DEFAULT,N
RETROUAT,NON CONTAINER,OJVMSYS,DEFAULT,Y
RETROUAT,NON CONTAINER,OLAPSYS,DEFAULT,Y
RETROUAT,NON CONTAINER,ORACLE_OCM,DEFAULT,Y
RETROUAT,NON CONTAINER,ORDDATA,DEFAULT,Y
RETROUAT,NON CONTAINER,ORDPLUGINS,DEFAULT,Y
RETROUAT,NON CONTAINER,ORDS_METADATA,DEFAULT,N
RETROUAT,NON CONTAINER,ORDS_PUBLIC_USER,DEFAULT,N
RETROUAT,NON CONTAINER,ORDSYS,DEFAULT,Y
RETROUAT,NON CONTAINER,OUTLN,DEFAULT,Y
RETROUAT,NON CONTAINER,REMOTE_SCHEDULER_AGENT,DEFAULT,Y
RETROUAT,NON CONTAINER,RETRO,DEFAULT,N
RETROUAT,NON CONTAINER,RETRO_MIRTH,DEFAULT,N
RETROUAT,NON CONTAINER,SI_INFORMTN_SCHEMA,DEFAULT,Y
RETROUAT,NON CONTAINER,SYS$UMF,DEFAULT,Y
RETROUAT,NON CONTAINER,SYSBACKUP,DEFAULT,Y
RETROUAT,NON CONTAINER,SYS,CHL_PROFILE,Y
RETROUAT,NON CONTAINER,SYSDG,DEFAULT,Y
RETROUAT,NON CONTAINER,SYSKM,DEFAULT,Y
RETROUAT,NON CONTAINER,SYSRAC,DEFAULT,Y
RETROUAT,NON CONTAINER,SYSTEM,CHL_PROFILE,Y
RETROUAT,NON CONTAINER,WMSYS,DEFAULT,Y
RETROUAT,NON CONTAINER,XDB,DEFAULT,Y
RETROUAT,NON CONTAINER,XS$NULL,DEFAULT,Y
RISCHL,NON CONTAINER,ADMINISTRATOR,CHL_PROFILE,N
RISCHL,NON CONTAINER,ANONYMOUS,DEFAULT,Y
RISCHL,NON CONTAINER,APPQOSSYS,DEFAULT,Y
RISCHL,NON CONTAINER,AUDSYS,DEFAULT,Y
RISCHL,NON CONTAINER,BOP_BO,DEFAULT,N
RISCHL,NON CONTAINER,BOP_CONSULTANT,DEFAULT,N
RISCHL,NON CONTAINER,BOP,DEFAULT,N
RISCHL,NON CONTAINER,COMMON,DEFAULT,N
RISCHL,NON CONTAINER,DBSFWUSER,DEFAULT,Y
RISCHL,NON CONTAINER,DBSNMP,DEFAULT,Y
RISCHL,NON CONTAINER,DIP,DEFAULT,Y
RISCHL,NON CONTAINER,GGSYS,DEFAULT,Y
RISCHL,NON CONTAINER,GSMADMIN_INTERNAL,DEFAULT,Y
RISCHL,NON CONTAINER,GSMCATUSER,DEFAULT,Y
RISCHL,NON CONTAINER,GSMUSER,DEFAULT,Y
RISCHL,NON CONTAINER,HL7_INTERFACE,DEFAULT,N
RISCHL,NON CONTAINER,HST50,DEFAULT,N
RISCHL,NON CONTAINER,HSTDEMO,DEFAULT,N
RISCHL,NON CONTAINER,INTRANET,DEFAULT,N
RISCHL,NON CONTAINER,MEDTECH,DEFAULT,N
RISCHL,NON CONTAINER,MONITORING,DEFAULT,N
RISCHL,NON CONTAINER,ORACLE_OCM,DEFAULT,Y
RISCHL,NON CONTAINER,OUTLN,DEFAULT,Y
RISCHL,NON CONTAINER,REMOTE_SCHEDULER_AGENT,DEFAULT,Y
RISCHL,NON CONTAINER,RIS_BO,DEFAULT,N
RISCHL,NON CONTAINER,RIS,DEFAULT,N
RISCHL,NON CONTAINER,SAPBI,DEFAULT,N
RISCHL,NON CONTAINER,SYS$UMF,DEFAULT,Y
RISCHL,NON CONTAINER,SYSBACKUP,DEFAULT,Y
RISCHL,NON CONTAINER,SYS,CHL_PROFILE,Y
RISCHL,NON CONTAINER,SYSDG,DEFAULT,Y
RISCHL,NON CONTAINER,SYSKM,DEFAULT,Y
RISCHL,NON CONTAINER,SYSRAC,DEFAULT,Y
RISCHL,NON CONTAINER,SYSTEM,CHL_PROFILE,Y
RISCHL,NON CONTAINER,TRANSLATOR,DEFAULT,N
RISCHL,NON CONTAINER,XDB,DEFAULT,Y
RISCHL,NON CONTAINER,XS$NULL,DEFAULT,Y
RISCHL,NON CONTAINER,YODA_CHARGES,DEFAULT,N
RISCHL,NON CONTAINER,YODA,DEFAULT,N
SHERDEV,NON CONTAINER,ADMINISTRATOR,CHL_PROFILE,N
SHERDEV,NON CONTAINER,ANONYMOUS,DEFAULT,Y
SHERDEV,NON CONTAINER,APPQOSSYS,DEFAULT,Y
SHERDEV,NON CONTAINER,AUDSYS,DEFAULT,Y
SHERDEV,NON CONTAINER,CORE,DEFAULT,N
SHERDEV,NON CONTAINER,DBSFWUSER,DEFAULT,Y
SHERDEV,NON CONTAINER,DBSNMP,DEFAULT,Y
SHERDEV,NON CONTAINER,DIP,DEFAULT,Y
SHERDEV,NON CONTAINER,ENGINE,DEFAULT,N
SHERDEV,NON CONTAINER,GGSYS,DEFAULT,Y
SHERDEV,NON CONTAINER,GSMADMIN_INTERNAL,DEFAULT,Y
SHERDEV,NON CONTAINER,GSMCATUSER,DEFAULT,Y
SHERDEV,NON CONTAINER,GSMUSER,DEFAULT,Y
SHERDEV,NON CONTAINER,JBOSS,DEFAULT,N
SHERDEV,NON CONTAINER,MONITORING,DEFAULT,N
SHERDEV,NON CONTAINER,ORACLE_OCM,DEFAULT,Y
SHERDEV,NON CONTAINER,OUTLN,DEFAULT,Y
SHERDEV,NON CONTAINER,REMOTE_SCHEDULER_AGENT,DEFAULT,Y
SHERDEV,NON CONTAINER,RIS_FACTURATION,DEFAULT,N
SHERDEV,NON CONTAINER,SHERLOCK,DEFAULT,N
SHERDEV,NON CONTAINER,SYS$UMF,DEFAULT,Y
SHERDEV,NON CONTAINER,SYSBACKUP,DEFAULT,Y
SHERDEV,NON CONTAINER,SYS,CHL_PROFILE,Y
SHERDEV,NON CONTAINER,SYSDG,DEFAULT,Y
SHERDEV,NON CONTAINER,SYSKM,DEFAULT,Y
SHERDEV,NON CONTAINER,SYSRAC,DEFAULT,Y
SHERDEV,NON CONTAINER,SYSTEM,CHL_PROFILE,Y
SHERDEV,NON CONTAINER,USERMANAGEMENT,DEFAULT,N
SHERDEV,NON CONTAINER,XDB,DEFAULT,Y
SHERDEV,NON CONTAINER,XS$NULL,DEFAULT,Y
SHERLOCK,NON CONTAINER,ADMINISTRATOR,CHL_PROFILE,N
SHERLOCK,NON CONTAINER,ANONYMOUS,DEFAULT,Y
SHERLOCK,NON CONTAINER,APPQOSSYS,DEFAULT,Y
SHERLOCK,NON CONTAINER,AUDSYS,DEFAULT,Y
SHERLOCK,NON CONTAINER,CORE,DEFAULT,N
SHERLOCK,NON CONTAINER,DBSFWUSER,DEFAULT,Y
SHERLOCK,NON CONTAINER,DBSNMP,DEFAULT,Y
SHERLOCK,NON CONTAINER,DIP,DEFAULT,Y
SHERLOCK,NON CONTAINER,ENGINE,DEFAULT,N
SHERLOCK,NON CONTAINER,ENGINE_RO,DEFAULT,N
SHERLOCK,NON CONTAINER,GGSYS,DEFAULT,Y
SHERLOCK,NON CONTAINER,GSMADMIN_INTERNAL,DEFAULT,Y
SHERLOCK,NON CONTAINER,GSMCATUSER,DEFAULT,Y
SHERLOCK,NON CONTAINER,GSMUSER,DEFAULT,Y
SHERLOCK,NON CONTAINER,JBOSS,DEFAULT,N
SHERLOCK,NON CONTAINER,MONITORING,DEFAULT,N
SHERLOCK,NON CONTAINER,ORACLE_OCM,DEFAULT,Y
SHERLOCK,NON CONTAINER,OUTLN,DEFAULT,Y
SHERLOCK,NON CONTAINER,REMOTE_SCHEDULER_AGENT,DEFAULT,Y
SHERLOCK,NON CONTAINER,RIS_FACTURATION,DEFAULT,N
SHERLOCK,NON CONTAINER,SHERLOCK,DEFAULT,N
SHERLOCK,NON CONTAINER,SYS$UMF,DEFAULT,Y
SHERLOCK,NON CONTAINER,SYSBACKUP,DEFAULT,Y
SHERLOCK,NON CONTAINER,SYS,CHL_PROFILE,Y
SHERLOCK,NON CONTAINER,SYSDG,DEFAULT,Y
SHERLOCK,NON CONTAINER,SYSKM,DEFAULT,Y
SHERLOCK,NON CONTAINER,SYSRAC,DEFAULT,Y
SHERLOCK,NON CONTAINER,SYSTEM,CHL_PROFILE,Y
SHERLOCK,NON CONTAINER,USERMANAGEMENT,DEFAULT,N
SHERLOCK,NON CONTAINER,XDB,DEFAULT,Y
SHERLOCK,NON CONTAINER,XS$NULL,DEFAULT,Y
