BA1,NON CONTAINER,AUDIT_ADMIN,AUDIT SYSTEM
BA1,NON CONTAINER,AUDSYS,SELECT ANY DICTIONARY
BA1,NON CONTAINER,DATAPUMP_IMP_FULL_DATABASE,AUDIT SYSTEM
BA1,NON CONTAINER,DATAPUMP_IMP_FULL_DATABASE,GRANT ANY OBJECT PRIVILEGE
BA1,NON CONTAINER,DATAPUMP_IMP_FULL_DATABASE,GRANT ANY PRIVILEGE
BA1,NON CONTAINER,DATAPUMP_IMP_FULL_DATABASE,GRANT ANY ROLE
BA1,NON CONTAINER,DATAPUMP_IMP_FULL_DATABASE,SELECT ANY TABLE
BA1,NON CONTAINER,DBA,ALTER SYSTEM
BA1,NON CONTAINER,DBA,AUDIT SYSTEM
BA1,NON CONTAINER,DBA,BECOME USER
BA1,NON CONTAINER,DBA,CREATE ANY LIBRARY
BA1,NON CONTAINER,DBA,CREATE EXTERNAL JOB
BA1,NON CONTAINER,DBA,CREATE LIBRARY
BA1,NON CONTAINER,DBA,GRANT ANY OBJECT PRIVILEGE
BA1,NON CONTAINER,DBA,GRANT ANY PRIVILEGE
BA1,NON CONTAINER,DBA,GRANT ANY ROLE
BA1,NON CONTAINER,DBA,SELECT ANY DICTIONARY
BA1,NON CONTAINER,DBA,SELECT ANY TABLE
BA1,NON CONTAINER,DBSNMP,SELECT ANY DICTIONARY
BA1,NON CONTAINER,EM_EXPRESS_ALL,ALTER SYSTEM
BA1,NON CONTAINER,EM_EXPRESS_ALL,GRANT ANY OBJECT PRIVILEGE
BA1,NON CONTAINER,EM_EXPRESS_ALL,GRANT ANY PRIVILEGE
BA1,NON CONTAINER,EM_EXPRESS_ALL,GRANT ANY ROLE
BA1,NON CONTAINER,EXP_FULL_DATABASE,SELECT ANY TABLE
BA1,NON CONTAINER,GSMADMIN_INTERNAL,ALTER SYSTEM
BA1,NON CONTAINER,GSMADMIN_INTERNAL,CREATE EXTERNAL JOB
BA1,NON CONTAINER,GSMADMIN_INTERNAL,EXEMPT ACCESS POLICY
BA1,NON CONTAINER,GSMADMIN_INTERNAL,SELECT ANY DICTIONARY
BA1,NON CONTAINER,GSMADMIN_INTERNAL,SELECT ANY TABLE
BA1,NON CONTAINER,GSMADMIN_ROLE,ALTER SYSTEM
BA1,NON CONTAINER,GSMUSER_ROLE,ALTER SYSTEM
BA1,NON CONTAINER,GSMUSER_ROLE,EXEMPT ACCESS POLICY
BA1,NON CONTAINER,IMP_FULL_DATABASE,AUDIT SYSTEM
BA1,NON CONTAINER,IMP_FULL_DATABASE,BECOME USER
BA1,NON CONTAINER,IMP_FULL_DATABASE,CREATE ANY LIBRARY
BA1,NON CONTAINER,IMP_FULL_DATABASE,GRANT ANY OBJECT PRIVILEGE
BA1,NON CONTAINER,IMP_FULL_DATABASE,GRANT ANY PRIVILEGE
BA1,NON CONTAINER,IMP_FULL_DATABASE,GRANT ANY ROLE
BA1,NON CONTAINER,IMP_FULL_DATABASE,SELECT ANY TABLE
BA1,NON CONTAINER,OEM_MONITOR,SELECT ANY DICTIONARY
BA1,NON CONTAINER,SAPDBA,ALTER SYSTEM
BA1,NON CONTAINER,SCHEDULER_ADMIN,CREATE EXTERNAL JOB
BA1,NON CONTAINER,SYS,ALTER SYSTEM
BA1,NON CONTAINER,SYS,AUDIT SYSTEM
BA1,NON CONTAINER,SYSBACKUP,ALTER SYSTEM
BA1,NON CONTAINER,SYSBACKUP,SELECT ANY DICTIONARY
BA1,NON CONTAINER,SYS,BECOME USER
BA1,NON CONTAINER,SYS,CREATE ANY LIBRARY
BA1,NON CONTAINER,SYS,CREATE EXTERNAL JOB
BA1,NON CONTAINER,SYS,CREATE LIBRARY
BA1,NON CONTAINER,SYSDG,ALTER SYSTEM
BA1,NON CONTAINER,SYSDG,SELECT ANY DICTIONARY
BA1,NON CONTAINER,SYS,GRANT ANY OBJECT PRIVILEGE
BA1,NON CONTAINER,SYS,GRANT ANY PRIVILEGE
BA1,NON CONTAINER,SYS,GRANT ANY ROLE
BA1,NON CONTAINER,SYSRAC,ALTER SYSTEM
BA1,NON CONTAINER,SYS,SELECT ANY TABLE
BA1,NON CONTAINER,SYSTEM,SELECT ANY TABLE
BA1,NON CONTAINER,XDB,CREATE LIBRARY
BA3,NON CONTAINER,AUDIT_ADMIN,AUDIT SYSTEM
BA3,NON CONTAINER,AUDSYS,SELECT ANY DICTIONARY
BA3,NON CONTAINER,DATAPUMP_IMP_FULL_DATABASE,AUDIT SYSTEM
BA3,NON CONTAINER,DATAPUMP_IMP_FULL_DATABASE,GRANT ANY OBJECT PRIVILEGE
BA3,NON CONTAINER,DATAPUMP_IMP_FULL_DATABASE,GRANT ANY PRIVILEGE
BA3,NON CONTAINER,DATAPUMP_IMP_FULL_DATABASE,GRANT ANY ROLE
BA3,NON CONTAINER,DATAPUMP_IMP_FULL_DATABASE,SELECT ANY TABLE
BA3,NON CONTAINER,DBA,ALTER SYSTEM
BA3,NON CONTAINER,DBA,AUDIT SYSTEM
BA3,NON CONTAINER,DBA,BECOME USER
BA3,NON CONTAINER,DBA,CREATE ANY LIBRARY
BA3,NON CONTAINER,DBA,CREATE EXTERNAL JOB
BA3,NON CONTAINER,DBA,CREATE LIBRARY
BA3,NON CONTAINER,DBA,GRANT ANY OBJECT PRIVILEGE
BA3,NON CONTAINER,DBA,GRANT ANY PRIVILEGE
BA3,NON CONTAINER,DBA,GRANT ANY ROLE
BA3,NON CONTAINER,DBA,SELECT ANY DICTIONARY
BA3,NON CONTAINER,DBA,SELECT ANY TABLE
BA3,NON CONTAINER,DBSNMP,SELECT ANY DICTIONARY
BA3,NON CONTAINER,EM_EXPRESS_ALL,ALTER SYSTEM
BA3,NON CONTAINER,EM_EXPRESS_ALL,GRANT ANY OBJECT PRIVILEGE
BA3,NON CONTAINER,EM_EXPRESS_ALL,GRANT ANY PRIVILEGE
BA3,NON CONTAINER,EM_EXPRESS_ALL,GRANT ANY ROLE
BA3,NON CONTAINER,EXP_FULL_DATABASE,SELECT ANY TABLE
BA3,NON CONTAINER,GSMADMIN_INTERNAL,ALTER SYSTEM
BA3,NON CONTAINER,GSMADMIN_INTERNAL,CREATE EXTERNAL JOB
BA3,NON CONTAINER,GSMADMIN_INTERNAL,EXEMPT ACCESS POLICY
BA3,NON CONTAINER,GSMADMIN_INTERNAL,SELECT ANY DICTIONARY
BA3,NON CONTAINER,GSMADMIN_INTERNAL,SELECT ANY TABLE
BA3,NON CONTAINER,GSMADMIN_ROLE,ALTER SYSTEM
BA3,NON CONTAINER,GSMUSER_ROLE,ALTER SYSTEM
BA3,NON CONTAINER,GSMUSER_ROLE,EXEMPT ACCESS POLICY
BA3,NON CONTAINER,IMP_FULL_DATABASE,AUDIT SYSTEM
BA3,NON CONTAINER,IMP_FULL_DATABASE,BECOME USER
BA3,NON CONTAINER,IMP_FULL_DATABASE,CREATE ANY LIBRARY
BA3,NON CONTAINER,IMP_FULL_DATABASE,GRANT ANY OBJECT PRIVILEGE
BA3,NON CONTAINER,IMP_FULL_DATABASE,GRANT ANY PRIVILEGE
BA3,NON CONTAINER,IMP_FULL_DATABASE,GRANT ANY ROLE
BA3,NON CONTAINER,IMP_FULL_DATABASE,SELECT ANY TABLE
BA3,NON CONTAINER,OEM_MONITOR,SELECT ANY DICTIONARY
BA3,NON CONTAINER,SAPDBA,ALTER SYSTEM
BA3,NON CONTAINER,SCHEDULER_ADMIN,CREATE EXTERNAL JOB
BA3,NON CONTAINER,SYS,ALTER SYSTEM
BA3,NON CONTAINER,SYS,AUDIT SYSTEM
BA3,NON CONTAINER,SYSBACKUP,ALTER SYSTEM
BA3,NON CONTAINER,SYSBACKUP,SELECT ANY DICTIONARY
BA3,NON CONTAINER,SYS,BECOME USER
BA3,NON CONTAINER,SYS,CREATE ANY LIBRARY
BA3,NON CONTAINER,SYS,CREATE EXTERNAL JOB
BA3,NON CONTAINER,SYS,CREATE LIBRARY
BA3,NON CONTAINER,SYSDG,ALTER SYSTEM
BA3,NON CONTAINER,SYSDG,SELECT ANY DICTIONARY
BA3,NON CONTAINER,SYS,GRANT ANY OBJECT PRIVILEGE
BA3,NON CONTAINER,SYS,GRANT ANY PRIVILEGE
BA3,NON CONTAINER,SYS,GRANT ANY ROLE
BA3,NON CONTAINER,SYSRAC,ALTER SYSTEM
BA3,NON CONTAINER,SYS,SELECT ANY TABLE
BA3,NON CONTAINER,SYSTEM,SELECT ANY TABLE
BA3,NON CONTAINER,XDB,CREATE LIBRARY
BJ1,NON CONTAINER,AUDIT_ADMIN,AUDIT SYSTEM
BJ1,NON CONTAINER,AUDSYS,SELECT ANY DICTIONARY
BJ1,NON CONTAINER,DATAPUMP_IMP_FULL_DATABASE,AUDIT SYSTEM
BJ1,NON CONTAINER,DATAPUMP_IMP_FULL_DATABASE,GRANT ANY OBJECT PRIVILEGE
BJ1,NON CONTAINER,DATAPUMP_IMP_FULL_DATABASE,GRANT ANY PRIVILEGE
BJ1,NON CONTAINER,DATAPUMP_IMP_FULL_DATABASE,GRANT ANY ROLE
BJ1,NON CONTAINER,DATAPUMP_IMP_FULL_DATABASE,SELECT ANY TABLE
BJ1,NON CONTAINER,DBA,ALTER SYSTEM
BJ1,NON CONTAINER,DBA,AUDIT SYSTEM
BJ1,NON CONTAINER,DBA,BECOME USER
BJ1,NON CONTAINER,DBA,CREATE ANY LIBRARY
BJ1,NON CONTAINER,DBA,CREATE EXTERNAL JOB
BJ1,NON CONTAINER,DBA,CREATE LIBRARY
BJ1,NON CONTAINER,DBA,GRANT ANY OBJECT PRIVILEGE
BJ1,NON CONTAINER,DBA,GRANT ANY PRIVILEGE
BJ1,NON CONTAINER,DBA,GRANT ANY ROLE
BJ1,NON CONTAINER,DBA,SELECT ANY DICTIONARY
BJ1,NON CONTAINER,DBA,SELECT ANY TABLE
BJ1,NON CONTAINER,DBSNMP,SELECT ANY DICTIONARY
BJ1,NON CONTAINER,EM_EXPRESS_ALL,ALTER SYSTEM
BJ1,NON CONTAINER,EM_EXPRESS_ALL,GRANT ANY OBJECT PRIVILEGE
BJ1,NON CONTAINER,EM_EXPRESS_ALL,GRANT ANY PRIVILEGE
BJ1,NON CONTAINER,EM_EXPRESS_ALL,GRANT ANY ROLE
BJ1,NON CONTAINER,EXP_FULL_DATABASE,SELECT ANY TABLE
BJ1,NON CONTAINER,GSMADMIN_INTERNAL,ALTER SYSTEM
BJ1,NON CONTAINER,GSMADMIN_INTERNAL,CREATE EXTERNAL JOB
BJ1,NON CONTAINER,GSMADMIN_INTERNAL,EXEMPT ACCESS POLICY
BJ1,NON CONTAINER,GSMADMIN_INTERNAL,SELECT ANY DICTIONARY
BJ1,NON CONTAINER,GSMADMIN_INTERNAL,SELECT ANY TABLE
BJ1,NON CONTAINER,GSMADMIN_ROLE,ALTER SYSTEM
BJ1,NON CONTAINER,GSMUSER_ROLE,ALTER SYSTEM
BJ1,NON CONTAINER,GSMUSER_ROLE,EXEMPT ACCESS POLICY
BJ1,NON CONTAINER,IMP_FULL_DATABASE,AUDIT SYSTEM
BJ1,NON CONTAINER,IMP_FULL_DATABASE,BECOME USER
BJ1,NON CONTAINER,IMP_FULL_DATABASE,CREATE ANY LIBRARY
BJ1,NON CONTAINER,IMP_FULL_DATABASE,GRANT ANY OBJECT PRIVILEGE
BJ1,NON CONTAINER,IMP_FULL_DATABASE,GRANT ANY PRIVILEGE
BJ1,NON CONTAINER,IMP_FULL_DATABASE,GRANT ANY ROLE
BJ1,NON CONTAINER,IMP_FULL_DATABASE,SELECT ANY TABLE
BJ1,NON CONTAINER,OEM_MONITOR,SELECT ANY DICTIONARY
BJ1,NON CONTAINER,SAPDBA,ALTER SYSTEM
BJ1,NON CONTAINER,SCHEDULER_ADMIN,CREATE EXTERNAL JOB
BJ1,NON CONTAINER,SYS,ALTER SYSTEM
BJ1,NON CONTAINER,SYS,AUDIT SYSTEM
BJ1,NON CONTAINER,SYSBACKUP,ALTER SYSTEM
BJ1,NON CONTAINER,SYSBACKUP,SELECT ANY DICTIONARY
BJ1,NON CONTAINER,SYS,BECOME USER
BJ1,NON CONTAINER,SYS,CREATE ANY LIBRARY
BJ1,NON CONTAINER,SYS,CREATE EXTERNAL JOB
BJ1,NON CONTAINER,SYS,CREATE LIBRARY
BJ1,NON CONTAINER,SYSDG,ALTER SYSTEM
BJ1,NON CONTAINER,SYSDG,SELECT ANY DICTIONARY
BJ1,NON CONTAINER,SYS,GRANT ANY OBJECT PRIVILEGE
BJ1,NON CONTAINER,SYS,GRANT ANY PRIVILEGE
BJ1,NON CONTAINER,SYS,GRANT ANY ROLE
BJ1,NON CONTAINER,SYSRAC,ALTER SYSTEM
BJ1,NON CONTAINER,SYS,SELECT ANY TABLE
BJ1,NON CONTAINER,SYSTEM,SELECT ANY TABLE
BJ1,NON CONTAINER,XDB,CREATE LIBRARY
BJ3,NON CONTAINER,AUDIT_ADMIN,AUDIT SYSTEM
BJ3,NON CONTAINER,AUDSYS,SELECT ANY DICTIONARY
BJ3,NON CONTAINER,DATAPUMP_IMP_FULL_DATABASE,AUDIT SYSTEM
BJ3,NON CONTAINER,DATAPUMP_IMP_FULL_DATABASE,GRANT ANY OBJECT PRIVILEGE
BJ3,NON CONTAINER,DATAPUMP_IMP_FULL_DATABASE,GRANT ANY PRIVILEGE
BJ3,NON CONTAINER,DATAPUMP_IMP_FULL_DATABASE,GRANT ANY ROLE
BJ3,NON CONTAINER,DATAPUMP_IMP_FULL_DATABASE,SELECT ANY TABLE
BJ3,NON CONTAINER,DBA,ALTER SYSTEM
BJ3,NON CONTAINER,DBA,AUDIT SYSTEM
BJ3,NON CONTAINER,DBA,BECOME USER
BJ3,NON CONTAINER,DBA,CREATE ANY LIBRARY
BJ3,NON CONTAINER,DBA,CREATE EXTERNAL JOB
BJ3,NON CONTAINER,DBA,CREATE LIBRARY
BJ3,NON CONTAINER,DBA,GRANT ANY OBJECT PRIVILEGE
BJ3,NON CONTAINER,DBA,GRANT ANY PRIVILEGE
BJ3,NON CONTAINER,DBA,GRANT ANY ROLE
BJ3,NON CONTAINER,DBA,SELECT ANY DICTIONARY
BJ3,NON CONTAINER,DBA,SELECT ANY TABLE
BJ3,NON CONTAINER,DBSNMP,SELECT ANY DICTIONARY
BJ3,NON CONTAINER,EM_EXPRESS_ALL,ALTER SYSTEM
BJ3,NON CONTAINER,EM_EXPRESS_ALL,GRANT ANY OBJECT PRIVILEGE
BJ3,NON CONTAINER,EM_EXPRESS_ALL,GRANT ANY PRIVILEGE
BJ3,NON CONTAINER,EM_EXPRESS_ALL,GRANT ANY ROLE
BJ3,NON CONTAINER,EXP_FULL_DATABASE,SELECT ANY TABLE
BJ3,NON CONTAINER,GSMADMIN_INTERNAL,ALTER SYSTEM
BJ3,NON CONTAINER,GSMADMIN_INTERNAL,CREATE EXTERNAL JOB
BJ3,NON CONTAINER,GSMADMIN_INTERNAL,EXEMPT ACCESS POLICY
BJ3,NON CONTAINER,GSMADMIN_INTERNAL,SELECT ANY DICTIONARY
BJ3,NON CONTAINER,GSMADMIN_INTERNAL,SELECT ANY TABLE
BJ3,NON CONTAINER,GSMADMIN_ROLE,ALTER SYSTEM
BJ3,NON CONTAINER,GSMUSER_ROLE,ALTER SYSTEM
BJ3,NON CONTAINER,GSMUSER_ROLE,EXEMPT ACCESS POLICY
BJ3,NON CONTAINER,IMP_FULL_DATABASE,AUDIT SYSTEM
BJ3,NON CONTAINER,IMP_FULL_DATABASE,BECOME USER
BJ3,NON CONTAINER,IMP_FULL_DATABASE,CREATE ANY LIBRARY
BJ3,NON CONTAINER,IMP_FULL_DATABASE,GRANT ANY OBJECT PRIVILEGE
BJ3,NON CONTAINER,IMP_FULL_DATABASE,GRANT ANY PRIVILEGE
BJ3,NON CONTAINER,IMP_FULL_DATABASE,GRANT ANY ROLE
BJ3,NON CONTAINER,IMP_FULL_DATABASE,SELECT ANY TABLE
BJ3,NON CONTAINER,OEM_MONITOR,SELECT ANY DICTIONARY
BJ3,NON CONTAINER,SAPDBA,ALTER SYSTEM
BJ3,NON CONTAINER,SCHEDULER_ADMIN,CREATE EXTERNAL JOB
BJ3,NON CONTAINER,SYS,ALTER SYSTEM
BJ3,NON CONTAINER,SYS,AUDIT SYSTEM
BJ3,NON CONTAINER,SYSBACKUP,ALTER SYSTEM
BJ3,NON CONTAINER,SYSBACKUP,SELECT ANY DICTIONARY
BJ3,NON CONTAINER,SYS,BECOME USER
BJ3,NON CONTAINER,SYS,CREATE ANY LIBRARY
BJ3,NON CONTAINER,SYS,CREATE EXTERNAL JOB
BJ3,NON CONTAINER,SYS,CREATE LIBRARY
BJ3,NON CONTAINER,SYSDG,ALTER SYSTEM
BJ3,NON CONTAINER,SYSDG,SELECT ANY DICTIONARY
BJ3,NON CONTAINER,SYS,GRANT ANY OBJECT PRIVILEGE
BJ3,NON CONTAINER,SYS,GRANT ANY PRIVILEGE
BJ3,NON CONTAINER,SYS,GRANT ANY ROLE
BJ3,NON CONTAINER,SYSRAC,ALTER SYSTEM
BJ3,NON CONTAINER,SYS,SELECT ANY TABLE
BJ3,NON CONTAINER,SYSTEM,SELECT ANY TABLE
BJ3,NON CONTAINER,XDB,CREATE LIBRARY
BW1,NON CONTAINER,AUDIT_ADMIN,AUDIT SYSTEM
BW1,NON CONTAINER,AUDSYS,SELECT ANY DICTIONARY
BW1,NON CONTAINER,DATAPUMP_IMP_FULL_DATABASE,AUDIT SYSTEM
BW1,NON CONTAINER,DATAPUMP_IMP_FULL_DATABASE,GRANT ANY OBJECT PRIVILEGE
BW1,NON CONTAINER,DATAPUMP_IMP_FULL_DATABASE,GRANT ANY PRIVILEGE
BW1,NON CONTAINER,DATAPUMP_IMP_FULL_DATABASE,GRANT ANY ROLE
BW1,NON CONTAINER,DATAPUMP_IMP_FULL_DATABASE,SELECT ANY TABLE
BW1,NON CONTAINER,DBA,ALTER SYSTEM
BW1,NON CONTAINER,DBA,AUDIT SYSTEM
BW1,NON CONTAINER,DBA,BECOME USER
BW1,NON CONTAINER,DBA,CREATE ANY LIBRARY
BW1,NON CONTAINER,DBA,CREATE EXTERNAL JOB
BW1,NON CONTAINER,DBA,CREATE LIBRARY
BW1,NON CONTAINER,DBA,GRANT ANY OBJECT PRIVILEGE
BW1,NON CONTAINER,DBA,GRANT ANY PRIVILEGE
BW1,NON CONTAINER,DBA,GRANT ANY ROLE
BW1,NON CONTAINER,DBA,SELECT ANY DICTIONARY
BW1,NON CONTAINER,DBA,SELECT ANY TABLE
BW1,NON CONTAINER,DBSNMP,SELECT ANY DICTIONARY
BW1,NON CONTAINER,EM_EXPRESS_ALL,ALTER SYSTEM
BW1,NON CONTAINER,EM_EXPRESS_ALL,GRANT ANY OBJECT PRIVILEGE
BW1,NON CONTAINER,EM_EXPRESS_ALL,GRANT ANY PRIVILEGE
BW1,NON CONTAINER,EM_EXPRESS_ALL,GRANT ANY ROLE
BW1,NON CONTAINER,EXP_FULL_DATABASE,SELECT ANY TABLE
BW1,NON CONTAINER,GSMADMIN_INTERNAL,ALTER SYSTEM
BW1,NON CONTAINER,GSMADMIN_INTERNAL,CREATE EXTERNAL JOB
BW1,NON CONTAINER,GSMADMIN_INTERNAL,EXEMPT ACCESS POLICY
BW1,NON CONTAINER,GSMADMIN_INTERNAL,SELECT ANY DICTIONARY
BW1,NON CONTAINER,GSMADMIN_INTERNAL,SELECT ANY TABLE
BW1,NON CONTAINER,GSMADMIN_ROLE,ALTER SYSTEM
BW1,NON CONTAINER,GSMUSER_ROLE,ALTER SYSTEM
BW1,NON CONTAINER,GSMUSER_ROLE,EXEMPT ACCESS POLICY
BW1,NON CONTAINER,IMP_FULL_DATABASE,AUDIT SYSTEM
BW1,NON CONTAINER,IMP_FULL_DATABASE,BECOME USER
BW1,NON CONTAINER,IMP_FULL_DATABASE,CREATE ANY LIBRARY
BW1,NON CONTAINER,IMP_FULL_DATABASE,GRANT ANY OBJECT PRIVILEGE
BW1,NON CONTAINER,IMP_FULL_DATABASE,GRANT ANY PRIVILEGE
BW1,NON CONTAINER,IMP_FULL_DATABASE,GRANT ANY ROLE
BW1,NON CONTAINER,IMP_FULL_DATABASE,SELECT ANY TABLE
BW1,NON CONTAINER,OEM_MONITOR,SELECT ANY DICTIONARY
BW1,NON CONTAINER,SAPDBA,ALTER SYSTEM
BW1,NON CONTAINER,SCHEDULER_ADMIN,CREATE EXTERNAL JOB
BW1,NON CONTAINER,SYS,ALTER SYSTEM
BW1,NON CONTAINER,SYS,AUDIT SYSTEM
BW1,NON CONTAINER,SYSBACKUP,ALTER SYSTEM
BW1,NON CONTAINER,SYSBACKUP,SELECT ANY DICTIONARY
BW1,NON CONTAINER,SYS,BECOME USER
BW1,NON CONTAINER,SYS,CREATE ANY LIBRARY
BW1,NON CONTAINER,SYS,CREATE EXTERNAL JOB
BW1,NON CONTAINER,SYS,CREATE LIBRARY
BW1,NON CONTAINER,SYSDG,ALTER SYSTEM
BW1,NON CONTAINER,SYSDG,SELECT ANY DICTIONARY
BW1,NON CONTAINER,SYS,GRANT ANY OBJECT PRIVILEGE
BW1,NON CONTAINER,SYS,GRANT ANY PRIVILEGE
BW1,NON CONTAINER,SYS,GRANT ANY ROLE
BW1,NON CONTAINER,SYSRAC,ALTER SYSTEM
BW1,NON CONTAINER,SYS,SELECT ANY TABLE
BW1,NON CONTAINER,SYSTEM,SELECT ANY TABLE
BW1,NON CONTAINER,XDB,CREATE LIBRARY
CHC,NON CONTAINER,AUDIT_ADMIN,AUDIT SYSTEM
CHC,NON CONTAINER,AUDSYS,SELECT ANY DICTIONARY
CHC,NON CONTAINER,DATAPUMP_IMP_FULL_DATABASE,AUDIT SYSTEM
CHC,NON CONTAINER,DATAPUMP_IMP_FULL_DATABASE,GRANT ANY OBJECT PRIVILEGE
CHC,NON CONTAINER,DATAPUMP_IMP_FULL_DATABASE,GRANT ANY PRIVILEGE
CHC,NON CONTAINER,DATAPUMP_IMP_FULL_DATABASE,GRANT ANY ROLE
CHC,NON CONTAINER,DATAPUMP_IMP_FULL_DATABASE,SELECT ANY TABLE
CHC,NON CONTAINER,DBA,ALTER SYSTEM
CHC,NON CONTAINER,DBA,AUDIT SYSTEM
CHC,NON CONTAINER,DBA,BECOME USER
CHC,NON CONTAINER,DBA,CREATE ANY LIBRARY
CHC,NON CONTAINER,DBA,CREATE EXTERNAL JOB
CHC,NON CONTAINER,DBA,CREATE LIBRARY
CHC,NON CONTAINER,DBA,GRANT ANY OBJECT PRIVILEGE
CHC,NON CONTAINER,DBA,GRANT ANY PRIVILEGE
CHC,NON CONTAINER,DBA,GRANT ANY ROLE
CHC,NON CONTAINER,DBA,SELECT ANY DICTIONARY
CHC,NON CONTAINER,DBA,SELECT ANY TABLE
CHC,NON CONTAINER,DBSNMP,SELECT ANY DICTIONARY
CHC,NON CONTAINER,EM_EXPRESS_ALL,ALTER SYSTEM
CHC,NON CONTAINER,EM_EXPRESS_ALL,GRANT ANY OBJECT PRIVILEGE
CHC,NON CONTAINER,EM_EXPRESS_ALL,GRANT ANY PRIVILEGE
CHC,NON CONTAINER,EM_EXPRESS_ALL,GRANT ANY ROLE
CHC,NON CONTAINER,EXP_FULL_DATABASE,SELECT ANY TABLE
CHC,NON CONTAINER,GGSYS,SELECT ANY DICTIONARY
CHC,NON CONTAINER,GGSYS,SELECT ANY TABLE
CHC,NON CONTAINER,GSMADMIN_INTERNAL,ALTER SYSTEM
CHC,NON CONTAINER,GSMADMIN_INTERNAL,CREATE EXTERNAL JOB
CHC,NON CONTAINER,GSMADMIN_INTERNAL,GRANT ANY PRIVILEGE
CHC,NON CONTAINER,GSMADMIN_INTERNAL,GRANT ANY ROLE
CHC,NON CONTAINER,GSMADMIN_INTERNAL,SELECT ANY DICTIONARY
CHC,NON CONTAINER,GSMADMIN_INTERNAL,SELECT ANY TABLE
CHC,NON CONTAINER,GSMADMIN_ROLE,ALTER SYSTEM
CHC,NON CONTAINER,GSMUSER_ROLE,ALTER SYSTEM
CHC,NON CONTAINER,GSMUSER_ROLE,EXEMPT ACCESS POLICY
CHC,NON CONTAINER,IMP_FULL_DATABASE,AUDIT SYSTEM
CHC,NON CONTAINER,IMP_FULL_DATABASE,BECOME USER
CHC,NON CONTAINER,IMP_FULL_DATABASE,CREATE ANY LIBRARY
CHC,NON CONTAINER,IMP_FULL_DATABASE,GRANT ANY OBJECT PRIVILEGE
CHC,NON CONTAINER,IMP_FULL_DATABASE,GRANT ANY PRIVILEGE
CHC,NON CONTAINER,IMP_FULL_DATABASE,GRANT ANY ROLE
CHC,NON CONTAINER,IMP_FULL_DATABASE,SELECT ANY TABLE
CHC,NON CONTAINER,OEM_MONITOR,SELECT ANY DICTIONARY
CHC,NON CONTAINER,SAPDBA,ALTER SYSTEM
CHC,NON CONTAINER,SCHEDULER_ADMIN,CREATE EXTERNAL JOB
CHC,NON CONTAINER,SYS,ALTER SYSTEM
CHC,NON CONTAINER,SYS,AUDIT SYSTEM
CHC,NON CONTAINER,SYSBACKUP,ALTER SYSTEM
CHC,NON CONTAINER,SYSBACKUP,SELECT ANY DICTIONARY
CHC,NON CONTAINER,SYS,BECOME USER
CHC,NON CONTAINER,SYS,CREATE ANY LIBRARY
CHC,NON CONTAINER,SYS,CREATE EXTERNAL JOB
CHC,NON CONTAINER,SYS,CREATE LIBRARY
CHC,NON CONTAINER,SYSDG,ALTER SYSTEM
CHC,NON CONTAINER,SYSDG,SELECT ANY DICTIONARY
CHC,NON CONTAINER,SYS,GRANT ANY OBJECT PRIVILEGE
CHC,NON CONTAINER,SYS,GRANT ANY PRIVILEGE
CHC,NON CONTAINER,SYS,GRANT ANY ROLE
CHC,NON CONTAINER,SYSRAC,ALTER SYSTEM
CHC,NON CONTAINER,SYS,SELECT ANY TABLE
CHC,NON CONTAINER,SYSTEM,SELECT ANY TABLE
CHC,NON CONTAINER,XDB,CREATE LIBRARY
CHL,NON CONTAINER,AUDIT_ADMIN,AUDIT SYSTEM
CHL,NON CONTAINER,AUDSYS,SELECT ANY DICTIONARY
CHL,NON CONTAINER,DATAPUMP_IMP_FULL_DATABASE,AUDIT SYSTEM
CHL,NON CONTAINER,DATAPUMP_IMP_FULL_DATABASE,GRANT ANY OBJECT PRIVILEGE
CHL,NON CONTAINER,DATAPUMP_IMP_FULL_DATABASE,GRANT ANY PRIVILEGE
CHL,NON CONTAINER,DATAPUMP_IMP_FULL_DATABASE,GRANT ANY ROLE
CHL,NON CONTAINER,DATAPUMP_IMP_FULL_DATABASE,SELECT ANY TABLE
CHL,NON CONTAINER,DBA,ALTER SYSTEM
CHL,NON CONTAINER,DBA,AUDIT SYSTEM
CHL,NON CONTAINER,DBA,BECOME USER
CHL,NON CONTAINER,DBA,CREATE ANY LIBRARY
CHL,NON CONTAINER,DBA,CREATE EXTERNAL JOB
CHL,NON CONTAINER,DBA,CREATE LIBRARY
CHL,NON CONTAINER,DBA,GRANT ANY OBJECT PRIVILEGE
CHL,NON CONTAINER,DBA,GRANT ANY PRIVILEGE
CHL,NON CONTAINER,DBA,GRANT ANY ROLE
CHL,NON CONTAINER,DBA,SELECT ANY DICTIONARY
CHL,NON CONTAINER,DBA,SELECT ANY TABLE
CHL,NON CONTAINER,DBSNMP,SELECT ANY DICTIONARY
CHL,NON CONTAINER,EM_EXPRESS_ALL,ALTER SYSTEM
CHL,NON CONTAINER,EM_EXPRESS_ALL,GRANT ANY OBJECT PRIVILEGE
CHL,NON CONTAINER,EM_EXPRESS_ALL,GRANT ANY PRIVILEGE
CHL,NON CONTAINER,EM_EXPRESS_ALL,GRANT ANY ROLE
CHL,NON CONTAINER,EXP_FULL_DATABASE,SELECT ANY TABLE
CHL,NON CONTAINER,GGSYS,SELECT ANY DICTIONARY
CHL,NON CONTAINER,GGSYS,SELECT ANY TABLE
CHL,NON CONTAINER,GSMADMIN_INTERNAL,ALTER SYSTEM
CHL,NON CONTAINER,GSMADMIN_INTERNAL,CREATE EXTERNAL JOB
CHL,NON CONTAINER,GSMADMIN_INTERNAL,GRANT ANY PRIVILEGE
CHL,NON CONTAINER,GSMADMIN_INTERNAL,GRANT ANY ROLE
CHL,NON CONTAINER,GSMADMIN_INTERNAL,SELECT ANY DICTIONARY
CHL,NON CONTAINER,GSMADMIN_INTERNAL,SELECT ANY TABLE
CHL,NON CONTAINER,GSMADMIN_ROLE,ALTER SYSTEM
CHL,NON CONTAINER,GSMUSER_ROLE,ALTER SYSTEM
CHL,NON CONTAINER,GSMUSER_ROLE,EXEMPT ACCESS POLICY
CHL,NON CONTAINER,IMP_FULL_DATABASE,AUDIT SYSTEM
CHL,NON CONTAINER,IMP_FULL_DATABASE,BECOME USER
CHL,NON CONTAINER,IMP_FULL_DATABASE,CREATE ANY LIBRARY
CHL,NON CONTAINER,IMP_FULL_DATABASE,GRANT ANY OBJECT PRIVILEGE
CHL,NON CONTAINER,IMP_FULL_DATABASE,GRANT ANY PRIVILEGE
CHL,NON CONTAINER,IMP_FULL_DATABASE,GRANT ANY ROLE
CHL,NON CONTAINER,IMP_FULL_DATABASE,SELECT ANY TABLE
CHL,NON CONTAINER,OEM_MONITOR,SELECT ANY DICTIONARY
CHL,NON CONTAINER,SAPDBA,ALTER SYSTEM
CHL,NON CONTAINER,SCHEDULER_ADMIN,CREATE EXTERNAL JOB
CHL,NON CONTAINER,SYS,ALTER SYSTEM
CHL,NON CONTAINER,SYS,AUDIT SYSTEM
CHL,NON CONTAINER,SYSBACKUP,ALTER SYSTEM
CHL,NON CONTAINER,SYSBACKUP,SELECT ANY DICTIONARY
CHL,NON CONTAINER,SYS,BECOME USER
CHL,NON CONTAINER,SYS,CREATE ANY LIBRARY
CHL,NON CONTAINER,SYS,CREATE EXTERNAL JOB
CHL,NON CONTAINER,SYS,CREATE LIBRARY
CHL,NON CONTAINER,SYSDG,ALTER SYSTEM
CHL,NON CONTAINER,SYSDG,SELECT ANY DICTIONARY
CHL,NON CONTAINER,SYS,GRANT ANY OBJECT PRIVILEGE
CHL,NON CONTAINER,SYS,GRANT ANY PRIVILEGE
CHL,NON CONTAINER,SYS,GRANT ANY ROLE
CHL,NON CONTAINER,SYSRAC,ALTER SYSTEM
CHL,NON CONTAINER,SYS,SELECT ANY TABLE
CHL,NON CONTAINER,SYSTEM,SELECT ANY TABLE
CHL,NON CONTAINER,XDB,CREATE LIBRARY
CYBERDEV,NON CONTAINER,AUDIT_ADMIN,AUDIT SYSTEM
CYBERDEV,NON CONTAINER,AUDSYS,SELECT ANY DICTIONARY
CYBERDEV,NON CONTAINER,CYBERLABV4,ALTER SYSTEM
CYBERDEV,NON CONTAINER,CYBERLABV4,SELECT ANY DICTIONARY
CYBERDEV,NON CONTAINER,CYBERLABV6,ALTER SYSTEM
CYBERDEV,NON CONTAINER,CYBERLABV6,SELECT ANY DICTIONARY
CYBERDEV,NON CONTAINER,DATAPUMP_IMP_FULL_DATABASE,AUDIT SYSTEM
CYBERDEV,NON CONTAINER,DATAPUMP_IMP_FULL_DATABASE,GRANT ANY OBJECT PRIVILEGE
CYBERDEV,NON CONTAINER,DATAPUMP_IMP_FULL_DATABASE,GRANT ANY PRIVILEGE
CYBERDEV,NON CONTAINER,DATAPUMP_IMP_FULL_DATABASE,GRANT ANY ROLE
CYBERDEV,NON CONTAINER,DATAPUMP_IMP_FULL_DATABASE,SELECT ANY TABLE
CYBERDEV,NON CONTAINER,DBA,ALTER SYSTEM
CYBERDEV,NON CONTAINER,DBA,AUDIT SYSTEM
CYBERDEV,NON CONTAINER,DBA,BECOME USER
CYBERDEV,NON CONTAINER,DBA,CREATE ANY LIBRARY
CYBERDEV,NON CONTAINER,DBA,CREATE EXTERNAL JOB
CYBERDEV,NON CONTAINER,DBA,CREATE LIBRARY
CYBERDEV,NON CONTAINER,DBA,GRANT ANY OBJECT PRIVILEGE
CYBERDEV,NON CONTAINER,DBA,GRANT ANY PRIVILEGE
CYBERDEV,NON CONTAINER,DBA,GRANT ANY ROLE
CYBERDEV,NON CONTAINER,DBA,SELECT ANY DICTIONARY
CYBERDEV,NON CONTAINER,DBA,SELECT ANY TABLE
CYBERDEV,NON CONTAINER,DBSNMP,SELECT ANY DICTIONARY
CYBERDEV,NON CONTAINER,EM_EXPRESS_ALL,ALTER SYSTEM
CYBERDEV,NON CONTAINER,EM_EXPRESS_ALL,GRANT ANY OBJECT PRIVILEGE
CYBERDEV,NON CONTAINER,EM_EXPRESS_ALL,GRANT ANY PRIVILEGE
CYBERDEV,NON CONTAINER,EM_EXPRESS_ALL,GRANT ANY ROLE
CYBERDEV,NON CONTAINER,EXP_FULL_DATABASE,SELECT ANY TABLE
CYBERDEV,NON CONTAINER,GSMADMIN_INTERNAL,ALTER SYSTEM
CYBERDEV,NON CONTAINER,GSMADMIN_INTERNAL,CREATE EXTERNAL JOB
CYBERDEV,NON CONTAINER,GSMADMIN_INTERNAL,SELECT ANY DICTIONARY
CYBERDEV,NON CONTAINER,GSMADMIN_INTERNAL,SELECT ANY TABLE
CYBERDEV,NON CONTAINER,GSMADMIN_ROLE,ALTER SYSTEM
CYBERDEV,NON CONTAINER,GSMUSER_ROLE,ALTER SYSTEM
CYBERDEV,NON CONTAINER,GSMUSER_ROLE,EXEMPT ACCESS POLICY
CYBERDEV,NON CONTAINER,IMP_FULL_DATABASE,AUDIT SYSTEM
CYBERDEV,NON CONTAINER,IMP_FULL_DATABASE,BECOME USER
CYBERDEV,NON CONTAINER,IMP_FULL_DATABASE,CREATE ANY LIBRARY
CYBERDEV,NON CONTAINER,IMP_FULL_DATABASE,GRANT ANY OBJECT PRIVILEGE
CYBERDEV,NON CONTAINER,IMP_FULL_DATABASE,GRANT ANY PRIVILEGE
CYBERDEV,NON CONTAINER,IMP_FULL_DATABASE,GRANT ANY ROLE
CYBERDEV,NON CONTAINER,IMP_FULL_DATABASE,SELECT ANY TABLE
CYBERDEV,NON CONTAINER,OEM_MONITOR,SELECT ANY DICTIONARY
CYBERDEV,NON CONTAINER,ORACLE_OCM,SELECT ANY DICTIONARY
CYBERDEV,NON CONTAINER,SCHEDULER_ADMIN,CREATE EXTERNAL JOB
CYBERDEV,NON CONTAINER,SYS,ALTER SYSTEM
CYBERDEV,NON CONTAINER,SYS,AUDIT SYSTEM
CYBERDEV,NON CONTAINER,SYSBACKUP,ALTER SYSTEM
CYBERDEV,NON CONTAINER,SYSBACKUP,SELECT ANY DICTIONARY
CYBERDEV,NON CONTAINER,SYS,BECOME USER
CYBERDEV,NON CONTAINER,SYS,CREATE ANY LIBRARY
CYBERDEV,NON CONTAINER,SYS,CREATE EXTERNAL JOB
CYBERDEV,NON CONTAINER,SYS,CREATE LIBRARY
CYBERDEV,NON CONTAINER,SYSDG,ALTER SYSTEM
CYBERDEV,NON CONTAINER,SYSDG,SELECT ANY DICTIONARY
CYBERDEV,NON CONTAINER,SYS,GRANT ANY OBJECT PRIVILEGE
CYBERDEV,NON CONTAINER,SYS,GRANT ANY PRIVILEGE
CYBERDEV,NON CONTAINER,SYS,GRANT ANY ROLE
CYBERDEV,NON CONTAINER,SYSRAC,ALTER SYSTEM
CYBERDEV,NON CONTAINER,SYS,SELECT ANY TABLE
CYBERDEV,NON CONTAINER,SYSTEM,SELECT ANY TABLE
CYBERDEV,NON CONTAINER,XDB,CREATE LIBRARY
CYBERLAB,NON CONTAINER,AUDIT_ADMIN,AUDIT SYSTEM
CYBERLAB,NON CONTAINER,AUDSYS,SELECT ANY DICTIONARY
CYBERLAB,NON CONTAINER,CYBERLABV4,ALTER SYSTEM
CYBERLAB,NON CONTAINER,CYBERLABV4,SELECT ANY DICTIONARY
CYBERLAB,NON CONTAINER,DATAPUMP_IMP_FULL_DATABASE,AUDIT SYSTEM
CYBERLAB,NON CONTAINER,DATAPUMP_IMP_FULL_DATABASE,GRANT ANY OBJECT PRIVILEGE
CYBERLAB,NON CONTAINER,DATAPUMP_IMP_FULL_DATABASE,GRANT ANY PRIVILEGE
CYBERLAB,NON CONTAINER,DATAPUMP_IMP_FULL_DATABASE,GRANT ANY ROLE
CYBERLAB,NON CONTAINER,DATAPUMP_IMP_FULL_DATABASE,SELECT ANY TABLE
CYBERLAB,NON CONTAINER,DBA,ALTER SYSTEM
CYBERLAB,NON CONTAINER,DBA,AUDIT SYSTEM
CYBERLAB,NON CONTAINER,DBA,BECOME USER
CYBERLAB,NON CONTAINER,DBA,CREATE ANY LIBRARY
CYBERLAB,NON CONTAINER,DBA,CREATE EXTERNAL JOB
CYBERLAB,NON CONTAINER,DBA,CREATE LIBRARY
CYBERLAB,NON CONTAINER,DBA,GRANT ANY OBJECT PRIVILEGE
CYBERLAB,NON CONTAINER,DBA,GRANT ANY PRIVILEGE
CYBERLAB,NON CONTAINER,DBA,GRANT ANY ROLE
CYBERLAB,NON CONTAINER,DBA,SELECT ANY DICTIONARY
CYBERLAB,NON CONTAINER,DBA,SELECT ANY TABLE
CYBERLAB,NON CONTAINER,DBSNMP,SELECT ANY DICTIONARY
CYBERLAB,NON CONTAINER,EM_EXPRESS_ALL,ALTER SYSTEM
CYBERLAB,NON CONTAINER,EM_EXPRESS_ALL,GRANT ANY OBJECT PRIVILEGE
CYBERLAB,NON CONTAINER,EM_EXPRESS_ALL,GRANT ANY PRIVILEGE
CYBERLAB,NON CONTAINER,EM_EXPRESS_ALL,GRANT ANY ROLE
CYBERLAB,NON CONTAINER,EXP_FULL_DATABASE,SELECT ANY TABLE
CYBERLAB,NON CONTAINER,GSMADMIN_INTERNAL,ALTER SYSTEM
CYBERLAB,NON CONTAINER,GSMADMIN_INTERNAL,CREATE EXTERNAL JOB
CYBERLAB,NON CONTAINER,GSMADMIN_INTERNAL,SELECT ANY DICTIONARY
CYBERLAB,NON CONTAINER,GSMADMIN_INTERNAL,SELECT ANY TABLE
CYBERLAB,NON CONTAINER,GSMADMIN_ROLE,ALTER SYSTEM
CYBERLAB,NON CONTAINER,GSMUSER_ROLE,ALTER SYSTEM
CYBERLAB,NON CONTAINER,GSMUSER_ROLE,EXEMPT ACCESS POLICY
CYBERLAB,NON CONTAINER,IMP_FULL_DATABASE,AUDIT SYSTEM
CYBERLAB,NON CONTAINER,IMP_FULL_DATABASE,BECOME USER
CYBERLAB,NON CONTAINER,IMP_FULL_DATABASE,CREATE ANY LIBRARY
CYBERLAB,NON CONTAINER,IMP_FULL_DATABASE,GRANT ANY OBJECT PRIVILEGE
CYBERLAB,NON CONTAINER,IMP_FULL_DATABASE,GRANT ANY PRIVILEGE
CYBERLAB,NON CONTAINER,IMP_FULL_DATABASE,GRANT ANY ROLE
CYBERLAB,NON CONTAINER,IMP_FULL_DATABASE,SELECT ANY TABLE
CYBERLAB,NON CONTAINER,OEM_MONITOR,SELECT ANY DICTIONARY
CYBERLAB,NON CONTAINER,ORACLE_OCM,SELECT ANY DICTIONARY
CYBERLAB,NON CONTAINER,SCHEDULER_ADMIN,CREATE EXTERNAL JOB
CYBERLAB,NON CONTAINER,SYS,ALTER SYSTEM
CYBERLAB,NON CONTAINER,SYS,AUDIT SYSTEM
CYBERLAB,NON CONTAINER,SYSBACKUP,ALTER SYSTEM
CYBERLAB,NON CONTAINER,SYSBACKUP,SELECT ANY DICTIONARY
CYBERLAB,NON CONTAINER,SYS,BECOME USER
CYBERLAB,NON CONTAINER,SYS,CREATE ANY LIBRARY
CYBERLAB,NON CONTAINER,SYS,CREATE EXTERNAL JOB
CYBERLAB,NON CONTAINER,SYS,CREATE LIBRARY
CYBERLAB,NON CONTAINER,SYSDG,ALTER SYSTEM
CYBERLAB,NON CONTAINER,SYSDG,SELECT ANY DICTIONARY
CYBERLAB,NON CONTAINER,SYS,GRANT ANY OBJECT PRIVILEGE
CYBERLAB,NON CONTAINER,SYS,GRANT ANY PRIVILEGE
CYBERLAB,NON CONTAINER,SYS,GRANT ANY ROLE
CYBERLAB,NON CONTAINER,SYSRAC,ALTER SYSTEM
CYBERLAB,NON CONTAINER,SYS,SELECT ANY TABLE
CYBERLAB,NON CONTAINER,SYSTEM,SELECT ANY TABLE
CYBERLAB,NON CONTAINER,XDB,CREATE LIBRARY
DIM,NON CONTAINER,AUDIT_ADMIN,AUDIT SYSTEM
DIM,NON CONTAINER,AUDSYS,SELECT ANY DICTIONARY
DIM,NON CONTAINER,DATAPUMP_IMP_FULL_DATABASE,AUDIT SYSTEM
DIM,NON CONTAINER,DATAPUMP_IMP_FULL_DATABASE,GRANT ANY OBJECT PRIVILEGE
DIM,NON CONTAINER,DATAPUMP_IMP_FULL_DATABASE,GRANT ANY PRIVILEGE
DIM,NON CONTAINER,DATAPUMP_IMP_FULL_DATABASE,GRANT ANY ROLE
DIM,NON CONTAINER,DATAPUMP_IMP_FULL_DATABASE,SELECT ANY TABLE
DIM,NON CONTAINER,DBA,ALTER SYSTEM
DIM,NON CONTAINER,DBA,AUDIT SYSTEM
DIM,NON CONTAINER,DBA,BECOME USER
DIM,NON CONTAINER,DBA,CREATE ANY LIBRARY
DIM,NON CONTAINER,DBA,CREATE EXTERNAL JOB
DIM,NON CONTAINER,DBA,CREATE LIBRARY
DIM,NON CONTAINER,DBA,GRANT ANY OBJECT PRIVILEGE
DIM,NON CONTAINER,DBA,GRANT ANY PRIVILEGE
DIM,NON CONTAINER,DBA,GRANT ANY ROLE
DIM,NON CONTAINER,DBA,SELECT ANY DICTIONARY
DIM,NON CONTAINER,DBA,SELECT ANY TABLE
DIM,NON CONTAINER,DBSNMP,SELECT ANY DICTIONARY
DIM,NON CONTAINER,EM_EXPRESS_ALL,ALTER SYSTEM
DIM,NON CONTAINER,EM_EXPRESS_ALL,GRANT ANY OBJECT PRIVILEGE
DIM,NON CONTAINER,EM_EXPRESS_ALL,GRANT ANY PRIVILEGE
DIM,NON CONTAINER,EM_EXPRESS_ALL,GRANT ANY ROLE
DIM,NON CONTAINER,EXP_FULL_DATABASE,SELECT ANY TABLE
DIM,NON CONTAINER,GSMADMIN_INTERNAL,ALTER SYSTEM
DIM,NON CONTAINER,GSMADMIN_INTERNAL,CREATE EXTERNAL JOB
DIM,NON CONTAINER,GSMADMIN_INTERNAL,SELECT ANY DICTIONARY
DIM,NON CONTAINER,GSMADMIN_INTERNAL,SELECT ANY TABLE
DIM,NON CONTAINER,GSMADMIN_ROLE,ALTER SYSTEM
DIM,NON CONTAINER,GSMUSER_ROLE,ALTER SYSTEM
DIM,NON CONTAINER,GSMUSER_ROLE,EXEMPT ACCESS POLICY
DIM,NON CONTAINER,IMP_FULL_DATABASE,AUDIT SYSTEM
DIM,NON CONTAINER,IMP_FULL_DATABASE,BECOME USER
DIM,NON CONTAINER,IMP_FULL_DATABASE,CREATE ANY LIBRARY
DIM,NON CONTAINER,IMP_FULL_DATABASE,GRANT ANY OBJECT PRIVILEGE
DIM,NON CONTAINER,IMP_FULL_DATABASE,GRANT ANY PRIVILEGE
DIM,NON CONTAINER,IMP_FULL_DATABASE,GRANT ANY ROLE
DIM,NON CONTAINER,IMP_FULL_DATABASE,SELECT ANY TABLE
DIM,NON CONTAINER,OEM_MONITOR,SELECT ANY DICTIONARY
DIM,NON CONTAINER,ORACLE_OCM,SELECT ANY DICTIONARY
DIM,NON CONTAINER,SCHEDULER_ADMIN,CREATE EXTERNAL JOB
DIM,NON CONTAINER,SYS,ALTER SYSTEM
DIM,NON CONTAINER,SYS,AUDIT SYSTEM
DIM,NON CONTAINER,SYSBACKUP,ALTER SYSTEM
DIM,NON CONTAINER,SYSBACKUP,SELECT ANY DICTIONARY
DIM,NON CONTAINER,SYS,BECOME USER
DIM,NON CONTAINER,SYS,CREATE ANY LIBRARY
DIM,NON CONTAINER,SYS,CREATE EXTERNAL JOB
DIM,NON CONTAINER,SYS,CREATE LIBRARY
DIM,NON CONTAINER,SYSDG,ALTER SYSTEM
DIM,NON CONTAINER,SYSDG,SELECT ANY DICTIONARY
DIM,NON CONTAINER,SYS,GRANT ANY OBJECT PRIVILEGE
DIM,NON CONTAINER,SYS,GRANT ANY PRIVILEGE
DIM,NON CONTAINER,SYS,GRANT ANY ROLE
DIM,NON CONTAINER,SYSRAC,ALTER SYSTEM
DIM,NON CONTAINER,SYS,SELECT ANY TABLE
DIM,NON CONTAINER,SYSTEM,SELECT ANY TABLE
DIM,NON CONTAINER,WMSYS,SELECT ANY DICTIONARY
DIM,NON CONTAINER,WMSYS,SELECT ANY TABLE
DIM,NON CONTAINER,XDB,CREATE LIBRARY
ENNOV,NON CONTAINER,AUDIT_ADMIN,AUDIT SYSTEM
ENNOV,NON CONTAINER,AUDSYS,SELECT ANY DICTIONARY
ENNOV,NON CONTAINER,DATAPUMP_IMP_FULL_DATABASE,AUDIT SYSTEM
ENNOV,NON CONTAINER,DATAPUMP_IMP_FULL_DATABASE,GRANT ANY OBJECT PRIVILEGE
ENNOV,NON CONTAINER,DATAPUMP_IMP_FULL_DATABASE,GRANT ANY PRIVILEGE
ENNOV,NON CONTAINER,DATAPUMP_IMP_FULL_DATABASE,GRANT ANY ROLE
ENNOV,NON CONTAINER,DATAPUMP_IMP_FULL_DATABASE,SELECT ANY TABLE
ENNOV,NON CONTAINER,DBA,ALTER SYSTEM
ENNOV,NON CONTAINER,DBA,AUDIT SYSTEM
ENNOV,NON CONTAINER,DBA,BECOME USER
ENNOV,NON CONTAINER,DBA,CREATE ANY LIBRARY
ENNOV,NON CONTAINER,DBA,CREATE EXTERNAL JOB
ENNOV,NON CONTAINER,DBA,CREATE LIBRARY
ENNOV,NON CONTAINER,DBA,GRANT ANY OBJECT PRIVILEGE
ENNOV,NON CONTAINER,DBA,GRANT ANY PRIVILEGE
ENNOV,NON CONTAINER,DBA,GRANT ANY ROLE
ENNOV,NON CONTAINER,DBA,SELECT ANY DICTIONARY
ENNOV,NON CONTAINER,DBA,SELECT ANY TABLE
ENNOV,NON CONTAINER,DBSNMP,SELECT ANY DICTIONARY
ENNOV,NON CONTAINER,EM_EXPRESS_ALL,ALTER SYSTEM
ENNOV,NON CONTAINER,EM_EXPRESS_ALL,GRANT ANY OBJECT PRIVILEGE
ENNOV,NON CONTAINER,EM_EXPRESS_ALL,GRANT ANY PRIVILEGE
ENNOV,NON CONTAINER,EM_EXPRESS_ALL,GRANT ANY ROLE
ENNOV,NON CONTAINER,EXP_FULL_DATABASE,SELECT ANY TABLE
ENNOV,NON CONTAINER,GSMADMIN_INTERNAL,ALTER SYSTEM
ENNOV,NON CONTAINER,GSMADMIN_INTERNAL,CREATE EXTERNAL JOB
ENNOV,NON CONTAINER,GSMADMIN_INTERNAL,SELECT ANY DICTIONARY
ENNOV,NON CONTAINER,GSMADMIN_INTERNAL,SELECT ANY TABLE
ENNOV,NON CONTAINER,GSMADMIN_ROLE,ALTER SYSTEM
ENNOV,NON CONTAINER,GSMUSER_ROLE,ALTER SYSTEM
ENNOV,NON CONTAINER,GSMUSER_ROLE,EXEMPT ACCESS POLICY
ENNOV,NON CONTAINER,IMP_FULL_DATABASE,AUDIT SYSTEM
ENNOV,NON CONTAINER,IMP_FULL_DATABASE,BECOME USER
ENNOV,NON CONTAINER,IMP_FULL_DATABASE,CREATE ANY LIBRARY
ENNOV,NON CONTAINER,IMP_FULL_DATABASE,GRANT ANY OBJECT PRIVILEGE
ENNOV,NON CONTAINER,IMP_FULL_DATABASE,GRANT ANY PRIVILEGE
ENNOV,NON CONTAINER,IMP_FULL_DATABASE,GRANT ANY ROLE
ENNOV,NON CONTAINER,IMP_FULL_DATABASE,SELECT ANY TABLE
ENNOV,NON CONTAINER,OEM_MONITOR,SELECT ANY DICTIONARY
ENNOV,NON CONTAINER,SCHEDULER_ADMIN,CREATE EXTERNAL JOB
ENNOV,NON CONTAINER,SYS,ALTER SYSTEM
ENNOV,NON CONTAINER,SYS,AUDIT SYSTEM
ENNOV,NON CONTAINER,SYSBACKUP,ALTER SYSTEM
ENNOV,NON CONTAINER,SYSBACKUP,SELECT ANY DICTIONARY
ENNOV,NON CONTAINER,SYS,BECOME USER
ENNOV,NON CONTAINER,SYS,CREATE ANY LIBRARY
ENNOV,NON CONTAINER,SYS,CREATE EXTERNAL JOB
ENNOV,NON CONTAINER,SYS,CREATE LIBRARY
ENNOV,NON CONTAINER,SYSDG,ALTER SYSTEM
ENNOV,NON CONTAINER,SYSDG,SELECT ANY DICTIONARY
ENNOV,NON CONTAINER,SYS,GRANT ANY OBJECT PRIVILEGE
ENNOV,NON CONTAINER,SYS,GRANT ANY PRIVILEGE
ENNOV,NON CONTAINER,SYS,GRANT ANY ROLE
ENNOV,NON CONTAINER,SYSRAC,ALTER SYSTEM
ENNOV,NON CONTAINER,SYS,SELECT ANY TABLE
ENNOV,NON CONTAINER,SYSTEM,SELECT ANY TABLE
ENNOV,NON CONTAINER,XDB,CREATE LIBRARY
ENNOVT,NON CONTAINER,AUDIT_ADMIN,AUDIT SYSTEM
ENNOVT,NON CONTAINER,AUDSYS,SELECT ANY DICTIONARY
ENNOVT,NON CONTAINER,DATAPUMP_IMP_FULL_DATABASE,AUDIT SYSTEM
ENNOVT,NON CONTAINER,DATAPUMP_IMP_FULL_DATABASE,GRANT ANY OBJECT PRIVILEGE
ENNOVT,NON CONTAINER,DATAPUMP_IMP_FULL_DATABASE,GRANT ANY PRIVILEGE
ENNOVT,NON CONTAINER,DATAPUMP_IMP_FULL_DATABASE,GRANT ANY ROLE
ENNOVT,NON CONTAINER,DATAPUMP_IMP_FULL_DATABASE,SELECT ANY TABLE
ENNOVT,NON CONTAINER,DBA,ALTER SYSTEM
ENNOVT,NON CONTAINER,DBA,AUDIT SYSTEM
ENNOVT,NON CONTAINER,DBA,BECOME USER
ENNOVT,NON CONTAINER,DBA,CREATE ANY LIBRARY
ENNOVT,NON CONTAINER,DBA,CREATE EXTERNAL JOB
ENNOVT,NON CONTAINER,DBA,CREATE LIBRARY
ENNOVT,NON CONTAINER,DBA,GRANT ANY OBJECT PRIVILEGE
ENNOVT,NON CONTAINER,DBA,GRANT ANY PRIVILEGE
ENNOVT,NON CONTAINER,DBA,GRANT ANY ROLE
ENNOVT,NON CONTAINER,DBA,SELECT ANY DICTIONARY
ENNOVT,NON CONTAINER,DBA,SELECT ANY TABLE
ENNOVT,NON CONTAINER,DBSNMP,SELECT ANY DICTIONARY
ENNOVT,NON CONTAINER,EM_EXPRESS_ALL,ALTER SYSTEM
ENNOVT,NON CONTAINER,EM_EXPRESS_ALL,GRANT ANY OBJECT PRIVILEGE
ENNOVT,NON CONTAINER,EM_EXPRESS_ALL,GRANT ANY PRIVILEGE
ENNOVT,NON CONTAINER,EM_EXPRESS_ALL,GRANT ANY ROLE
ENNOVT,NON CONTAINER,EXP_FULL_DATABASE,SELECT ANY TABLE
ENNOVT,NON CONTAINER,GSMADMIN_INTERNAL,ALTER SYSTEM
ENNOVT,NON CONTAINER,GSMADMIN_INTERNAL,CREATE EXTERNAL JOB
ENNOVT,NON CONTAINER,GSMADMIN_INTERNAL,SELECT ANY DICTIONARY
ENNOVT,NON CONTAINER,GSMADMIN_INTERNAL,SELECT ANY TABLE
ENNOVT,NON CONTAINER,GSMADMIN_ROLE,ALTER SYSTEM
ENNOVT,NON CONTAINER,GSMUSER_ROLE,ALTER SYSTEM
ENNOVT,NON CONTAINER,GSMUSER_ROLE,EXEMPT ACCESS POLICY
ENNOVT,NON CONTAINER,IMP_FULL_DATABASE,AUDIT SYSTEM
ENNOVT,NON CONTAINER,IMP_FULL_DATABASE,BECOME USER
ENNOVT,NON CONTAINER,IMP_FULL_DATABASE,CREATE ANY LIBRARY
ENNOVT,NON CONTAINER,IMP_FULL_DATABASE,GRANT ANY OBJECT PRIVILEGE
ENNOVT,NON CONTAINER,IMP_FULL_DATABASE,GRANT ANY PRIVILEGE
ENNOVT,NON CONTAINER,IMP_FULL_DATABASE,GRANT ANY ROLE
ENNOVT,NON CONTAINER,IMP_FULL_DATABASE,SELECT ANY TABLE
ENNOVT,NON CONTAINER,OEM_MONITOR,SELECT ANY DICTIONARY
ENNOVT,NON CONTAINER,SCHEDULER_ADMIN,CREATE EXTERNAL JOB
ENNOVT,NON CONTAINER,SYS,ALTER SYSTEM
ENNOVT,NON CONTAINER,SYS,AUDIT SYSTEM
ENNOVT,NON CONTAINER,SYSBACKUP,ALTER SYSTEM
ENNOVT,NON CONTAINER,SYSBACKUP,SELECT ANY DICTIONARY
ENNOVT,NON CONTAINER,SYS,BECOME USER
ENNOVT,NON CONTAINER,SYS,CREATE ANY LIBRARY
ENNOVT,NON CONTAINER,SYS,CREATE EXTERNAL JOB
ENNOVT,NON CONTAINER,SYS,CREATE LIBRARY
ENNOVT,NON CONTAINER,SYSDG,ALTER SYSTEM
ENNOVT,NON CONTAINER,SYSDG,SELECT ANY DICTIONARY
ENNOVT,NON CONTAINER,SYS,GRANT ANY OBJECT PRIVILEGE
ENNOVT,NON CONTAINER,SYS,GRANT ANY PRIVILEGE
ENNOVT,NON CONTAINER,SYS,GRANT ANY ROLE
ENNOVT,NON CONTAINER,SYSRAC,ALTER SYSTEM
ENNOVT,NON CONTAINER,SYS,SELECT ANY TABLE
ENNOVT,NON CONTAINER,SYSTEM,SELECT ANY TABLE
ENNOVT,NON CONTAINER,XDB,CREATE LIBRARY
HYDPRDG5,NON CONTAINER,AUDIT_ADMIN,AUDIT SYSTEM
HYDPRDG5,NON CONTAINER,AUDSYS,SELECT ANY DICTIONARY
HYDPRDG5,NON CONTAINER,DATAPUMP_IMP_FULL_DATABASE,AUDIT SYSTEM
HYDPRDG5,NON CONTAINER,DATAPUMP_IMP_FULL_DATABASE,GRANT ANY OBJECT PRIVILEGE
HYDPRDG5,NON CONTAINER,DATAPUMP_IMP_FULL_DATABASE,GRANT ANY PRIVILEGE
HYDPRDG5,NON CONTAINER,DATAPUMP_IMP_FULL_DATABASE,GRANT ANY ROLE
HYDPRDG5,NON CONTAINER,DATAPUMP_IMP_FULL_DATABASE,SELECT ANY TABLE
HYDPRDG5,NON CONTAINER,DBA,ALTER SYSTEM
HYDPRDG5,NON CONTAINER,DBA,AUDIT SYSTEM
HYDPRDG5,NON CONTAINER,DBA,BECOME USER
HYDPRDG5,NON CONTAINER,DBA,CREATE ANY LIBRARY
HYDPRDG5,NON CONTAINER,DBA,CREATE EXTERNAL JOB
HYDPRDG5,NON CONTAINER,DBA,CREATE LIBRARY
HYDPRDG5,NON CONTAINER,DBA,GRANT ANY OBJECT PRIVILEGE
HYDPRDG5,NON CONTAINER,DBA,GRANT ANY PRIVILEGE
HYDPRDG5,NON CONTAINER,DBA,GRANT ANY ROLE
HYDPRDG5,NON CONTAINER,DBA,SELECT ANY DICTIONARY
HYDPRDG5,NON CONTAINER,DBA,SELECT ANY TABLE
HYDPRDG5,NON CONTAINER,DBSNMP,SELECT ANY DICTIONARY
HYDPRDG5,NON CONTAINER,DV_REALM_OWNER,SELECT ANY TABLE
HYDPRDG5,NON CONTAINER,EM_EXPRESS_ALL,ALTER SYSTEM
HYDPRDG5,NON CONTAINER,EM_EXPRESS_ALL,GRANT ANY OBJECT PRIVILEGE
HYDPRDG5,NON CONTAINER,EM_EXPRESS_ALL,GRANT ANY PRIVILEGE
HYDPRDG5,NON CONTAINER,EM_EXPRESS_ALL,GRANT ANY ROLE
HYDPRDG5,NON CONTAINER,EXP_FULL_DATABASE,SELECT ANY TABLE
HYDPRDG5,NON CONTAINER,GSMADMIN_INTERNAL,ALTER SYSTEM
HYDPRDG5,NON CONTAINER,GSMADMIN_INTERNAL,CREATE EXTERNAL JOB
HYDPRDG5,NON CONTAINER,GSMADMIN_INTERNAL,SELECT ANY DICTIONARY
HYDPRDG5,NON CONTAINER,GSMADMIN_INTERNAL,SELECT ANY TABLE
HYDPRDG5,NON CONTAINER,GSMADMIN_ROLE,ALTER SYSTEM
HYDPRDG5,NON CONTAINER,GSMUSER_ROLE,ALTER SYSTEM
HYDPRDG5,NON CONTAINER,GSMUSER_ROLE,EXEMPT ACCESS POLICY
HYDPRDG5,NON CONTAINER,IMP_FULL_DATABASE,AUDIT SYSTEM
HYDPRDG5,NON CONTAINER,IMP_FULL_DATABASE,BECOME USER
HYDPRDG5,NON CONTAINER,IMP_FULL_DATABASE,CREATE ANY LIBRARY
HYDPRDG5,NON CONTAINER,IMP_FULL_DATABASE,GRANT ANY OBJECT PRIVILEGE
HYDPRDG5,NON CONTAINER,IMP_FULL_DATABASE,GRANT ANY PRIVILEGE
HYDPRDG5,NON CONTAINER,IMP_FULL_DATABASE,GRANT ANY ROLE
HYDPRDG5,NON CONTAINER,IMP_FULL_DATABASE,SELECT ANY TABLE
HYDPRDG5,NON CONTAINER,MDSYS,CREATE LIBRARY
HYDPRDG5,NON CONTAINER,MDSYS,EXEMPT ACCESS POLICY
HYDPRDG5,NON CONTAINER,OEM_MONITOR,SELECT ANY DICTIONARY
HYDPRDG5,NON CONTAINER,OLAP_DBA,SELECT ANY TABLE
HYDPRDG5,NON CONTAINER,SCHEDULER_ADMIN,CREATE EXTERNAL JOB
HYDPRDG5,NON CONTAINER,SYS,ALTER SYSTEM
HYDPRDG5,NON CONTAINER,SYS,AUDIT SYSTEM
HYDPRDG5,NON CONTAINER,SYSBACKUP,ALTER SYSTEM
HYDPRDG5,NON CONTAINER,SYSBACKUP,SELECT ANY DICTIONARY
HYDPRDG5,NON CONTAINER,SYS,BECOME USER
HYDPRDG5,NON CONTAINER,SYS,CREATE ANY LIBRARY
HYDPRDG5,NON CONTAINER,SYS,CREATE EXTERNAL JOB
HYDPRDG5,NON CONTAINER,SYS,CREATE LIBRARY
HYDPRDG5,NON CONTAINER,SYSDG,ALTER SYSTEM
HYDPRDG5,NON CONTAINER,SYSDG,SELECT ANY DICTIONARY
HYDPRDG5,NON CONTAINER,SYS,GRANT ANY OBJECT PRIVILEGE
HYDPRDG5,NON CONTAINER,SYS,GRANT ANY PRIVILEGE
HYDPRDG5,NON CONTAINER,SYS,GRANT ANY ROLE
HYDPRDG5,NON CONTAINER,SYSRAC,ALTER SYSTEM
HYDPRDG5,NON CONTAINER,SYS,SELECT ANY TABLE
HYDPRDG5,NON CONTAINER,SYSTEM,SELECT ANY TABLE
HYDPRDG5,NON CONTAINER,WMSYS,SELECT ANY DICTIONARY
HYDPRDG5,NON CONTAINER,WMSYS,SELECT ANY TABLE
HYDPRDG5,NON CONTAINER,XDB,CREATE LIBRARY
HYDTEST,NON CONTAINER,AUDIT_ADMIN,AUDIT SYSTEM
HYDTEST,NON CONTAINER,AUDSYS,SELECT ANY DICTIONARY
HYDTEST,NON CONTAINER,DATAPUMP_IMP_FULL_DATABASE,AUDIT SYSTEM
HYDTEST,NON CONTAINER,DATAPUMP_IMP_FULL_DATABASE,GRANT ANY OBJECT PRIVILEGE
HYDTEST,NON CONTAINER,DATAPUMP_IMP_FULL_DATABASE,GRANT ANY PRIVILEGE
HYDTEST,NON CONTAINER,DATAPUMP_IMP_FULL_DATABASE,GRANT ANY ROLE
HYDTEST,NON CONTAINER,DATAPUMP_IMP_FULL_DATABASE,SELECT ANY TABLE
HYDTEST,NON CONTAINER,DBA,ALTER SYSTEM
HYDTEST,NON CONTAINER,DBA,AUDIT SYSTEM
HYDTEST,NON CONTAINER,DBA,BECOME USER
HYDTEST,NON CONTAINER,DBA,CREATE ANY LIBRARY
HYDTEST,NON CONTAINER,DBA,CREATE EXTERNAL JOB
HYDTEST,NON CONTAINER,DBA,CREATE LIBRARY
HYDTEST,NON CONTAINER,DBA,GRANT ANY OBJECT PRIVILEGE
HYDTEST,NON CONTAINER,DBA,GRANT ANY PRIVILEGE
HYDTEST,NON CONTAINER,DBA,GRANT ANY ROLE
HYDTEST,NON CONTAINER,DBA,SELECT ANY DICTIONARY
HYDTEST,NON CONTAINER,DBA,SELECT ANY TABLE
HYDTEST,NON CONTAINER,DBSNMP,SELECT ANY DICTIONARY
HYDTEST,NON CONTAINER,EM_EXPRESS_ALL,ALTER SYSTEM
HYDTEST,NON CONTAINER,EM_EXPRESS_ALL,GRANT ANY OBJECT PRIVILEGE
HYDTEST,NON CONTAINER,EM_EXPRESS_ALL,GRANT ANY PRIVILEGE
HYDTEST,NON CONTAINER,EM_EXPRESS_ALL,GRANT ANY ROLE
HYDTEST,NON CONTAINER,EXP_FULL_DATABASE,SELECT ANY TABLE
HYDTEST,NON CONTAINER,GSMADMIN_INTERNAL,ALTER SYSTEM
HYDTEST,NON CONTAINER,GSMADMIN_INTERNAL,CREATE EXTERNAL JOB
HYDTEST,NON CONTAINER,GSMADMIN_INTERNAL,SELECT ANY DICTIONARY
HYDTEST,NON CONTAINER,GSMADMIN_INTERNAL,SELECT ANY TABLE
HYDTEST,NON CONTAINER,GSMADMIN_ROLE,ALTER SYSTEM
HYDTEST,NON CONTAINER,GSMUSER_ROLE,ALTER SYSTEM
HYDTEST,NON CONTAINER,GSMUSER_ROLE,EXEMPT ACCESS POLICY
HYDTEST,NON CONTAINER,IMP_FULL_DATABASE,AUDIT SYSTEM
HYDTEST,NON CONTAINER,IMP_FULL_DATABASE,BECOME USER
HYDTEST,NON CONTAINER,IMP_FULL_DATABASE,CREATE ANY LIBRARY
HYDTEST,NON CONTAINER,IMP_FULL_DATABASE,GRANT ANY OBJECT PRIVILEGE
HYDTEST,NON CONTAINER,IMP_FULL_DATABASE,GRANT ANY PRIVILEGE
HYDTEST,NON CONTAINER,IMP_FULL_DATABASE,GRANT ANY ROLE
HYDTEST,NON CONTAINER,IMP_FULL_DATABASE,SELECT ANY TABLE
HYDTEST,NON CONTAINER,OEM_MONITOR,SELECT ANY DICTIONARY
HYDTEST,NON CONTAINER,SCHEDULER_ADMIN,CREATE EXTERNAL JOB
HYDTEST,NON CONTAINER,SYS,ALTER SYSTEM
HYDTEST,NON CONTAINER,SYS,AUDIT SYSTEM
HYDTEST,NON CONTAINER,SYSBACKUP,ALTER SYSTEM
HYDTEST,NON CONTAINER,SYSBACKUP,SELECT ANY DICTIONARY
HYDTEST,NON CONTAINER,SYS,BECOME USER
HYDTEST,NON CONTAINER,SYS,CREATE ANY LIBRARY
HYDTEST,NON CONTAINER,SYS,CREATE EXTERNAL JOB
HYDTEST,NON CONTAINER,SYS,CREATE LIBRARY
HYDTEST,NON CONTAINER,SYSDG,ALTER SYSTEM
HYDTEST,NON CONTAINER,SYSDG,SELECT ANY DICTIONARY
HYDTEST,NON CONTAINER,SYS,GRANT ANY OBJECT PRIVILEGE
HYDTEST,NON CONTAINER,SYS,GRANT ANY PRIVILEGE
HYDTEST,NON CONTAINER,SYS,GRANT ANY ROLE
HYDTEST,NON CONTAINER,SYSRAC,ALTER SYSTEM
HYDTEST,NON CONTAINER,SYS,SELECT ANY TABLE
HYDTEST,NON CONTAINER,SYSTEM,SELECT ANY TABLE
HYDTEST,NON CONTAINER,XDB,CREATE LIBRARY
LABODEV,NON CONTAINER,AUDIT_ADMIN,AUDIT SYSTEM
LABODEV,NON CONTAINER,AUDSYS,SELECT ANY DICTIONARY
LABODEV,NON CONTAINER,DATAPUMP_IMP_FULL_DATABASE,AUDIT SYSTEM
LABODEV,NON CONTAINER,DATAPUMP_IMP_FULL_DATABASE,GRANT ANY OBJECT PRIVILEGE
LABODEV,NON CONTAINER,DATAPUMP_IMP_FULL_DATABASE,GRANT ANY PRIVILEGE
LABODEV,NON CONTAINER,DATAPUMP_IMP_FULL_DATABASE,GRANT ANY ROLE
LABODEV,NON CONTAINER,DATAPUMP_IMP_FULL_DATABASE,SELECT ANY TABLE
LABODEV,NON CONTAINER,DBA,ALTER SYSTEM
LABODEV,NON CONTAINER,DBA,AUDIT SYSTEM
LABODEV,NON CONTAINER,DBA,BECOME USER
LABODEV,NON CONTAINER,DBA,CREATE ANY LIBRARY
LABODEV,NON CONTAINER,DBA,CREATE EXTERNAL JOB
LABODEV,NON CONTAINER,DBA,CREATE LIBRARY
LABODEV,NON CONTAINER,DBA,GRANT ANY OBJECT PRIVILEGE
LABODEV,NON CONTAINER,DBA,GRANT ANY PRIVILEGE
LABODEV,NON CONTAINER,DBA,GRANT ANY ROLE
LABODEV,NON CONTAINER,DBA,SELECT ANY DICTIONARY
LABODEV,NON CONTAINER,DBA,SELECT ANY TABLE
LABODEV,NON CONTAINER,DBSNMP,SELECT ANY DICTIONARY
LABODEV,NON CONTAINER,EM_EXPRESS_ALL,ALTER SYSTEM
LABODEV,NON CONTAINER,EM_EXPRESS_ALL,GRANT ANY OBJECT PRIVILEGE
LABODEV,NON CONTAINER,EM_EXPRESS_ALL,GRANT ANY PRIVILEGE
LABODEV,NON CONTAINER,EM_EXPRESS_ALL,GRANT ANY ROLE
LABODEV,NON CONTAINER,EXP_FULL_DATABASE,SELECT ANY TABLE
LABODEV,NON CONTAINER,GSMADMIN_INTERNAL,ALTER SYSTEM
LABODEV,NON CONTAINER,GSMADMIN_INTERNAL,CREATE EXTERNAL JOB
LABODEV,NON CONTAINER,GSMADMIN_INTERNAL,SELECT ANY DICTIONARY
LABODEV,NON CONTAINER,GSMADMIN_INTERNAL,SELECT ANY TABLE
LABODEV,NON CONTAINER,GSMADMIN_ROLE,ALTER SYSTEM
LABODEV,NON CONTAINER,GSMUSER_ROLE,ALTER SYSTEM
LABODEV,NON CONTAINER,GSMUSER_ROLE,EXEMPT ACCESS POLICY
LABODEV,NON CONTAINER,IMP_FULL_DATABASE,AUDIT SYSTEM
LABODEV,NON CONTAINER,IMP_FULL_DATABASE,BECOME USER
LABODEV,NON CONTAINER,IMP_FULL_DATABASE,CREATE ANY LIBRARY
LABODEV,NON CONTAINER,IMP_FULL_DATABASE,GRANT ANY OBJECT PRIVILEGE
LABODEV,NON CONTAINER,IMP_FULL_DATABASE,GRANT ANY PRIVILEGE
LABODEV,NON CONTAINER,IMP_FULL_DATABASE,GRANT ANY ROLE
LABODEV,NON CONTAINER,IMP_FULL_DATABASE,SELECT ANY TABLE
LABODEV,NON CONTAINER,OEM_MONITOR,SELECT ANY DICTIONARY
LABODEV,NON CONTAINER,ORACLE_OCM,SELECT ANY DICTIONARY
LABODEV,NON CONTAINER,ORAGLIMS,ALTER SYSTEM
LABODEV,NON CONTAINER,ORAGLIMS,AUDIT SYSTEM
LABODEV,NON CONTAINER,ORAGLIMS,BECOME USER
LABODEV,NON CONTAINER,ORAGLIMS,CREATE ANY LIBRARY
LABODEV,NON CONTAINER,ORAGLIMS,CREATE EXTERNAL JOB
LABODEV,NON CONTAINER,ORAGLIMS,CREATE LIBRARY
LABODEV,NON CONTAINER,ORAGLIMS,GRANT ANY OBJECT PRIVILEGE
LABODEV,NON CONTAINER,ORAGLIMS,GRANT ANY PRIVILEGE
LABODEV,NON CONTAINER,ORAGLIMS,GRANT ANY ROLE
LABODEV,NON CONTAINER,ORAGLIMS,SELECT ANY TABLE
LABODEV,NON CONTAINER,SCHEDULER_ADMIN,CREATE EXTERNAL JOB
LABODEV,NON CONTAINER,SYS,ALTER SYSTEM
LABODEV,NON CONTAINER,SYS,AUDIT SYSTEM
LABODEV,NON CONTAINER,SYSBACKUP,ALTER SYSTEM
LABODEV,NON CONTAINER,SYSBACKUP,SELECT ANY DICTIONARY
LABODEV,NON CONTAINER,SYS,BECOME USER
LABODEV,NON CONTAINER,SYS,CREATE ANY LIBRARY
LABODEV,NON CONTAINER,SYS,CREATE EXTERNAL JOB
LABODEV,NON CONTAINER,SYS,CREATE LIBRARY
LABODEV,NON CONTAINER,SYSDG,ALTER SYSTEM
LABODEV,NON CONTAINER,SYSDG,SELECT ANY DICTIONARY
LABODEV,NON CONTAINER,SYS,GRANT ANY OBJECT PRIVILEGE
LABODEV,NON CONTAINER,SYS,GRANT ANY PRIVILEGE
LABODEV,NON CONTAINER,SYS,GRANT ANY ROLE
LABODEV,NON CONTAINER,SYSRAC,ALTER SYSTEM
LABODEV,NON CONTAINER,SYS,SELECT ANY TABLE
LABODEV,NON CONTAINER,SYSTEM,SELECT ANY TABLE
LABODEV,NON CONTAINER,XDB,CREATE LIBRARY
LABO,NON CONTAINER,AUDIT_ADMIN,AUDIT SYSTEM
LABO,NON CONTAINER,AUDSYS,SELECT ANY DICTIONARY
LABO,NON CONTAINER,DATAPUMP_IMP_FULL_DATABASE,AUDIT SYSTEM
LABO,NON CONTAINER,DATAPUMP_IMP_FULL_DATABASE,GRANT ANY OBJECT PRIVILEGE
LABO,NON CONTAINER,DATAPUMP_IMP_FULL_DATABASE,GRANT ANY PRIVILEGE
LABO,NON CONTAINER,DATAPUMP_IMP_FULL_DATABASE,GRANT ANY ROLE
LABO,NON CONTAINER,DATAPUMP_IMP_FULL_DATABASE,SELECT ANY TABLE
LABO,NON CONTAINER,DBA,ALTER SYSTEM
LABO,NON CONTAINER,DBA,AUDIT SYSTEM
LABO,NON CONTAINER,DBA,BECOME USER
LABO,NON CONTAINER,DBA,CREATE ANY LIBRARY
LABO,NON CONTAINER,DBA,CREATE EXTERNAL JOB
LABO,NON CONTAINER,DBA,CREATE LIBRARY
LABO,NON CONTAINER,DBA,GRANT ANY OBJECT PRIVILEGE
LABO,NON CONTAINER,DBA,GRANT ANY PRIVILEGE
LABO,NON CONTAINER,DBA,GRANT ANY ROLE
LABO,NON CONTAINER,DBA,SELECT ANY DICTIONARY
LABO,NON CONTAINER,DBA,SELECT ANY TABLE
LABO,NON CONTAINER,DBSNMP,SELECT ANY DICTIONARY
LABO,NON CONTAINER,EM_EXPRESS_ALL,ALTER SYSTEM
LABO,NON CONTAINER,EM_EXPRESS_ALL,GRANT ANY OBJECT PRIVILEGE
LABO,NON CONTAINER,EM_EXPRESS_ALL,GRANT ANY PRIVILEGE
LABO,NON CONTAINER,EM_EXPRESS_ALL,GRANT ANY ROLE
LABO,NON CONTAINER,EXP_FULL_DATABASE,SELECT ANY TABLE
LABO,NON CONTAINER,GSMADMIN_INTERNAL,ALTER SYSTEM
LABO,NON CONTAINER,GSMADMIN_INTERNAL,CREATE EXTERNAL JOB
LABO,NON CONTAINER,GSMADMIN_INTERNAL,SELECT ANY DICTIONARY
LABO,NON CONTAINER,GSMADMIN_INTERNAL,SELECT ANY TABLE
LABO,NON CONTAINER,GSMADMIN_ROLE,ALTER SYSTEM
LABO,NON CONTAINER,GSMUSER_ROLE,ALTER SYSTEM
LABO,NON CONTAINER,GSMUSER_ROLE,EXEMPT ACCESS POLICY
LABO,NON CONTAINER,IMP_FULL_DATABASE,AUDIT SYSTEM
LABO,NON CONTAINER,IMP_FULL_DATABASE,BECOME USER
LABO,NON CONTAINER,IMP_FULL_DATABASE,CREATE ANY LIBRARY
LABO,NON CONTAINER,IMP_FULL_DATABASE,GRANT ANY OBJECT PRIVILEGE
LABO,NON CONTAINER,IMP_FULL_DATABASE,GRANT ANY PRIVILEGE
LABO,NON CONTAINER,IMP_FULL_DATABASE,GRANT ANY ROLE
LABO,NON CONTAINER,IMP_FULL_DATABASE,SELECT ANY TABLE
LABO,NON CONTAINER,OEM_MONITOR,SELECT ANY DICTIONARY
LABO,NON CONTAINER,ORACLE_OCM,SELECT ANY DICTIONARY
LABO,NON CONTAINER,ORAGLIMS,ALTER SYSTEM
LABO,NON CONTAINER,ORAGLIMS,AUDIT SYSTEM
LABO,NON CONTAINER,ORAGLIMS,BECOME USER
LABO,NON CONTAINER,ORAGLIMS,CREATE ANY LIBRARY
LABO,NON CONTAINER,ORAGLIMS,CREATE EXTERNAL JOB
LABO,NON CONTAINER,ORAGLIMS,CREATE LIBRARY
LABO,NON CONTAINER,ORAGLIMS,GRANT ANY OBJECT PRIVILEGE
LABO,NON CONTAINER,ORAGLIMS,GRANT ANY PRIVILEGE
LABO,NON CONTAINER,ORAGLIMS,GRANT ANY ROLE
LABO,NON CONTAINER,ORAGLIMS,SELECT ANY TABLE
LABO,NON CONTAINER,SCHEDULER_ADMIN,CREATE EXTERNAL JOB
LABO,NON CONTAINER,SYS,ALTER SYSTEM
LABO,NON CONTAINER,SYS,AUDIT SYSTEM
LABO,NON CONTAINER,SYSBACKUP,ALTER SYSTEM
LABO,NON CONTAINER,SYSBACKUP,SELECT ANY DICTIONARY
LABO,NON CONTAINER,SYS,BECOME USER
LABO,NON CONTAINER,SYS,CREATE ANY LIBRARY
LABO,NON CONTAINER,SYS,CREATE EXTERNAL JOB
LABO,NON CONTAINER,SYS,CREATE LIBRARY
LABO,NON CONTAINER,SYSDG,ALTER SYSTEM
LABO,NON CONTAINER,SYSDG,SELECT ANY DICTIONARY
LABO,NON CONTAINER,SYS,GRANT ANY OBJECT PRIVILEGE
LABO,NON CONTAINER,SYS,GRANT ANY PRIVILEGE
LABO,NON CONTAINER,SYS,GRANT ANY ROLE
LABO,NON CONTAINER,SYSRAC,ALTER SYSTEM
LABO,NON CONTAINER,SYS,SELECT ANY TABLE
LABO,NON CONTAINER,SYSTEM,SELECT ANY TABLE
LABO,NON CONTAINER,XDB,CREATE LIBRARY
LABOTEST,NON CONTAINER,AUDIT_ADMIN,AUDIT SYSTEM
LABOTEST,NON CONTAINER,AUDSYS,SELECT ANY DICTIONARY
LABOTEST,NON CONTAINER,DATAPUMP_IMP_FULL_DATABASE,AUDIT SYSTEM
LABOTEST,NON CONTAINER,DATAPUMP_IMP_FULL_DATABASE,GRANT ANY OBJECT PRIVILEGE
LABOTEST,NON CONTAINER,DATAPUMP_IMP_FULL_DATABASE,GRANT ANY PRIVILEGE
LABOTEST,NON CONTAINER,DATAPUMP_IMP_FULL_DATABASE,GRANT ANY ROLE
LABOTEST,NON CONTAINER,DATAPUMP_IMP_FULL_DATABASE,SELECT ANY TABLE
LABOTEST,NON CONTAINER,DBA,ALTER SYSTEM
LABOTEST,NON CONTAINER,DBA,AUDIT SYSTEM
LABOTEST,NON CONTAINER,DBA,BECOME USER
LABOTEST,NON CONTAINER,DBA,CREATE ANY LIBRARY
LABOTEST,NON CONTAINER,DBA,CREATE EXTERNAL JOB
LABOTEST,NON CONTAINER,DBA,CREATE LIBRARY
LABOTEST,NON CONTAINER,DBA,GRANT ANY OBJECT PRIVILEGE
LABOTEST,NON CONTAINER,DBA,GRANT ANY PRIVILEGE
LABOTEST,NON CONTAINER,DBA,GRANT ANY ROLE
LABOTEST,NON CONTAINER,DBA,SELECT ANY DICTIONARY
LABOTEST,NON CONTAINER,DBA,SELECT ANY TABLE
LABOTEST,NON CONTAINER,DBSNMP,SELECT ANY DICTIONARY
LABOTEST,NON CONTAINER,EM_EXPRESS_ALL,ALTER SYSTEM
LABOTEST,NON CONTAINER,EM_EXPRESS_ALL,GRANT ANY OBJECT PRIVILEGE
LABOTEST,NON CONTAINER,EM_EXPRESS_ALL,GRANT ANY PRIVILEGE
LABOTEST,NON CONTAINER,EM_EXPRESS_ALL,GRANT ANY ROLE
LABOTEST,NON CONTAINER,EXP_FULL_DATABASE,SELECT ANY TABLE
LABOTEST,NON CONTAINER,GSMADMIN_INTERNAL,ALTER SYSTEM
LABOTEST,NON CONTAINER,GSMADMIN_INTERNAL,CREATE EXTERNAL JOB
LABOTEST,NON CONTAINER,GSMADMIN_INTERNAL,SELECT ANY DICTIONARY
LABOTEST,NON CONTAINER,GSMADMIN_INTERNAL,SELECT ANY TABLE
LABOTEST,NON CONTAINER,GSMADMIN_ROLE,ALTER SYSTEM
LABOTEST,NON CONTAINER,GSMUSER_ROLE,ALTER SYSTEM
LABOTEST,NON CONTAINER,GSMUSER_ROLE,EXEMPT ACCESS POLICY
LABOTEST,NON CONTAINER,IMP_FULL_DATABASE,AUDIT SYSTEM
LABOTEST,NON CONTAINER,IMP_FULL_DATABASE,BECOME USER
LABOTEST,NON CONTAINER,IMP_FULL_DATABASE,CREATE ANY LIBRARY
LABOTEST,NON CONTAINER,IMP_FULL_DATABASE,GRANT ANY OBJECT PRIVILEGE
LABOTEST,NON CONTAINER,IMP_FULL_DATABASE,GRANT ANY PRIVILEGE
LABOTEST,NON CONTAINER,IMP_FULL_DATABASE,GRANT ANY ROLE
LABOTEST,NON CONTAINER,IMP_FULL_DATABASE,SELECT ANY TABLE
LABOTEST,NON CONTAINER,OEM_MONITOR,SELECT ANY DICTIONARY
LABOTEST,NON CONTAINER,ORACLE_OCM,SELECT ANY DICTIONARY
LABOTEST,NON CONTAINER,ORAGLIMS,ALTER SYSTEM
LABOTEST,NON CONTAINER,ORAGLIMS,AUDIT SYSTEM
LABOTEST,NON CONTAINER,ORAGLIMS,BECOME USER
LABOTEST,NON CONTAINER,ORAGLIMS,CREATE ANY LIBRARY
LABOTEST,NON CONTAINER,ORAGLIMS,CREATE EXTERNAL JOB
LABOTEST,NON CONTAINER,ORAGLIMS,CREATE LIBRARY
LABOTEST,NON CONTAINER,ORAGLIMS,GRANT ANY OBJECT PRIVILEGE
LABOTEST,NON CONTAINER,ORAGLIMS,GRANT ANY PRIVILEGE
LABOTEST,NON CONTAINER,ORAGLIMS,GRANT ANY ROLE
LABOTEST,NON CONTAINER,ORAGLIMS,SELECT ANY TABLE
LABOTEST,NON CONTAINER,SCHEDULER_ADMIN,CREATE EXTERNAL JOB
LABOTEST,NON CONTAINER,SYS,ALTER SYSTEM
LABOTEST,NON CONTAINER,SYS,AUDIT SYSTEM
LABOTEST,NON CONTAINER,SYSBACKUP,ALTER SYSTEM
LABOTEST,NON CONTAINER,SYSBACKUP,SELECT ANY DICTIONARY
LABOTEST,NON CONTAINER,SYS,BECOME USER
LABOTEST,NON CONTAINER,SYS,CREATE ANY LIBRARY
LABOTEST,NON CONTAINER,SYS,CREATE EXTERNAL JOB
LABOTEST,NON CONTAINER,SYS,CREATE LIBRARY
LABOTEST,NON CONTAINER,SYSDG,ALTER SYSTEM
LABOTEST,NON CONTAINER,SYSDG,SELECT ANY DICTIONARY
LABOTEST,NON CONTAINER,SYS,GRANT ANY OBJECT PRIVILEGE
LABOTEST,NON CONTAINER,SYS,GRANT ANY PRIVILEGE
LABOTEST,NON CONTAINER,SYS,GRANT ANY ROLE
LABOTEST,NON CONTAINER,SYSRAC,ALTER SYSTEM
LABOTEST,NON CONTAINER,SYS,SELECT ANY TABLE
LABOTEST,NON CONTAINER,SYSTEM,SELECT ANY TABLE
LABOTEST,NON CONTAINER,XDB,CREATE LIBRARY
MIRTH,NON CONTAINER,AUDIT_ADMIN,AUDIT SYSTEM
MIRTH,NON CONTAINER,AUDSYS,SELECT ANY DICTIONARY
MIRTH,NON CONTAINER,DATAPUMP_IMP_FULL_DATABASE,AUDIT SYSTEM
MIRTH,NON CONTAINER,DATAPUMP_IMP_FULL_DATABASE,GRANT ANY OBJECT PRIVILEGE
MIRTH,NON CONTAINER,DATAPUMP_IMP_FULL_DATABASE,GRANT ANY PRIVILEGE
MIRTH,NON CONTAINER,DATAPUMP_IMP_FULL_DATABASE,GRANT ANY ROLE
MIRTH,NON CONTAINER,DATAPUMP_IMP_FULL_DATABASE,SELECT ANY TABLE
MIRTH,NON CONTAINER,DBA,ALTER SYSTEM
MIRTH,NON CONTAINER,DBA,AUDIT SYSTEM
MIRTH,NON CONTAINER,DBA,BECOME USER
MIRTH,NON CONTAINER,DBA,CREATE ANY LIBRARY
MIRTH,NON CONTAINER,DBA,CREATE EXTERNAL JOB
MIRTH,NON CONTAINER,DBA,CREATE LIBRARY
MIRTH,NON CONTAINER,DBA,GRANT ANY OBJECT PRIVILEGE
MIRTH,NON CONTAINER,DBA,GRANT ANY PRIVILEGE
MIRTH,NON CONTAINER,DBA,GRANT ANY ROLE
MIRTH,NON CONTAINER,DBA,SELECT ANY DICTIONARY
MIRTH,NON CONTAINER,DBA,SELECT ANY TABLE
MIRTH,NON CONTAINER,DBSNMP,SELECT ANY DICTIONARY
MIRTH,NON CONTAINER,EM_EXPRESS_ALL,ALTER SYSTEM
MIRTH,NON CONTAINER,EM_EXPRESS_ALL,GRANT ANY OBJECT PRIVILEGE
MIRTH,NON CONTAINER,EM_EXPRESS_ALL,GRANT ANY PRIVILEGE
MIRTH,NON CONTAINER,EM_EXPRESS_ALL,GRANT ANY ROLE
MIRTH,NON CONTAINER,EXP_FULL_DATABASE,SELECT ANY TABLE
MIRTH,NON CONTAINER,GSMADMIN_INTERNAL,ALTER SYSTEM
MIRTH,NON CONTAINER,GSMADMIN_INTERNAL,CREATE EXTERNAL JOB
MIRTH,NON CONTAINER,GSMADMIN_INTERNAL,SELECT ANY DICTIONARY
MIRTH,NON CONTAINER,GSMADMIN_INTERNAL,SELECT ANY TABLE
MIRTH,NON CONTAINER,GSMADMIN_ROLE,ALTER SYSTEM
MIRTH,NON CONTAINER,GSMUSER_ROLE,ALTER SYSTEM
MIRTH,NON CONTAINER,GSMUSER_ROLE,EXEMPT ACCESS POLICY
MIRTH,NON CONTAINER,IMP_FULL_DATABASE,AUDIT SYSTEM
MIRTH,NON CONTAINER,IMP_FULL_DATABASE,BECOME USER
MIRTH,NON CONTAINER,IMP_FULL_DATABASE,CREATE ANY LIBRARY
MIRTH,NON CONTAINER,IMP_FULL_DATABASE,GRANT ANY OBJECT PRIVILEGE
MIRTH,NON CONTAINER,IMP_FULL_DATABASE,GRANT ANY PRIVILEGE
MIRTH,NON CONTAINER,IMP_FULL_DATABASE,GRANT ANY ROLE
MIRTH,NON CONTAINER,IMP_FULL_DATABASE,SELECT ANY TABLE
MIRTH,NON CONTAINER,OEM_MONITOR,SELECT ANY DICTIONARY
MIRTH,NON CONTAINER,SCHEDULER_ADMIN,CREATE EXTERNAL JOB
MIRTH,NON CONTAINER,SYS,ALTER SYSTEM
MIRTH,NON CONTAINER,SYS,AUDIT SYSTEM
MIRTH,NON CONTAINER,SYSBACKUP,ALTER SYSTEM
MIRTH,NON CONTAINER,SYSBACKUP,SELECT ANY DICTIONARY
MIRTH,NON CONTAINER,SYS,BECOME USER
MIRTH,NON CONTAINER,SYS,CREATE ANY LIBRARY
MIRTH,NON CONTAINER,SYS,CREATE EXTERNAL JOB
MIRTH,NON CONTAINER,SYS,CREATE LIBRARY
MIRTH,NON CONTAINER,SYSDG,ALTER SYSTEM
MIRTH,NON CONTAINER,SYSDG,SELECT ANY DICTIONARY
MIRTH,NON CONTAINER,SYS,GRANT ANY OBJECT PRIVILEGE
MIRTH,NON CONTAINER,SYS,GRANT ANY PRIVILEGE
MIRTH,NON CONTAINER,SYS,GRANT ANY ROLE
MIRTH,NON CONTAINER,SYSRAC,ALTER SYSTEM
MIRTH,NON CONTAINER,SYS,SELECT ANY TABLE
MIRTH,NON CONTAINER,SYSTEM,SELECT ANY TABLE
MIRTH,NON CONTAINER,XDB,CREATE LIBRARY
MIRTHT,NON CONTAINER,AUDIT_ADMIN,AUDIT SYSTEM
MIRTHT,NON CONTAINER,AUDSYS,SELECT ANY DICTIONARY
MIRTHT,NON CONTAINER,DATAPUMP_IMP_FULL_DATABASE,AUDIT SYSTEM
MIRTHT,NON CONTAINER,DATAPUMP_IMP_FULL_DATABASE,GRANT ANY OBJECT PRIVILEGE
MIRTHT,NON CONTAINER,DATAPUMP_IMP_FULL_DATABASE,GRANT ANY PRIVILEGE
MIRTHT,NON CONTAINER,DATAPUMP_IMP_FULL_DATABASE,GRANT ANY ROLE
MIRTHT,NON CONTAINER,DATAPUMP_IMP_FULL_DATABASE,SELECT ANY TABLE
MIRTHT,NON CONTAINER,DBA,ALTER SYSTEM
MIRTHT,NON CONTAINER,DBA,AUDIT SYSTEM
MIRTHT,NON CONTAINER,DBA,BECOME USER
MIRTHT,NON CONTAINER,DBA,CREATE ANY LIBRARY
MIRTHT,NON CONTAINER,DBA,CREATE EXTERNAL JOB
MIRTHT,NON CONTAINER,DBA,CREATE LIBRARY
MIRTHT,NON CONTAINER,DBA,GRANT ANY OBJECT PRIVILEGE
MIRTHT,NON CONTAINER,DBA,GRANT ANY PRIVILEGE
MIRTHT,NON CONTAINER,DBA,GRANT ANY ROLE
MIRTHT,NON CONTAINER,DBA,SELECT ANY DICTIONARY
MIRTHT,NON CONTAINER,DBA,SELECT ANY TABLE
MIRTHT,NON CONTAINER,DBSNMP,SELECT ANY DICTIONARY
MIRTHT,NON CONTAINER,EM_EXPRESS_ALL,ALTER SYSTEM
MIRTHT,NON CONTAINER,EM_EXPRESS_ALL,GRANT ANY OBJECT PRIVILEGE
MIRTHT,NON CONTAINER,EM_EXPRESS_ALL,GRANT ANY PRIVILEGE
MIRTHT,NON CONTAINER,EM_EXPRESS_ALL,GRANT ANY ROLE
MIRTHT,NON CONTAINER,EXP_FULL_DATABASE,SELECT ANY TABLE
MIRTHT,NON CONTAINER,GSMADMIN_INTERNAL,ALTER SYSTEM
MIRTHT,NON CONTAINER,GSMADMIN_INTERNAL,CREATE EXTERNAL JOB
MIRTHT,NON CONTAINER,GSMADMIN_INTERNAL,SELECT ANY DICTIONARY
MIRTHT,NON CONTAINER,GSMADMIN_INTERNAL,SELECT ANY TABLE
MIRTHT,NON CONTAINER,GSMADMIN_ROLE,ALTER SYSTEM
MIRTHT,NON CONTAINER,GSMUSER_ROLE,ALTER SYSTEM
MIRTHT,NON CONTAINER,GSMUSER_ROLE,EXEMPT ACCESS POLICY
MIRTHT,NON CONTAINER,IMP_FULL_DATABASE,AUDIT SYSTEM
MIRTHT,NON CONTAINER,IMP_FULL_DATABASE,BECOME USER
MIRTHT,NON CONTAINER,IMP_FULL_DATABASE,CREATE ANY LIBRARY
MIRTHT,NON CONTAINER,IMP_FULL_DATABASE,GRANT ANY OBJECT PRIVILEGE
MIRTHT,NON CONTAINER,IMP_FULL_DATABASE,GRANT ANY PRIVILEGE
MIRTHT,NON CONTAINER,IMP_FULL_DATABASE,GRANT ANY ROLE
MIRTHT,NON CONTAINER,IMP_FULL_DATABASE,SELECT ANY TABLE
MIRTHT,NON CONTAINER,OEM_MONITOR,SELECT ANY DICTIONARY
MIRTHT,NON CONTAINER,SCHEDULER_ADMIN,CREATE EXTERNAL JOB
MIRTHT,NON CONTAINER,SYS,ALTER SYSTEM
MIRTHT,NON CONTAINER,SYS,AUDIT SYSTEM
MIRTHT,NON CONTAINER,SYSBACKUP,ALTER SYSTEM
MIRTHT,NON CONTAINER,SYSBACKUP,SELECT ANY DICTIONARY
MIRTHT,NON CONTAINER,SYS,BECOME USER
MIRTHT,NON CONTAINER,SYS,CREATE ANY LIBRARY
MIRTHT,NON CONTAINER,SYS,CREATE EXTERNAL JOB
MIRTHT,NON CONTAINER,SYS,CREATE LIBRARY
MIRTHT,NON CONTAINER,SYSDG,ALTER SYSTEM
MIRTHT,NON CONTAINER,SYSDG,SELECT ANY DICTIONARY
MIRTHT,NON CONTAINER,SYS,GRANT ANY OBJECT PRIVILEGE
MIRTHT,NON CONTAINER,SYS,GRANT ANY PRIVILEGE
MIRTHT,NON CONTAINER,SYS,GRANT ANY ROLE
MIRTHT,NON CONTAINER,SYSRAC,ALTER SYSTEM
MIRTHT,NON CONTAINER,SYS,SELECT ANY TABLE
MIRTHT,NON CONTAINER,SYSTEM,SELECT ANY TABLE
MIRTHT,NON CONTAINER,XDB,CREATE LIBRARY
NA3,NON CONTAINER,AUDIT_ADMIN,AUDIT SYSTEM
NA3,NON CONTAINER,AUDSYS,SELECT ANY DICTIONARY
NA3,NON CONTAINER,BACKUP,ALTER SYSTEM
NA3,NON CONTAINER,BACKUP,SELECT ANY TABLE
NA3,NON CONTAINER,DATAPUMP_IMP_FULL_DATABASE,AUDIT SYSTEM
NA3,NON CONTAINER,DATAPUMP_IMP_FULL_DATABASE,GRANT ANY OBJECT PRIVILEGE
NA3,NON CONTAINER,DATAPUMP_IMP_FULL_DATABASE,GRANT ANY PRIVILEGE
NA3,NON CONTAINER,DATAPUMP_IMP_FULL_DATABASE,GRANT ANY ROLE
NA3,NON CONTAINER,DATAPUMP_IMP_FULL_DATABASE,SELECT ANY TABLE
NA3,NON CONTAINER,DBA,ALTER SYSTEM
NA3,NON CONTAINER,DBA,AUDIT SYSTEM
NA3,NON CONTAINER,DBA,BECOME USER
NA3,NON CONTAINER,DBA,CREATE ANY LIBRARY
NA3,NON CONTAINER,DBA,CREATE EXTERNAL JOB
NA3,NON CONTAINER,DBA,CREATE LIBRARY
NA3,NON CONTAINER,DBA,GRANT ANY OBJECT PRIVILEGE
NA3,NON CONTAINER,DBA,GRANT ANY PRIVILEGE
NA3,NON CONTAINER,DBA,GRANT ANY ROLE
NA3,NON CONTAINER,DBA,SELECT ANY DICTIONARY
NA3,NON CONTAINER,DBA,SELECT ANY TABLE
NA3,NON CONTAINER,DBSNMP,SELECT ANY DICTIONARY
NA3,NON CONTAINER,EM_EXPRESS_ALL,ALTER SYSTEM
NA3,NON CONTAINER,EM_EXPRESS_ALL,GRANT ANY OBJECT PRIVILEGE
NA3,NON CONTAINER,EM_EXPRESS_ALL,GRANT ANY PRIVILEGE
NA3,NON CONTAINER,EM_EXPRESS_ALL,GRANT ANY ROLE
NA3,NON CONTAINER,EXP_FULL_DATABASE,SELECT ANY TABLE
NA3,NON CONTAINER,GSMADMIN_INTERNAL,ALTER SYSTEM
NA3,NON CONTAINER,GSMADMIN_INTERNAL,CREATE EXTERNAL JOB
NA3,NON CONTAINER,GSMADMIN_INTERNAL,EXEMPT ACCESS POLICY
NA3,NON CONTAINER,GSMADMIN_INTERNAL,SELECT ANY DICTIONARY
NA3,NON CONTAINER,GSMADMIN_INTERNAL,SELECT ANY TABLE
NA3,NON CONTAINER,GSMADMIN_ROLE,ALTER SYSTEM
NA3,NON CONTAINER,GSMUSER_ROLE,ALTER SYSTEM
NA3,NON CONTAINER,GSMUSER_ROLE,EXEMPT ACCESS POLICY
NA3,NON CONTAINER,IMP_FULL_DATABASE,AUDIT SYSTEM
NA3,NON CONTAINER,IMP_FULL_DATABASE,BECOME USER
NA3,NON CONTAINER,IMP_FULL_DATABASE,CREATE ANY LIBRARY
NA3,NON CONTAINER,IMP_FULL_DATABASE,GRANT ANY OBJECT PRIVILEGE
NA3,NON CONTAINER,IMP_FULL_DATABASE,GRANT ANY PRIVILEGE
NA3,NON CONTAINER,IMP_FULL_DATABASE,GRANT ANY ROLE
NA3,NON CONTAINER,IMP_FULL_DATABASE,SELECT ANY TABLE
NA3,NON CONTAINER,OEM_MONITOR,SELECT ANY DICTIONARY
NA3,NON CONTAINER,OPS$ORACLE,SELECT ANY TABLE
NA3,NON CONTAINER,SAPDBA,ALTER SYSTEM
NA3,NON CONTAINER,SCHEDULER_ADMIN,CREATE EXTERNAL JOB
NA3,NON CONTAINER,SYS,ALTER SYSTEM
NA3,NON CONTAINER,SYS,AUDIT SYSTEM
NA3,NON CONTAINER,SYSBACKUP,ALTER SYSTEM
NA3,NON CONTAINER,SYSBACKUP,SELECT ANY DICTIONARY
NA3,NON CONTAINER,SYS,BECOME USER
NA3,NON CONTAINER,SYS,CREATE ANY LIBRARY
NA3,NON CONTAINER,SYS,CREATE EXTERNAL JOB
NA3,NON CONTAINER,SYS,CREATE LIBRARY
NA3,NON CONTAINER,SYSDG,ALTER SYSTEM
NA3,NON CONTAINER,SYSDG,SELECT ANY DICTIONARY
NA3,NON CONTAINER,SYS,GRANT ANY OBJECT PRIVILEGE
NA3,NON CONTAINER,SYS,GRANT ANY PRIVILEGE
NA3,NON CONTAINER,SYS,GRANT ANY ROLE
NA3,NON CONTAINER,SYSRAC,ALTER SYSTEM
NA3,NON CONTAINER,SYS,SELECT ANY TABLE
NA3,NON CONTAINER,SYSTEM,SELECT ANY TABLE
NA3,NON CONTAINER,XDB,CREATE LIBRARY
NJ3,NON CONTAINER,AUDIT_ADMIN,AUDIT SYSTEM
NJ3,NON CONTAINER,AUDSYS,SELECT ANY DICTIONARY
NJ3,NON CONTAINER,BACKUP,ALTER SYSTEM
NJ3,NON CONTAINER,BACKUP,SELECT ANY TABLE
NJ3,NON CONTAINER,DATAPUMP_IMP_FULL_DATABASE,AUDIT SYSTEM
NJ3,NON CONTAINER,DATAPUMP_IMP_FULL_DATABASE,GRANT ANY OBJECT PRIVILEGE
NJ3,NON CONTAINER,DATAPUMP_IMP_FULL_DATABASE,GRANT ANY PRIVILEGE
NJ3,NON CONTAINER,DATAPUMP_IMP_FULL_DATABASE,GRANT ANY ROLE
NJ3,NON CONTAINER,DATAPUMP_IMP_FULL_DATABASE,SELECT ANY TABLE
NJ3,NON CONTAINER,DBA,ALTER SYSTEM
NJ3,NON CONTAINER,DBA,AUDIT SYSTEM
NJ3,NON CONTAINER,DBA,BECOME USER
NJ3,NON CONTAINER,DBA,CREATE ANY LIBRARY
NJ3,NON CONTAINER,DBA,CREATE EXTERNAL JOB
NJ3,NON CONTAINER,DBA,CREATE LIBRARY
NJ3,NON CONTAINER,DBA,GRANT ANY OBJECT PRIVILEGE
NJ3,NON CONTAINER,DBA,GRANT ANY PRIVILEGE
NJ3,NON CONTAINER,DBA,GRANT ANY ROLE
NJ3,NON CONTAINER,DBA,SELECT ANY DICTIONARY
NJ3,NON CONTAINER,DBA,SELECT ANY TABLE
NJ3,NON CONTAINER,DBSNMP,SELECT ANY DICTIONARY
NJ3,NON CONTAINER,EM_EXPRESS_ALL,ALTER SYSTEM
NJ3,NON CONTAINER,EM_EXPRESS_ALL,GRANT ANY OBJECT PRIVILEGE
NJ3,NON CONTAINER,EM_EXPRESS_ALL,GRANT ANY PRIVILEGE
NJ3,NON CONTAINER,EM_EXPRESS_ALL,GRANT ANY ROLE
NJ3,NON CONTAINER,EXP_FULL_DATABASE,SELECT ANY TABLE
NJ3,NON CONTAINER,GSMADMIN_INTERNAL,ALTER SYSTEM
NJ3,NON CONTAINER,GSMADMIN_INTERNAL,CREATE EXTERNAL JOB
NJ3,NON CONTAINER,GSMADMIN_INTERNAL,EXEMPT ACCESS POLICY
NJ3,NON CONTAINER,GSMADMIN_INTERNAL,SELECT ANY DICTIONARY
NJ3,NON CONTAINER,GSMADMIN_INTERNAL,SELECT ANY TABLE
NJ3,NON CONTAINER,GSMADMIN_ROLE,ALTER SYSTEM
NJ3,NON CONTAINER,GSMUSER_ROLE,ALTER SYSTEM
NJ3,NON CONTAINER,GSMUSER_ROLE,EXEMPT ACCESS POLICY
NJ3,NON CONTAINER,IMP_FULL_DATABASE,AUDIT SYSTEM
NJ3,NON CONTAINER,IMP_FULL_DATABASE,BECOME USER
NJ3,NON CONTAINER,IMP_FULL_DATABASE,CREATE ANY LIBRARY
NJ3,NON CONTAINER,IMP_FULL_DATABASE,GRANT ANY OBJECT PRIVILEGE
NJ3,NON CONTAINER,IMP_FULL_DATABASE,GRANT ANY PRIVILEGE
NJ3,NON CONTAINER,IMP_FULL_DATABASE,GRANT ANY ROLE
NJ3,NON CONTAINER,IMP_FULL_DATABASE,SELECT ANY TABLE
NJ3,NON CONTAINER,OEM_MONITOR,SELECT ANY DICTIONARY
NJ3,NON CONTAINER,SAPDBA,ALTER SYSTEM
NJ3,NON CONTAINER,SCHEDULER_ADMIN,CREATE EXTERNAL JOB
NJ3,NON CONTAINER,SYS,ALTER SYSTEM
NJ3,NON CONTAINER,SYS,AUDIT SYSTEM
NJ3,NON CONTAINER,SYSBACKUP,ALTER SYSTEM
NJ3,NON CONTAINER,SYSBACKUP,SELECT ANY DICTIONARY
NJ3,NON CONTAINER,SYS,BECOME USER
NJ3,NON CONTAINER,SYS,CREATE ANY LIBRARY
NJ3,NON CONTAINER,SYS,CREATE EXTERNAL JOB
NJ3,NON CONTAINER,SYS,CREATE LIBRARY
NJ3,NON CONTAINER,SYSDG,ALTER SYSTEM
NJ3,NON CONTAINER,SYSDG,SELECT ANY DICTIONARY
NJ3,NON CONTAINER,SYS,GRANT ANY OBJECT PRIVILEGE
NJ3,NON CONTAINER,SYS,GRANT ANY PRIVILEGE
NJ3,NON CONTAINER,SYS,GRANT ANY ROLE
NJ3,NON CONTAINER,SYSRAC,ALTER SYSTEM
NJ3,NON CONTAINER,SYS,SELECT ANY TABLE
NJ3,NON CONTAINER,SYSTEM,SELECT ANY TABLE
NJ3,NON CONTAINER,XDB,CREATE LIBRARY
OEM,NON CONTAINER,AUDIT_ADMIN,AUDIT SYSTEM
OEM,NON CONTAINER,AUDSYS,SELECT ANY DICTIONARY
OEM,NON CONTAINER,DATAPUMP_IMP_FULL_DATABASE,AUDIT SYSTEM
OEM,NON CONTAINER,DATAPUMP_IMP_FULL_DATABASE,GRANT ANY OBJECT PRIVILEGE
OEM,NON CONTAINER,DATAPUMP_IMP_FULL_DATABASE,GRANT ANY PRIVILEGE
OEM,NON CONTAINER,DATAPUMP_IMP_FULL_DATABASE,GRANT ANY ROLE
OEM,NON CONTAINER,DATAPUMP_IMP_FULL_DATABASE,SELECT ANY TABLE
OEM,NON CONTAINER,DBA,ALTER SYSTEM
OEM,NON CONTAINER,DBA,AUDIT SYSTEM
OEM,NON CONTAINER,DBA,BECOME USER
OEM,NON CONTAINER,DBA,CREATE ANY LIBRARY
OEM,NON CONTAINER,DBA,CREATE EXTERNAL JOB
OEM,NON CONTAINER,DBA,CREATE LIBRARY
OEM,NON CONTAINER,DBA,GRANT ANY OBJECT PRIVILEGE
OEM,NON CONTAINER,DBA,GRANT ANY PRIVILEGE
OEM,NON CONTAINER,DBA,GRANT ANY ROLE
OEM,NON CONTAINER,DBA,SELECT ANY DICTIONARY
OEM,NON CONTAINER,DBA,SELECT ANY TABLE
OEM,NON CONTAINER,DBSNMP,SELECT ANY DICTIONARY
OEM,NON CONTAINER,DV_REALM_OWNER,SELECT ANY TABLE
OEM,NON CONTAINER,EM_EXPRESS_ALL,ALTER SYSTEM
OEM,NON CONTAINER,EM_EXPRESS_ALL,GRANT ANY OBJECT PRIVILEGE
OEM,NON CONTAINER,EM_EXPRESS_ALL,GRANT ANY PRIVILEGE
OEM,NON CONTAINER,EM_EXPRESS_ALL,GRANT ANY ROLE
OEM,NON CONTAINER,EXP_FULL_DATABASE,SELECT ANY TABLE
OEM,NON CONTAINER,GSMADMIN_INTERNAL,ALTER SYSTEM
OEM,NON CONTAINER,GSMADMIN_INTERNAL,CREATE EXTERNAL JOB
OEM,NON CONTAINER,GSMADMIN_INTERNAL,EXEMPT ACCESS POLICY
OEM,NON CONTAINER,GSMADMIN_INTERNAL,SELECT ANY DICTIONARY
OEM,NON CONTAINER,GSMADMIN_INTERNAL,SELECT ANY TABLE
OEM,NON CONTAINER,GSMADMIN_ROLE,ALTER SYSTEM
OEM,NON CONTAINER,GSMUSER_ROLE,ALTER SYSTEM
OEM,NON CONTAINER,GSMUSER_ROLE,EXEMPT ACCESS POLICY
OEM,NON CONTAINER,IMP_FULL_DATABASE,AUDIT SYSTEM
OEM,NON CONTAINER,IMP_FULL_DATABASE,BECOME USER
OEM,NON CONTAINER,IMP_FULL_DATABASE,CREATE ANY LIBRARY
OEM,NON CONTAINER,IMP_FULL_DATABASE,GRANT ANY OBJECT PRIVILEGE
OEM,NON CONTAINER,IMP_FULL_DATABASE,GRANT ANY PRIVILEGE
OEM,NON CONTAINER,IMP_FULL_DATABASE,GRANT ANY ROLE
OEM,NON CONTAINER,IMP_FULL_DATABASE,SELECT ANY TABLE
OEM,NON CONTAINER,MDSYS,CREATE LIBRARY
OEM,NON CONTAINER,MDSYS,EXEMPT ACCESS POLICY
OEM,NON CONTAINER,OEM_MONITOR,SELECT ANY DICTIONARY
OEM,NON CONTAINER,OLAP_DBA,SELECT ANY TABLE
OEM,NON CONTAINER,SCHEDULER_ADMIN,CREATE EXTERNAL JOB
OEM,NON CONTAINER,SYS,ALTER SYSTEM
OEM,NON CONTAINER,SYS,AUDIT SYSTEM
OEM,NON CONTAINER,SYSBACKUP,ALTER SYSTEM
OEM,NON CONTAINER,SYSBACKUP,SELECT ANY DICTIONARY
OEM,NON CONTAINER,SYS,BECOME USER
OEM,NON CONTAINER,SYS,CREATE ANY LIBRARY
OEM,NON CONTAINER,SYS,CREATE EXTERNAL JOB
OEM,NON CONTAINER,SYS,CREATE LIBRARY
OEM,NON CONTAINER,SYSDG,ALTER SYSTEM
OEM,NON CONTAINER,SYSDG,SELECT ANY DICTIONARY
OEM,NON CONTAINER,SYS,GRANT ANY OBJECT PRIVILEGE
OEM,NON CONTAINER,SYS,GRANT ANY PRIVILEGE
OEM,NON CONTAINER,SYS,GRANT ANY ROLE
OEM,NON CONTAINER,SYSRAC,ALTER SYSTEM
OEM,NON CONTAINER,SYS,SELECT ANY TABLE
OEM,NON CONTAINER,SYSTEM,SELECT ANY TABLE
OEM,NON CONTAINER,WMSYS,SELECT ANY DICTIONARY
OEM,NON CONTAINER,WMSYS,SELECT ANY TABLE
ORAWEB,NON CONTAINER,ADMINISTRATOR,ALTER SYSTEM
ORAWEB,NON CONTAINER,ADMINISTRATOR,SELECT ANY TABLE
ORAWEB,NON CONTAINER,APEX_030200,ALTER SYSTEM
ORAWEB,NON CONTAINER,AUDIT_ADMIN,AUDIT SYSTEM
ORAWEB,NON CONTAINER,AUDSYS,SELECT ANY DICTIONARY
ORAWEB,NON CONTAINER,DATAPUMP_IMP_FULL_DATABASE,AUDIT SYSTEM
ORAWEB,NON CONTAINER,DATAPUMP_IMP_FULL_DATABASE,GRANT ANY OBJECT PRIVILEGE
ORAWEB,NON CONTAINER,DATAPUMP_IMP_FULL_DATABASE,GRANT ANY PRIVILEGE
ORAWEB,NON CONTAINER,DATAPUMP_IMP_FULL_DATABASE,GRANT ANY ROLE
ORAWEB,NON CONTAINER,DATAPUMP_IMP_FULL_DATABASE,SELECT ANY TABLE
ORAWEB,NON CONTAINER,DBA,ALTER SYSTEM
ORAWEB,NON CONTAINER,DBA,AUDIT SYSTEM
ORAWEB,NON CONTAINER,DBA,BECOME USER
ORAWEB,NON CONTAINER,DBA,CREATE ANY LIBRARY
ORAWEB,NON CONTAINER,DBA,CREATE EXTERNAL JOB
ORAWEB,NON CONTAINER,DBA,CREATE LIBRARY
ORAWEB,NON CONTAINER,DBA,GRANT ANY OBJECT PRIVILEGE
ORAWEB,NON CONTAINER,DBA,GRANT ANY PRIVILEGE
ORAWEB,NON CONTAINER,DBA,GRANT ANY ROLE
ORAWEB,NON CONTAINER,DBA,SELECT ANY DICTIONARY
ORAWEB,NON CONTAINER,DBA,SELECT ANY TABLE
ORAWEB,NON CONTAINER,DBSNMP,SELECT ANY DICTIONARY
ORAWEB,NON CONTAINER,DIANE_STATS,CREATE ANY LIBRARY
ORAWEB,NON CONTAINER,EM_EXPRESS_ALL,ALTER SYSTEM
ORAWEB,NON CONTAINER,EM_EXPRESS_ALL,GRANT ANY OBJECT PRIVILEGE
ORAWEB,NON CONTAINER,EM_EXPRESS_ALL,GRANT ANY PRIVILEGE
ORAWEB,NON CONTAINER,EM_EXPRESS_ALL,GRANT ANY ROLE
ORAWEB,NON CONTAINER,EXP_FULL_DATABASE,SELECT ANY TABLE
ORAWEB,NON CONTAINER,FLOWS_020000,CREATE LIBRARY
ORAWEB,NON CONTAINER,FLOWS_020000,SELECT ANY DICTIONARY
ORAWEB,NON CONTAINER,FLOWS_020000,SELECT ANY TABLE
ORAWEB,NON CONTAINER,FLOWS_030100,ALTER SYSTEM
ORAWEB,NON CONTAINER,FLOWS_030100,SELECT ANY TABLE
ORAWEB,NON CONTAINER,GSMADMIN_INTERNAL,ALTER SYSTEM
ORAWEB,NON CONTAINER,GSMADMIN_INTERNAL,CREATE EXTERNAL JOB
ORAWEB,NON CONTAINER,GSMADMIN_INTERNAL,SELECT ANY DICTIONARY
ORAWEB,NON CONTAINER,GSMADMIN_INTERNAL,SELECT ANY TABLE
ORAWEB,NON CONTAINER,GSMADMIN_ROLE,ALTER SYSTEM
ORAWEB,NON CONTAINER,GSMUSER_ROLE,ALTER SYSTEM
ORAWEB,NON CONTAINER,GSMUSER_ROLE,EXEMPT ACCESS POLICY
ORAWEB,NON CONTAINER,HTMLDB,CREATE LIBRARY
ORAWEB,NON CONTAINER,HTMLDB_STATS,CREATE LIBRARY
ORAWEB,NON CONTAINER,IMP_FULL_DATABASE,AUDIT SYSTEM
ORAWEB,NON CONTAINER,IMP_FULL_DATABASE,BECOME USER
ORAWEB,NON CONTAINER,IMP_FULL_DATABASE,CREATE ANY LIBRARY
ORAWEB,NON CONTAINER,IMP_FULL_DATABASE,GRANT ANY OBJECT PRIVILEGE
ORAWEB,NON CONTAINER,IMP_FULL_DATABASE,GRANT ANY PRIVILEGE
ORAWEB,NON CONTAINER,IMP_FULL_DATABASE,GRANT ANY ROLE
ORAWEB,NON CONTAINER,IMP_FULL_DATABASE,SELECT ANY TABLE
ORAWEB,NON CONTAINER,OEM_MONITOR,SELECT ANY DICTIONARY
ORAWEB,NON CONTAINER,ORACLE_OCM,SELECT ANY DICTIONARY
ORAWEB,NON CONTAINER,PLAINTES_STATS,CREATE LIBRARY
ORAWEB,NON CONTAINER,SCHEDULER_ADMIN,CREATE EXTERNAL JOB
ORAWEB,NON CONTAINER,SYS,ALTER SYSTEM
ORAWEB,NON CONTAINER,SYS,AUDIT SYSTEM
ORAWEB,NON CONTAINER,SYSBACKUP,ALTER SYSTEM
ORAWEB,NON CONTAINER,SYSBACKUP,SELECT ANY DICTIONARY
ORAWEB,NON CONTAINER,SYS,BECOME USER
ORAWEB,NON CONTAINER,SYS,CREATE ANY LIBRARY
ORAWEB,NON CONTAINER,SYS,CREATE EXTERNAL JOB
ORAWEB,NON CONTAINER,SYS,CREATE LIBRARY
ORAWEB,NON CONTAINER,SYSDG,ALTER SYSTEM
ORAWEB,NON CONTAINER,SYSDG,SELECT ANY DICTIONARY
ORAWEB,NON CONTAINER,SYS,GRANT ANY OBJECT PRIVILEGE
ORAWEB,NON CONTAINER,SYS,GRANT ANY PRIVILEGE
ORAWEB,NON CONTAINER,SYS,GRANT ANY ROLE
ORAWEB,NON CONTAINER,SYSRAC,ALTER SYSTEM
ORAWEB,NON CONTAINER,SYS,SELECT ANY TABLE
ORAWEB,NON CONTAINER,SYSTEM,SELECT ANY TABLE
ORAWEB,NON CONTAINER,XDB,CREATE LIBRARY
ORAWEBT,NON CONTAINER,ADMINISTRATOR,ALTER SYSTEM
ORAWEBT,NON CONTAINER,ADMINISTRATOR,SELECT ANY TABLE
ORAWEBT,NON CONTAINER,APEX_030200,ALTER SYSTEM
ORAWEBT,NON CONTAINER,AUDIT_ADMIN,AUDIT SYSTEM
ORAWEBT,NON CONTAINER,AUDSYS,SELECT ANY DICTIONARY
ORAWEBT,NON CONTAINER,DATAPUMP_IMP_FULL_DATABASE,AUDIT SYSTEM
ORAWEBT,NON CONTAINER,DATAPUMP_IMP_FULL_DATABASE,GRANT ANY OBJECT PRIVILEGE
ORAWEBT,NON CONTAINER,DATAPUMP_IMP_FULL_DATABASE,GRANT ANY PRIVILEGE
ORAWEBT,NON CONTAINER,DATAPUMP_IMP_FULL_DATABASE,GRANT ANY ROLE
ORAWEBT,NON CONTAINER,DATAPUMP_IMP_FULL_DATABASE,SELECT ANY TABLE
ORAWEBT,NON CONTAINER,DBA,ALTER SYSTEM
ORAWEBT,NON CONTAINER,DBA,AUDIT SYSTEM
ORAWEBT,NON CONTAINER,DBA,BECOME USER
ORAWEBT,NON CONTAINER,DBA,CREATE ANY LIBRARY
ORAWEBT,NON CONTAINER,DBA,CREATE EXTERNAL JOB
ORAWEBT,NON CONTAINER,DBA,CREATE LIBRARY
ORAWEBT,NON CONTAINER,DBA,GRANT ANY OBJECT PRIVILEGE
ORAWEBT,NON CONTAINER,DBA,GRANT ANY PRIVILEGE
ORAWEBT,NON CONTAINER,DBA,GRANT ANY ROLE
ORAWEBT,NON CONTAINER,DBA,SELECT ANY DICTIONARY
ORAWEBT,NON CONTAINER,DBA,SELECT ANY TABLE
ORAWEBT,NON CONTAINER,DBSNMP,SELECT ANY DICTIONARY
ORAWEBT,NON CONTAINER,DIANE_STATS,CREATE ANY LIBRARY
ORAWEBT,NON CONTAINER,EM_EXPRESS_ALL,ALTER SYSTEM
ORAWEBT,NON CONTAINER,EM_EXPRESS_ALL,GRANT ANY OBJECT PRIVILEGE
ORAWEBT,NON CONTAINER,EM_EXPRESS_ALL,GRANT ANY PRIVILEGE
ORAWEBT,NON CONTAINER,EM_EXPRESS_ALL,GRANT ANY ROLE
ORAWEBT,NON CONTAINER,EXP_FULL_DATABASE,SELECT ANY TABLE
ORAWEBT,NON CONTAINER,FLOWS_020000,CREATE LIBRARY
ORAWEBT,NON CONTAINER,FLOWS_020000,SELECT ANY DICTIONARY
ORAWEBT,NON CONTAINER,FLOWS_020000,SELECT ANY TABLE
ORAWEBT,NON CONTAINER,FLOWS_030100,ALTER SYSTEM
ORAWEBT,NON CONTAINER,FLOWS_030100,SELECT ANY TABLE
ORAWEBT,NON CONTAINER,GGSYS,SELECT ANY DICTIONARY
ORAWEBT,NON CONTAINER,GGSYS,SELECT ANY TABLE
ORAWEBT,NON CONTAINER,GSMADMIN_INTERNAL,ALTER SYSTEM
ORAWEBT,NON CONTAINER,GSMADMIN_INTERNAL,CREATE EXTERNAL JOB
ORAWEBT,NON CONTAINER,GSMADMIN_INTERNAL,GRANT ANY PRIVILEGE
ORAWEBT,NON CONTAINER,GSMADMIN_INTERNAL,GRANT ANY ROLE
ORAWEBT,NON CONTAINER,GSMADMIN_INTERNAL,SELECT ANY DICTIONARY
ORAWEBT,NON CONTAINER,GSMADMIN_INTERNAL,SELECT ANY TABLE
ORAWEBT,NON CONTAINER,GSMADMIN_ROLE,ALTER SYSTEM
ORAWEBT,NON CONTAINER,GSMUSER_ROLE,ALTER SYSTEM
ORAWEBT,NON CONTAINER,GSMUSER_ROLE,EXEMPT ACCESS POLICY
ORAWEBT,NON CONTAINER,HTMLDB,CREATE LIBRARY
ORAWEBT,NON CONTAINER,HTMLDB_STATS,CREATE LIBRARY
ORAWEBT,NON CONTAINER,IMP_FULL_DATABASE,AUDIT SYSTEM
ORAWEBT,NON CONTAINER,IMP_FULL_DATABASE,BECOME USER
ORAWEBT,NON CONTAINER,IMP_FULL_DATABASE,CREATE ANY LIBRARY
ORAWEBT,NON CONTAINER,IMP_FULL_DATABASE,GRANT ANY OBJECT PRIVILEGE
ORAWEBT,NON CONTAINER,IMP_FULL_DATABASE,GRANT ANY PRIVILEGE
ORAWEBT,NON CONTAINER,IMP_FULL_DATABASE,GRANT ANY ROLE
ORAWEBT,NON CONTAINER,IMP_FULL_DATABASE,SELECT ANY TABLE
ORAWEBT,NON CONTAINER,OEM_MONITOR,SELECT ANY DICTIONARY
ORAWEBT,NON CONTAINER,ORACLE_OCM,SELECT ANY DICTIONARY
ORAWEBT,NON CONTAINER,PLAINTES_STATS,CREATE LIBRARY
ORAWEBT,NON CONTAINER,SCHEDULER_ADMIN,CREATE EXTERNAL JOB
ORAWEBT,NON CONTAINER,SYS,ALTER SYSTEM
ORAWEBT,NON CONTAINER,SYS,AUDIT SYSTEM
ORAWEBT,NON CONTAINER,SYSBACKUP,ALTER SYSTEM
ORAWEBT,NON CONTAINER,SYSBACKUP,SELECT ANY DICTIONARY
ORAWEBT,NON CONTAINER,SYS,BECOME USER
ORAWEBT,NON CONTAINER,SYS,CREATE ANY LIBRARY
ORAWEBT,NON CONTAINER,SYS,CREATE EXTERNAL JOB
ORAWEBT,NON CONTAINER,SYS,CREATE LIBRARY
ORAWEBT,NON CONTAINER,SYSDG,ALTER SYSTEM
ORAWEBT,NON CONTAINER,SYSDG,SELECT ANY DICTIONARY
ORAWEBT,NON CONTAINER,SYS,GRANT ANY OBJECT PRIVILEGE
ORAWEBT,NON CONTAINER,SYS,GRANT ANY PRIVILEGE
ORAWEBT,NON CONTAINER,SYS,GRANT ANY ROLE
ORAWEBT,NON CONTAINER,SYSRAC,ALTER SYSTEM
ORAWEBT,NON CONTAINER,SYS,SELECT ANY TABLE
ORAWEBT,NON CONTAINER,SYSTEM,SELECT ANY TABLE
ORAWEBT,NON CONTAINER,XDB,CREATE LIBRARY
RETRODEV,NON CONTAINER,AUDIT_ADMIN,AUDIT SYSTEM
RETRODEV,NON CONTAINER,AUDSYS,SELECT ANY DICTIONARY
RETRODEV,NON CONTAINER,DATAPUMP_IMP_FULL_DATABASE,AUDIT SYSTEM
RETRODEV,NON CONTAINER,DATAPUMP_IMP_FULL_DATABASE,GRANT ANY OBJECT PRIVILEGE
RETRODEV,NON CONTAINER,DATAPUMP_IMP_FULL_DATABASE,GRANT ANY PRIVILEGE
RETRODEV,NON CONTAINER,DATAPUMP_IMP_FULL_DATABASE,GRANT ANY ROLE
RETRODEV,NON CONTAINER,DATAPUMP_IMP_FULL_DATABASE,SELECT ANY TABLE
RETRODEV,NON CONTAINER,DBA,ALTER SYSTEM
RETRODEV,NON CONTAINER,DBA,AUDIT SYSTEM
RETRODEV,NON CONTAINER,DBA,BECOME USER
RETRODEV,NON CONTAINER,DBA,CREATE ANY LIBRARY
RETRODEV,NON CONTAINER,DBA,CREATE EXTERNAL JOB
RETRODEV,NON CONTAINER,DBA,CREATE LIBRARY
RETRODEV,NON CONTAINER,DBA,GRANT ANY OBJECT PRIVILEGE
RETRODEV,NON CONTAINER,DBA,GRANT ANY PRIVILEGE
RETRODEV,NON CONTAINER,DBA,GRANT ANY ROLE
RETRODEV,NON CONTAINER,DBA,SELECT ANY DICTIONARY
RETRODEV,NON CONTAINER,DBA,SELECT ANY TABLE
RETRODEV,NON CONTAINER,DBSNMP,SELECT ANY DICTIONARY
RETRODEV,NON CONTAINER,DV_REALM_OWNER,SELECT ANY TABLE
RETRODEV,NON CONTAINER,EM_EXPRESS_ALL,ALTER SYSTEM
RETRODEV,NON CONTAINER,EM_EXPRESS_ALL,GRANT ANY OBJECT PRIVILEGE
RETRODEV,NON CONTAINER,EM_EXPRESS_ALL,GRANT ANY PRIVILEGE
RETRODEV,NON CONTAINER,EM_EXPRESS_ALL,GRANT ANY ROLE
RETRODEV,NON CONTAINER,EXP_FULL_DATABASE,SELECT ANY TABLE
RETRODEV,NON CONTAINER,GSMADMIN_INTERNAL,ALTER SYSTEM
RETRODEV,NON CONTAINER,GSMADMIN_INTERNAL,CREATE EXTERNAL JOB
RETRODEV,NON CONTAINER,GSMADMIN_INTERNAL,SELECT ANY DICTIONARY
RETRODEV,NON CONTAINER,GSMADMIN_INTERNAL,SELECT ANY TABLE
RETRODEV,NON CONTAINER,GSMADMIN_ROLE,ALTER SYSTEM
RETRODEV,NON CONTAINER,GSMUSER_ROLE,ALTER SYSTEM
RETRODEV,NON CONTAINER,GSMUSER_ROLE,EXEMPT ACCESS POLICY
RETRODEV,NON CONTAINER,IMP_FULL_DATABASE,AUDIT SYSTEM
RETRODEV,NON CONTAINER,IMP_FULL_DATABASE,BECOME USER
RETRODEV,NON CONTAINER,IMP_FULL_DATABASE,CREATE ANY LIBRARY
RETRODEV,NON CONTAINER,IMP_FULL_DATABASE,GRANT ANY OBJECT PRIVILEGE
RETRODEV,NON CONTAINER,IMP_FULL_DATABASE,GRANT ANY PRIVILEGE
RETRODEV,NON CONTAINER,IMP_FULL_DATABASE,GRANT ANY ROLE
RETRODEV,NON CONTAINER,IMP_FULL_DATABASE,SELECT ANY TABLE
RETRODEV,NON CONTAINER,MDSYS,CREATE LIBRARY
RETRODEV,NON CONTAINER,MDSYS,EXEMPT ACCESS POLICY
RETRODEV,NON CONTAINER,OEM_MONITOR,SELECT ANY DICTIONARY
RETRODEV,NON CONTAINER,OLAP_DBA,SELECT ANY TABLE
RETRODEV,NON CONTAINER,SCHEDULER_ADMIN,CREATE EXTERNAL JOB
RETRODEV,NON CONTAINER,SYS,ALTER SYSTEM
RETRODEV,NON CONTAINER,SYS,AUDIT SYSTEM
RETRODEV,NON CONTAINER,SYSBACKUP,ALTER SYSTEM
RETRODEV,NON CONTAINER,SYSBACKUP,SELECT ANY DICTIONARY
RETRODEV,NON CONTAINER,SYS,BECOME USER
RETRODEV,NON CONTAINER,SYS,CREATE ANY LIBRARY
RETRODEV,NON CONTAINER,SYS,CREATE EXTERNAL JOB
RETRODEV,NON CONTAINER,SYS,CREATE LIBRARY
RETRODEV,NON CONTAINER,SYSDG,ALTER SYSTEM
RETRODEV,NON CONTAINER,SYSDG,SELECT ANY DICTIONARY
RETRODEV,NON CONTAINER,SYS,GRANT ANY OBJECT PRIVILEGE
RETRODEV,NON CONTAINER,SYS,GRANT ANY PRIVILEGE
RETRODEV,NON CONTAINER,SYS,GRANT ANY ROLE
RETRODEV,NON CONTAINER,SYSRAC,ALTER SYSTEM
RETRODEV,NON CONTAINER,SYS,SELECT ANY TABLE
RETRODEV,NON CONTAINER,SYSTEM,SELECT ANY TABLE
RETRODEV,NON CONTAINER,WMSYS,SELECT ANY DICTIONARY
RETRODEV,NON CONTAINER,WMSYS,SELECT ANY TABLE
RETRODEV,NON CONTAINER,XDB,CREATE LIBRARY
RETRO,NON CONTAINER,AUDIT_ADMIN,AUDIT SYSTEM
RETRO,NON CONTAINER,AUDSYS,SELECT ANY DICTIONARY
RETRO,NON CONTAINER,DATAPUMP_IMP_FULL_DATABASE,AUDIT SYSTEM
RETRO,NON CONTAINER,DATAPUMP_IMP_FULL_DATABASE,GRANT ANY OBJECT PRIVILEGE
RETRO,NON CONTAINER,DATAPUMP_IMP_FULL_DATABASE,GRANT ANY PRIVILEGE
RETRO,NON CONTAINER,DATAPUMP_IMP_FULL_DATABASE,GRANT ANY ROLE
RETRO,NON CONTAINER,DATAPUMP_IMP_FULL_DATABASE,SELECT ANY TABLE
RETRO,NON CONTAINER,DBA,ALTER SYSTEM
RETRO,NON CONTAINER,DBA,AUDIT SYSTEM
RETRO,NON CONTAINER,DBA,BECOME USER
RETRO,NON CONTAINER,DBA,CREATE ANY LIBRARY
RETRO,NON CONTAINER,DBA,CREATE EXTERNAL JOB
RETRO,NON CONTAINER,DBA,CREATE LIBRARY
RETRO,NON CONTAINER,DBA,GRANT ANY OBJECT PRIVILEGE
RETRO,NON CONTAINER,DBA,GRANT ANY PRIVILEGE
RETRO,NON CONTAINER,DBA,GRANT ANY ROLE
RETRO,NON CONTAINER,DBA,SELECT ANY DICTIONARY
RETRO,NON CONTAINER,DBA,SELECT ANY TABLE
RETRO,NON CONTAINER,DBSNMP,SELECT ANY DICTIONARY
RETRO,NON CONTAINER,DV_REALM_OWNER,SELECT ANY TABLE
RETRO,NON CONTAINER,EM_EXPRESS_ALL,ALTER SYSTEM
RETRO,NON CONTAINER,EM_EXPRESS_ALL,GRANT ANY OBJECT PRIVILEGE
RETRO,NON CONTAINER,EM_EXPRESS_ALL,GRANT ANY PRIVILEGE
RETRO,NON CONTAINER,EM_EXPRESS_ALL,GRANT ANY ROLE
RETRO,NON CONTAINER,EXP_FULL_DATABASE,SELECT ANY TABLE
RETRO,NON CONTAINER,GSMADMIN_INTERNAL,ALTER SYSTEM
RETRO,NON CONTAINER,GSMADMIN_INTERNAL,CREATE EXTERNAL JOB
RETRO,NON CONTAINER,GSMADMIN_INTERNAL,SELECT ANY DICTIONARY
RETRO,NON CONTAINER,GSMADMIN_INTERNAL,SELECT ANY TABLE
RETRO,NON CONTAINER,GSMADMIN_ROLE,ALTER SYSTEM
RETRO,NON CONTAINER,GSMUSER_ROLE,ALTER SYSTEM
RETRO,NON CONTAINER,GSMUSER_ROLE,EXEMPT ACCESS POLICY
RETRO,NON CONTAINER,IMP_FULL_DATABASE,AUDIT SYSTEM
RETRO,NON CONTAINER,IMP_FULL_DATABASE,BECOME USER
RETRO,NON CONTAINER,IMP_FULL_DATABASE,CREATE ANY LIBRARY
RETRO,NON CONTAINER,IMP_FULL_DATABASE,GRANT ANY OBJECT PRIVILEGE
RETRO,NON CONTAINER,IMP_FULL_DATABASE,GRANT ANY PRIVILEGE
RETRO,NON CONTAINER,IMP_FULL_DATABASE,GRANT ANY ROLE
RETRO,NON CONTAINER,IMP_FULL_DATABASE,SELECT ANY TABLE
RETRO,NON CONTAINER,MDSYS,CREATE LIBRARY
RETRO,NON CONTAINER,MDSYS,EXEMPT ACCESS POLICY
RETRO,NON CONTAINER,OEM_MONITOR,SELECT ANY DICTIONARY
RETRO,NON CONTAINER,OLAP_DBA,SELECT ANY TABLE
RETRO,NON CONTAINER,SCHEDULER_ADMIN,CREATE EXTERNAL JOB
RETRO,NON CONTAINER,SYS,ALTER SYSTEM
RETRO,NON CONTAINER,SYS,AUDIT SYSTEM
RETRO,NON CONTAINER,SYSBACKUP,ALTER SYSTEM
RETRO,NON CONTAINER,SYSBACKUP,SELECT ANY DICTIONARY
RETRO,NON CONTAINER,SYS,BECOME USER
RETRO,NON CONTAINER,SYS,CREATE ANY LIBRARY
RETRO,NON CONTAINER,SYS,CREATE EXTERNAL JOB
RETRO,NON CONTAINER,SYS,CREATE LIBRARY
RETRO,NON CONTAINER,SYSDG,ALTER SYSTEM
RETRO,NON CONTAINER,SYSDG,SELECT ANY DICTIONARY
RETRO,NON CONTAINER,SYS,GRANT ANY OBJECT PRIVILEGE
RETRO,NON CONTAINER,SYS,GRANT ANY PRIVILEGE
RETRO,NON CONTAINER,SYS,GRANT ANY ROLE
RETRO,NON CONTAINER,SYSRAC,ALTER SYSTEM
RETRO,NON CONTAINER,SYS,SELECT ANY TABLE
RETRO,NON CONTAINER,SYSTEM,SELECT ANY TABLE
RETRO,NON CONTAINER,WMSYS,SELECT ANY DICTIONARY
RETRO,NON CONTAINER,WMSYS,SELECT ANY TABLE
RETRO,NON CONTAINER,XDB,CREATE LIBRARY
RETROUAT,NON CONTAINER,AUDIT_ADMIN,AUDIT SYSTEM
RETROUAT,NON CONTAINER,AUDSYS,SELECT ANY DICTIONARY
RETROUAT,NON CONTAINER,DATAPUMP_IMP_FULL_DATABASE,AUDIT SYSTEM
RETROUAT,NON CONTAINER,DATAPUMP_IMP_FULL_DATABASE,GRANT ANY OBJECT PRIVILEGE
RETROUAT,NON CONTAINER,DATAPUMP_IMP_FULL_DATABASE,GRANT ANY PRIVILEGE
RETROUAT,NON CONTAINER,DATAPUMP_IMP_FULL_DATABASE,GRANT ANY ROLE
RETROUAT,NON CONTAINER,DATAPUMP_IMP_FULL_DATABASE,SELECT ANY TABLE
RETROUAT,NON CONTAINER,DBA,ALTER SYSTEM
RETROUAT,NON CONTAINER,DBA,AUDIT SYSTEM
RETROUAT,NON CONTAINER,DBA,BECOME USER
RETROUAT,NON CONTAINER,DBA,CREATE ANY LIBRARY
RETROUAT,NON CONTAINER,DBA,CREATE EXTERNAL JOB
RETROUAT,NON CONTAINER,DBA,CREATE LIBRARY
RETROUAT,NON CONTAINER,DBA,GRANT ANY OBJECT PRIVILEGE
RETROUAT,NON CONTAINER,DBA,GRANT ANY PRIVILEGE
RETROUAT,NON CONTAINER,DBA,GRANT ANY ROLE
RETROUAT,NON CONTAINER,DBA,SELECT ANY DICTIONARY
RETROUAT,NON CONTAINER,DBA,SELECT ANY TABLE
RETROUAT,NON CONTAINER,DBSNMP,SELECT ANY DICTIONARY
RETROUAT,NON CONTAINER,DV_REALM_OWNER,SELECT ANY TABLE
RETROUAT,NON CONTAINER,EM_EXPRESS_ALL,ALTER SYSTEM
RETROUAT,NON CONTAINER,EM_EXPRESS_ALL,GRANT ANY OBJECT PRIVILEGE
RETROUAT,NON CONTAINER,EM_EXPRESS_ALL,GRANT ANY PRIVILEGE
RETROUAT,NON CONTAINER,EM_EXPRESS_ALL,GRANT ANY ROLE
RETROUAT,NON CONTAINER,EXP_FULL_DATABASE,SELECT ANY TABLE
RETROUAT,NON CONTAINER,GSMADMIN_INTERNAL,ALTER SYSTEM
RETROUAT,NON CONTAINER,GSMADMIN_INTERNAL,CREATE EXTERNAL JOB
RETROUAT,NON CONTAINER,GSMADMIN_INTERNAL,SELECT ANY DICTIONARY
RETROUAT,NON CONTAINER,GSMADMIN_INTERNAL,SELECT ANY TABLE
RETROUAT,NON CONTAINER,GSMADMIN_ROLE,ALTER SYSTEM
RETROUAT,NON CONTAINER,GSMUSER_ROLE,ALTER SYSTEM
RETROUAT,NON CONTAINER,GSMUSER_ROLE,EXEMPT ACCESS POLICY
RETROUAT,NON CONTAINER,IMP_FULL_DATABASE,AUDIT SYSTEM
RETROUAT,NON CONTAINER,IMP_FULL_DATABASE,BECOME USER
RETROUAT,NON CONTAINER,IMP_FULL_DATABASE,CREATE ANY LIBRARY
RETROUAT,NON CONTAINER,IMP_FULL_DATABASE,GRANT ANY OBJECT PRIVILEGE
RETROUAT,NON CONTAINER,IMP_FULL_DATABASE,GRANT ANY PRIVILEGE
RETROUAT,NON CONTAINER,IMP_FULL_DATABASE,GRANT ANY ROLE
RETROUAT,NON CONTAINER,IMP_FULL_DATABASE,SELECT ANY TABLE
RETROUAT,NON CONTAINER,MDSYS,CREATE LIBRARY
RETROUAT,NON CONTAINER,MDSYS,EXEMPT ACCESS POLICY
RETROUAT,NON CONTAINER,OEM_MONITOR,SELECT ANY DICTIONARY
RETROUAT,NON CONTAINER,OLAP_DBA,SELECT ANY TABLE
RETROUAT,NON CONTAINER,SCHEDULER_ADMIN,CREATE EXTERNAL JOB
RETROUAT,NON CONTAINER,SYS,ALTER SYSTEM
RETROUAT,NON CONTAINER,SYS,AUDIT SYSTEM
RETROUAT,NON CONTAINER,SYSBACKUP,ALTER SYSTEM
RETROUAT,NON CONTAINER,SYSBACKUP,SELECT ANY DICTIONARY
RETROUAT,NON CONTAINER,SYS,BECOME USER
RETROUAT,NON CONTAINER,SYS,CREATE ANY LIBRARY
RETROUAT,NON CONTAINER,SYS,CREATE EXTERNAL JOB
RETROUAT,NON CONTAINER,SYS,CREATE LIBRARY
RETROUAT,NON CONTAINER,SYSDG,ALTER SYSTEM
RETROUAT,NON CONTAINER,SYSDG,SELECT ANY DICTIONARY
RETROUAT,NON CONTAINER,SYS,GRANT ANY OBJECT PRIVILEGE
RETROUAT,NON CONTAINER,SYS,GRANT ANY PRIVILEGE
RETROUAT,NON CONTAINER,SYS,GRANT ANY ROLE
RETROUAT,NON CONTAINER,SYSRAC,ALTER SYSTEM
RETROUAT,NON CONTAINER,SYS,SELECT ANY TABLE
RETROUAT,NON CONTAINER,SYSTEM,SELECT ANY TABLE
RETROUAT,NON CONTAINER,WMSYS,SELECT ANY DICTIONARY
RETROUAT,NON CONTAINER,WMSYS,SELECT ANY TABLE
RETROUAT,NON CONTAINER,XDB,CREATE LIBRARY
RISCHL,NON CONTAINER,AUDIT_ADMIN,AUDIT SYSTEM
RISCHL,NON CONTAINER,AUDSYS,SELECT ANY DICTIONARY
RISCHL,NON CONTAINER,DATAPUMP_IMP_FULL_DATABASE,AUDIT SYSTEM
RISCHL,NON CONTAINER,DATAPUMP_IMP_FULL_DATABASE,GRANT ANY OBJECT PRIVILEGE
RISCHL,NON CONTAINER,DATAPUMP_IMP_FULL_DATABASE,GRANT ANY PRIVILEGE
RISCHL,NON CONTAINER,DATAPUMP_IMP_FULL_DATABASE,GRANT ANY ROLE
RISCHL,NON CONTAINER,DATAPUMP_IMP_FULL_DATABASE,SELECT ANY TABLE
RISCHL,NON CONTAINER,DBA,ALTER SYSTEM
RISCHL,NON CONTAINER,DBA,AUDIT SYSTEM
RISCHL,NON CONTAINER,DBA,BECOME USER
RISCHL,NON CONTAINER,DBA,CREATE ANY LIBRARY
RISCHL,NON CONTAINER,DBA,CREATE EXTERNAL JOB
RISCHL,NON CONTAINER,DBA,CREATE LIBRARY
RISCHL,NON CONTAINER,DBA,GRANT ANY OBJECT PRIVILEGE
RISCHL,NON CONTAINER,DBA,GRANT ANY PRIVILEGE
RISCHL,NON CONTAINER,DBA,GRANT ANY ROLE
RISCHL,NON CONTAINER,DBA,SELECT ANY DICTIONARY
RISCHL,NON CONTAINER,DBA,SELECT ANY TABLE
RISCHL,NON CONTAINER,DBSNMP,SELECT ANY DICTIONARY
RISCHL,NON CONTAINER,EM_EXPRESS_ALL,ALTER SYSTEM
RISCHL,NON CONTAINER,EM_EXPRESS_ALL,GRANT ANY OBJECT PRIVILEGE
RISCHL,NON CONTAINER,EM_EXPRESS_ALL,GRANT ANY PRIVILEGE
RISCHL,NON CONTAINER,EM_EXPRESS_ALL,GRANT ANY ROLE
RISCHL,NON CONTAINER,EXP_FULL_DATABASE,SELECT ANY TABLE
RISCHL,NON CONTAINER,GSMADMIN_INTERNAL,ALTER SYSTEM
RISCHL,NON CONTAINER,GSMADMIN_INTERNAL,CREATE EXTERNAL JOB
RISCHL,NON CONTAINER,GSMADMIN_INTERNAL,SELECT ANY DICTIONARY
RISCHL,NON CONTAINER,GSMADMIN_INTERNAL,SELECT ANY TABLE
RISCHL,NON CONTAINER,GSMADMIN_ROLE,ALTER SYSTEM
RISCHL,NON CONTAINER,GSMUSER_ROLE,ALTER SYSTEM
RISCHL,NON CONTAINER,GSMUSER_ROLE,EXEMPT ACCESS POLICY
RISCHL,NON CONTAINER,IMP_FULL_DATABASE,AUDIT SYSTEM
RISCHL,NON CONTAINER,IMP_FULL_DATABASE,BECOME USER
RISCHL,NON CONTAINER,IMP_FULL_DATABASE,CREATE ANY LIBRARY
RISCHL,NON CONTAINER,IMP_FULL_DATABASE,GRANT ANY OBJECT PRIVILEGE
RISCHL,NON CONTAINER,IMP_FULL_DATABASE,GRANT ANY PRIVILEGE
RISCHL,NON CONTAINER,IMP_FULL_DATABASE,GRANT ANY ROLE
RISCHL,NON CONTAINER,IMP_FULL_DATABASE,SELECT ANY TABLE
RISCHL,NON CONTAINER,OEM_MONITOR,SELECT ANY DICTIONARY
RISCHL,NON CONTAINER,SAPBI,SELECT ANY DICTIONARY
RISCHL,NON CONTAINER,SAPBI,SELECT ANY TABLE
RISCHL,NON CONTAINER,SCHEDULER_ADMIN,CREATE EXTERNAL JOB
RISCHL,NON CONTAINER,SQLADMIN,SELECT ANY TABLE
RISCHL,NON CONTAINER,SYS,ALTER SYSTEM
RISCHL,NON CONTAINER,SYS,AUDIT SYSTEM
RISCHL,NON CONTAINER,SYSBACKUP,ALTER SYSTEM
RISCHL,NON CONTAINER,SYSBACKUP,SELECT ANY DICTIONARY
RISCHL,NON CONTAINER,SYS,BECOME USER
RISCHL,NON CONTAINER,SYS,CREATE ANY LIBRARY
RISCHL,NON CONTAINER,SYS,CREATE EXTERNAL JOB
RISCHL,NON CONTAINER,SYS,CREATE LIBRARY
RISCHL,NON CONTAINER,SYSDG,ALTER SYSTEM
RISCHL,NON CONTAINER,SYSDG,SELECT ANY DICTIONARY
RISCHL,NON CONTAINER,SYS,GRANT ANY OBJECT PRIVILEGE
RISCHL,NON CONTAINER,SYS,GRANT ANY PRIVILEGE
RISCHL,NON CONTAINER,SYS,GRANT ANY ROLE
RISCHL,NON CONTAINER,SYSRAC,ALTER SYSTEM
RISCHL,NON CONTAINER,SYS,SELECT ANY TABLE
RISCHL,NON CONTAINER,SYSTEM,SELECT ANY TABLE
RISCHL,NON CONTAINER,XDB,CREATE LIBRARY
SHERDEV,NON CONTAINER,AUDIT_ADMIN,AUDIT SYSTEM
SHERDEV,NON CONTAINER,AUDSYS,SELECT ANY DICTIONARY
SHERDEV,NON CONTAINER,DATAPUMP_IMP_FULL_DATABASE,AUDIT SYSTEM
SHERDEV,NON CONTAINER,DATAPUMP_IMP_FULL_DATABASE,GRANT ANY OBJECT PRIVILEGE
SHERDEV,NON CONTAINER,DATAPUMP_IMP_FULL_DATABASE,GRANT ANY PRIVILEGE
SHERDEV,NON CONTAINER,DATAPUMP_IMP_FULL_DATABASE,GRANT ANY ROLE
SHERDEV,NON CONTAINER,DATAPUMP_IMP_FULL_DATABASE,SELECT ANY TABLE
SHERDEV,NON CONTAINER,DBA,ALTER SYSTEM
SHERDEV,NON CONTAINER,DBA,AUDIT SYSTEM
SHERDEV,NON CONTAINER,DBA,BECOME USER
SHERDEV,NON CONTAINER,DBA,CREATE ANY LIBRARY
SHERDEV,NON CONTAINER,DBA,CREATE EXTERNAL JOB
SHERDEV,NON CONTAINER,DBA,CREATE LIBRARY
SHERDEV,NON CONTAINER,DBA,GRANT ANY OBJECT PRIVILEGE
SHERDEV,NON CONTAINER,DBA,GRANT ANY PRIVILEGE
SHERDEV,NON CONTAINER,DBA,GRANT ANY ROLE
SHERDEV,NON CONTAINER,DBA,SELECT ANY DICTIONARY
SHERDEV,NON CONTAINER,DBA,SELECT ANY TABLE
SHERDEV,NON CONTAINER,DBSNMP,SELECT ANY DICTIONARY
SHERDEV,NON CONTAINER,EM_EXPRESS_ALL,ALTER SYSTEM
SHERDEV,NON CONTAINER,EM_EXPRESS_ALL,GRANT ANY OBJECT PRIVILEGE
SHERDEV,NON CONTAINER,EM_EXPRESS_ALL,GRANT ANY PRIVILEGE
SHERDEV,NON CONTAINER,EM_EXPRESS_ALL,GRANT ANY ROLE
SHERDEV,NON CONTAINER,EXP_FULL_DATABASE,SELECT ANY TABLE
SHERDEV,NON CONTAINER,GSMADMIN_INTERNAL,ALTER SYSTEM
SHERDEV,NON CONTAINER,GSMADMIN_INTERNAL,CREATE EXTERNAL JOB
SHERDEV,NON CONTAINER,GSMADMIN_INTERNAL,SELECT ANY DICTIONARY
SHERDEV,NON CONTAINER,GSMADMIN_INTERNAL,SELECT ANY TABLE
SHERDEV,NON CONTAINER,GSMADMIN_ROLE,ALTER SYSTEM
SHERDEV,NON CONTAINER,GSMUSER_ROLE,ALTER SYSTEM
SHERDEV,NON CONTAINER,GSMUSER_ROLE,EXEMPT ACCESS POLICY
SHERDEV,NON CONTAINER,IMP_FULL_DATABASE,AUDIT SYSTEM
SHERDEV,NON CONTAINER,IMP_FULL_DATABASE,BECOME USER
SHERDEV,NON CONTAINER,IMP_FULL_DATABASE,CREATE ANY LIBRARY
SHERDEV,NON CONTAINER,IMP_FULL_DATABASE,GRANT ANY OBJECT PRIVILEGE
SHERDEV,NON CONTAINER,IMP_FULL_DATABASE,GRANT ANY PRIVILEGE
SHERDEV,NON CONTAINER,IMP_FULL_DATABASE,GRANT ANY ROLE
SHERDEV,NON CONTAINER,IMP_FULL_DATABASE,SELECT ANY TABLE
SHERDEV,NON CONTAINER,OEM_MONITOR,SELECT ANY DICTIONARY
SHERDEV,NON CONTAINER,SCHEDULER_ADMIN,CREATE EXTERNAL JOB
SHERDEV,NON CONTAINER,SYS,ALTER SYSTEM
SHERDEV,NON CONTAINER,SYS,AUDIT SYSTEM
SHERDEV,NON CONTAINER,SYSBACKUP,ALTER SYSTEM
SHERDEV,NON CONTAINER,SYSBACKUP,SELECT ANY DICTIONARY
SHERDEV,NON CONTAINER,SYS,BECOME USER
SHERDEV,NON CONTAINER,SYS,CREATE ANY LIBRARY
SHERDEV,NON CONTAINER,SYS,CREATE EXTERNAL JOB
SHERDEV,NON CONTAINER,SYS,CREATE LIBRARY
SHERDEV,NON CONTAINER,SYSDG,ALTER SYSTEM
SHERDEV,NON CONTAINER,SYSDG,SELECT ANY DICTIONARY
SHERDEV,NON CONTAINER,SYS,GRANT ANY OBJECT PRIVILEGE
SHERDEV,NON CONTAINER,SYS,GRANT ANY PRIVILEGE
SHERDEV,NON CONTAINER,SYS,GRANT ANY ROLE
SHERDEV,NON CONTAINER,SYSRAC,ALTER SYSTEM
SHERDEV,NON CONTAINER,SYS,SELECT ANY TABLE
SHERDEV,NON CONTAINER,SYSTEM,SELECT ANY TABLE
SHERDEV,NON CONTAINER,XDB,CREATE LIBRARY
SHERLOCK,NON CONTAINER,AUDIT_ADMIN,AUDIT SYSTEM
SHERLOCK,NON CONTAINER,AUDSYS,SELECT ANY DICTIONARY
SHERLOCK,NON CONTAINER,DATAPUMP_IMP_FULL_DATABASE,AUDIT SYSTEM
SHERLOCK,NON CONTAINER,DATAPUMP_IMP_FULL_DATABASE,GRANT ANY OBJECT PRIVILEGE
SHERLOCK,NON CONTAINER,DATAPUMP_IMP_FULL_DATABASE,GRANT ANY PRIVILEGE
SHERLOCK,NON CONTAINER,DATAPUMP_IMP_FULL_DATABASE,GRANT ANY ROLE
SHERLOCK,NON CONTAINER,DATAPUMP_IMP_FULL_DATABASE,SELECT ANY TABLE
SHERLOCK,NON CONTAINER,DBA,ALTER SYSTEM
SHERLOCK,NON CONTAINER,DBA,AUDIT SYSTEM
SHERLOCK,NON CONTAINER,DBA,BECOME USER
SHERLOCK,NON CONTAINER,DBA,CREATE ANY LIBRARY
SHERLOCK,NON CONTAINER,DBA,CREATE EXTERNAL JOB
SHERLOCK,NON CONTAINER,DBA,CREATE LIBRARY
SHERLOCK,NON CONTAINER,DBA,GRANT ANY OBJECT PRIVILEGE
SHERLOCK,NON CONTAINER,DBA,GRANT ANY PRIVILEGE
SHERLOCK,NON CONTAINER,DBA,GRANT ANY ROLE
SHERLOCK,NON CONTAINER,DBA,SELECT ANY DICTIONARY
SHERLOCK,NON CONTAINER,DBA,SELECT ANY TABLE
SHERLOCK,NON CONTAINER,DBSNMP,SELECT ANY DICTIONARY
SHERLOCK,NON CONTAINER,EM_EXPRESS_ALL,ALTER SYSTEM
SHERLOCK,NON CONTAINER,EM_EXPRESS_ALL,GRANT ANY OBJECT PRIVILEGE
SHERLOCK,NON CONTAINER,EM_EXPRESS_ALL,GRANT ANY PRIVILEGE
SHERLOCK,NON CONTAINER,EM_EXPRESS_ALL,GRANT ANY ROLE
SHERLOCK,NON CONTAINER,EXP_FULL_DATABASE,SELECT ANY TABLE
SHERLOCK,NON CONTAINER,GSMADMIN_INTERNAL,ALTER SYSTEM
SHERLOCK,NON CONTAINER,GSMADMIN_INTERNAL,CREATE EXTERNAL JOB
SHERLOCK,NON CONTAINER,GSMADMIN_INTERNAL,SELECT ANY DICTIONARY
SHERLOCK,NON CONTAINER,GSMADMIN_INTERNAL,SELECT ANY TABLE
SHERLOCK,NON CONTAINER,GSMADMIN_ROLE,ALTER SYSTEM
SHERLOCK,NON CONTAINER,GSMUSER_ROLE,ALTER SYSTEM
SHERLOCK,NON CONTAINER,GSMUSER_ROLE,EXEMPT ACCESS POLICY
SHERLOCK,NON CONTAINER,IMP_FULL_DATABASE,AUDIT SYSTEM
SHERLOCK,NON CONTAINER,IMP_FULL_DATABASE,BECOME USER
SHERLOCK,NON CONTAINER,IMP_FULL_DATABASE,CREATE ANY LIBRARY
SHERLOCK,NON CONTAINER,IMP_FULL_DATABASE,GRANT ANY OBJECT PRIVILEGE
SHERLOCK,NON CONTAINER,IMP_FULL_DATABASE,GRANT ANY PRIVILEGE
SHERLOCK,NON CONTAINER,IMP_FULL_DATABASE,GRANT ANY ROLE
SHERLOCK,NON CONTAINER,IMP_FULL_DATABASE,SELECT ANY TABLE
SHERLOCK,NON CONTAINER,OEM_MONITOR,SELECT ANY DICTIONARY
SHERLOCK,NON CONTAINER,SCHEDULER_ADMIN,CREATE EXTERNAL JOB
SHERLOCK,NON CONTAINER,SYS,ALTER SYSTEM
SHERLOCK,NON CONTAINER,SYS,AUDIT SYSTEM
SHERLOCK,NON CONTAINER,SYSBACKUP,ALTER SYSTEM
SHERLOCK,NON CONTAINER,SYSBACKUP,SELECT ANY DICTIONARY
SHERLOCK,NON CONTAINER,SYS,BECOME USER
SHERLOCK,NON CONTAINER,SYS,CREATE ANY LIBRARY
SHERLOCK,NON CONTAINER,SYS,CREATE EXTERNAL JOB
SHERLOCK,NON CONTAINER,SYS,CREATE LIBRARY
SHERLOCK,NON CONTAINER,SYSDG,ALTER SYSTEM
SHERLOCK,NON CONTAINER,SYSDG,SELECT ANY DICTIONARY
SHERLOCK,NON CONTAINER,SYS,GRANT ANY OBJECT PRIVILEGE
SHERLOCK,NON CONTAINER,SYS,GRANT ANY PRIVILEGE
SHERLOCK,NON CONTAINER,SYS,GRANT ANY ROLE
SHERLOCK,NON CONTAINER,SYSRAC,ALTER SYSTEM
SHERLOCK,NON CONTAINER,SYS,SELECT ANY TABLE
SHERLOCK,NON CONTAINER,SYSTEM,SELECT ANY TABLE
SHERLOCK,NON CONTAINER,XDB,CREATE LIBRARY
