BA1,NON_CONTAINER,PSAPSR3,1144835
BA1,NON_CONTAINER,PSAPSR3750X,40000
BA1,NON_CONTAINER,PSAPSR3USR,30
BA1,NON_CONTAINER,PSAPUNDO,80560
BA1,NON_CONTAINER,SYSAUX,8380
BA1,NON_CONTAINER,SYSTEM,3180
BA3,NON_CONTAINER,PSAPSR3,272460
BA3,NON_CONTAINER,PSAPSR3750X,40000
BA3,NON_CONTAINER,PSAPSR3USR,30
BA3,NON_CONTAINER,PSAPUNDO,80000
BA3,NON_CONTAINER,SYSAUX,3740
BA3,NON_CONTAINER,SYSTEM,2540
BJ1,NON_CONTAINER,PSAPSR3DB,10000
BJ1,NON_CONTAINER,PSAPUNDO,1100
BJ1,NON_CONTAINER,SYSAUX,980
BJ1,NON_CONTAINER,SYSTEM,1000
BJ3,NON_CONTAINER,PSAPSR3DB,10000
BJ3,NON_CONTAINER,PSAPUNDO,1100
BJ3,NON_CONTAINER,SYSAUX,1000
BJ3,NON_CONTAINER,SYSTEM,1000
BW1,NON_CONTAINER,PSAPSR3,108920
BW1,NON_CONTAINER,PSAPSR3750,40000
BW1,NON_CONTAINER,PSAPSR3USR,1000
BW1,NON_CONTAINER,PSAPUNDO,10480
BW1,NON_CONTAINER,SYSAUX,2480
BW1,NON_CONTAINER,SYSTEM,3000
Changing password for monitoring
CHC,NON_CONTAINER,PSAPSR3,2289670
CHC,NON_CONTAINER,PSAPSR3750,83000
CHC,NON_CONTAINER,PSAPSR3750X,85600
CHC,NON_CONTAINER,PSAPSR3DOPA,1000
CHC,NON_CONTAINER,PSAPSR3USR,1820
CHC,NON_CONTAINER,PSAPUNDO,80000
CHC,NON_CONTAINER,SYSAUX,8600
CHC,NON_CONTAINER,SYSTEM,2380
CHL,NON_CONTAINER,PSAPSR3,3698651
CHL,NON_CONTAINER,PSAPSR3750,83000
CHL,NON_CONTAINER,PSAPSR3750X,106000
CHL,NON_CONTAINER,PSAPSR3DOPA,1000
CHL,NON_CONTAINER,PSAPSR3USR,4280
CHL,NON_CONTAINER,PSAPUNDO,92720
CHL,NON_CONTAINER,SYSAUX,9960
CHL,NON_CONTAINER,SYSTEM,2420
CYBERDEV,NON_CONTAINER,CYBER_IND,75128
CYBERDEV,NON_CONTAINER,CYBER_TBL,256568
CYBERDEV,NON_CONTAINER,SYSAUX,31512
CYBERDEV,NON_CONTAINER,SYSTEM,2048
CYBERDEV,NON_CONTAINER,UNDOTBS,6000
CYBERDEV,NON_CONTAINER,USER_DATA,5
CYBERLAB,NON_CONTAINER,CYBER_IND,75128
CYBERLAB,NON_CONTAINER,CYBER_TBL,266440
CYBERLAB,NON_CONTAINER,SYSAUX,31512
CYBERLAB,NON_CONTAINER,SYSTEM,2048
CYBERLAB,NON_CONTAINER,UNDOTBS,6000
CYBERLAB,NON_CONTAINER,USER_DATA,5
DIM,NON_CONTAINER,BODATA,50
DIM,NON_CONTAINER,BOIDX,20
DIM,NON_CONTAINER,CATALOGUEDATA,20
DIM,NON_CONTAINER,CATALOGUEIDX,20
DIM,NON_CONTAINER,CQDATA,500
DIM,NON_CONTAINER,CQIDX,550
DIM,NON_CONTAINER,DOCDATA,50
DIM,NON_CONTAINER,DOCIDX,20
DIM,NON_CONTAINER,GAPDATA,300
DIM,NON_CONTAINER,GAPIDX,300
DIM,NON_CONTAINER,ICODE,15128
DIM,NON_CONTAINER,MASTERDATA,400
DIM,NON_CONTAINER,MWSACCESSDATA,3000
DIM,NON_CONTAINER,MWSACCESSIDX,3400
DIM,NON_CONTAINER,NMCLDATA,1000
DIM,NON_CONTAINER,NMCLIDX,2500
DIM,NON_CONTAINER,OUTILSDATA,100
DIM,NON_CONTAINER,OUTILSIDX,20
DIM,NON_CONTAINER,PATIENTDATA,300
DIM,NON_CONTAINER,PATIENTIDX,400
DIM,NON_CONTAINER,PMSIDATA,2000
DIM,NON_CONTAINER,PMSIIDX,6300
DIM,NON_CONTAINER,RDVDATA,50
DIM,NON_CONTAINER,RDVIDX,20
DIM,NON_CONTAINER,REGULATIONDATA,5250
DIM,NON_CONTAINER,REGULATIONIDX,11078
DIM,NON_CONTAINER,SIDDATA,50
DIM,NON_CONTAINER,SIDIDX,20
DIM,NON_CONTAINER,STRUCTUREDATA,20
DIM,NON_CONTAINER,STRUCTUREIDX,400
DIM,NON_CONTAINER,SYSAUX,21504
DIM,NON_CONTAINER,SYSTEM,1024
DIM,NON_CONTAINER,UNDOTBS,4096
ENNOV,NON_CONTAINER,DATAMART_ENNOV,5000
ENNOV,NON_CONTAINER,ENNOVDATA,190520
ENNOV,NON_CONTAINER,SYSAUX,20000
ENNOV,NON_CONTAINER,SYSTEM,30000
ENNOV,NON_CONTAINER,UNDOTBS,2962
ENNOV,NON_CONTAINER,USERS,500
ENNOVT,NON_CONTAINER,DATAMART_ENNOV,6000
ENNOVT,NON_CONTAINER,ENNOVDATA,181880
ENNOVT,NON_CONTAINER,SYSAUX,20000
ENNOVT,NON_CONTAINER,SYSTEM,28000
ENNOVT,NON_CONTAINER,UNDOTBS,30000
ENNOVT,NON_CONTAINER,USERS,500
ERROR:
Help: https://docs.oracle.com/error-help/db/ora-28000/
Help: https://docs.oracle.com/error-help/db/ora-28001/
Help: https://docs.oracle.com/error-help/db/sp2-0157/
Help: https://docs.oracle.com/error-help/db/sp2-0306/
Help: https://docs.oracle.com/error-help/db/sp2-0650/
HYDPRDG5,NON_CONTAINER,HYDMEDIA5,311159
HYDPRDG5,NON_CONTAINER,SYSAUX,3000
HYDPRDG5,NON_CONTAINER,SYSTEM,3000
HYDPRDG5,NON_CONTAINER,UNDOTBS1,13830
HYDPRDG5,NON_CONTAINER,USERS,5
HYDTEST,NON_CONTAINER,HYDMEDIA5,1524
HYDTEST,NON_CONTAINER,SYSAUX,1134
HYDTEST,NON_CONTAINER,SYSTEM,1000
HYDTEST,NON_CONTAINER,UNDOTBS,499
HYDTEST,NON_CONTAINER,USERS,50
LABODEV,NON_CONTAINER,GENRO_IND,1000
LABODEV,NON_CONTAINER,GENRO_TBL,1000
LABODEV,NON_CONTAINER,GENRW_IND,30128
LABODEV,NON_CONTAINER,GENRW_TBL,90000
LABODEV,NON_CONTAINER,GLIMS_IND,390000
LABODEV,NON_CONTAINER,GLIMS_TBL,285000
LABODEV,NON_CONTAINER,SYSAUX,20000
LABODEV,NON_CONTAINER,SYSTEM,5000
LABODEV,NON_CONTAINER,UNDOTBS,6000
LABO,NON_CONTAINER,GENRO_IND,1000
LABO,NON_CONTAINER,GENRO_TBL,1000
LABO,NON_CONTAINER,GENRW_IND,30128
LABO,NON_CONTAINER,GENRW_TBL,90128
LABO,NON_CONTAINER,GLIMS_IND,390000
LABO,NON_CONTAINER,GLIMS_TBL,285000
LABO,NON_CONTAINER,SYSAUX,20000
LABO,NON_CONTAINER,SYSTEM,5000
LABO,NON_CONTAINER,UNDOTBS,6000
LABOTEST,NON_CONTAINER,GENRO_IND,1000
LABOTEST,NON_CONTAINER,GENRO_TBL,1000
LABOTEST,NON_CONTAINER,GENRW_IND,30128
LABOTEST,NON_CONTAINER,GENRW_TBL,90128
LABOTEST,NON_CONTAINER,GLIMS_IND,390000
LABOTEST,NON_CONTAINER,GLIMS_TBL,285000
LABOTEST,NON_CONTAINER,SYSAUX,20000
LABOTEST,NON_CONTAINER,SYSTEM,5000
LABOTEST,NON_CONTAINER,UNDOTBS,6000
MIRTH,NON_CONTAINER,MIRTH,1020160
MIRTH,NON_CONTAINER,SYSAUX,2500
MIRTH,NON_CONTAINER,SYSTEM,1000
MIRTH,NON_CONTAINER,UNDOTBS,10000
MIRTH,NON_CONTAINER,USERS,50
MIRTHT,NON_CONTAINER,MIRTH,4000
MIRTHT,NON_CONTAINER,SYSAUX,1176
MIRTHT,NON_CONTAINER,SYSTEM,1000
MIRTHT,NON_CONTAINER,UNDOTBS,499
MIRTHT,NON_CONTAINER,USERS,50
NA3,NON_CONTAINER,PSAPSR3,40000
NA3,NON_CONTAINER,PSAPSR3750,20000
NA3,NON_CONTAINER,PSAPSR3750X,21140
NA3,NON_CONTAINER,PSAPSR3USR,100
NA3,NON_CONTAINER,PSAPUNDO,10000
NA3,NON_CONTAINER,SYSAUX,2000
NA3,NON_CONTAINER,SYSTEM,3000
New password: 
NJ3,NON_CONTAINER,PSAPSR3DB,10500
NJ3,NON_CONTAINER,PSAPUNDO,1100
NJ3,NON_CONTAINER,SYSAUX,1020
NJ3,NON_CONTAINER,SYSTEM,1240
OEM,NON_CONTAINER,MGMT_AD4J_TS,200
OEM,NON_CONTAINER,MGMT_ECM_DEPOT_TS,20
OEM,NON_CONTAINER,MGMT_TABLESPACE,37760
OEM,NON_CONTAINER,OAS_BIPLATFORM,128
OEM,NON_CONTAINER,OAS_IAS_OPSS,60
OEM,NON_CONTAINER,OAS_IAU,60
OEM,NON_CONTAINER,OAS_MDS,100
OEM,NON_CONTAINER,OAS_STB,10
OEM,NON_CONTAINER,OAS_WLS,60
OEM,NON_CONTAINER,SYSAUX,6980
OEM,NON_CONTAINER,SYSTEM,2000
OEM,NON_CONTAINER,UNDOTBS1,2205
OEM,NON_CONTAINER,USERS,5
ORA-28000: The account is locked.
ORA-28001: the password has expired
ORAWEB,NON_CONTAINER,APEX,2664
ORAWEB,NON_CONTAINER,DRSYS,20
ORAWEB,NON_CONTAINER,HTMLDB,2000
ORAWEB,NON_CONTAINER,INDEXES,20
ORAWEB,NON_CONTAINER,PURCHASE_DATA,2000
ORAWEB,NON_CONTAINER,PURCHASE_INDEX,2000
ORAWEB,NON_CONTAINER,PURCHASE_LOB,2000
ORAWEB,NON_CONTAINER,SYSAUX,30488
ORAWEB,NON_CONTAINER,SYSTEM,3000
ORAWEB,NON_CONTAINER,UNDOTBS,2000
ORAWEB,NON_CONTAINER,USERS,36000
ORAWEB,NON_CONTAINER,XDB,100
ORAWEBT,NON_CONTAINER,APEX,575
ORAWEBT,NON_CONTAINER,DRSYS,20
ORAWEBT,NON_CONTAINER,HTMLDB,2000
ORAWEBT,NON_CONTAINER,INDEXES,20
ORAWEBT,NON_CONTAINER,PURCHASE_DATA,128
ORAWEBT,NON_CONTAINER,PURCHASE_INDEX,128
ORAWEBT,NON_CONTAINER,PURCHASE_LOB,128
ORAWEBT,NON_CONTAINER,SYSAUX,25000
ORAWEBT,NON_CONTAINER,SYSTEM,2000
ORAWEBT,NON_CONTAINER,UNDOTBS,2000
ORAWEBT,NON_CONTAINER,USERS,34000
ORAWEBT,NON_CONTAINER,XDB,100
Password unchanged
      <proxy> ::= <proxyuser>[<username>][/<password>][@<connect_identifier>]
RETRODEV,NON_CONTAINER,APEX,568
RETRODEV,NON_CONTAINER,FLOWS_DATA,100
RETRODEV,NON_CONTAINER,FLOWS_INDEX,50
RETRODEV,NON_CONTAINER,RETRO,10240
RETRODEV,NON_CONTAINER,RETRO_MIG,10240
RETRODEV,NON_CONTAINER,RETRO_MIG_BKP,10240
RETRODEV,NON_CONTAINER,RETRO_MIRTH,100
RETRODEV,NON_CONTAINER,SYSAUX,1900
RETRODEV,NON_CONTAINER,SYSTEM,2000
RETRODEV,NON_CONTAINER,UNDOTBS1,335
RETRODEV,NON_CONTAINER,USERS,5
RETRO,NON_CONTAINER,APEX,394
RETRO,NON_CONTAINER,RETRO,10240
RETRO,NON_CONTAINER,RETRO_MIRTH,100
RETRO,NON_CONTAINER,SYSAUX,1950
RETRO,NON_CONTAINER,SYSTEM,2000
RETRO,NON_CONTAINER,UNDOTBS1,305
RETRO,NON_CONTAINER,USERS,5
RETROUAT,NON_CONTAINER,APEX,329
RETROUAT,NON_CONTAINER,RETRO,10240
RETROUAT,NON_CONTAINER,RETRO_MIRTH,100
RETROUAT,NON_CONTAINER,SYSAUX,1790
RETROUAT,NON_CONTAINER,SYSTEM,1320
RETROUAT,NON_CONTAINER,UNDOTBS1,345
RETROUAT,NON_CONTAINER,USERS,5
Retype new password: 
RISCHL,NON_CONTAINER,DATA1,10716
RISCHL,NON_CONTAINER,DATA2,11392
RISCHL,NON_CONTAINER,INDEX1,10000
RISCHL,NON_CONTAINER,INDEX2,1500
RISCHL,NON_CONTAINER,INTERFACE,22000
RISCHL,NON_CONTAINER,SYSAUX,1536
RISCHL,NON_CONTAINER,SYSTEM,1024
RISCHL,NON_CONTAINER,TRANSLATOR,3500
RISCHL,NON_CONTAINER,UNDO,3942
SHERDEV,NON_CONTAINER,SHERLOCK_DATA01,10000
SHERDEV,NON_CONTAINER,SHERLOCK_INDEX01,100
SHERDEV,NON_CONTAINER,SYSAUX,1141
SHERDEV,NON_CONTAINER,SYSTEM,1000
SHERDEV,NON_CONTAINER,UNDOTBS,3318
SHERDEV,NON_CONTAINER,USERS,50
SHERLOCK,NON_CONTAINER,SHERLOCK_DATA01,15128
SHERLOCK,NON_CONTAINER,SHERLOCK_INDEX01,100
SHERLOCK,NON_CONTAINER,SYSAUX,2000
SHERLOCK,NON_CONTAINER,SYSTEM,1000
SHERLOCK,NON_CONTAINER,UNDOTBS,2000
SHERLOCK,NON_CONTAINER,USERS,50
SP2-0157: unable to CONNECT to ORACLE after 3 attempts, exiting SQL*Plus
SP2-0306: Invalid option.
SP2-0650: New passwords do not match
Usage: CONN[ECT] [{logon|/|proxy} [AS {SYSDBA|SYSOPER|SYSASM|SYSBACKUP|SYSDG|SYSKM|SYSRAC}] [edition=value]]
where <logon> ::= <username>[/<password>][@<connect_identifier>]
