APEXCENTRAL.ad.chl.lu:1433:PRD:FREE_LIC
APEXONE.ad.chl.lu:1433:PRD:FREE_LIC
#BRAINLABSRV.ad.chl.lu:1433 :PRD:FREE_LIC
#CMVLTCSSAS01-PI.ad.chl.lu:1433:PRD:PROVIDER
#CMVLTCSSAS02-PI.ad.chl.lu:1433:PRD:PROVIDER
#CONMGR022354.ad.chl.lu:1433:PRD:CHL
#CONMGR2354TEST.ad.chl.lu:1433:TST:CHL
#COPDEMOAPP01-DI.ad.chl.lu:1433:DEV:FREE_LIC
#DB2354TEST.ad.chl.lu:1433:TST:CHL
#DEISTERSRV.ad.chl.lu:1433:PRD:FREE_LIC
#DIALOCKSRV.ad.chl.lu:1433:PRD:FREE_LIC
ECGSRV.ad.chl.lu:1433:PRD:CHL
ECGTEST.ad.chl.lu:1433:TST:CHL
ENDOBASESRV.ad.chl.lu:1433:PRD:CHL
#ENDOBASETEST.ad.chl.lu:1433:TST:CHL
#HOLTERSRV.ad.chl.lu:1433:PRD:FREE_LIC
#HON5000SAS01-PI.ad.chl.lu:1433:PRD:FREE_LIC
#HONBACSAS01-PI.ad.chl.lu:1433:PRD:FREE_LIC
#HONENRGSAS01-PI.ad.chl.lu:1433:PRD:CHL
#HONHVACSAS01-PI.ad.chl.lu:1433:PRD:CHL
#HONLONSAS01-PI.ad.chl.lu:1433:PRD:FREE_LIC
#IBESRV.ad.chl.lu:1433:PRD:FREE_LIC
#IBESRVSAS01-PI.ad.chl.lu:1433:PRD:FREE_LIC
#IBETEST.ad.chl.lu:1433:TST:FREE_LIC
#ISPORTAL1.ad.chl.lu:1433:PRD:FREE_LIC
#ISPORTAL2.ad.chl.lu:1433:PRD:FREE_LIC
LABOSRV.ad.chl.lu:1433:PRD:FREE_LIC
METAVI6DBS01-DI.ad.chl.lu:1433:DEV:FREE_LIC
METAVI6DBS01-TI.ad.chl.lu:1433:TST:FREE_LIC
#OPHTALMOSRV.ad.chl.lu:1433:PRD:CHL
PHARMGUARDSRV.ad.chl.lu:55000:PRD:FREE_LIC
SENTRYSUITESRV.ad.chl.lu:1433:PRD:CHL
SENTRYSUITETEST.ad.chl.lu:1433:TST:CHL
#SYNGOVIAFUT.ad.chl.lu:1433:PRD:CHL
THYCOTICSRV.ad.chl.lu:1433:PRD:FREE_LIC
APEXCENTRALTEST.ad.chl.lu:1433:TST:FREE_LIC
APEXONETEST.ad.chl.lu:1433:TST:FREE_LIC
COPLIVEDBS01-PI.ad.chl.lu:1433:PRD:INCCI
COPRA6COPUS.ad.chl.lu:1433:PRD:INCCI
COPRADEMO.ad.chl.lu:1433:TST:FREE_LIC
COPRALIVE.ad.chl.lu:1433:PRD:INCCI
COPRASTAT.ad.chl.lu:1433:PRD:INCCI
COPRATEST.ad.chl.lu:1433:TST:INCCI
COPSTATDBS01-PI.ad.chl.lu:1433:PRD:INCCI
SBIMTEST.ad.chl.lu:1433:TST:FREE_LIC
TSSTEST.ad.chl.lu:1433:TST:FREE_LIC
SHATEST.ad.chl.lu:1433:TST:CHL
BRAINWAVEDB.ad.chl.lu:1433:PRD:CHL
CATOSRV.ad.chl.lu:1433:PRD:CHL
CATOTEST.ad.chl.lu:1433:TST:CHL
CHIPTEXSAS01-PI.ad.chl.lu:1433:PRD:FREE_LIC
DRAGONDB.ad.chl.lu:1433:PRD:FREE_LIC
ESTOSPROCALL.ad.chl.lu:1433:PRD:FREE_LIC
IMAGEDRIVEDB.ad.chl.lu:1433:PRD:CHL
INFINITYGW.ad.chl.lu:1433:PRD:FREE_LIC
INFRASQL.ad.chl.lu:1433:PRD:CHL
ITCDB01.ad.chl.lu:1433:PRD:CHL
LABOSOMSRV.ad.chl.lu:1433:PRD:FREE_LIC
MATCHERSRV.ad.chl.lu:1433:PRD:CHL
MVDB23.ad.chl.lu:1433:PRD:CHL
MVDBTEST23.ad.chl.lu:1433:TST:CHL
MVDEVDBS01-TI.ad.chl.lu:1433:TST:CHL
MVESRV.ad.chl.lu:1433:PRD:FREE_LIC
NEUROSRV.ad.chl.lu:1433:PRD:CHL
ONKOZERTSRV.ad.chl.lu:1433:PRD:FREE_LIC
OPERA5DBS01-PI.ad.chl.lu:1433:PRD:CHL
OPERA5SAS01-TI.ad.chl.lu:1433:TST:FREE_LIC
OPSCCTSSAS01-PI.ad.chl.lu:1433:PRD:FREE_LIC
OPTIMDB.ad.chl.lu:1433:PRD:CHL
ORGACARDDB01.ad.chl.lu:1433:PRD:CHL
PFMSAS02-PI.ad.chl.lu:1433:PRD:CHL
PFMTEST.ad.chl.lu:1433:TST:CHL
PRIMIONSRV.ad.chl.lu:1433:PRD:FREE_LIC
RDMSRV.ad.chl.lu:1433:PRD:CHL
SAATMANNSRV.ad.chl.lu:1433:PRD:FREE_LIC
SALTOSAS01-PI.ad.chl.lu:1433:PRD:FREE_LIC
SBIMSRV.ad.chl.lu:1433:PRD:FREE_LIC
SCCMCHL.ad.chl.lu:1433:PRD:PROVIDER
SCCMREPORT.ad.chl.lu:1433:PRD:PROVIDER
SCCMSUP.ad.chl.lu:1433:PRD:PROVIDER
SCHAUFSRV.ad.chl.lu:1433:PRD:FREE_LIC
SWLMAESDBS01-PI.ad.chl.lu:1433:PRD:FREE_LIC
SWLMAESDBS01-TI.ad.chl.lu:1433:TST:FREE_LIC
SYSEPUSAS01-PI.ad.chl.lu:1433:PRD:CHL
SYSMEXIPUSRV.ad.chl.lu:1433:PRD:CHL
WSSQL01.ad.chl.lu:1433:PRD:CHL
WSSQLMED01.ad.chl.lu:1433:PRD:CHL
WSSQLTEST01.ad.chl.lu:1433:TST:CHL
ZCMSQL.ad.chl.lu:1433:PRD:CHL
ORGCARDSAS-TI.ad.chl.lu:1433:TST:CHL
SALTOSAS01-TI.ad.chl.lu:1433:TST:FREE_LIC
THYCOTICDB.ad.chl.lu:1433:PRD:FREE_LIC
#COBASSRV.ad.chl.lu:1433:PRD:FREE_LIC
CNSSQL1.ad.chl.lu:1433:PRD:CHL
#APEXENCRYPT.ad.chl.lu:1433:PRD:FREE_LIC
#HONPS500.ad.chl.lu:1433:PRD:FREE_LIC
#HONPSBAC.ad.chl.lu:1433:PRD:FREE_LIC
#HONPSLON.ad.chl.lu:1433:PRD:FREE_LIC
#OPENSCAPEXP.ad.chl.lu:1433:PRD:FREE_LIC
HONSRVENRG.ad.chl.lu:1433:PRD:CHL
#HONSRVHVACCLONE.ad.chl.lu:1433:PRD:CHL
#OPERA5SAPP01-PI.ad.chl.lu:1433:PRD:CHL
SYSADMVWS01-DI.ad.chl.lu:1433:DEV:CHL
NOSOKOSDBS01-PI.ad.chl.lu:1433:PRD:CHL
METAVI6DBS01-PI.ad.chl.lu:1433:PRD:CHL
DIAMANTSAS01-TI.ad.chl.lu:1433:TST:FREE_LIC
