PRD;FREE_LIC;APEXCENTRAL.ad.chl.lu:1433
PRD;FREE_LIC;APEXONE.ad.chl.lu:1433
#PRD;FREE_LIC;BRAINLABSRV.ad.chl.lu:1433
#PRD;PROVIDER;CMVLTCSSAS01-PI.ad.chl.lu:1433
#PRD;PROVIDER;CMVLTCSSAS02-PI.ad.chl.lu:1433
#PRD;CHL;CONMGR022354.ad.chl.lu:1433
#TST;CHL;CONMGR2354TEST.ad.chl.lu:1433
#DEV;FREE_LIC;COPDEMOAPP01-DI.ad.chl.lu:1433
#TST;CHL;DB2354TEST.ad.chl.lu:1433
#PRD;FREE_LIC;DEISTERSRV.ad.chl.lu:1433
#PRD;FREE_LIC;DIALOCKSRV.ad.chl.lu:1433
PRD;CHL;ECGSRV.ad.chl.lu:1433
TST;CHL;ECGTEST.ad.chl.lu:1433
PRD;CHL;ENDOBASESRV.ad.chl.lu:1433
#TST;CHL;ENDOBASETEST.ad.chl.lu:1433
#PRD;FREE_LIC;HOLTERSRV.ad.chl.lu:1433
#PRD;FREE_LIC;HON5000SAS01-PI.ad.chl.lu:1433
#PRD;FREE_LIC;HONBACSAS01-PI.ad.chl.lu:1433
#PRD;CHL;HONENRGSAS01-PI.ad.chl.lu:1433
#PRD;CHL;HONHVACSAS01-PI.ad.chl.lu:1433
#PRD;FREE_LIC;HONLONSAS01-PI.ad.chl.lu:1433
#PRD;FREE_LIC;IBESRV.ad.chl.lu:1433
#PRD;FREE_LIC;IBESRVSAS01-PI.ad.chl.lu:1433
#TST;FREE_LIC;IBETEST.ad.chl.lu:1433
#PRD;FREE_LIC;ISPORTAL1.ad.chl.lu:1433
#PRD;FREE_LIC;ISPORTAL2.ad.chl.lu:1433
PRD;FREE_LIC;LABOSRV.ad.chl.lu:1433
DEV;FREE_LIC;METAVI6DBS01-DI.ad.chl.lu:1433
TST;FREE_LIC;METAVI6DBS01-TI.ad.chl.lu:1433
#PRD;CHL;OPHTALMOSRV.ad.chl.lu:1433
PRD;FREE_LIC;PHARMGUARDSRV.ad.chl.lu:55000
PRD;CHL;SENTRYSUITESRV.ad.chl.lu:1433
TST;CHL;SENTRYSUITETEST.ad.chl.lu:1433
#PRD;CHL;SYNGOVIAFUT.ad.chl.lu:1433
PRD;FREE_LIC;THYCOTICSRV.ad.chl.lu:1433
TST;FREE_LIC;APEXCENTRALTEST.ad.chl.lu:1433
TST;FREE_LIC;APEXONETEST.ad.chl.lu:1433
PRD;INCCI;COPLIVEDBS01-PI.ad.chl.lu:1433
PRD;INCCI;COPRA6COPUS.ad.chl.lu:1433
TST;FREE_LIC;COPRADEMO.ad.chl.lu:1433
PRD;INCCI;COPRALIVE.ad.chl.lu:1433
PRD;INCCI;COPRASTAT.ad.chl.lu:1433
TST;INCCI;COPRATEST.ad.chl.lu:1433
PRD;INCCI;COPSTATDBS01-PI.ad.chl.lu:1433
TST;FREE_LIC;SBIMTEST.ad.chl.lu:1433
TST;FREE_LIC;TSSTEST.ad.chl.lu:1433
TST;CHL;SHATEST.ad.chl.lu:1433
PRD;CHL;BRAINWAVEDB.ad.chl.lu:1433
PRD;CHL;CATOSRV.ad.chl.lu:1433
TST;CHL;CATOTEST.ad.chl.lu:1433
PRD;FREE_LIC;CHIPTEXSAS01-PI.ad.chl.lu:1433
PRD;FREE_LIC;DRAGONDB.ad.chl.lu:1433
PRD;FREE_LIC;ESTOSPROCALL.ad.chl.lu:1433
PRD;CHL;IMAGEDRIVEDB.ad.chl.lu:1433
PRD;FREE_LIC;INFINITYGW.ad.chl.lu:1433
PRD;CHL;INFRASQL.ad.chl.lu:1433
PRD;CHL;ITCDB01.ad.chl.lu:1433
PRD;FREE_LIC;LABOSOMSRV.ad.chl.lu:1433
PRD;CHL;MATCHERSRV.ad.chl.lu:1433
PRD;CHL;MVDB23.ad.chl.lu:1433
TST;CHL;MVDBTEST23.ad.chl.lu:1433
TST;CHL;MVDEVDBS01-TI.ad.chl.lu:1433
PRD;FREE_LIC;MVESRV.ad.chl.lu:1433
PRD;CHL;NEUROSRV.ad.chl.lu:1433
PRD;FREE_LIC;ONKOZERTSRV.ad.chl.lu:1433
PRD;CHL;OPERA5DBS01-PI.ad.chl.lu:1433
TST;FREE_LIC;OPERA5SAS01-TI.ad.chl.lu:1433
PRD;FREE_LIC;OPSCCTSSAS01-PI.ad.chl.lu:1433
PRD;CHL;OPTIMDB.ad.chl.lu:1433
PRD;CHL;ORGACARDDB01.ad.chl.lu:1433
PRD;CHL;PFMSAS02-PI.ad.chl.lu:1433
TST;CHL;PFMTEST.ad.chl.lu:1433
PRD;FREE_LIC;PRIMIONSRV.ad.chl.lu:1433
PRD;CHL;RDMSRV.ad.chl.lu:1433
PRD;FREE_LIC;SAATMANNSRV.ad.chl.lu:1433
PRD;FREE_LIC;SALTOSAS01-PI.ad.chl.lu:1433
PRD;FREE_LIC;SBIMSRV.ad.chl.lu:1433
PRD;PROVIDER;SCCMCHL.ad.chl.lu:1433
PRD;PROVIDER;SCCMREPORT.ad.chl.lu:1433
PRD;PROVIDER;SCCMSUP.ad.chl.lu:1433
PRD;FREE_LIC;SCHAUFSRV.ad.chl.lu:1433
PRD;FREE_LIC;SWLMAESDBS01-PI.ad.chl.lu:1433
TST;FREE_LIC;SWLMAESDBS01-TI.ad.chl.lu:1433
PRD;CHL;SYSEPUSAS01-PI.ad.chl.lu:1433
PRD;CHL;SYSMEXIPUSRV.ad.chl.lu:1433
PRD;CHL;WSSQL01.ad.chl.lu:1433
PRD;CHL;WSSQLMED01.ad.chl.lu:1433
TST;CHL;WSSQLTEST01.ad.chl.lu:1433
PRD;CHL;ZCMSQL.ad.chl.lu:1433
TST;CHL;ORGCARDSAS-TI.ad.chl.lu:1433
TST;FREE_LIC;SALTOSAS01-TI.ad.chl.lu:1433
PRD;FREE_LIC;THYCOTICDB.ad.chl.lu:1433
#PRD;FREE_LIC;COBASSRV.ad.chl.lu:1433
PRD;CHL;CNSSQL1.ad.chl.lu:1433
#PRD;FREE_LIC;APEXENCRYPT.ad.chl.lu:1433
#PRD;FREE_LIC;HONPS500.ad.chl.lu:1433
#PRD;FREE_LIC;HONPSBAC.ad.chl.lu:1433
#PRD;FREE_LIC;HONPSLON.ad.chl.lu:1433
#PRD;FREE_LIC;OPENSCAPEXP.ad.chl.lu:1433
PRD;CHL;HONSRVENRG.ad.chl.lu:1433
#PRD;CHL;HONSRVHVACCLONE.ad.chl.lu:1433
#PRD;CHL;OPERA5SAPP01-PI.ad.chl.lu:1433
DEV;CHL;SYSADMVWS01-DI.ad.chl.lu:1433
PRD;CHL;NOSOKOSDBS01-PI.ad.chl.lu:1433
PRD;CHL;METAVI6DBS01-PI.ad.chl.lu:1433
TST;FREE_LIC;DIAMANTSAS01-TI.ad.chl.lu:1433
