PRD;SAP;SAPBWL01-PI.chl.lu:1521/BA1
PRD;SAP;SAPBWN01-PD.chl.lu:1521/BA3
TST;SAP;SAPBWL01-TI.chl.lu:1521/BAT
PRD;SAP;BWCHEMPROD.chl.lu:1522/BJ1
PRD;SAP;SAPBWN01-PD.chl.lu:1522/BJ3
TST;SAP;SAPBWL01-TI.chl.lu:1522/BJT
PRD;SAP;BWCHEMPROD.chl.lu:1521/BW1
TST;SAP;SAPCHCDB.chl.lu:1521/CHC
PRD;SAP;SAPCHLDB.chl.lu:1521/CHL
PRD;SAP;SAPCHSDB.chl.lu:1521/CHS
TST;SAP;SAPCHTDB.chl.lu:1521/CHT
DEV;CPU;ora-DEV.chl.lu:1521/CYBERDEV
PRD;CPU;OraCyberlab-Prod.chl.lu:1524/CYBERLAB
PRD;CPU;ORALEGACY.chl.lu:1521/DIM
PRD;CPU;OraEnnov-PROD.chl.lu:1523/ENNOV
TST;CPU;ora-DEV.chl.lu:1521/ENNOVT
PRD;CPU:ORALEGACY.chl.lu:1521/GINRHU.INF.CHL.LU
TST;CPU;ora-DEV.chl.lu:1521/HYDTEST
PRD;CPU;OraHydMedia-Prod.chl.lu:1534/HYDPRDG5
PRD;CPU;oralabo-prod.chl.lu:1523/LABO
DEV;CPU;OraLabo-Dev.chl.lu:1521/LABODEV
TST;CPU;OraLabo-Dev.chl.lu:1521/LABOTEST
PRD;SAP;SAPCHLLMS.chl.lu:1521/LMS
PRD;CPU;OraMirth-Prod.chl.lu:1527/MIRTH
TST;CPU;ora-DEV.chl.lu:1521/MIRTHT
PRD;SAP;SAPBWN01-TD.chl.lu:1521/NA3
PRD;SAP;SAPBWN01-TD.chl.lu:1522/NJ3
PRD;CPU;OraOraWeb-prod.chl.lu:1529/ORAWEB
TST;CPU;ora-DEV.chl.lu:1521/ORAWEBT
PRD;CPU;ORARETRO-PROD.chl.lu:1521/RETRO
DEV;CPU;ORARETRO-DEV.chl.lu:1521/RETRODEV
UAT;CPU;ORARETRO-UAT.chl.lu:1521/RETROUAT
PRD;CPU;ORALEGACY.chl.lu:1521/RISCHL
DEV;CPU;ora-DEV.chl.lu:1521/SHERDEV
PRD;CPU;OraSherlock-prod.chl.lu:1527/SHERLOCK