APEXCENTRAL/SQLEXPRESS,Hide Instance,0
APEXCENTRAL/SQLEXPRESS,ForceEncryption,0
APEXCENTRAL/SQLEXPRESS,TCP Port,1433
APEXCENTRAL/SQLEXPRESS,NumErrorlogFiles,-1
APEXONE/OFFICESCAN,Hide Instance,0
APEXONE/OFFICESCAN,ForceEncryption,0
APEXONE/OFFICESCAN,TCP Port,1433
APEXONE/OFFICESCAN,NumErrorlogFiles,-1
BRAINWAVEDB,Hide Instance,0
BRAINWAVEDB,ForceEncryption,0
BRAINWAVEDB,TCP Port,1433
BRAINWAVEDB,NumErrorlogFiles,-1
CATOSRV,Hide Instance,0
CATOSRV,ForceEncryption,0
CATOSRV,TCP Port,1433
CATOSRV,NumErrorlogFiles,-1
CATOTEST,Hide Instance,0
CATOTEST,ForceEncryption,0
CATOTEST,TCP Port,1433
CATOTEST,NumErrorlogFiles,-1
CHIPTEXSAS01-PI,Hide Instance,0
CHIPTEXSAS01-PI,ForceEncryption,0
CHIPTEXSAS01-PI,TCP Port,1433
CHIPTEXSAS01-PI,NumErrorlogFiles,-1
CNSSQL1,Hide Instance,0
CNSSQL1,ForceEncryption,0
CNSSQL1,TCP Port,1433
CNSSQL1,NumErrorlogFiles,-1
COPLIVEDBS01-PI,Hide Instance,0
COPLIVEDBS01-PI,ForceEncryption,0
COPLIVEDBS01-PI,TCP Port,1433
COPLIVEDBS01-PI,NumErrorlogFiles,-1
COPRA6COPUS,Hide Instance,0
COPRA6COPUS,ForceEncryption,0
COPRA6COPUS,TCP Port,1433
COPRA6COPUS,NumErrorlogFiles,-1
COPRADEMO,Hide Instance,0
COPRADEMO,ForceEncryption,0
COPRADEMO,TCP Port,1433
COPRADEMO,NumErrorlogFiles,-1
COPRALIVE,Hide Instance,0
COPRALIVE,ForceEncryption,0
COPRALIVE,TCP Port,1433
COPRALIVE,NumErrorlogFiles,-1
COPRASTAT,Hide Instance,0
COPRASTAT,ForceEncryption,0
COPRASTAT,TCP Port,1433
COPRASTAT,NumErrorlogFiles,-1
COPRATEST,Hide Instance,0
COPRATEST,ForceEncryption,0
COPRATEST,TCP Port,1433
COPRATEST,NumErrorlogFiles,-1
COPSTATDBS01-PI,Hide Instance,0
COPSTATDBS01-PI,ForceEncryption,0
COPSTATDBS01-PI,TCP Port,1433
COPSTATDBS01-PI,NumErrorlogFiles,-1
DRAGONDB/SQLEXPRESS,Hide Instance,0
DRAGONDB/SQLEXPRESS,ForceEncryption,0
DRAGONDB/SQLEXPRESS,TCP Port,1433
DRAGONDB/SQLEXPRESS,NumErrorlogFiles,-1
ECGSRV/SQL2016,Hide Instance,0
ECGSRV/SQL2016,ForceEncryption,0
ECGSRV/SQL2016,TCP Port,1433
ECGSRV/SQL2016,NumErrorlogFiles,-1
ECGTEST/SQL2016,Hide Instance,0
ECGTEST/SQL2016,ForceEncryption,0
ECGTEST/SQL2016,TCP Port,1433
ECGTEST/SQL2016,NumErrorlogFiles,-1
ENDOBASESRV/MSSQLENDOBASE,Hide Instance,0
ENDOBASESRV/MSSQLENDOBASE,ForceEncryption,0
ENDOBASESRV/MSSQLENDOBASE,TCP Port,1433
ENDOBASESRV/MSSQLENDOBASE,NumErrorlogFiles,-1
ESTOSPROCALL,Hide Instance,0
ESTOSPROCALL,ForceEncryption,0
ESTOSPROCALL,TCP Port,1433
ESTOSPROCALL,NumErrorlogFiles,-1
IMAGEDRIVEDB,Hide Instance,0
IMAGEDRIVEDB,ForceEncryption,0
IMAGEDRIVEDB,TCP Port,1433
IMAGEDRIVEDB,NumErrorlogFiles,-1
INFINITYGW,Hide Instance,0
INFINITYGW,ForceEncryption,0
INFINITYGW,TCP Port,1433
INFINITYGW,NumErrorlogFiles,-1
INFRASQL,Hide Instance,0
INFRASQL,ForceEncryption,0
INFRASQL,TCP Port,1433
INFRASQL,NumErrorlogFiles,-1
ITCDB01,Hide Instance,0
ITCDB01,ForceEncryption,0
ITCDB01,TCP Port,1433
ITCDB01,NumErrorlogFiles,-1
LABOSOMSRV,Hide Instance,0
LABOSOMSRV,ForceEncryption,0
LABOSOMSRV,TCP Port,1433
LABOSOMSRV,NumErrorlogFiles,-1
LABOSRV,Hide Instance,0
LABOSRV,ForceEncryption,0
LABOSRV,TCP Port,1433
LABOSRV,NumErrorlogFiles,-1
MATCHERSRV,Hide Instance,0
MATCHERSRV,ForceEncryption,0
MATCHERSRV,TCP Port,1433
MATCHERSRV,NumErrorlogFiles,-1
METAVI6DBS01-DI,Hide Instance,0
METAVI6DBS01-DI,ForceEncryption,0
METAVI6DBS01-DI,TCP Port,1433
METAVI6DBS01-DI,NumErrorlogFiles,-1
METAVI6DBS01-PI,Hide Instance,1
METAVI6DBS01-PI,ForceEncryption,1
METAVI6DBS01-PI,TCP Port,1433
METAVI6DBS01-PI,NumErrorlogFiles,15
METAVI6DBS01-TI,Hide Instance,0
METAVI6DBS01-TI,ForceEncryption,0
METAVI6DBS01-TI,TCP Port,1433
METAVI6DBS01-TI,NumErrorlogFiles,-1
MVDB23,Hide Instance,0
MVDB23,ForceEncryption,0
MVDB23,TCP Port,1433
MVDB23,NumErrorlogFiles,-1
MVDBTEST23,Hide Instance,0
MVDBTEST23,ForceEncryption,0
MVDBTEST23,TCP Port,1433
MVDBTEST23,NumErrorlogFiles,-1
MVDEVDBS01-TI,Hide Instance,0
MVDEVDBS01-TI,ForceEncryption,0
MVDEVDBS01-TI,TCP Port,1433
MVDEVDBS01-TI,NumErrorlogFiles,-1
MVESRV,Hide Instance,0
MVESRV,ForceEncryption,0
MVESRV,TCP Port,1433
MVESRV,NumErrorlogFiles,-1
NEUROSRV,Hide Instance,0
NEUROSRV,ForceEncryption,0
NEUROSRV,TCP Port,1433
NEUROSRV,NumErrorlogFiles,-1
NOSOKOSDBS01-PI,Hide Instance,1
NOSOKOSDBS01-PI,ForceEncryption,1
NOSOKOSDBS01-PI,TCP Port,1433
NOSOKOSDBS01-PI,NumErrorlogFiles,15
ONKOZERTSRV,Hide Instance,0
ONKOZERTSRV,ForceEncryption,0
ONKOZERTSRV,TCP Port,1433
ONKOZERTSRV,NumErrorlogFiles,-1
OPERA5DBS01-PI/OPERAPRD,Hide Instance,0
OPERA5DBS01-PI/OPERAPRD,ForceEncryption,0
OPERA5DBS01-PI/OPERAPRD,TCP Port,1433
OPERA5DBS01-PI/OPERAPRD,NumErrorlogFiles,-1
OPERA5SAS01-TI/OPERATST,Hide Instance,0
OPERA5SAS01-TI/OPERATST,ForceEncryption,0
OPERA5SAS01-TI/OPERATST,TCP Port,1433
OPERA5SAS01-TI/OPERATST,NumErrorlogFiles,-1
OPSCCTSSAS01-PI,Hide Instance,0
OPSCCTSSAS01-PI,ForceEncryption,0
OPSCCTSSAS01-PI,TCP Port,1433
OPSCCTSSAS01-PI,NumErrorlogFiles,-1
OPTIMDB,Hide Instance,0
OPTIMDB,ForceEncryption,0
OPTIMDB,TCP Port,1433
OPTIMDB,NumErrorlogFiles,-1
ORGACARDDB01,Hide Instance,0
ORGACARDDB01,ForceEncryption,0
ORGACARDDB01,TCP Port,1433
ORGACARDDB01,NumErrorlogFiles,-1
ORGCARDSAS-TI,Hide Instance,0
ORGCARDSAS-TI,ForceEncryption,0
ORGCARDSAS-TI,TCP Port,1433
ORGCARDSAS-TI,NumErrorlogFiles,-1
PFMSAS02-PI/PFMSQL2016,Hide Instance,0
PFMSAS02-PI/PFMSQL2016,ForceEncryption,0
PFMSAS02-PI/PFMSQL2016,TCP Port,1433
PFMSAS02-PI/PFMSQL2016,NumErrorlogFiles,-1
RDMSRV,Hide Instance,0
RDMSRV,ForceEncryption,0
RDMSRV,TCP Port,1433
RDMSRV,NumErrorlogFiles,-1
SAATMANNSRV,Hide Instance,0
SAATMANNSRV,ForceEncryption,0
SAATMANNSRV,TCP Port,1433
SAATMANNSRV,NumErrorlogFiles,-1
SALTOSAS01-PI,Hide Instance,0
SALTOSAS01-PI,ForceEncryption,0
SALTOSAS01-PI,TCP Port,1433
SALTOSAS01-PI,NumErrorlogFiles,-1
SALTOSAS01-TI,Hide Instance,0
SALTOSAS01-TI,ForceEncryption,0
SALTOSAS01-TI,TCP Port,1433
SALTOSAS01-TI,NumErrorlogFiles,-1
SBIMSRV,Hide Instance,0
SBIMSRV,ForceEncryption,0
SBIMSRV,TCP Port,1433
SBIMSRV,NumErrorlogFiles,-1
SBIMTEST,Hide Instance,0
SBIMTEST,ForceEncryption,0
SBIMTEST,TCP Port,1433
SBIMTEST,NumErrorlogFiles,-1
SCCMCHL,Hide Instance,0
SCCMCHL,ForceEncryption,0
SCCMCHL,TCP Port,1433
SCCMCHL,NumErrorlogFiles,-1
SCCMREPORT,Hide Instance,0
SCCMREPORT,ForceEncryption,0
SCCMREPORT,TCP Port,1433
SCCMREPORT,NumErrorlogFiles,-1
SCCMSUP,Hide Instance,0
SCCMSUP,ForceEncryption,0
SCCMSUP,TCP Port,1433
SCCMSUP,NumErrorlogFiles,-1
SCHAUFSRV,Hide Instance,0
SCHAUFSRV,ForceEncryption,0
SCHAUFSRV,TCP Port,1433
SCHAUFSRV,NumErrorlogFiles,-1
SENTRYSUITESRV/SENTRYSUITE,Hide Instance,0
SENTRYSUITESRV/SENTRYSUITE,ForceEncryption,0
SENTRYSUITESRV/SENTRYSUITE,TCP Port,1433
SENTRYSUITESRV/SENTRYSUITE,NumErrorlogFiles,-1
SENTRYSUITETEST/SENTRYSUITE,Hide Instance,0
SENTRYSUITETEST/SENTRYSUITE,ForceEncryption,0
SENTRYSUITETEST/SENTRYSUITE,TCP Port,1433
SENTRYSUITETEST/SENTRYSUITE,NumErrorlogFiles,-1
SHATEST,Hide Instance,0
SHATEST,ForceEncryption,0
SHATEST,TCP Port,1433
SHATEST,NumErrorlogFiles,-1
SWLMAESDBS01-PI,Hide Instance,0
SWLMAESDBS01-PI,ForceEncryption,0
SWLMAESDBS01-PI,TCP Port,1433
SWLMAESDBS01-PI,NumErrorlogFiles,-1
SWLMAESDBS01-TI,Hide Instance,0
SWLMAESDBS01-TI,ForceEncryption,0
SWLMAESDBS01-TI,TCP Port,1433
SWLMAESDBS01-TI,NumErrorlogFiles,-1
SYSADMVWS01-DI,Hide Instance,1
SYSADMVWS01-DI,ForceEncryption,0
SYSADMVWS01-DI,TCP Port,1433
SYSADMVWS01-DI,NumErrorlogFiles,15
SYSEPUSAS01-PI,Hide Instance,0
SYSEPUSAS01-PI,ForceEncryption,0
SYSEPUSAS01-PI,TCP Port,1433
SYSEPUSAS01-PI,NumErrorlogFiles,-1
SYSMEXIPUSRV,Hide Instance,0
SYSMEXIPUSRV,ForceEncryption,0
SYSMEXIPUSRV,TCP Port,1433
SYSMEXIPUSRV,NumErrorlogFiles,-1
THYCOTICDB,Hide Instance,0
THYCOTICDB,ForceEncryption,0
THYCOTICDB,TCP Port,1433
THYCOTICDB,NumErrorlogFiles,-1
THYCOTICSRV,Hide Instance,0
THYCOTICSRV,ForceEncryption,0
THYCOTICSRV,TCP Port,1433
THYCOTICSRV,NumErrorlogFiles,-1
TSSTEST/SQLEXPRESS,Hide Instance,0
TSSTEST/SQLEXPRESS,ForceEncryption,0
TSSTEST/SQLEXPRESS,TCP Port,1433
TSSTEST/SQLEXPRESS,NumErrorlogFiles,-1
WSSQL01,Hide Instance,0
WSSQL01,ForceEncryption,0
WSSQL01,TCP Port,1433
WSSQL01,NumErrorlogFiles,-1
WSSQLMED01,Hide Instance,0
WSSQLMED01,ForceEncryption,0
WSSQLMED01,TCP Port,1433
WSSQLMED01,NumErrorlogFiles,-1
WSSQLTEST01,Hide Instance,0
WSSQLTEST01,ForceEncryption,0
WSSQLTEST01,TCP Port,1433
WSSQLTEST01,NumErrorlogFiles,-1
ZCMSQL,Hide Instance,0
ZCMSQL,ForceEncryption,0
ZCMSQL,TCP Port,1433
ZCMSQL,NumErrorlogFiles,-1
