APEXCENTRAL/SQLEXPRESS,master,no_permission,no_permission
APEXCENTRAL/SQLEXPRESS,tempdb,no_permission,no_permission
APEXCENTRAL/SQLEXPRESS,model,no_permission,no_permission
APEXCENTRAL/SQLEXPRESS,msdb,no_permission,no_permission
APEXCENTRAL/SQLEXPRESS,db_ApexCentral,no_permission,no_permission
APEXONE/OFFICESCAN,master,no_permission,no_permission
APEXONE/OFFICESCAN,tempdb,no_permission,no_permission
APEXONE/OFFICESCAN,model,no_permission,no_permission
APEXONE/OFFICESCAN,msdb,no_permission,no_permission
APEXONE/OFFICESCAN,APEXONE-ApexOne,no_permission,no_permission
BRAINWAVEDB,master,no_permission,no_permission
BRAINWAVEDB,tempdb,no_permission,no_permission
BRAINWAVEDB,model,no_permission,no_permission
BRAINWAVEDB,msdb,no_permission,no_permission
BRAINWAVEDB,igrc,no_permission,no_permission
BRAINWAVEDB,brainwave_Old,no_permission,no_permission
CATOSRV,master,no_permission,no_permission
CATOSRV,tempdb,no_permission,no_permission
CATOSRV,model,no_permission,no_permission
CATOSRV,msdb,no_permission,no_permission
CATOSRV,Cato,CONNECT,GRANT
CATOTEST,master,no_permission,no_permission
CATOTEST,tempdb,no_permission,no_permission
CATOTEST,model,no_permission,no_permission
CATOTEST,msdb,no_permission,no_permission
CATOTEST,Cato-test,CONNECT,GRANT
CHIPTEXSAS01-PI,master,no_permission,no_permission
CHIPTEXSAS01-PI,tempdb,no_permission,no_permission
CHIPTEXSAS01-PI,model,no_permission,no_permission
CHIPTEXSAS01-PI,msdb,no_permission,no_permission
CHIPTEXSAS01-PI,Chiptex,no_permission,no_permission
CNSSQL1,master,no_permission,no_permission
CNSSQL1,tempdb,no_permission,no_permission
CNSSQL1,model,CONNECT,GRANT
CNSSQL1,msdb,no_permission,no_permission
CNSSQL1,NOD32,CONNECT,GRANT
CNSSQL1,portier,CONNECT,GRANT
COPLIVEDBS01-PI,master,no_permission,no_permission
COPLIVEDBS01-PI,tempdb,no_permission,no_permission
COPLIVEDBS01-PI,model,no_permission,no_permission
COPLIVEDBS01-PI,msdb,no_permission,no_permission
COPLIVEDBS01-PI,COPRA6Design,no_permission,no_permission
COPLIVEDBS01-PI,COPRA6Test,no_permission,no_permission
COPLIVEDBS01-PI,COPRA6Live,no_permission,no_permission
COPLIVEDBS01-PI,Copus,no_permission,no_permission
COPRA6COPUS,master,no_permission,no_permission
COPRA6COPUS,tempdb,no_permission,no_permission
COPRA6COPUS,model,no_permission,no_permission
COPRA6COPUS,msdb,no_permission,no_permission
COPRADEMO,master,no_permission,no_permission
COPRADEMO,tempdb,no_permission,no_permission
COPRADEMO,model,no_permission,no_permission
COPRADEMO,msdb,no_permission,no_permission
COPRADEMO,COPRA6Design,no_permission,no_permission
COPRADEMO,COPRA6Test,no_permission,no_permission
COPRADEMO,COPRA6Storage,no_permission,no_permission
COPRADEMO,COPRA6Statistic,no_permission,no_permission
COPRALIVE,master,no_permission,no_permission
COPRALIVE,tempdb,no_permission,no_permission
COPRALIVE,model,no_permission,no_permission
COPRALIVE,msdb,no_permission,no_permission
COPRALIVE,COPRA6Live,no_permission,no_permission
COPRALIVE,Copus,no_permission,no_permission
COPRASTAT,master,no_permission,no_permission
COPRASTAT,tempdb,no_permission,no_permission
COPRASTAT,model,no_permission,no_permission
COPRASTAT,msdb,no_permission,no_permission
COPRASTAT,COPRA6Storage,no_permission,no_permission
COPRASTAT,COPRA6Statistic,no_permission,no_permission
COPRATEST,master,no_permission,no_permission
COPRATEST,tempdb,no_permission,no_permission
COPRATEST,model,no_permission,no_permission
COPRATEST,msdb,no_permission,no_permission
COPRATEST,COPRA6Design,no_permission,no_permission
COPRATEST,COPRA6Test,no_permission,no_permission
COPSTATDBS01-PI,master,no_permission,no_permission
COPSTATDBS01-PI,tempdb,no_permission,no_permission
COPSTATDBS01-PI,model,no_permission,no_permission
COPSTATDBS01-PI,msdb,no_permission,no_permission
COPSTATDBS01-PI,COPRA6Storage,no_permission,no_permission
COPSTATDBS01-PI,COPRA6Statistic,no_permission,no_permission
DRAGONDB/SQLEXPRESS,master,no_permission,no_permission
DRAGONDB/SQLEXPRESS,tempdb,no_permission,no_permission
DRAGONDB/SQLEXPRESS,model,no_permission,no_permission
DRAGONDB/SQLEXPRESS,msdb,no_permission,no_permission
DRAGONDB/SQLEXPRESS,NuanceMC,no_permission,no_permission
DRAGONDB/SQLEXPRESS,NuanceSAS,no_permission,no_permission
ECGSRV/SQL2016,master,no_permission,no_permission
ECGSRV/SQL2016,tempdb,no_permission,no_permission
ECGSRV/SQL2016,model,no_permission,no_permission
ECGSRV/SQL2016,msdb,no_permission,no_permission
ECGSRV/SQL2016,dbEMS,no_permission,no_permission
ECGSRV/SQL2016,dbEMSConfig,no_permission,no_permission
ECGSRV/SQL2016,dbReporting,no_permission,no_permission
ECGSRV/SQL2016,DiagnosticECG,no_permission,no_permission
ECGSRV/SQL2016,dbEGPlus_DCM,no_permission,no_permission
ECGTEST/SQL2016,master,no_permission,no_permission
ECGTEST/SQL2016,tempdb,no_permission,no_permission
ECGTEST/SQL2016,model,no_permission,no_permission
ECGTEST/SQL2016,msdb,no_permission,no_permission
ECGTEST/SQL2016,dbReporting,no_permission,no_permission
ECGTEST/SQL2016,dbEMS,no_permission,no_permission
ECGTEST/SQL2016,dbEMSConfig,no_permission,no_permission
ECGTEST/SQL2016,DiagnosticECG,no_permission,no_permission
ECGTEST/SQL2016,dbEGPlus_DCM,no_permission,no_permission
ECGTEST/SQL2016,dbST80i,no_permission,no_permission
ENDOBASESRV/MSSQLENDOBASE,master,no_permission,no_permission
ENDOBASESRV/MSSQLENDOBASE,tempdb,no_permission,no_permission
ENDOBASESRV/MSSQLENDOBASE,model,no_permission,no_permission
ENDOBASESRV/MSSQLENDOBASE,msdb,no_permission,no_permission
ENDOBASESRV/MSSQLENDOBASE,ENDOBASE3,no_permission,no_permission
ESTOSPROCALL,master,no_permission,no_permission
ESTOSPROCALL,tempdb,no_permission,no_permission
ESTOSPROCALL,model,no_permission,no_permission
ESTOSPROCALL,msdb,no_permission,no_permission
ESTOSPROCALL,CtiServerDatabase,no_permission,no_permission
IMAGEDRIVEDB,master,no_permission,no_permission
IMAGEDRIVEDB,tempdb,no_permission,no_permission
IMAGEDRIVEDB,model,no_permission,no_permission
IMAGEDRIVEDB,msdb,no_permission,no_permission
IMAGEDRIVEDB,EnterpriseServer,no_permission,no_permission
IMAGEDRIVEDB,ImageDrive_Research,no_permission,no_permission
INFINITYGW,master,no_permission,no_permission
INFINITYGW,tempdb,no_permission,no_permission
INFINITYGW,model,no_permission,no_permission
INFINITYGW,msdb,no_permission,no_permission
INFINITYGW,gateway,no_permission,no_permission
INFRASQL,master,no_permission,no_permission
INFRASQL,tempdb,no_permission,no_permission
INFRASQL,model,no_permission,no_permission
INFRASQL,msdb,no_permission,no_permission
INFRASQL,eamaudit_old,no_permission,no_permission
INFRASQL,HorizonEventDB,no_permission,no_permission
INFRASQL,SUSDB,no_permission,no_permission
INFRASQL,oSCM,no_permission,no_permission
INFRASQL,CHL_IPAM,CONNECT,GRANT
INFRASQL,ServiceNowImport,CONNECT,GRANT
INFRASQL,HzExtLogDB,no_permission,no_permission
INFRASQL,HzIntLogDB,no_permission,no_permission
INFRASQL,eamaudit,no_permission,no_permission
INFRASQL,oSCM_dev,no_permission,no_permission
INFRASQL,oSCM_prod,no_permission,no_permission
INFRASQL,WS1IDMDB,no_permission,no_permission
ITCDB01,master,no_permission,no_permission
ITCDB01,tempdb,no_permission,no_permission
ITCDB01,model,no_permission,no_permission
ITCDB01,msdb,no_permission,no_permission
ITCDB01,idamirth,no_permission,no_permission
ITCDB01,idapat,no_permission,no_permission
ITCDB01,ida,no_permission,no_permission
LABOSOMSRV,master,no_permission,no_permission
LABOSOMSRV,tempdb,no_permission,no_permission
LABOSOMSRV,model,no_permission,no_permission
LABOSOMSRV,msdb,no_permission,no_permission
LABOSOMSRV,MEDATEC,no_permission,no_permission
LABOSOMSRV,Medatec-PED,no_permission,no_permission
LABOSRV,master,no_permission,no_permission
LABOSRV,tempdb,no_permission,no_permission
LABOSRV,model,no_permission,no_permission
LABOSRV,msdb,no_permission,no_permission
LABOSRV,BIORAD_CHL,no_permission,no_permission
LABOSRV,BIORAD_UC2_CHL,no_permission,no_permission
MATCHERSRV,master,no_permission,no_permission
MATCHERSRV,tempdb,no_permission,no_permission
MATCHERSRV,model,no_permission,no_permission
MATCHERSRV,msdb,no_permission,no_permission
MATCHERSRV,Matcher_CHLux,no_permission,no_permission
METAVI6DBS01-DI,master,no_permission,no_permission
METAVI6DBS01-DI,tempdb,no_permission,no_permission
METAVI6DBS01-DI,model,no_permission,no_permission
METAVI6DBS01-DI,msdb,no_permission,no_permission
METAVI6DBS01-DI,CHL_Training_EMPI,no_permission,no_permission
METAVI6DBS01-DI,CHL_Training_PROD,no_permission,no_permission
METAVI6DBS01-DI,CHL_Demo_PROD,no_permission,no_permission
METAVI6DBS01-DI,CHL_Demo_EMPI,no_permission,no_permission
METAVI6DBS01-PI,master,no_permission,no_permission
METAVI6DBS01-PI,tempdb,no_permission,no_permission
METAVI6DBS01-PI,model,no_permission,no_permission
METAVI6DBS01-PI,msdb,no_permission,no_permission
METAVI6DBS01-TI,master,no_permission,no_permission
METAVI6DBS01-TI,tempdb,no_permission,no_permission
METAVI6DBS01-TI,model,no_permission,no_permission
METAVI6DBS01-TI,msdb,no_permission,no_permission
METAVI6DBS01-TI,CHL_Test,no_permission,no_permission
METAVI6DBS01-TI,CHL_Test_EMPI,no_permission,no_permission
METAVI6DBS01-TI,CHL_Master_PROD,no_permission,no_permission
METAVI6DBS01-TI,CHL_Master_EMPI,no_permission,no_permission
MVDB23,master,no_permission,no_permission
MVDB23,tempdb,no_permission,no_permission
MVDB23,model,no_permission,no_permission
MVDB23,msdb,no_permission,no_permission
MVDB23,MV_Empi,no_permission,no_permission
MVDB23,MV_Prod,no_permission,no_permission
MVDB23,MV_Archive2,no_permission,no_permission
MVDB23,METAVISION_EXPORT,no_permission,no_permission
MVDB23,distribution,CONNECT,GRANT
MVDB23,MV_Arch_2009-2014,no_permission,no_permission
MVDB23,MV_Prod_2009-2014,no_permission,no_permission
MVDB23,MV_Empi_2009-2014,no_permission,no_permission
MVDBTEST23,master,no_permission,no_permission
MVDBTEST23,tempdb,no_permission,no_permission
MVDBTEST23,model,no_permission,no_permission
MVDBTEST23,msdb,no_permission,no_permission
MVDBTEST23,MVCore_02_6_23_EMPI,no_permission,no_permission
MVDBTEST23,MVCore_02_6_23_PROD,no_permission,no_permission
MVDBTEST23,MV_Empi,no_permission,no_permission
MVDBTEST23,MV_Prod,no_permission,no_permission
MVDEVDBS01-TI,master,no_permission,no_permission
MVDEVDBS01-TI,tempdb,no_permission,no_permission
MVDEVDBS01-TI,model,no_permission,no_permission
MVDEVDBS01-TI,msdb,no_permission,no_permission
MVDEVDBS01-TI,MV_Empi,no_permission,no_permission
MVDEVDBS01-TI,MV_Prod,no_permission,no_permission
MVESRV,master,no_permission,no_permission
MVESRV,tempdb,no_permission,no_permission
MVESRV,model,no_permission,no_permission
MVESRV,msdb,no_permission,no_permission
MVESRV,FRAMEWORK,no_permission,no_permission
MVESRV,MONITOR,no_permission,no_permission
MVESRV,QUARTZ,no_permission,no_permission
NEUROSRV,master,no_permission,no_permission
NEUROSRV,tempdb,no_permission,no_permission
NEUROSRV,model,no_permission,no_permission
NEUROSRV,msdb,no_permission,no_permission
NEUROSRV,ShellPlus,no_permission,no_permission
NEUROSRV,KPManagement,no_permission,no_permission
NEUROSRV,KPRaw0,no_permission,no_permission
NEUROSRV,KPArchive0,no_permission,no_permission
NOSOKOSDBS01-PI,master,no_permission,no_permission
NOSOKOSDBS01-PI,tempdb,no_permission,no_permission
NOSOKOSDBS01-PI,model,no_permission,no_permission
NOSOKOSDBS01-PI,msdb,no_permission,no_permission
NOSOKOSDBS01-PI,Mirth_Nosotech,no_permission,no_permission
NOSOKOSDBS01-PI,Nosokos7_PROD,no_permission,no_permission
NOSOKOSDBS01-PI,Nosotech_DDE_PROD,no_permission,no_permission
NOSOKOSDBS01-PI,Nosotech_Interface_ADT_PROD,no_permission,no_permission
NOSOKOSDBS01-PI,Nosotech_Interface_Laboratoire_PROD,no_permission,no_permission
ONKOZERTSRV,master,no_permission,no_permission
ONKOZERTSRV,tempdb,no_permission,no_permission
ONKOZERTSRV,model,no_permission,no_permission
ONKOZERTSRV,msdb,no_permission,no_permission
ONKOZERTSRV,TuDocGeneral,no_permission,no_permission
OPERA5DBS01-PI/OPERAPRD,master,no_permission,no_permission
OPERA5DBS01-PI/OPERAPRD,tempdb,no_permission,no_permission
OPERA5DBS01-PI/OPERAPRD,model,no_permission,no_permission
OPERA5DBS01-PI/OPERAPRD,msdb,no_permission,no_permission
OPERA5DBS01-PI/OPERAPRD,Opera40,no_permission,no_permission
OPERA5DBS01-PI/OPERAPRD,Operawarehouse40,no_permission,no_permission
OPERA5DBS01-PI/OPERAPRD,OperawarehouseWaiting40,no_permission,no_permission
OPERA5DBS01-PI/OPERAPRD,Int_Admis40,no_permission,no_permission
OPERA5DBS01-PI/OPERAPRD,MetaVision,no_permission,no_permission
OPERA5SAS01-TI/OPERATST,master,no_permission,no_permission
OPERA5SAS01-TI/OPERATST,tempdb,no_permission,no_permission
OPERA5SAS01-TI/OPERATST,model,no_permission,no_permission
OPERA5SAS01-TI/OPERATST,msdb,no_permission,no_permission
OPERA5SAS01-TI/OPERATST,Opera40,no_permission,no_permission
OPERA5SAS01-TI/OPERATST,Operawarehouse40,no_permission,no_permission
OPERA5SAS01-TI/OPERATST,OperawarehouseWaiting40,no_permission,no_permission
OPERA5SAS01-TI/OPERATST,Int_Admis40,no_permission,no_permission
OPERA5SAS01-TI/OPERATST,MetaVision,no_permission,no_permission
OPERA5SAS01-TI/OPERATST,TempOpera,no_permission,no_permission
OPSCCTSSAS01-PI,master,no_permission,no_permission
OPSCCTSSAS01-PI,tempdb,no_permission,no_permission
OPSCCTSSAS01-PI,model,no_permission,no_permission
OPSCCTSSAS01-PI,msdb,no_permission,no_permission
OPSCCTSSAS01-PI,configdb,no_permission,no_permission
OPSCCTSSAS01-PI,OSCADM,no_permission,no_permission
OPTIMDB,master,no_permission,no_permission
OPTIMDB,tempdb,no_permission,no_permission
OPTIMDB,model,no_permission,no_permission
OPTIMDB,msdb,no_permission,no_permission
OPTIMDB,OPTIM_OXS_PATIENT_MANAGEMENT_V8,no_permission,no_permission
OPTIMDB,OptimSPM4,no_permission,no_permission
ORGACARDDB01,master,no_permission,no_permission
ORGACARDDB01,tempdb,no_permission,no_permission
ORGACARDDB01,model,no_permission,no_permission
ORGACARDDB01,msdb,no_permission,no_permission
ORGACARDDB01,OCONE_HM,no_permission,no_permission
ORGACARDDB01,OCONE_CE,no_permission,no_permission
ORGACARDDB01,OCARCHIV_CE,no_permission,no_permission
ORGACARDDB01,OCARCHIV_HM,no_permission,no_permission
ORGACARDDB01,OCONE_Testsystem,no_permission,no_permission
ORGACARDDB01,OCONE_Schulungssystem,no_permission,no_permission
ORGACARDDB01,OCARCHIV_Testsystem,no_permission,no_permission
ORGACARDDB01,OCARCHIV_Schulungssystem,no_permission,no_permission
ORGCARDSAS-TI,master,no_permission,no_permission
ORGCARDSAS-TI,tempdb,no_permission,no_permission
ORGCARDSAS-TI,model,no_permission,no_permission
ORGCARDSAS-TI,msdb,no_permission,no_permission
PFMSAS02-PI/PFMSQL2016,master,no_permission,no_permission
PFMSAS02-PI/PFMSQL2016,tempdb,no_permission,no_permission
PFMSAS02-PI/PFMSQL2016,model,no_permission,no_permission
PFMSAS02-PI/PFMSQL2016,msdb,no_permission,no_permission
PFMSAS02-PI/PFMSQL2016,PFM_BD_Mouvements,no_permission,no_permission
RDMSRV,master,no_permission,no_permission
RDMSRV,tempdb,no_permission,no_permission
RDMSRV,model,no_permission,no_permission
RDMSRV,msdb,no_permission,no_permission
RDMSRV,EzDose,no_permission,no_permission
SAATMANNSRV,master,no_permission,no_permission
SAATMANNSRV,tempdb,no_permission,no_permission
SAATMANNSRV,model,no_permission,no_permission
SAATMANNSRV,msdb,no_permission,no_permission
SAATMANNSRV,DB_Schnittstelle,no_permission,no_permission
SAATMANNSRV,DB_GeDoWinQS,no_permission,no_permission
SAATMANNSRV,DB_QS_Monitor,no_permission,no_permission
SALTOSAS01-PI,master,no_permission,no_permission
SALTOSAS01-PI,tempdb,no_permission,no_permission
SALTOSAS01-PI,model,no_permission,no_permission
SALTOSAS01-PI,msdb,no_permission,no_permission
SALTOSAS01-PI,SALTO_SPACE,no_permission,no_permission
SALTOSAS01-PI,TBS_BAWSE,no_permission,no_permission
SALTOSAS01-TI,master,no_permission,no_permission
SALTOSAS01-TI,tempdb,no_permission,no_permission
SALTOSAS01-TI,model,no_permission,no_permission
SALTOSAS01-TI,msdb,no_permission,no_permission
SALTOSAS01-TI,SALTO_SPACE,no_permission,no_permission
SALTOSAS01-TI,TBS_BAWSE,no_permission,no_permission
SBIMSRV,master,no_permission,no_permission
SBIMSRV,tempdb,no_permission,no_permission
SBIMSRV,model,no_permission,no_permission
SBIMSRV,msdb,no_permission,no_permission
SBIMSRV,SBCOM$,no_permission,no_permission
SBIMSRV,SBCOM,no_permission,no_permission
SBIMSRV,SBDIRHM$,no_permission,no_permission
SBIMSRV,SBDIRHM,no_permission,no_permission
SBIMSRV,SBRCM$,no_permission,no_permission
SBIMSRV,SBRCM,no_permission,no_permission
SBIMSRV,SBRCMT,no_permission,no_permission
SBIMSRV,SBRIM$,no_permission,no_permission
SBIMSRV,SBRIM,no_permission,no_permission
SBIMSRV,SBSEC$,no_permission,no_permission
SBIMSRV,SBSEC,no_permission,no_permission
SBIMSRV,SBSYS,no_permission,no_permission
SBIMSRV,SBVIPAT$,no_permission,no_permission
SBIMSRV,SBVIPAT,no_permission,no_permission
SBIMTEST,master,no_permission,no_permission
SBIMTEST,tempdb,no_permission,no_permission
SBIMTEST,model,no_permission,no_permission
SBIMTEST,msdb,no_permission,no_permission
SBIMTEST,SBSYS,no_permission,no_permission
SBIMTEST,SBSEC,no_permission,no_permission
SBIMTEST,SBSEC$,no_permission,no_permission
SBIMTEST,SBCOM,no_permission,no_permission
SBIMTEST,SBCOM$,no_permission,no_permission
SBIMTEST,SBRCM,no_permission,no_permission
SBIMTEST,SBRCM$,no_permission,no_permission
SBIMTEST,SBRCMT,no_permission,no_permission
SBIMTEST,SBRIM,no_permission,no_permission
SBIMTEST,SBRIM$,no_permission,no_permission
SBIMTEST,SBDIRHM,no_permission,no_permission
SBIMTEST,SBDIRHM$,no_permission,no_permission
SBIMTEST,SBVIPAT,no_permission,no_permission
SBIMTEST,SBVIPAT$,no_permission,no_permission
SCCMCHL,master,no_permission,no_permission
SCCMCHL,tempdb,no_permission,no_permission
SCCMCHL,model,no_permission,no_permission
SCCMCHL,msdb,no_permission,no_permission
SCCMCHL,CM_CHL,no_permission,no_permission
SCCMREPORT,master,no_permission,no_permission
SCCMREPORT,tempdb,no_permission,no_permission
SCCMREPORT,model,no_permission,no_permission
SCCMREPORT,msdb,no_permission,no_permission
SCCMREPORT,ReportServer,no_permission,no_permission
SCCMREPORT,ReportServerTempDB,no_permission,no_permission
SCCMREPORT,CM_CHL_DW,no_permission,no_permission
SCCMSUP,master,no_permission,no_permission
SCCMSUP,tempdb,no_permission,no_permission
SCCMSUP,model,no_permission,no_permission
SCCMSUP,msdb,no_permission,no_permission
SCCMSUP,SUSDB,no_permission,no_permission
SCHAUFSRV,master,no_permission,no_permission
SCHAUFSRV,tempdb,no_permission,no_permission
SCHAUFSRV,model,no_permission,no_permission
SCHAUFSRV,msdb,no_permission,no_permission
SCHAUFSRV,sGuide,no_permission,no_permission
SCHAUFSRV,Q-Flex,no_permission,no_permission
SENTRYSUITESRV/SENTRYSUITE,master,no_permission,no_permission
SENTRYSUITESRV/SENTRYSUITE,tempdb,no_permission,no_permission
SENTRYSUITESRV/SENTRYSUITE,model,no_permission,no_permission
SENTRYSUITESRV/SENTRYSUITE,msdb,no_permission,no_permission
SENTRYSUITESRV/SENTRYSUITE,SentrySuite,no_permission,no_permission
SENTRYSUITESRV/SENTRYSUITE,SentryConnectGateway,no_permission,no_permission
SENTRYSUITETEST/SENTRYSUITE,master,no_permission,no_permission
SENTRYSUITETEST/SENTRYSUITE,tempdb,no_permission,no_permission
SENTRYSUITETEST/SENTRYSUITE,model,no_permission,no_permission
SENTRYSUITETEST/SENTRYSUITE,msdb,no_permission,no_permission
SENTRYSUITETEST/SENTRYSUITE,SentrySuite,no_permission,no_permission
SENTRYSUITETEST/SENTRYSUITE,SentryConnectGateway,no_permission,no_permission
SENTRYSUITETEST/SENTRYSUITE,SentryWorklist,no_permission,no_permission
SENTRYSUITETEST/SENTRYSUITE,DBCUBECHL,no_permission,no_permission
SHATEST,master,no_permission,no_permission
SHATEST,tempdb,no_permission,no_permission
SHATEST,model,no_permission,no_permission
SHATEST,msdb,no_permission,no_permission
SWLMAESDBS01-PI,master,no_permission,no_permission
SWLMAESDBS01-PI,tempdb,no_permission,no_permission
SWLMAESDBS01-PI,model,no_permission,no_permission
SWLMAESDBS01-PI,msdb,no_permission,no_permission
SWLMAESDBS01-PI,mirthdb,no_permission,no_permission
SWLMAESDBS01-TI,master,no_permission,no_permission
SWLMAESDBS01-TI,tempdb,no_permission,no_permission
SWLMAESDBS01-TI,model,no_permission,no_permission
SWLMAESDBS01-TI,msdb,no_permission,no_permission
SWLMAESDBS01-TI,mirthdb,no_permission,no_permission
SYSADMVWS01-DI,master,no_permission,no_permission
SYSADMVWS01-DI,tempdb,no_permission,no_permission
SYSADMVWS01-DI,model,no_permission,no_permission
SYSADMVWS01-DI,msdb,no_permission,no_permission
SYSEPUSAS01-PI,master,no_permission,no_permission
SYSEPUSAS01-PI,tempdb,no_permission,no_permission
SYSEPUSAS01-PI,model,no_permission,no_permission
SYSEPUSAS01-PI,msdb,no_permission,no_permission
SYSEPUSAS01-PI,ExtendedIPUConfigData,no_permission,no_permission
SYSEPUSAS01-PI,ExtendedIPURoutineCacheData_4.6.22,no_permission,no_permission
SYSEPUSAS01-PI,ExtendedIPU,no_permission,no_permission
SYSEPUSAS01-PI,ExtendedIPUAccessLogs,no_permission,no_permission
SYSEPUSAS01-PI,ExtendedIPUAnonymized,no_permission,no_permission
SYSEPUSAS01-PI,ExtendedIPUPDFFiles,no_permission,no_permission
SYSEPUSAS01-PI,ExtendedIPUStatistics,no_permission,no_permission
SYSMEXIPUSRV,master,no_permission,no_permission
SYSMEXIPUSRV,tempdb,no_permission,no_permission
SYSMEXIPUSRV,model,no_permission,no_permission
SYSMEXIPUSRV,msdb,no_permission,no_permission
SYSMEXIPUSRV,ExtendedIPU,no_permission,no_permission
SYSMEXIPUSRV,ExtendedIPUAnonymized,no_permission,no_permission
SYSMEXIPUSRV,ExtendedIPURoutineCacheData_4.6.22,no_permission,no_permission
SYSMEXIPUSRV,ExtendedIPUPDFFiles,no_permission,no_permission
SYSMEXIPUSRV,ExtendedIPUStatistics,no_permission,no_permission
SYSMEXIPUSRV,ExtendedIPUAccessLogs,no_permission,no_permission
SYSMEXIPUSRV,ExtendedIPUConfigData,no_permission,no_permission
THYCOTICDB,master,no_permission,no_permission
THYCOTICDB,tempdb,no_permission,no_permission
THYCOTICDB,model,no_permission,no_permission
THYCOTICDB,msdb,no_permission,no_permission
THYCOTICDB,SecretServer,no_permission,no_permission
THYCOTICSRV,master,no_permission,no_permission
THYCOTICSRV,tempdb,no_permission,no_permission
THYCOTICSRV,model,no_permission,no_permission
THYCOTICSRV,msdb,no_permission,no_permission
THYCOTICSRV,SecretServer,no_permission,no_permission
THYCOTICSRV,SecretServerInt,no_permission,no_permission
TSSTEST/SQLEXPRESS,master,no_permission,no_permission
TSSTEST/SQLEXPRESS,tempdb,no_permission,no_permission
TSSTEST/SQLEXPRESS,model,no_permission,no_permission
TSSTEST/SQLEXPRESS,msdb,no_permission,no_permission
TSSTEST/SQLEXPRESS,SecretServer,no_permission,no_permission
TSSTEST/SQLEXPRESS,tmp_hra,no_permission,no_permission
WSSQL01,master,no_permission,no_permission
WSSQL01,tempdb,no_permission,no_permission
WSSQL01,model,no_permission,no_permission
WSSQL01,msdb,no_permission,no_permission
WSSQL01,portier,no_permission,no_permission
WSSQL01,Papercut,no_permission,no_permission
WSSQL01,S4L,no_permission,no_permission
WSSQL01,UniteData,no_permission,no_permission
WSSQL01,UniteAnalyzer,no_permission,no_permission
WSSQL01,UniteAuditTrail,no_permission,no_permission
WSSQL01,UniteConnect,no_permission,no_permission
WSSQL01,ePO_WSEPO01,no_permission,no_permission
WSSQL01,ePO_WSEPO01_Events,no_permission,no_permission
WSSQL01,Carrousel,no_permission,no_permission
WSSQL01,Shared_sync_hra,no_permission,no_permission
WSSQL01,Shared_sync_hra_prod,no_permission,no_permission
WSSQLMED01,master,no_permission,no_permission
WSSQLMED01,tempdb,no_permission,no_permission
WSSQLMED01,model,no_permission,no_permission
WSSQLMED01,msdb,no_permission,no_permission
WSSQLMED01,MUSE_System,no_permission,no_permission
WSSQLMED01,MUSE_SiteTemplate,no_permission,no_permission
WSSQLMED01,MUSE_Site0001,no_permission,no_permission
WSSQLMED01,test,no_permission,no_permission
WSSQLMED01,ATLAS,no_permission,no_permission
WSSQLMED01,AdvArchive,no_permission,no_permission
WSSQLMED01,AdvLog,no_permission,no_permission
WSSQLMED01,AdvSetup,no_permission,no_permission
WSSQLMED01,Diamant,no_permission,no_permission
WSSQLMED01,Matcher_CHLux,no_permission,no_permission
WSSQLTEST01,master,no_permission,no_permission
WSSQLTEST01,tempdb,no_permission,no_permission
WSSQLTEST01,model,no_permission,no_permission
WSSQLTEST01,msdb,no_permission,no_permission
WSSQLTEST01,S4L,no_permission,no_permission
WSSQLTEST01,ONETRUST_REPORTING,no_permission,no_permission
WSSQLTEST01,S4L_rebuild,no_permission,no_permission
WSSQLTEST01,igrc,no_permission,no_permission
WSSQLTEST01,PFM_BD_Mouvements,no_permission,no_permission
WSSQLTEST01,CHL_IPAM,CONNECT,GRANT
ZCMSQL,master,no_permission,no_permission
ZCMSQL,tempdb,no_permission,no_permission
ZCMSQL,model,no_permission,no_permission
ZCMSQL,msdb,no_permission,no_permission
ZCMSQL,DBAudit,no_permission,no_permission
ZCMSQL,ZCM_CHL,no_permission,no_permission
