BA1,0,_sys_logon_delay
BA1,3,sec_max_failed_login_attempts
BA1,(DROP3),sec_protocol_error_further_action
BA1,EMPTY,pdb_os_credential
BA1,EMPTY,utl_file_dir
BA1,FALSE,os_roles
BA1,FALSE,remote_os_authent
BA1,FALSE,remote_os_roles
BA1,FALSE,sec_return_server_release_banner
BA1,FALSE,Unified Auditing
BA1,NONE,audit_trail
BA1,TRACE,sec_protocol_error_trace_action
BA1,TRUE,audit_sys_operations
BA1,TRUE,resource_limit
BA1,TRUE,sec_case_sensitive_logon
BA3,0,_sys_logon_delay
BA3,3,sec_max_failed_login_attempts
BA3,(DROP3),sec_protocol_error_further_action
BA3,EMPTY,pdb_os_credential
BA3,EMPTY,utl_file_dir
BA3,FALSE,os_roles
BA3,FALSE,remote_os_authent
BA3,FALSE,remote_os_roles
BA3,FALSE,sec_return_server_release_banner
BA3,FALSE,Unified Auditing
BA3,NONE,audit_trail
BA3,TRACE,sec_protocol_error_trace_action
BA3,TRUE,audit_sys_operations
BA3,TRUE,resource_limit
BA3,TRUE,sec_case_sensitive_logon
BJ1,0,_sys_logon_delay
BJ1,3,sec_max_failed_login_attempts
BJ1,(DROP3),sec_protocol_error_further_action
BJ1,EMPTY,pdb_os_credential
BJ1,EMPTY,utl_file_dir
BJ1,FALSE,os_roles
BJ1,FALSE,remote_os_roles
BJ1,FALSE,sec_return_server_release_banner
BJ1,FALSE,Unified Auditing
BJ1,NONE,audit_trail
BJ1,TRACE,sec_protocol_error_trace_action
BJ1,TRUE,audit_sys_operations
BJ1,TRUE,remote_os_authent
BJ1,TRUE,resource_limit
BJ1,TRUE,sec_case_sensitive_logon
BJ3,0,_sys_logon_delay
BJ3,3,sec_max_failed_login_attempts
BJ3,(DROP3),sec_protocol_error_further_action
BJ3,EMPTY,pdb_os_credential
BJ3,EMPTY,utl_file_dir
BJ3,FALSE,os_roles
BJ3,FALSE,remote_os_authent
BJ3,FALSE,remote_os_roles
BJ3,FALSE,sec_return_server_release_banner
BJ3,FALSE,Unified Auditing
BJ3,NONE,audit_trail
BJ3,TRACE,sec_protocol_error_trace_action
BJ3,TRUE,audit_sys_operations
BJ3,TRUE,resource_limit
BJ3,TRUE,sec_case_sensitive_logon
BW1,0,_sys_logon_delay
BW1,3,sec_max_failed_login_attempts
BW1,(DROP3),sec_protocol_error_further_action
BW1,EMPTY,pdb_os_credential
BW1,EMPTY,utl_file_dir
BW1,FALSE,os_roles
BW1,FALSE,remote_os_authent
BW1,FALSE,remote_os_roles
BW1,FALSE,sec_return_server_release_banner
BW1,FALSE,Unified Auditing
BW1,NONE,audit_trail
BW1,TRACE,sec_protocol_error_trace_action
BW1,TRUE,audit_sys_operations
BW1,TRUE,resource_limit
BW1,TRUE,sec_case_sensitive_logon
CHC,0,_sys_logon_delay
CHC,3,sec_max_failed_login_attempts
CHC,(DROP3),sec_protocol_error_further_action
CHC,EMPTY,pdb_os_credential
CHC,EMPTY,utl_file_dir
CHC,FALSE,os_roles
CHC,FALSE,remote_os_authent
CHC,FALSE,remote_os_roles
CHC,FALSE,sec_return_server_release_banner
CHC,FALSE,Unified Auditing
CHC,NONE,audit_trail
CHC,TRACE,sec_protocol_error_trace_action
CHC,TRUE,audit_sys_operations
CHC,TRUE,resource_limit
CHC,TRUE,sec_case_sensitive_logon
CHL,0,_sys_logon_delay
CHL,3,sec_max_failed_login_attempts
CHL,(DROP3),sec_protocol_error_further_action
CHL,EMPTY,pdb_os_credential
CHL,EMPTY,utl_file_dir
CHL,FALSE,os_roles
CHL,FALSE,remote_os_authent
CHL,FALSE,remote_os_roles
CHL,FALSE,sec_return_server_release_banner
CHL,FALSE,Unified Auditing
CHL,NONE,audit_trail
CHL,TRACE,sec_protocol_error_trace_action
CHL,TRUE,audit_sys_operations
CHL,TRUE,resource_limit
CHL,TRUE,sec_case_sensitive_logon
CYBERDEV,0,_sys_logon_delay
CYBERDEV,3,sec_max_failed_login_attempts
CYBERDEV,DB,audit_trail
CYBERDEV,(DROP3),sec_protocol_error_further_action
CYBERDEV,EMPTY,pdb_os_credential
CYBERDEV,EMPTY,utl_file_dir
CYBERDEV,FALSE,os_roles
CYBERDEV,FALSE,remote_os_authent
CYBERDEV,FALSE,remote_os_roles
CYBERDEV,FALSE,sec_return_server_release_banner
CYBERDEV,FALSE,Unified Auditing
CYBERDEV,TRACE,sec_protocol_error_trace_action
CYBERDEV,TRUE,audit_sys_operations
CYBERDEV,TRUE,resource_limit
CYBERDEV,TRUE,sec_case_sensitive_logon
CYBERLAB,0,_sys_logon_delay
CYBERLAB,3,sec_max_failed_login_attempts
CYBERLAB,DB,audit_trail
CYBERLAB,(DROP3),sec_protocol_error_further_action
CYBERLAB,EMPTY,pdb_os_credential
CYBERLAB,EMPTY,utl_file_dir
CYBERLAB,FALSE,os_roles
CYBERLAB,FALSE,remote_os_authent
CYBERLAB,FALSE,remote_os_roles
CYBERLAB,FALSE,sec_return_server_release_banner
CYBERLAB,FALSE,Unified Auditing
CYBERLAB,TRACE,sec_protocol_error_trace_action
CYBERLAB,TRUE,audit_sys_operations
CYBERLAB,TRUE,resource_limit
CYBERLAB,TRUE,sec_case_sensitive_logon
DIM,0,_sys_logon_delay
DIM,3,sec_max_failed_login_attempts
DIM,DB,audit_trail
DIM,(DROP3),sec_protocol_error_further_action
DIM,EMPTY,pdb_os_credential
DIM,EMPTY,utl_file_dir
DIM,FALSE,os_roles
DIM,FALSE,remote_os_authent
DIM,FALSE,remote_os_roles
DIM,FALSE,sec_return_server_release_banner
DIM,FALSE,Unified Auditing
DIM,TRACE,sec_protocol_error_trace_action
DIM,TRUE,audit_sys_operations
DIM,TRUE,resource_limit
DIM,TRUE,sec_case_sensitive_logon
ENNOV,0,_sys_logon_delay
ENNOV,3,sec_max_failed_login_attempts
ENNOV,DB,audit_trail
ENNOV,(DROP3),sec_protocol_error_further_action
ENNOV,EMPTY,pdb_os_credential
ENNOV,EMPTY,utl_file_dir
ENNOV,FALSE,os_roles
ENNOV,FALSE,remote_os_authent
ENNOV,FALSE,remote_os_roles
ENNOV,FALSE,sec_return_server_release_banner
ENNOV,FALSE,Unified Auditing
ENNOVT,0,_sys_logon_delay
ENNOVT,3,sec_max_failed_login_attempts
ENNOVT,(DROP3),sec_protocol_error_further_action
ENNOVT,EMPTY,pdb_os_credential
ENNOVT,EMPTY,utl_file_dir
ENNOVT,FALSE,os_roles
ENNOVT,FALSE,remote_os_authent
ENNOVT,FALSE,remote_os_roles
ENNOVT,FALSE,sec_return_server_release_banner
ENNOVT,FALSE,Unified Auditing
ENNOVT,NONE,audit_trail
ENNOV,TRACE,sec_protocol_error_trace_action
ENNOV,TRUE,audit_sys_operations
ENNOV,TRUE,resource_limit
ENNOV,TRUE,sec_case_sensitive_logon
ENNOVT,TRACE,sec_protocol_error_trace_action
ENNOVT,TRUE,audit_sys_operations
ENNOVT,TRUE,resource_limit
ENNOVT,TRUE,sec_case_sensitive_logon
HYDPRDG5,0,_sys_logon_delay
HYDPRDG5,3,sec_max_failed_login_attempts
HYDPRDG5,DB,audit_trail
HYDPRDG5,(DROP3),sec_protocol_error_further_action
HYDPRDG5,EMPTY,pdb_os_credential
HYDPRDG5,EMPTY,utl_file_dir
HYDPRDG5,FALSE,os_roles
HYDPRDG5,FALSE,remote_os_authent
HYDPRDG5,FALSE,remote_os_roles
HYDPRDG5,FALSE,sec_return_server_release_banner
HYDPRDG5,FALSE,Unified Auditing
HYDPRDG5,TRACE,sec_protocol_error_trace_action
HYDPRDG5,TRUE,audit_sys_operations
HYDPRDG5,TRUE,resource_limit
HYDPRDG5,TRUE,sec_case_sensitive_logon
HYDTEST,0,_sys_logon_delay
HYDTEST,3,sec_max_failed_login_attempts
HYDTEST,(DROP3),sec_protocol_error_further_action
HYDTEST,EMPTY,pdb_os_credential
HYDTEST,EMPTY,utl_file_dir
HYDTEST,FALSE,os_roles
HYDTEST,FALSE,remote_os_authent
HYDTEST,FALSE,remote_os_roles
HYDTEST,FALSE,sec_return_server_release_banner
HYDTEST,FALSE,Unified Auditing
HYDTEST,NONE,audit_trail
HYDTEST,TRACE,sec_protocol_error_trace_action
HYDTEST,TRUE,audit_sys_operations
HYDTEST,TRUE,resource_limit
HYDTEST,TRUE,sec_case_sensitive_logon
LABO,0,_sys_logon_delay
LABO,3,sec_max_failed_login_attempts
LABO,DB,audit_trail
LABODEV,0,_sys_logon_delay
LABODEV,3,sec_max_failed_login_attempts
LABODEV,DB,audit_trail
LABODEV,(DROP3),sec_protocol_error_further_action
LABODEV,EMPTY,pdb_os_credential
LABODEV,EMPTY,utl_file_dir
LABODEV,FALSE,os_roles
LABODEV,FALSE,remote_os_authent
LABODEV,FALSE,remote_os_roles
LABODEV,FALSE,sec_return_server_release_banner
LABODEV,FALSE,Unified Auditing
LABODEV,TRACE,sec_protocol_error_trace_action
LABODEV,TRUE,audit_sys_operations
LABODEV,TRUE,resource_limit
LABODEV,TRUE,sec_case_sensitive_logon
LABO,(DROP3),sec_protocol_error_further_action
LABO,EMPTY,pdb_os_credential
LABO,EMPTY,utl_file_dir
LABO,FALSE,os_roles
LABO,FALSE,remote_os_authent
LABO,FALSE,remote_os_roles
LABO,FALSE,sec_return_server_release_banner
LABO,FALSE,Unified Auditing
LABOTEST,0,_sys_logon_delay
LABOTEST,3,sec_max_failed_login_attempts
LABOTEST,DB,audit_trail
LABOTEST,(DROP3),sec_protocol_error_further_action
LABOTEST,EMPTY,pdb_os_credential
LABOTEST,EMPTY,utl_file_dir
LABOTEST,FALSE,os_roles
LABOTEST,FALSE,remote_os_authent
LABOTEST,FALSE,remote_os_roles
LABOTEST,FALSE,sec_return_server_release_banner
LABOTEST,FALSE,Unified Auditing
LABOTEST,TRACE,sec_protocol_error_trace_action
LABOTEST,TRUE,audit_sys_operations
LABOTEST,TRUE,resource_limit
LABOTEST,TRUE,sec_case_sensitive_logon
LABO,TRACE,sec_protocol_error_trace_action
LABO,TRUE,audit_sys_operations
LABO,TRUE,resource_limit
LABO,TRUE,sec_case_sensitive_logon
MIRTH,0,_sys_logon_delay
MIRTH,3,sec_max_failed_login_attempts
MIRTH,(DROP3),sec_protocol_error_further_action
MIRTH,EMPTY,pdb_os_credential
MIRTH,EMPTY,utl_file_dir
MIRTH,FALSE,os_roles
MIRTH,FALSE,remote_os_authent
MIRTH,FALSE,remote_os_roles
MIRTH,FALSE,sec_return_server_release_banner
MIRTH,FALSE,Unified Auditing
MIRTH,NONE,audit_trail
MIRTHT,0,_sys_logon_delay
MIRTHT,3,sec_max_failed_login_attempts
MIRTHT,(DROP3),sec_protocol_error_further_action
MIRTHT,EMPTY,pdb_os_credential
MIRTHT,EMPTY,utl_file_dir
MIRTHT,FALSE,os_roles
MIRTHT,FALSE,remote_os_authent
MIRTHT,FALSE,remote_os_roles
MIRTHT,FALSE,sec_return_server_release_banner
MIRTHT,FALSE,Unified Auditing
MIRTHT,NONE,audit_trail
MIRTH,TRACE,sec_protocol_error_trace_action
MIRTH,TRUE,audit_sys_operations
MIRTH,TRUE,resource_limit
MIRTH,TRUE,sec_case_sensitive_logon
MIRTHT,TRACE,sec_protocol_error_trace_action
MIRTHT,TRUE,audit_sys_operations
MIRTHT,TRUE,resource_limit
MIRTHT,TRUE,sec_case_sensitive_logon
NA3,0,_sys_logon_delay
NA3,3,sec_max_failed_login_attempts
NA3,(DROP3),sec_protocol_error_further_action
NA3,EMPTY,pdb_os_credential
NA3,EMPTY,utl_file_dir
NA3,FALSE,os_roles
NA3,FALSE,remote_os_authent
NA3,FALSE,remote_os_roles
NA3,FALSE,sec_return_server_release_banner
NA3,FALSE,Unified Auditing
NA3,NONE,audit_trail
NA3,TRACE,sec_protocol_error_trace_action
NA3,TRUE,audit_sys_operations
NA3,TRUE,resource_limit
NA3,TRUE,sec_case_sensitive_logon
NJ3,0,_sys_logon_delay
NJ3,3,sec_max_failed_login_attempts
NJ3,(DROP3),sec_protocol_error_further_action
NJ3,EMPTY,pdb_os_credential
NJ3,EMPTY,utl_file_dir
NJ3,FALSE,os_roles
NJ3,FALSE,remote_os_roles
NJ3,FALSE,sec_return_server_release_banner
NJ3,FALSE,Unified Auditing
NJ3,NONE,audit_trail
NJ3,TRACE,sec_protocol_error_trace_action
NJ3,TRUE,audit_sys_operations
NJ3,TRUE,remote_os_authent
NJ3,TRUE,resource_limit
NJ3,TRUE,sec_case_sensitive_logon
OEM,0,_sys_logon_delay
OEM,3,sec_max_failed_login_attempts
OEM,DB,audit_trail
OEM,(DROP3),sec_protocol_error_further_action
OEM,EMPTY,pdb_os_credential
OEM,EMPTY,utl_file_dir
OEM,FALSE,os_roles
OEM,FALSE,remote_os_authent
OEM,FALSE,remote_os_roles
OEM,FALSE,sec_return_server_release_banner
OEM,FALSE,Unified Auditing
OEM,TRACE,sec_protocol_error_trace_action
OEM,TRUE,audit_sys_operations
OEM,TRUE,resource_limit
OEM,TRUE,sec_case_sensitive_logon
ORAWEB,0,_sys_logon_delay
ORAWEB,3,sec_max_failed_login_attempts
ORAWEB,DB,audit_trail
ORAWEB,(DROP3),sec_protocol_error_further_action
ORAWEB,EMPTY,pdb_os_credential
ORAWEB,EMPTY,utl_file_dir
ORAWEB,FALSE,os_roles
ORAWEB,FALSE,remote_os_authent
ORAWEB,FALSE,remote_os_roles
ORAWEB,FALSE,sec_return_server_release_banner
ORAWEB,FALSE,Unified Auditing
ORAWEBT,0,_sys_logon_delay
ORAWEBT,3,sec_max_failed_login_attempts
ORAWEBT,DB,audit_trail
ORAWEBT,(DROP3),sec_protocol_error_further_action
ORAWEBT,EMPTY,pdb_os_credential
ORAWEBT,EMPTY,utl_file_dir
ORAWEBT,FALSE,os_roles
ORAWEBT,FALSE,remote_os_authent
ORAWEBT,FALSE,remote_os_roles
ORAWEBT,FALSE,sec_return_server_release_banner
ORAWEBT,FALSE,Unified Auditing
ORAWEB,TRACE,sec_protocol_error_trace_action
ORAWEB,TRUE,audit_sys_operations
ORAWEB,TRUE,resource_limit
ORAWEB,TRUE,sec_case_sensitive_logon
ORAWEBT,TRACE,sec_protocol_error_trace_action
ORAWEBT,TRUE,audit_sys_operations
ORAWEBT,TRUE,resource_limit
ORAWEBT,TRUE,sec_case_sensitive_logon
RETRO,0,_sys_logon_delay
RETRO,3,sec_max_failed_login_attempts
RETRO,DB,audit_trail
RETRODEV,0,_sys_logon_delay
RETRODEV,3,sec_max_failed_login_attempts
RETRODEV,DB,audit_trail
RETRODEV,(DROP3),sec_protocol_error_further_action
RETRODEV,EMPTY,pdb_os_credential
RETRODEV,EMPTY,utl_file_dir
RETRODEV,FALSE,os_roles
RETRODEV,FALSE,remote_os_authent
RETRODEV,FALSE,remote_os_roles
RETRODEV,FALSE,sec_return_server_release_banner
RETRODEV,FALSE,Unified Auditing
RETRODEV,TRACE,sec_protocol_error_trace_action
RETRODEV,TRUE,audit_sys_operations
RETRODEV,TRUE,resource_limit
RETRODEV,TRUE,sec_case_sensitive_logon
RETRO,(DROP3),sec_protocol_error_further_action
RETRO,EMPTY,pdb_os_credential
RETRO,EMPTY,utl_file_dir
RETRO,FALSE,os_roles
RETRO,FALSE,remote_os_authent
RETRO,FALSE,remote_os_roles
RETRO,FALSE,sec_return_server_release_banner
RETRO,FALSE,Unified Auditing
RETRO,TRACE,sec_protocol_error_trace_action
RETRO,TRUE,audit_sys_operations
RETRO,TRUE,resource_limit
RETRO,TRUE,sec_case_sensitive_logon
RETROUAT,0,_sys_logon_delay
RETROUAT,3,sec_max_failed_login_attempts
RETROUAT,DB,audit_trail
RETROUAT,(DROP3),sec_protocol_error_further_action
RETROUAT,EMPTY,pdb_os_credential
RETROUAT,EMPTY,utl_file_dir
RETROUAT,FALSE,os_roles
RETROUAT,FALSE,remote_os_authent
RETROUAT,FALSE,remote_os_roles
RETROUAT,FALSE,sec_return_server_release_banner
RETROUAT,FALSE,Unified Auditing
RETROUAT,TRACE,sec_protocol_error_trace_action
RETROUAT,TRUE,audit_sys_operations
RETROUAT,TRUE,resource_limit
RETROUAT,TRUE,sec_case_sensitive_logon
RISCHL,0,_sys_logon_delay
RISCHL,3,sec_max_failed_login_attempts
RISCHL,(DROP3),sec_protocol_error_further_action
RISCHL,EMPTY,pdb_os_credential
RISCHL,EMPTY,utl_file_dir
RISCHL,FALSE,os_roles
RISCHL,FALSE,remote_os_authent
RISCHL,FALSE,remote_os_roles
RISCHL,FALSE,sec_return_server_release_banner
RISCHL,FALSE,Unified Auditing
RISCHL,NONE,audit_trail
RISCHL,TRACE,sec_protocol_error_trace_action
RISCHL,TRUE,audit_sys_operations
RISCHL,TRUE,resource_limit
RISCHL,TRUE,sec_case_sensitive_logon
SHERDEV,0,_sys_logon_delay
SHERDEV,3,sec_max_failed_login_attempts
SHERDEV,(DROP3),sec_protocol_error_further_action
SHERDEV,EMPTY,pdb_os_credential
SHERDEV,EMPTY,utl_file_dir
SHERDEV,FALSE,os_roles
SHERDEV,FALSE,remote_os_authent
SHERDEV,FALSE,remote_os_roles
SHERDEV,FALSE,sec_return_server_release_banner
SHERDEV,FALSE,Unified Auditing
SHERDEV,NONE,audit_trail
SHERDEV,TRACE,sec_protocol_error_trace_action
SHERDEV,TRUE,audit_sys_operations
SHERDEV,TRUE,resource_limit
SHERDEV,TRUE,sec_case_sensitive_logon
SHERLOCK,0,_sys_logon_delay
SHERLOCK,3,sec_max_failed_login_attempts
SHERLOCK,(DROP3),sec_protocol_error_further_action
SHERLOCK,EMPTY,pdb_os_credential
SHERLOCK,EMPTY,utl_file_dir
SHERLOCK,FALSE,os_roles
SHERLOCK,FALSE,remote_os_authent
SHERLOCK,FALSE,remote_os_roles
SHERLOCK,FALSE,sec_return_server_release_banner
SHERLOCK,FALSE,Unified Auditing
SHERLOCK,NONE,audit_trail
SHERLOCK,TRACE,sec_protocol_error_trace_action
SHERLOCK,TRUE,audit_sys_operations
SHERLOCK,TRUE,resource_limit
SHERLOCK,TRUE,sec_case_sensitive_logon
