APEXCENTRAL/SQLEXPRESS,BUILTIN/Administrators,CONNECT SQL,GRANT
APEXONE/OFFICESCAN,BUILTIN/Administrators,CONNECT SQL,GRANT
BRAINWAVEDB,NoGroup,NoPerm,NoState
CATOSRV,NoGroup,NoPerm,NoState
CATOTEST,BUILTIN/Administrators,CONNECT SQL,GRANT
CHIPTEXSAS01-PI,BUILTIN/Users,CONNECT SQL,GRANT
CNSSQL1,BUILTIN/Administrators,CONNECT SQL,GRANT
COPLIVEDBS01-PI,NoGroup,NoPerm,NoState
COPRA6COPUS,NoGroup,NoPerm,NoState
COPRADEMO,BUILTIN/Administrators,CONNECT SQL,GRANT
COPRADEMO,BUILTIN/Users,CONNECT SQL,GRANT
COPRALIVE,BUILTIN/Administrators,CONNECT SQL,GRANT
COPRASTAT,BUILTIN/Administrators,CONNECT SQL,GRANT
COPRATEST,BUILTIN/Administrators,CONNECT SQL,GRANT
COPSTATDBS01-PI,NoGroup,NoPerm,NoState
DRAGONDB/SQLEXPRESS,BUILTIN/Users,CONNECT SQL,GRANT
ECGSRV/SQL2016,NoGroup,NoPerm,NoState
ECGTEST/SQL2016,NoGroup,NoPerm,NoState
ENDOBASESRV/MSSQLENDOBASE,BUILTIN/Administrators,CONNECT SQL,GRANT
ESTOSPROCALL,BUILTIN/Administrators,CONNECT SQL,GRANT
ESTOSPROCALL,BUILTIN/Users,CONNECT SQL,GRANT
IMAGEDRIVEDB,BUILTIN/Administrators,CONNECT SQL,GRANT
INFINITYGW,BUILTIN/Administrators,CONNECT SQL,GRANT
INFINITYGW,BUILTIN/Users,CONNECT SQL,GRANT
INFRASQL,BUILTIN/Administrators,CONNECT SQL,GRANT
ITCDB01,NoGroup,NoPerm,NoState
LABOSOMSRV,BUILTIN/Administrators,CONNECT SQL,GRANT
LABOSOMSRV,BUILTIN/Users,CONNECT SQL,GRANT
LABOSRV,BUILTIN/Users,CONNECT SQL,GRANT
MATCHERSRV,BUILTIN/Administrators,CONNECT SQL,GRANT
MATCHERSRV,BUILTIN/Users,CONNECT SQL,GRANT
METAVI6DBS01-DI,NoGroup,NoPerm,NoState
METAVI6DBS01-PI,NoGroup,NoPerm,NoState
METAVI6DBS01-TI,NoGroup,NoPerm,NoState
MVDB23,NoGroup,NoPerm,NoState
MVDBTEST23,NoGroup,NoPerm,NoState
MVDEVDBS01-TI,NoGroup,NoPerm,NoState
MVESRV,BUILTIN/Administrators,CONNECT SQL,GRANT
MVESRV,BUILTIN/Users,CONNECT SQL,GRANT
NEUROSRV,BUILTIN/Administrators,CONNECT SQL,GRANT
NOSOKOSDBS01-PI,NoGroup,NoPerm,NoState
ONKOZERTSRV,BUILTIN/Administrators,CONNECT SQL,GRANT
ONKOZERTSRV,BUILTIN/Users,CONNECT SQL,GRANT
OPERA5DBS01-PI/OPERAPRD,NoGroup,NoPerm,NoState
OPERA5SAS01-TI/OPERATST,NoGroup,NoPerm,NoState
OPSCCTSSAS01-PI,BUILTIN/Users,CONNECT SQL,GRANT
OPTIMDB,NoGroup,NoPerm,NoState
ORGACARDDB01,NoGroup,NoPerm,NoState
ORGCARDSAS-TI,NoGroup,NoPerm,NoState
PFMSAS02-PI/PFMSQL2016,BUILTIN/Administrators,CONNECT SQL,GRANT
RDMSRV,BUILTIN/Administrators,CONNECT SQL,GRANT
SAATMANNSRV,BUILTIN/Administrators,CONNECT SQL,GRANT
SAATMANNSRV,BUILTIN/Users,CONNECT SQL,GRANT
SALTOSAS01-PI,BUILTIN/Users,CONNECT SQL,GRANT
SALTOSAS01-TI,BUILTIN/Users,CONNECT SQL,GRANT
SBIMSRV,BUILTIN/Administrators,CONNECT SQL,GRANT
SBIMSRV,BUILTIN/Users,CONNECT SQL,GRANT
SBIMTEST,BUILTIN/Administrators,CONNECT SQL,GRANT
SBIMTEST,BUILTIN/Users,CONNECT SQL,GRANT
SCCMCHL,BUILTIN/Administrators,CONNECT SQL,GRANT
SCCMCHL,SCCMCHL/ConfigMgr_DViewAccess,CONNECT SQL,GRANT
SCCMREPORT,BUILTIN/Administrators,CONNECT SQL,GRANT
SCCMSUP,BUILTIN/Administrators,CONNECT SQL,GRANT
SCCMSUP,SCCMSUP/WSUS Administrators,CONNECT SQL,GRANT
SCHAUFSRV,BUILTIN/Administrators,CONNECT SQL,GRANT
SCHAUFSRV,BUILTIN/Users,CONNECT SQL,GRANT
SENTRYSUITESRV/SENTRYSUITE,BUILTIN/Administrators,CONNECT SQL,GRANT
SENTRYSUITETEST/SENTRYSUITE,BUILTIN/Administrators,CONNECT SQL,GRANT
SHATEST,BUILTIN/Administrators,CONNECT SQL,GRANT
SWLMAESDBS01-PI,BUILTIN/Users,CONNECT SQL,GRANT
SWLMAESDBS01-TI,BUILTIN/Users,CONNECT SQL,GRANT
SYSADMVWS01-DI,NoGroup,NoPerm,NoState
SYSEPUSAS01-PI,NoGroup,NoPerm,NoState
SYSMEXIPUSRV,BUILTIN/Administrators,CONNECT SQL,GRANT
THYCOTICDB,BUILTIN/Users,CONNECT SQL,GRANT
THYCOTICSRV,BUILTIN/Users,CONNECT SQL,GRANT
TSSTEST/SQLEXPRESS,BUILTIN/Users,CONNECT SQL,GRANT
WSSQL01,BUILTIN/Administrators,CONNECT SQL,GRANT
WSSQLMED01,NoGroup,NoPerm,NoState
WSSQLTEST01,NoGroup,NoPerm,NoState
ZCMSQL,BUILTIN/Administrators,CONNECT SQL,GRANT
