APEXCENTRAL/SQLEXPRESS,master,symmetric,NoSymKeyFound,NotFound
APEXCENTRAL/SQLEXPRESS,tempdb,symmetric,NoSymKeyFound,NotFound
APEXCENTRAL/SQLEXPRESS,model,symmetric,NoSymKeyFound,NotFound
APEXCENTRAL/SQLEXPRESS,msdb,symmetric,NoSymKeyFound,NotFound
APEXCENTRAL/SQLEXPRESS,db_ApexCentral,symmetric,NoSymKeyFound,NotFound
APEXCENTRAL/SQLEXPRESS,master,asymmetric,NoAsymKeyFound,NotFound
APEXCENTRAL/SQLEXPRESS,tempdb,asymmetric,NoAsymKeyFound,NotFound
APEXCENTRAL/SQLEXPRESS,model,asymmetric,NoAsymKeyFound,NotFound
APEXCENTRAL/SQLEXPRESS,msdb,asymmetric,NoAsymKeyFound,NotFound
APEXCENTRAL/SQLEXPRESS,db_ApexCentral,asymmetric,NoAsymKeyFound,NotFound
APEXONE/OFFICESCAN,master,symmetric,NoSymKeyFound,NotFound
APEXONE/OFFICESCAN,tempdb,symmetric,NoSymKeyFound,NotFound
APEXONE/OFFICESCAN,model,symmetric,NoSymKeyFound,NotFound
APEXONE/OFFICESCAN,msdb,symmetric,NoSymKeyFound,NotFound
APEXONE/OFFICESCAN,APEXONE-ApexOne,symmetric,NoSymKeyFound,NotFound
APEXONE/OFFICESCAN,master,asymmetric,NoAsymKeyFound,NotFound
APEXONE/OFFICESCAN,tempdb,asymmetric,NoAsymKeyFound,NotFound
APEXONE/OFFICESCAN,model,asymmetric,NoAsymKeyFound,NotFound
APEXONE/OFFICESCAN,msdb,asymmetric,NoAsymKeyFound,NotFound
APEXONE/OFFICESCAN,APEXONE-ApexOne,asymmetric,NoAsymKeyFound,NotFound
BRAINWAVEDB,master,symmetric,NoSymKeyFound,NotFound
BRAINWAVEDB,tempdb,symmetric,NoSymKeyFound,NotFound
BRAINWAVEDB,model,symmetric,NoSymKeyFound,NotFound
BRAINWAVEDB,msdb,symmetric,NoSymKeyFound,NotFound
BRAINWAVEDB,igrc,symmetric,NoSymKeyFound,NotFound
BRAINWAVEDB,brainwave_Old,symmetric,NoSymKeyFound,NotFound
BRAINWAVEDB,master,asymmetric,NoAsymKeyFound,NotFound
BRAINWAVEDB,tempdb,asymmetric,NoAsymKeyFound,NotFound
BRAINWAVEDB,model,asymmetric,NoAsymKeyFound,NotFound
BRAINWAVEDB,msdb,asymmetric,NoAsymKeyFound,NotFound
BRAINWAVEDB,igrc,asymmetric,NoAsymKeyFound,NotFound
BRAINWAVEDB,brainwave_Old,asymmetric,NoAsymKeyFound,NotFound
CATOSRV,master,symmetric,NoSymKeyFound,NotFound
CATOSRV,tempdb,symmetric,NoSymKeyFound,NotFound
CATOSRV,model,symmetric,NoSymKeyFound,NotFound
CATOSRV,msdb,symmetric,NoSymKeyFound,NotFound
CATOSRV,Cato,symmetric,NoSymKeyFound,NotFound
CATOSRV,master,asymmetric,NoAsymKeyFound,NotFound
CATOSRV,tempdb,asymmetric,NoAsymKeyFound,NotFound
CATOSRV,model,asymmetric,NoAsymKeyFound,NotFound
CATOSRV,msdb,asymmetric,NoAsymKeyFound,NotFound
CATOSRV,Cato,asymmetric,NoAsymKeyFound,NotFound
CATOTEST,master,symmetric,NoSymKeyFound,NotFound
CATOTEST,tempdb,symmetric,NoSymKeyFound,NotFound
CATOTEST,model,symmetric,NoSymKeyFound,NotFound
CATOTEST,msdb,symmetric,NoSymKeyFound,NotFound
CATOTEST,Cato-test,symmetric,NoSymKeyFound,NotFound
CATOTEST,master,asymmetric,NoAsymKeyFound,NotFound
CATOTEST,tempdb,asymmetric,NoAsymKeyFound,NotFound
CATOTEST,model,asymmetric,NoAsymKeyFound,NotFound
CATOTEST,msdb,asymmetric,NoAsymKeyFound,NotFound
CATOTEST,Cato-test,asymmetric,NoAsymKeyFound,NotFound
CHIPTEXSAS01-PI,master,symmetric,NoSymKeyFound,NotFound
CHIPTEXSAS01-PI,tempdb,symmetric,NoSymKeyFound,NotFound
CHIPTEXSAS01-PI,model,symmetric,NoSymKeyFound,NotFound
CHIPTEXSAS01-PI,msdb,symmetric,NoSymKeyFound,NotFound
CHIPTEXSAS01-PI,Chiptex,symmetric,NoSymKeyFound,NotFound
CHIPTEXSAS01-PI,master,asymmetric,NoAsymKeyFound,NotFound
CHIPTEXSAS01-PI,tempdb,asymmetric,NoAsymKeyFound,NotFound
CHIPTEXSAS01-PI,model,asymmetric,NoAsymKeyFound,NotFound
CHIPTEXSAS01-PI,msdb,asymmetric,NoAsymKeyFound,NotFound
CHIPTEXSAS01-PI,Chiptex,asymmetric,NoAsymKeyFound,NotFound
COPLIVEDBS01-PI,master,symmetric,NoSymKeyFound,NotFound
COPLIVEDBS01-PI,tempdb,symmetric,NoSymKeyFound,NotFound
COPLIVEDBS01-PI,model,symmetric,NoSymKeyFound,NotFound
COPLIVEDBS01-PI,msdb,symmetric,NoSymKeyFound,NotFound
COPLIVEDBS01-PI,COPRA6Design,symmetric,NoSymKeyFound,NotFound
COPLIVEDBS01-PI,COPRA6Test,symmetric,NoSymKeyFound,NotFound
COPLIVEDBS01-PI,COPRA6Live,symmetric,NoSymKeyFound,NotFound
COPLIVEDBS01-PI,COPRA6Design_old,symmetric,NoSymKeyFound,NotFound
COPLIVEDBS01-PI,COPRA6Live_old,symmetric,NoSymKeyFound,NotFound
COPLIVEDBS01-PI,COPRA6Test_old,symmetric,NoSymKeyFound,NotFound
COPLIVEDBS01-PI,Copus,symmetric,NoSymKeyFound,NotFound
COPLIVEDBS01-PI,master,asymmetric,NoAsymKeyFound,NotFound
COPLIVEDBS01-PI,tempdb,asymmetric,NoAsymKeyFound,NotFound
COPLIVEDBS01-PI,model,asymmetric,NoAsymKeyFound,NotFound
COPLIVEDBS01-PI,msdb,asymmetric,NoAsymKeyFound,NotFound
COPLIVEDBS01-PI,COPRA6Design,asymmetric,NoAsymKeyFound,NotFound
COPLIVEDBS01-PI,COPRA6Test,asymmetric,NoAsymKeyFound,NotFound
COPLIVEDBS01-PI,COPRA6Live,asymmetric,NoAsymKeyFound,NotFound
COPLIVEDBS01-PI,COPRA6Design_old,asymmetric,NoAsymKeyFound,NotFound
COPLIVEDBS01-PI,COPRA6Live_old,asymmetric,NoAsymKeyFound,NotFound
COPLIVEDBS01-PI,COPRA6Test_old,asymmetric,NoAsymKeyFound,NotFound
COPLIVEDBS01-PI,Copus,asymmetric,NoAsymKeyFound,NotFound
COPRA6COPUS,master,symmetric,NoSymKeyFound,NotFound
COPRA6COPUS,tempdb,symmetric,NoSymKeyFound,NotFound
COPRA6COPUS,model,symmetric,NoSymKeyFound,NotFound
COPRA6COPUS,msdb,symmetric,NoSymKeyFound,NotFound
COPRA6COPUS,master,asymmetric,NoAsymKeyFound,NotFound
COPRA6COPUS,tempdb,asymmetric,NoAsymKeyFound,NotFound
COPRA6COPUS,model,asymmetric,NoAsymKeyFound,NotFound
COPRA6COPUS,msdb,asymmetric,NoAsymKeyFound,NotFound
COPRADEMO,master,symmetric,NoSymKeyFound,NotFound
COPRADEMO,tempdb,symmetric,NoSymKeyFound,NotFound
COPRADEMO,model,symmetric,NoSymKeyFound,NotFound
COPRADEMO,msdb,symmetric,NoSymKeyFound,NotFound
COPRADEMO,COPRA6Design,symmetric,NoSymKeyFound,NotFound
COPRADEMO,COPRA6Test,symmetric,NoSymKeyFound,NotFound
COPRADEMO,COPRA6Storage,symmetric,NoSymKeyFound,NotFound
COPRADEMO,COPRA6Statistic,symmetric,NoSymKeyFound,NotFound
COPRADEMO,master,asymmetric,NoAsymKeyFound,NotFound
COPRADEMO,tempdb,asymmetric,NoAsymKeyFound,NotFound
COPRADEMO,model,asymmetric,NoAsymKeyFound,NotFound
COPRADEMO,msdb,asymmetric,NoAsymKeyFound,NotFound
COPRADEMO,COPRA6Design,asymmetric,NoAsymKeyFound,NotFound
COPRADEMO,COPRA6Test,asymmetric,NoAsymKeyFound,NotFound
COPRADEMO,COPRA6Storage,asymmetric,NoAsymKeyFound,NotFound
COPRADEMO,COPRA6Statistic,asymmetric,NoAsymKeyFound,NotFound
COPRALIVE,master,symmetric,NoSymKeyFound,NotFound
COPRALIVE,tempdb,symmetric,NoSymKeyFound,NotFound
COPRALIVE,model,symmetric,NoSymKeyFound,NotFound
COPRALIVE,msdb,symmetric,NoSymKeyFound,NotFound
COPRALIVE,COPRA6Live,symmetric,NoSymKeyFound,NotFound
COPRALIVE,Copus,symmetric,NoSymKeyFound,NotFound
COPRALIVE,master,asymmetric,NoAsymKeyFound,NotFound
COPRALIVE,tempdb,asymmetric,NoAsymKeyFound,NotFound
COPRALIVE,model,asymmetric,NoAsymKeyFound,NotFound
COPRALIVE,msdb,asymmetric,NoAsymKeyFound,NotFound
COPRALIVE,COPRA6Live,asymmetric,NoAsymKeyFound,NotFound
COPRALIVE,Copus,asymmetric,NoAsymKeyFound,NotFound
COPRASTAT,master,symmetric,NoSymKeyFound,NotFound
COPRASTAT,tempdb,symmetric,NoSymKeyFound,NotFound
COPRASTAT,model,symmetric,NoSymKeyFound,NotFound
COPRASTAT,msdb,symmetric,NoSymKeyFound,NotFound
COPRASTAT,COPRA6Storage,symmetric,NoSymKeyFound,NotFound
COPRASTAT,COPRA6Statistic,symmetric,NoSymKeyFound,NotFound
COPRASTAT,master,asymmetric,NoAsymKeyFound,NotFound
COPRASTAT,tempdb,asymmetric,NoAsymKeyFound,NotFound
COPRASTAT,model,asymmetric,NoAsymKeyFound,NotFound
COPRASTAT,msdb,asymmetric,NoAsymKeyFound,NotFound
COPRASTAT,COPRA6Storage,asymmetric,NoAsymKeyFound,NotFound
COPRASTAT,COPRA6Statistic,asymmetric,NoAsymKeyFound,NotFound
COPRATEST,master,symmetric,NoSymKeyFound,NotFound
COPRATEST,tempdb,symmetric,NoSymKeyFound,NotFound
COPRATEST,model,symmetric,NoSymKeyFound,NotFound
COPRATEST,msdb,symmetric,NoSymKeyFound,NotFound
COPRATEST,COPRA6Design,symmetric,NoSymKeyFound,NotFound
COPRATEST,COPRA6Test,symmetric,NoSymKeyFound,NotFound
COPRATEST,master,asymmetric,NoAsymKeyFound,NotFound
COPRATEST,tempdb,asymmetric,NoAsymKeyFound,NotFound
COPRATEST,model,asymmetric,NoAsymKeyFound,NotFound
COPRATEST,msdb,asymmetric,NoAsymKeyFound,NotFound
COPRATEST,COPRA6Design,asymmetric,NoAsymKeyFound,NotFound
COPRATEST,COPRA6Test,asymmetric,NoAsymKeyFound,NotFound
COPSTATDBS01-PI,master,symmetric,NoSymKeyFound,NotFound
COPSTATDBS01-PI,tempdb,symmetric,NoSymKeyFound,NotFound
COPSTATDBS01-PI,model,symmetric,NoSymKeyFound,NotFound
COPSTATDBS01-PI,msdb,symmetric,NoSymKeyFound,NotFound
COPSTATDBS01-PI,COPRA6Storage,symmetric,NoSymKeyFound,NotFound
COPSTATDBS01-PI,COPRA6Statistic,symmetric,NoSymKeyFound,NotFound
COPSTATDBS01-PI,master,asymmetric,NoAsymKeyFound,NotFound
COPSTATDBS01-PI,tempdb,asymmetric,NoAsymKeyFound,NotFound
COPSTATDBS01-PI,model,asymmetric,NoAsymKeyFound,NotFound
COPSTATDBS01-PI,msdb,asymmetric,NoAsymKeyFound,NotFound
COPSTATDBS01-PI,COPRA6Storage,asymmetric,NoAsymKeyFound,NotFound
COPSTATDBS01-PI,COPRA6Statistic,asymmetric,NoAsymKeyFound,NotFound
DRAGONDB/SQLEXPRESS,master,symmetric,NoSymKeyFound,NotFound
DRAGONDB/SQLEXPRESS,tempdb,symmetric,NoSymKeyFound,NotFound
DRAGONDB/SQLEXPRESS,model,symmetric,NoSymKeyFound,NotFound
DRAGONDB/SQLEXPRESS,msdb,symmetric,NoSymKeyFound,NotFound
DRAGONDB/SQLEXPRESS,NuanceMC,symmetric,NoSymKeyFound,NotFound
DRAGONDB/SQLEXPRESS,NuanceSAS,symmetric,NoSymKeyFound,NotFound
DRAGONDB/SQLEXPRESS,master,asymmetric,NoAsymKeyFound,NotFound
DRAGONDB/SQLEXPRESS,tempdb,asymmetric,NoAsymKeyFound,NotFound
DRAGONDB/SQLEXPRESS,model,asymmetric,NoAsymKeyFound,NotFound
DRAGONDB/SQLEXPRESS,msdb,asymmetric,NoAsymKeyFound,NotFound
DRAGONDB/SQLEXPRESS,NuanceMC,asymmetric,NoAsymKeyFound,NotFound
DRAGONDB/SQLEXPRESS,NuanceSAS,asymmetric,NoAsymKeyFound,NotFound
ECGSRV/SQL2016,master,symmetric,NoSymKeyFound,NotFound
ECGSRV/SQL2016,tempdb,symmetric,NoSymKeyFound,NotFound
ECGSRV/SQL2016,model,symmetric,NoSymKeyFound,NotFound
ECGSRV/SQL2016,msdb,symmetric,NoSymKeyFound,NotFound
ECGSRV/SQL2016,dbEMS,symmetric,NoSymKeyFound,NotFound
ECGSRV/SQL2016,dbEMSConfig,symmetric,NoSymKeyFound,NotFound
ECGSRV/SQL2016,dbReporting,symmetric,NoSymKeyFound,NotFound
ECGSRV/SQL2016,DiagnosticECG,symmetric,NoSymKeyFound,NotFound
ECGSRV/SQL2016,dbEGPlus_DCM,symmetric,NoSymKeyFound,NotFound
ECGSRV/SQL2016,master,asymmetric,NoAsymKeyFound,NotFound
ECGSRV/SQL2016,tempdb,asymmetric,NoAsymKeyFound,NotFound
ECGSRV/SQL2016,model,asymmetric,NoAsymKeyFound,NotFound
ECGSRV/SQL2016,msdb,asymmetric,NoAsymKeyFound,NotFound
ECGSRV/SQL2016,dbEMS,asymmetric,NoAsymKeyFound,NotFound
ECGSRV/SQL2016,dbEMSConfig,asymmetric,NoAsymKeyFound,NotFound
ECGSRV/SQL2016,dbReporting,asymmetric,NoAsymKeyFound,NotFound
ECGSRV/SQL2016,DiagnosticECG,asymmetric,NoAsymKeyFound,NotFound
ECGSRV/SQL2016,dbEGPlus_DCM,asymmetric,NoAsymKeyFound,NotFound
ECGTEST/SQL2016,master,symmetric,NoSymKeyFound,NotFound
ECGTEST/SQL2016,tempdb,symmetric,NoSymKeyFound,NotFound
ECGTEST/SQL2016,model,symmetric,NoSymKeyFound,NotFound
ECGTEST/SQL2016,msdb,symmetric,NoSymKeyFound,NotFound
ECGTEST/SQL2016,dbReporting,symmetric,NoSymKeyFound,NotFound
ECGTEST/SQL2016,dbEMS,symmetric,NoSymKeyFound,NotFound
ECGTEST/SQL2016,dbEMSConfig,symmetric,NoSymKeyFound,NotFound
ECGTEST/SQL2016,DiagnosticECG,symmetric,NoSymKeyFound,NotFound
ECGTEST/SQL2016,dbEGPlus_DCM,symmetric,NoSymKeyFound,NotFound
ECGTEST/SQL2016,dbST80i,symmetric,NoSymKeyFound,NotFound
ECGTEST/SQL2016,master,asymmetric,NoAsymKeyFound,NotFound
ECGTEST/SQL2016,tempdb,asymmetric,NoAsymKeyFound,NotFound
ECGTEST/SQL2016,model,asymmetric,NoAsymKeyFound,NotFound
ECGTEST/SQL2016,msdb,asymmetric,NoAsymKeyFound,NotFound
ECGTEST/SQL2016,dbReporting,asymmetric,NoAsymKeyFound,NotFound
ECGTEST/SQL2016,dbEMS,asymmetric,NoAsymKeyFound,NotFound
ECGTEST/SQL2016,dbEMSConfig,asymmetric,NoAsymKeyFound,NotFound
ECGTEST/SQL2016,DiagnosticECG,asymmetric,NoAsymKeyFound,NotFound
ECGTEST/SQL2016,dbEGPlus_DCM,asymmetric,NoAsymKeyFound,NotFound
ECGTEST/SQL2016,dbST80i,asymmetric,NoAsymKeyFound,NotFound
ENDOBASESRV/MSSQLENDOBASE,master,symmetric,NoSymKeyFound,NotFound
ENDOBASESRV/MSSQLENDOBASE,tempdb,symmetric,NoSymKeyFound,NotFound
ENDOBASESRV/MSSQLENDOBASE,model,symmetric,NoSymKeyFound,NotFound
ENDOBASESRV/MSSQLENDOBASE,msdb,symmetric,NoSymKeyFound,NotFound
ENDOBASESRV/MSSQLENDOBASE,ENDOBASE3,symmetric,NoSymKeyFound,NotFound
ENDOBASESRV/MSSQLENDOBASE,master,asymmetric,NoAsymKeyFound,NotFound
ENDOBASESRV/MSSQLENDOBASE,tempdb,asymmetric,NoAsymKeyFound,NotFound
ENDOBASESRV/MSSQLENDOBASE,model,asymmetric,NoAsymKeyFound,NotFound
ENDOBASESRV/MSSQLENDOBASE,msdb,asymmetric,NoAsymKeyFound,NotFound
ENDOBASESRV/MSSQLENDOBASE,ENDOBASE3,asymmetric,NoAsymKeyFound,NotFound
ESTOSPROCALL,master,symmetric,NoSymKeyFound,NotFound
ESTOSPROCALL,tempdb,symmetric,NoSymKeyFound,NotFound
ESTOSPROCALL,model,symmetric,NoSymKeyFound,NotFound
ESTOSPROCALL,msdb,symmetric,NoSymKeyFound,NotFound
ESTOSPROCALL,CtiServerDatabase,symmetric,NoSymKeyFound,NotFound
ESTOSPROCALL,master,asymmetric,NoAsymKeyFound,NotFound
ESTOSPROCALL,tempdb,asymmetric,NoAsymKeyFound,NotFound
ESTOSPROCALL,model,asymmetric,NoAsymKeyFound,NotFound
ESTOSPROCALL,msdb,asymmetric,NoAsymKeyFound,NotFound
ESTOSPROCALL,CtiServerDatabase,asymmetric,NoAsymKeyFound,NotFound
IMAGEDRIVEDB,master,symmetric,NoSymKeyFound,NotFound
IMAGEDRIVEDB,tempdb,symmetric,NoSymKeyFound,NotFound
IMAGEDRIVEDB,model,symmetric,NoSymKeyFound,NotFound
IMAGEDRIVEDB,msdb,symmetric,NoSymKeyFound,NotFound
IMAGEDRIVEDB,EnterpriseServer,symmetric,NoSymKeyFound,NotFound
IMAGEDRIVEDB,ImageDrive_Research,symmetric,NoSymKeyFound,NotFound
IMAGEDRIVEDB,master,asymmetric,NoAsymKeyFound,NotFound
IMAGEDRIVEDB,tempdb,asymmetric,NoAsymKeyFound,NotFound
IMAGEDRIVEDB,model,asymmetric,NoAsymKeyFound,NotFound
IMAGEDRIVEDB,msdb,asymmetric,NoAsymKeyFound,NotFound
IMAGEDRIVEDB,EnterpriseServer,asymmetric,NoAsymKeyFound,NotFound
IMAGEDRIVEDB,ImageDrive_Research,asymmetric,NoAsymKeyFound,NotFound
INFINITYGW,master,symmetric,NoSymKeyFound,NotFound
INFINITYGW,tempdb,symmetric,NoSymKeyFound,NotFound
INFINITYGW,model,symmetric,NoSymKeyFound,NotFound
INFINITYGW,msdb,symmetric,NoSymKeyFound,NotFound
INFINITYGW,gateway,symmetric,NoSymKeyFound,NotFound
INFINITYGW,master,asymmetric,NoAsymKeyFound,NotFound
INFINITYGW,tempdb,asymmetric,NoAsymKeyFound,NotFound
INFINITYGW,model,asymmetric,NoAsymKeyFound,NotFound
INFINITYGW,msdb,asymmetric,NoAsymKeyFound,NotFound
INFINITYGW,gateway,asymmetric,NoAsymKeyFound,NotFound
INFRASQL,master,symmetric,NoSymKeyFound,NotFound
INFRASQL,tempdb,symmetric,NoSymKeyFound,NotFound
INFRASQL,model,symmetric,NoSymKeyFound,NotFound
INFRASQL,msdb,symmetric,NoSymKeyFound,NotFound
INFRASQL,eamaudit_old,symmetric,NoSymKeyFound,NotFound
INFRASQL,HorizonEventDB,symmetric,NoSymKeyFound,NotFound
INFRASQL,SUSDB,symmetric,NoSymKeyFound,NotFound
INFRASQL,oSCM,symmetric,NoSymKeyFound,NotFound
INFRASQL,CHL_IPAM,symmetric,NoSymKeyFound,NotFound
INFRASQL,ServiceNowImport,symmetric,NoSymKeyFound,NotFound
INFRASQL,HzExtLogDB,symmetric,NoSymKeyFound,NotFound
INFRASQL,HzIntLogDB,symmetric,NoSymKeyFound,NotFound
INFRASQL,eamaudit,symmetric,NoSymKeyFound,NotFound
INFRASQL,oSCM_dev,symmetric,NoSymKeyFound,NotFound
INFRASQL,oSCM_prod,symmetric,NoSymKeyFound,NotFound
INFRASQL,WS1IDMDB,symmetric,NoSymKeyFound,NotFound
INFRASQL,master,asymmetric,NoAsymKeyFound,NotFound
INFRASQL,tempdb,asymmetric,NoAsymKeyFound,NotFound
INFRASQL,model,asymmetric,NoAsymKeyFound,NotFound
INFRASQL,msdb,asymmetric,NoAsymKeyFound,NotFound
INFRASQL,eamaudit_old,asymmetric,NoAsymKeyFound,NotFound
INFRASQL,HorizonEventDB,asymmetric,NoAsymKeyFound,NotFound
INFRASQL,SUSDB,asymmetric,NoAsymKeyFound,NotFound
INFRASQL,oSCM,asymmetric,NoAsymKeyFound,NotFound
INFRASQL,CHL_IPAM,asymmetric,NoAsymKeyFound,NotFound
INFRASQL,ServiceNowImport,asymmetric,NoAsymKeyFound,NotFound
INFRASQL,HzExtLogDB,asymmetric,NoAsymKeyFound,NotFound
INFRASQL,HzIntLogDB,asymmetric,NoAsymKeyFound,NotFound
INFRASQL,eamaudit,asymmetric,NoAsymKeyFound,NotFound
INFRASQL,oSCM_dev,asymmetric,NoAsymKeyFound,NotFound
INFRASQL,oSCM_prod,asymmetric,NoAsymKeyFound,NotFound
INFRASQL,WS1IDMDB,asymmetric,NoAsymKeyFound,NotFound
ITCDB01,master,symmetric,NoSymKeyFound,NotFound
ITCDB01,tempdb,symmetric,NoSymKeyFound,NotFound
ITCDB01,model,symmetric,NoSymKeyFound,NotFound
ITCDB01,msdb,symmetric,NoSymKeyFound,NotFound
ITCDB01,idamirth,symmetric,NoSymKeyFound,NotFound
ITCDB01,idapat,symmetric,NoSymKeyFound,NotFound
ITCDB01,ida,symmetric,NoSymKeyFound,NotFound
ITCDB01,master,asymmetric,NoAsymKeyFound,NotFound
ITCDB01,tempdb,asymmetric,NoAsymKeyFound,NotFound
ITCDB01,model,asymmetric,NoAsymKeyFound,NotFound
ITCDB01,msdb,asymmetric,NoAsymKeyFound,NotFound
ITCDB01,idamirth,asymmetric,NoAsymKeyFound,NotFound
ITCDB01,idapat,asymmetric,NoAsymKeyFound,NotFound
ITCDB01,ida,asymmetric,NoAsymKeyFound,NotFound
LABOSOMSRV,master,symmetric,NoSymKeyFound,NotFound
LABOSOMSRV,tempdb,symmetric,NoSymKeyFound,NotFound
LABOSOMSRV,model,symmetric,NoSymKeyFound,NotFound
LABOSOMSRV,msdb,symmetric,NoSymKeyFound,NotFound
LABOSOMSRV,MEDATEC,symmetric,NoSymKeyFound,NotFound
LABOSOMSRV,Medatec-PED,symmetric,NoSymKeyFound,NotFound
LABOSOMSRV,master,asymmetric,NoAsymKeyFound,NotFound
LABOSOMSRV,tempdb,asymmetric,NoAsymKeyFound,NotFound
LABOSOMSRV,model,asymmetric,NoAsymKeyFound,NotFound
LABOSOMSRV,msdb,asymmetric,NoAsymKeyFound,NotFound
LABOSOMSRV,MEDATEC,asymmetric,NoAsymKeyFound,NotFound
LABOSOMSRV,Medatec-PED,asymmetric,NoAsymKeyFound,NotFound
LABOSRV,master,symmetric,NoSymKeyFound,NotFound
LABOSRV,tempdb,symmetric,NoSymKeyFound,NotFound
LABOSRV,model,symmetric,NoSymKeyFound,NotFound
LABOSRV,msdb,symmetric,NoSymKeyFound,NotFound
LABOSRV,BIORAD_CHL,symmetric,NoSymKeyFound,NotFound
LABOSRV,BIORAD_UC2_CHL,symmetric,NoSymKeyFound,NotFound
LABOSRV,master,asymmetric,NoAsymKeyFound,NotFound
LABOSRV,tempdb,asymmetric,NoAsymKeyFound,NotFound
LABOSRV,model,asymmetric,NoAsymKeyFound,NotFound
LABOSRV,msdb,asymmetric,NoAsymKeyFound,NotFound
LABOSRV,BIORAD_CHL,asymmetric,NoAsymKeyFound,NotFound
LABOSRV,BIORAD_UC2_CHL,asymmetric,NoAsymKeyFound,NotFound
MATCHERSRV,master,symmetric,NoSymKeyFound,NotFound
MATCHERSRV,tempdb,symmetric,NoSymKeyFound,NotFound
MATCHERSRV,model,symmetric,NoSymKeyFound,NotFound
MATCHERSRV,msdb,symmetric,NoSymKeyFound,NotFound
MATCHERSRV,Matcher_CHLux,symmetric,NoSymKeyFound,NotFound
MATCHERSRV,master,asymmetric,NoAsymKeyFound,NotFound
MATCHERSRV,tempdb,asymmetric,NoAsymKeyFound,NotFound
MATCHERSRV,model,asymmetric,NoAsymKeyFound,NotFound
MATCHERSRV,msdb,asymmetric,NoAsymKeyFound,NotFound
MATCHERSRV,Matcher_CHLux,asymmetric,NoAsymKeyFound,NotFound
METAVI6DBS01-DI,master,symmetric,NoSymKeyFound,NotFound
METAVI6DBS01-DI,tempdb,symmetric,NoSymKeyFound,NotFound
METAVI6DBS01-DI,model,symmetric,NoSymKeyFound,NotFound
METAVI6DBS01-DI,msdb,symmetric,NoSymKeyFound,NotFound
METAVI6DBS01-DI,CHL_Training_EMPI,symmetric,NoSymKeyFound,NotFound
METAVI6DBS01-DI,CHL_Training_PROD,symmetric,NoSymKeyFound,NotFound
METAVI6DBS01-DI,CHL_Demo_PROD,symmetric,NoSymKeyFound,NotFound
METAVI6DBS01-DI,CHL_Demo_EMPI,symmetric,NoSymKeyFound,NotFound
METAVI6DBS01-DI,master,asymmetric,NoAsymKeyFound,NotFound
METAVI6DBS01-DI,tempdb,asymmetric,NoAsymKeyFound,NotFound
METAVI6DBS01-DI,model,asymmetric,NoAsymKeyFound,NotFound
METAVI6DBS01-DI,msdb,asymmetric,NoAsymKeyFound,NotFound
METAVI6DBS01-DI,CHL_Training_EMPI,asymmetric,NoAsymKeyFound,NotFound
METAVI6DBS01-DI,CHL_Training_PROD,asymmetric,NoAsymKeyFound,NotFound
METAVI6DBS01-DI,CHL_Demo_PROD,asymmetric,NoAsymKeyFound,NotFound
METAVI6DBS01-DI,CHL_Demo_EMPI,asymmetric,NoAsymKeyFound,NotFound
METAVI6DBS01-PI,master,symmetric,NoSymKeyFound,NotFound
METAVI6DBS01-PI,tempdb,symmetric,NoSymKeyFound,NotFound
METAVI6DBS01-PI,model,symmetric,NoSymKeyFound,NotFound
METAVI6DBS01-PI,msdb,symmetric,NoSymKeyFound,NotFound
METAVI6DBS01-PI,master,asymmetric,NoAsymKeyFound,NotFound
METAVI6DBS01-PI,tempdb,asymmetric,NoAsymKeyFound,NotFound
METAVI6DBS01-PI,model,asymmetric,NoAsymKeyFound,NotFound
METAVI6DBS01-PI,msdb,asymmetric,NoAsymKeyFound,NotFound
METAVI6DBS01-TI,master,symmetric,NoSymKeyFound,NotFound
METAVI6DBS01-TI,tempdb,symmetric,NoSymKeyFound,NotFound
METAVI6DBS01-TI,model,symmetric,NoSymKeyFound,NotFound
METAVI6DBS01-TI,msdb,symmetric,NoSymKeyFound,NotFound
METAVI6DBS01-TI,CHL_Test,symmetric,NoSymKeyFound,NotFound
METAVI6DBS01-TI,CHL_Test_EMPI,symmetric,NoSymKeyFound,NotFound
METAVI6DBS01-TI,CHL_Master_PROD,symmetric,NoSymKeyFound,NotFound
METAVI6DBS01-TI,CHL_Master_EMPI,symmetric,NoSymKeyFound,NotFound
METAVI6DBS01-TI,master,asymmetric,NoAsymKeyFound,NotFound
METAVI6DBS01-TI,tempdb,asymmetric,NoAsymKeyFound,NotFound
METAVI6DBS01-TI,model,asymmetric,NoAsymKeyFound,NotFound
METAVI6DBS01-TI,msdb,asymmetric,NoAsymKeyFound,NotFound
METAVI6DBS01-TI,CHL_Test,asymmetric,NoAsymKeyFound,NotFound
METAVI6DBS01-TI,CHL_Test_EMPI,asymmetric,NoAsymKeyFound,NotFound
METAVI6DBS01-TI,CHL_Master_PROD,asymmetric,NoAsymKeyFound,NotFound
METAVI6DBS01-TI,CHL_Master_EMPI,asymmetric,NoAsymKeyFound,NotFound
MVDB23,master,symmetric,NoSymKeyFound,NotFound
MVDB23,tempdb,symmetric,NoSymKeyFound,NotFound
MVDB23,model,symmetric,NoSymKeyFound,NotFound
MVDB23,msdb,symmetric,NoSymKeyFound,NotFound
MVDB23,MV_Empi,symmetric,NoSymKeyFound,NotFound
MVDB23,MV_Prod,symmetric,NoSymKeyFound,NotFound
MVDB23,MV_Archive2,symmetric,NoSymKeyFound,NotFound
MVDB23,METAVISION_EXPORT,symmetric,NoSymKeyFound,NotFound
MVDB23,distribution,symmetric,NoSymKeyFound,NotFound
MVDB23,MV_Arch_2009-2014,symmetric,NoSymKeyFound,NotFound
MVDB23,MV_Prod_2009-2014,symmetric,NoSymKeyFound,NotFound
MVDB23,MV_Empi_2009-2014,symmetric,NoSymKeyFound,NotFound
MVDB23,master,asymmetric,NoAsymKeyFound,NotFound
MVDB23,tempdb,asymmetric,NoAsymKeyFound,NotFound
MVDB23,model,asymmetric,NoAsymKeyFound,NotFound
MVDB23,msdb,asymmetric,NoAsymKeyFound,NotFound
MVDB23,MV_Empi,asymmetric,NoAsymKeyFound,NotFound
MVDB23,MV_Prod,asymmetric,NoAsymKeyFound,NotFound
MVDB23,MV_Archive2,asymmetric,NoAsymKeyFound,NotFound
MVDB23,METAVISION_EXPORT,asymmetric,NoAsymKeyFound,NotFound
MVDB23,distribution,asymmetric,NoAsymKeyFound,NotFound
MVDB23,MV_Arch_2009-2014,asymmetric,NoAsymKeyFound,NotFound
MVDB23,MV_Prod_2009-2014,asymmetric,NoAsymKeyFound,NotFound
MVDB23,MV_Empi_2009-2014,asymmetric,NoAsymKeyFound,NotFound
MVDBTEST23,master,symmetric,NoSymKeyFound,NotFound
MVDBTEST23,tempdb,symmetric,NoSymKeyFound,NotFound
MVDBTEST23,model,symmetric,NoSymKeyFound,NotFound
MVDBTEST23,msdb,symmetric,NoSymKeyFound,NotFound
MVDBTEST23,MVCore_02_6_23_EMPI,symmetric,NoSymKeyFound,NotFound
MVDBTEST23,MVCore_02_6_23_PROD,symmetric,NoSymKeyFound,NotFound
MVDBTEST23,MV_Empi,symmetric,NoSymKeyFound,NotFound
MVDBTEST23,MV_Prod,symmetric,NoSymKeyFound,NotFound
MVDBTEST23,master,asymmetric,NoAsymKeyFound,NotFound
MVDBTEST23,tempdb,asymmetric,NoAsymKeyFound,NotFound
MVDBTEST23,model,asymmetric,NoAsymKeyFound,NotFound
MVDBTEST23,msdb,asymmetric,NoAsymKeyFound,NotFound
MVDBTEST23,MVCore_02_6_23_EMPI,asymmetric,NoAsymKeyFound,NotFound
MVDBTEST23,MVCore_02_6_23_PROD,asymmetric,NoAsymKeyFound,NotFound
MVDBTEST23,MV_Empi,asymmetric,NoAsymKeyFound,NotFound
MVDBTEST23,MV_Prod,asymmetric,NoAsymKeyFound,NotFound
MVDEVDBS01-TI,master,symmetric,NoSymKeyFound,NotFound
MVDEVDBS01-TI,tempdb,symmetric,NoSymKeyFound,NotFound
MVDEVDBS01-TI,model,symmetric,NoSymKeyFound,NotFound
MVDEVDBS01-TI,msdb,symmetric,NoSymKeyFound,NotFound
MVDEVDBS01-TI,MV_Empi,symmetric,NoSymKeyFound,NotFound
MVDEVDBS01-TI,MV_Prod,symmetric,NoSymKeyFound,NotFound
MVDEVDBS01-TI,master,asymmetric,NoAsymKeyFound,NotFound
MVDEVDBS01-TI,tempdb,asymmetric,NoAsymKeyFound,NotFound
MVDEVDBS01-TI,model,asymmetric,NoAsymKeyFound,NotFound
MVDEVDBS01-TI,msdb,asymmetric,NoAsymKeyFound,NotFound
MVDEVDBS01-TI,MV_Empi,asymmetric,NoAsymKeyFound,NotFound
MVDEVDBS01-TI,MV_Prod,asymmetric,NoAsymKeyFound,NotFound
MVESRV,master,symmetric,NoSymKeyFound,NotFound
MVESRV,tempdb,symmetric,NoSymKeyFound,NotFound
MVESRV,model,symmetric,NoSymKeyFound,NotFound
MVESRV,msdb,symmetric,NoSymKeyFound,NotFound
MVESRV,FRAMEWORK,symmetric,NoSymKeyFound,NotFound
MVESRV,MONITOR,symmetric,NoSymKeyFound,NotFound
MVESRV,QUARTZ,symmetric,NoSymKeyFound,NotFound
MVESRV,master,asymmetric,NoAsymKeyFound,NotFound
MVESRV,tempdb,asymmetric,NoAsymKeyFound,NotFound
MVESRV,model,asymmetric,NoAsymKeyFound,NotFound
MVESRV,msdb,asymmetric,NoAsymKeyFound,NotFound
MVESRV,FRAMEWORK,asymmetric,NoAsymKeyFound,NotFound
MVESRV,MONITOR,asymmetric,NoAsymKeyFound,NotFound
MVESRV,QUARTZ,asymmetric,NoAsymKeyFound,NotFound
NEUROSRV,master,symmetric,NoSymKeyFound,NotFound
NEUROSRV,tempdb,symmetric,NoSymKeyFound,NotFound
NEUROSRV,model,symmetric,NoSymKeyFound,NotFound
NEUROSRV,msdb,symmetric,NoSymKeyFound,NotFound
NEUROSRV,ShellPlus,symmetric,NoSymKeyFound,NotFound
NEUROSRV,KPManagement,symmetric,NoSymKeyFound,NotFound
NEUROSRV,KPRaw0,symmetric,NoSymKeyFound,NotFound
NEUROSRV,KPArchive0,symmetric,NoSymKeyFound,NotFound
NEUROSRV,master,asymmetric,NoAsymKeyFound,NotFound
NEUROSRV,tempdb,asymmetric,NoAsymKeyFound,NotFound
NEUROSRV,model,asymmetric,NoAsymKeyFound,NotFound
NEUROSRV,msdb,asymmetric,NoAsymKeyFound,NotFound
NEUROSRV,ShellPlus,asymmetric,NoAsymKeyFound,NotFound
NEUROSRV,KPManagement,asymmetric,NoAsymKeyFound,NotFound
NEUROSRV,KPRaw0,asymmetric,NoAsymKeyFound,NotFound
NEUROSRV,KPArchive0,asymmetric,NoAsymKeyFound,NotFound
NOSOKOSDBS01-PI,master,symmetric,NoSymKeyFound,NotFound
NOSOKOSDBS01-PI,tempdb,symmetric,NoSymKeyFound,NotFound
NOSOKOSDBS01-PI,model,symmetric,NoSymKeyFound,NotFound
NOSOKOSDBS01-PI,msdb,symmetric,NoSymKeyFound,NotFound
NOSOKOSDBS01-PI,Mirth_Nosotech,symmetric,NoSymKeyFound,NotFound
NOSOKOSDBS01-PI,Nosokos7_PROD,symmetric,NoSymKeyFound,NotFound
NOSOKOSDBS01-PI,Nosotech_DDE_PROD,symmetric,NoSymKeyFound,NotFound
NOSOKOSDBS01-PI,Nosotech_Interface_ADT_PROD,symmetric,NoSymKeyFound,NotFound
NOSOKOSDBS01-PI,Nosotech_Interface_Laboratoire_PROD,symmetric,NoSymKeyFound,NotFound
NOSOKOSDBS01-PI,master,asymmetric,NoAsymKeyFound,NotFound
NOSOKOSDBS01-PI,tempdb,asymmetric,NoAsymKeyFound,NotFound
NOSOKOSDBS01-PI,model,asymmetric,NoAsymKeyFound,NotFound
NOSOKOSDBS01-PI,msdb,asymmetric,NoAsymKeyFound,NotFound
NOSOKOSDBS01-PI,Mirth_Nosotech,asymmetric,NoAsymKeyFound,NotFound
NOSOKOSDBS01-PI,Nosokos7_PROD,asymmetric,NoAsymKeyFound,NotFound
NOSOKOSDBS01-PI,Nosotech_DDE_PROD,asymmetric,NoAsymKeyFound,NotFound
NOSOKOSDBS01-PI,Nosotech_Interface_ADT_PROD,asymmetric,NoAsymKeyFound,NotFound
NOSOKOSDBS01-PI,Nosotech_Interface_Laboratoire_PROD,asymmetric,NoAsymKeyFound,NotFound
NOSOKOSDBS01-PI,Mirth_Nosotech,CERTIFICATE,AES,256
NOSOKOSDBS01-PI,Nosokos7_PROD,CERTIFICATE,AES,256
NOSOKOSDBS01-PI,Nosotech_DDE_PROD,CERTIFICATE,AES,256
NOSOKOSDBS01-PI,Nosotech_Interface_ADT_PROD,CERTIFICATE,AES,256
NOSOKOSDBS01-PI,Nosotech_Interface_Laboratoire_PROD,CERTIFICATE,AES,256
ONKOZERTSRV,master,symmetric,NoSymKeyFound,NotFound
ONKOZERTSRV,tempdb,symmetric,NoSymKeyFound,NotFound
ONKOZERTSRV,model,symmetric,NoSymKeyFound,NotFound
ONKOZERTSRV,msdb,symmetric,NoSymKeyFound,NotFound
ONKOZERTSRV,TuDocGeneral,symmetric,NoSymKeyFound,NotFound
ONKOZERTSRV,master,asymmetric,NoAsymKeyFound,NotFound
ONKOZERTSRV,tempdb,asymmetric,NoAsymKeyFound,NotFound
ONKOZERTSRV,model,asymmetric,NoAsymKeyFound,NotFound
ONKOZERTSRV,msdb,asymmetric,NoAsymKeyFound,NotFound
ONKOZERTSRV,TuDocGeneral,asymmetric,NoAsymKeyFound,NotFound
OPERA5DBS01-PI/OPERAPRD,master,symmetric,NoSymKeyFound,NotFound
OPERA5DBS01-PI/OPERAPRD,tempdb,symmetric,NoSymKeyFound,NotFound
OPERA5DBS01-PI/OPERAPRD,model,symmetric,NoSymKeyFound,NotFound
OPERA5DBS01-PI/OPERAPRD,msdb,symmetric,NoSymKeyFound,NotFound
OPERA5DBS01-PI/OPERAPRD,Opera40,symmetric,NoSymKeyFound,NotFound
OPERA5DBS01-PI/OPERAPRD,Operawarehouse40,symmetric,NoSymKeyFound,NotFound
OPERA5DBS01-PI/OPERAPRD,OperawarehouseWaiting40,symmetric,NoSymKeyFound,NotFound
OPERA5DBS01-PI/OPERAPRD,Int_Admis40,symmetric,NoSymKeyFound,NotFound
OPERA5DBS01-PI/OPERAPRD,MetaVision,symmetric,NoSymKeyFound,NotFound
OPERA5DBS01-PI/OPERAPRD,master,asymmetric,NoAsymKeyFound,NotFound
OPERA5DBS01-PI/OPERAPRD,tempdb,asymmetric,NoAsymKeyFound,NotFound
OPERA5DBS01-PI/OPERAPRD,model,asymmetric,NoAsymKeyFound,NotFound
OPERA5DBS01-PI/OPERAPRD,msdb,asymmetric,NoAsymKeyFound,NotFound
OPERA5DBS01-PI/OPERAPRD,Opera40,asymmetric,NoAsymKeyFound,NotFound
OPERA5DBS01-PI/OPERAPRD,Operawarehouse40,asymmetric,NoAsymKeyFound,NotFound
OPERA5DBS01-PI/OPERAPRD,OperawarehouseWaiting40,asymmetric,NoAsymKeyFound,NotFound
OPERA5DBS01-PI/OPERAPRD,Int_Admis40,asymmetric,NoAsymKeyFound,NotFound
OPERA5DBS01-PI/OPERAPRD,MetaVision,asymmetric,NoAsymKeyFound,NotFound
OPERA5SAS01-TI/OPERATST,master,symmetric,NoSymKeyFound,NotFound
OPERA5SAS01-TI/OPERATST,tempdb,symmetric,NoSymKeyFound,NotFound
OPERA5SAS01-TI/OPERATST,model,symmetric,NoSymKeyFound,NotFound
OPERA5SAS01-TI/OPERATST,msdb,symmetric,NoSymKeyFound,NotFound
OPERA5SAS01-TI/OPERATST,Opera40,symmetric,NoSymKeyFound,NotFound
OPERA5SAS01-TI/OPERATST,Operawarehouse40,symmetric,NoSymKeyFound,NotFound
OPERA5SAS01-TI/OPERATST,OperawarehouseWaiting40,symmetric,NoSymKeyFound,NotFound
OPERA5SAS01-TI/OPERATST,Int_Admis40,symmetric,NoSymKeyFound,NotFound
OPERA5SAS01-TI/OPERATST,MetaVision,symmetric,NoSymKeyFound,NotFound
OPERA5SAS01-TI/OPERATST,TempOpera,symmetric,NoSymKeyFound,NotFound
OPERA5SAS01-TI/OPERATST,master,asymmetric,NoAsymKeyFound,NotFound
OPERA5SAS01-TI/OPERATST,tempdb,asymmetric,NoAsymKeyFound,NotFound
OPERA5SAS01-TI/OPERATST,model,asymmetric,NoAsymKeyFound,NotFound
OPERA5SAS01-TI/OPERATST,msdb,asymmetric,NoAsymKeyFound,NotFound
OPERA5SAS01-TI/OPERATST,Opera40,asymmetric,NoAsymKeyFound,NotFound
OPERA5SAS01-TI/OPERATST,Operawarehouse40,asymmetric,NoAsymKeyFound,NotFound
OPERA5SAS01-TI/OPERATST,OperawarehouseWaiting40,asymmetric,NoAsymKeyFound,NotFound
OPERA5SAS01-TI/OPERATST,Int_Admis40,asymmetric,NoAsymKeyFound,NotFound
OPERA5SAS01-TI/OPERATST,MetaVision,asymmetric,NoAsymKeyFound,NotFound
OPERA5SAS01-TI/OPERATST,TempOpera,asymmetric,NoAsymKeyFound,NotFound
OPSCCTSSAS01-PI,master,symmetric,NoSymKeyFound,NotFound
OPSCCTSSAS01-PI,tempdb,symmetric,NoSymKeyFound,NotFound
OPSCCTSSAS01-PI,model,symmetric,NoSymKeyFound,NotFound
OPSCCTSSAS01-PI,msdb,symmetric,NoSymKeyFound,NotFound
OPSCCTSSAS01-PI,configdb,symmetric,NoSymKeyFound,NotFound
OPSCCTSSAS01-PI,OSCADM,symmetric,NoSymKeyFound,NotFound
OPSCCTSSAS01-PI,master,asymmetric,NoAsymKeyFound,NotFound
OPSCCTSSAS01-PI,tempdb,asymmetric,NoAsymKeyFound,NotFound
OPSCCTSSAS01-PI,model,asymmetric,NoAsymKeyFound,NotFound
OPSCCTSSAS01-PI,msdb,asymmetric,NoAsymKeyFound,NotFound
OPSCCTSSAS01-PI,configdb,asymmetric,NoAsymKeyFound,NotFound
OPSCCTSSAS01-PI,OSCADM,asymmetric,NoAsymKeyFound,NotFound
OPTIMDB,master,symmetric,NoSymKeyFound,NotFound
OPTIMDB,tempdb,symmetric,NoSymKeyFound,NotFound
OPTIMDB,model,symmetric,NoSymKeyFound,NotFound
OPTIMDB,msdb,symmetric,NoSymKeyFound,NotFound
OPTIMDB,OPTIM_OXS_PATIENT_MANAGEMENT_V8,symmetric,NoSymKeyFound,NotFound
OPTIMDB,OptimSPM4,symmetric,NoSymKeyFound,NotFound
OPTIMDB,master,asymmetric,NoAsymKeyFound,NotFound
OPTIMDB,tempdb,asymmetric,NoAsymKeyFound,NotFound
OPTIMDB,model,asymmetric,NoAsymKeyFound,NotFound
OPTIMDB,msdb,asymmetric,NoAsymKeyFound,NotFound
OPTIMDB,OPTIM_OXS_PATIENT_MANAGEMENT_V8,asymmetric,NoAsymKeyFound,NotFound
OPTIMDB,OptimSPM4,asymmetric,NoAsymKeyFound,NotFound
ORGACARDDB01,master,symmetric,NoSymKeyFound,NotFound
ORGACARDDB01,tempdb,symmetric,NoSymKeyFound,NotFound
ORGACARDDB01,model,symmetric,NoSymKeyFound,NotFound
ORGACARDDB01,msdb,symmetric,NoSymKeyFound,NotFound
ORGACARDDB01,OCONE_HM,symmetric,NoSymKeyFound,NotFound
ORGACARDDB01,OCONE_CE,symmetric,NoSymKeyFound,NotFound
ORGACARDDB01,OCARCHIV_CE,symmetric,NoSymKeyFound,NotFound
ORGACARDDB01,OCARCHIV_HM,symmetric,NoSymKeyFound,NotFound
ORGACARDDB01,OCONE_Testsystem,symmetric,NoSymKeyFound,NotFound
ORGACARDDB01,OCONE_Schulungssystem,symmetric,NoSymKeyFound,NotFound
ORGACARDDB01,OCARCHIV_Testsystem,symmetric,NoSymKeyFound,NotFound
ORGACARDDB01,OCARCHIV_Schulungssystem,symmetric,NoSymKeyFound,NotFound
ORGACARDDB01,master,asymmetric,NoAsymKeyFound,NotFound
ORGACARDDB01,tempdb,asymmetric,NoAsymKeyFound,NotFound
ORGACARDDB01,model,asymmetric,NoAsymKeyFound,NotFound
ORGACARDDB01,msdb,asymmetric,NoAsymKeyFound,NotFound
ORGACARDDB01,OCONE_HM,asymmetric,NoAsymKeyFound,NotFound
ORGACARDDB01,OCONE_CE,asymmetric,NoAsymKeyFound,NotFound
ORGACARDDB01,OCARCHIV_CE,asymmetric,NoAsymKeyFound,NotFound
ORGACARDDB01,OCARCHIV_HM,asymmetric,NoAsymKeyFound,NotFound
ORGACARDDB01,OCONE_Testsystem,asymmetric,NoAsymKeyFound,NotFound
ORGACARDDB01,OCONE_Schulungssystem,asymmetric,NoAsymKeyFound,NotFound
ORGACARDDB01,OCARCHIV_Testsystem,asymmetric,NoAsymKeyFound,NotFound
ORGACARDDB01,OCARCHIV_Schulungssystem,asymmetric,NoAsymKeyFound,NotFound
ORGCARDSAS-TI,master,symmetric,NoSymKeyFound,NotFound
ORGCARDSAS-TI,tempdb,symmetric,NoSymKeyFound,NotFound
ORGCARDSAS-TI,model,symmetric,NoSymKeyFound,NotFound
ORGCARDSAS-TI,msdb,symmetric,NoSymKeyFound,NotFound
ORGCARDSAS-TI,master,asymmetric,NoAsymKeyFound,NotFound
ORGCARDSAS-TI,tempdb,asymmetric,NoAsymKeyFound,NotFound
ORGCARDSAS-TI,model,asymmetric,NoAsymKeyFound,NotFound
ORGCARDSAS-TI,msdb,asymmetric,NoAsymKeyFound,NotFound
PFMSAS02-PI/PFMSQL2016,master,symmetric,NoSymKeyFound,NotFound
PFMSAS02-PI/PFMSQL2016,tempdb,symmetric,NoSymKeyFound,NotFound
PFMSAS02-PI/PFMSQL2016,model,symmetric,NoSymKeyFound,NotFound
PFMSAS02-PI/PFMSQL2016,msdb,symmetric,NoSymKeyFound,NotFound
PFMSAS02-PI/PFMSQL2016,PFM_BD_Mouvements,symmetric,NoSymKeyFound,NotFound
PFMSAS02-PI/PFMSQL2016,master,asymmetric,NoAsymKeyFound,NotFound
PFMSAS02-PI/PFMSQL2016,tempdb,asymmetric,NoAsymKeyFound,NotFound
PFMSAS02-PI/PFMSQL2016,model,asymmetric,NoAsymKeyFound,NotFound
PFMSAS02-PI/PFMSQL2016,msdb,asymmetric,NoAsymKeyFound,NotFound
PFMSAS02-PI/PFMSQL2016,PFM_BD_Mouvements,asymmetric,NoAsymKeyFound,NotFound
RDMSRV,master,symmetric,NoSymKeyFound,NotFound
RDMSRV,tempdb,symmetric,NoSymKeyFound,NotFound
RDMSRV,model,symmetric,NoSymKeyFound,NotFound
RDMSRV,msdb,symmetric,NoSymKeyFound,NotFound
RDMSRV,EzDose,symmetric,NoSymKeyFound,NotFound
RDMSRV,master,asymmetric,NoAsymKeyFound,NotFound
RDMSRV,tempdb,asymmetric,NoAsymKeyFound,NotFound
RDMSRV,model,asymmetric,NoAsymKeyFound,NotFound
RDMSRV,msdb,asymmetric,NoAsymKeyFound,NotFound
RDMSRV,EzDose,asymmetric,NoAsymKeyFound,NotFound
SAATMANNSRV,master,symmetric,NoSymKeyFound,NotFound
SAATMANNSRV,tempdb,symmetric,NoSymKeyFound,NotFound
SAATMANNSRV,model,symmetric,NoSymKeyFound,NotFound
SAATMANNSRV,msdb,symmetric,NoSymKeyFound,NotFound
SAATMANNSRV,DB_Schnittstelle,symmetric,NoSymKeyFound,NotFound
SAATMANNSRV,DB_GeDoWinQS,symmetric,NoSymKeyFound,NotFound
SAATMANNSRV,DB_QS_Monitor,symmetric,NoSymKeyFound,NotFound
SAATMANNSRV,master,asymmetric,NoAsymKeyFound,NotFound
SAATMANNSRV,tempdb,asymmetric,NoAsymKeyFound,NotFound
SAATMANNSRV,model,asymmetric,NoAsymKeyFound,NotFound
SAATMANNSRV,msdb,asymmetric,NoAsymKeyFound,NotFound
SAATMANNSRV,DB_Schnittstelle,asymmetric,NoAsymKeyFound,NotFound
SAATMANNSRV,DB_GeDoWinQS,asymmetric,NoAsymKeyFound,NotFound
SAATMANNSRV,DB_QS_Monitor,asymmetric,NoAsymKeyFound,NotFound
SALTOSAS01-PI,master,symmetric,NoSymKeyFound,NotFound
SALTOSAS01-PI,tempdb,symmetric,NoSymKeyFound,NotFound
SALTOSAS01-PI,model,symmetric,NoSymKeyFound,NotFound
SALTOSAS01-PI,msdb,symmetric,NoSymKeyFound,NotFound
SALTOSAS01-PI,SALTO_SPACE,symmetric,NoSymKeyFound,NotFound
SALTOSAS01-PI,TBS_BAWSE,symmetric,NoSymKeyFound,NotFound
SALTOSAS01-PI,master,asymmetric,NoAsymKeyFound,NotFound
SALTOSAS01-PI,tempdb,asymmetric,NoAsymKeyFound,NotFound
SALTOSAS01-PI,model,asymmetric,NoAsymKeyFound,NotFound
SALTOSAS01-PI,msdb,asymmetric,NoAsymKeyFound,NotFound
SALTOSAS01-PI,SALTO_SPACE,asymmetric,NoAsymKeyFound,NotFound
SALTOSAS01-PI,TBS_BAWSE,asymmetric,NoAsymKeyFound,NotFound
SALTOSAS01-TI,master,symmetric,NoSymKeyFound,NotFound
SALTOSAS01-TI,tempdb,symmetric,NoSymKeyFound,NotFound
SALTOSAS01-TI,model,symmetric,NoSymKeyFound,NotFound
SALTOSAS01-TI,msdb,symmetric,NoSymKeyFound,NotFound
SALTOSAS01-TI,SALTO_SPACE,symmetric,NoSymKeyFound,NotFound
SALTOSAS01-TI,TBS_BAWSE,symmetric,NoSymKeyFound,NotFound
SALTOSAS01-TI,master,asymmetric,NoAsymKeyFound,NotFound
SALTOSAS01-TI,tempdb,asymmetric,NoAsymKeyFound,NotFound
SALTOSAS01-TI,model,asymmetric,NoAsymKeyFound,NotFound
SALTOSAS01-TI,msdb,asymmetric,NoAsymKeyFound,NotFound
SALTOSAS01-TI,SALTO_SPACE,asymmetric,NoAsymKeyFound,NotFound
SALTOSAS01-TI,TBS_BAWSE,asymmetric,NoAsymKeyFound,NotFound
SBIMSRV,master,symmetric,NoSymKeyFound,NotFound
SBIMSRV,tempdb,symmetric,NoSymKeyFound,NotFound
SBIMSRV,model,symmetric,NoSymKeyFound,NotFound
SBIMSRV,msdb,symmetric,NoSymKeyFound,NotFound
SBIMSRV,SBCOM$,symmetric,NoSymKeyFound,NotFound
SBIMSRV,SBCOM,symmetric,NoSymKeyFound,NotFound
SBIMSRV,SBDIRHM$,symmetric,NoSymKeyFound,NotFound
SBIMSRV,SBDIRHM,symmetric,NoSymKeyFound,NotFound
SBIMSRV,SBRCM$,symmetric,NoSymKeyFound,NotFound
SBIMSRV,SBRCM,symmetric,NoSymKeyFound,NotFound
SBIMSRV,SBRCMT,symmetric,NoSymKeyFound,NotFound
SBIMSRV,SBRIM$,symmetric,NoSymKeyFound,NotFound
SBIMSRV,SBRIM,symmetric,NoSymKeyFound,NotFound
SBIMSRV,SBSEC$,symmetric,NoSymKeyFound,NotFound
SBIMSRV,SBSEC,symmetric,NoSymKeyFound,NotFound
SBIMSRV,SBSYS,symmetric,NoSymKeyFound,NotFound
SBIMSRV,SBVIPAT$,symmetric,NoSymKeyFound,NotFound
SBIMSRV,SBVIPAT,symmetric,NoSymKeyFound,NotFound
SBIMSRV,master,asymmetric,NoAsymKeyFound,NotFound
SBIMSRV,tempdb,asymmetric,NoAsymKeyFound,NotFound
SBIMSRV,model,asymmetric,NoAsymKeyFound,NotFound
SBIMSRV,msdb,asymmetric,NoAsymKeyFound,NotFound
SBIMSRV,SBCOM$,asymmetric,NoAsymKeyFound,NotFound
SBIMSRV,SBCOM,asymmetric,NoAsymKeyFound,NotFound
SBIMSRV,SBDIRHM$,asymmetric,NoAsymKeyFound,NotFound
SBIMSRV,SBDIRHM,asymmetric,NoAsymKeyFound,NotFound
SBIMSRV,SBRCM$,asymmetric,NoAsymKeyFound,NotFound
SBIMSRV,SBRCM,asymmetric,NoAsymKeyFound,NotFound
SBIMSRV,SBRCMT,asymmetric,NoAsymKeyFound,NotFound
SBIMSRV,SBRIM$,asymmetric,NoAsymKeyFound,NotFound
SBIMSRV,SBRIM,asymmetric,NoAsymKeyFound,NotFound
SBIMSRV,SBSEC$,asymmetric,NoAsymKeyFound,NotFound
SBIMSRV,SBSEC,asymmetric,NoAsymKeyFound,NotFound
SBIMSRV,SBSYS,asymmetric,NoAsymKeyFound,NotFound
SBIMSRV,SBVIPAT$,asymmetric,NoAsymKeyFound,NotFound
SBIMSRV,SBVIPAT,asymmetric,NoAsymKeyFound,NotFound
SBIMTEST,master,symmetric,NoSymKeyFound,NotFound
SBIMTEST,tempdb,symmetric,NoSymKeyFound,NotFound
SBIMTEST,model,symmetric,NoSymKeyFound,NotFound
SBIMTEST,msdb,symmetric,NoSymKeyFound,NotFound
SBIMTEST,SBSYS,symmetric,NoSymKeyFound,NotFound
SBIMTEST,SBSEC,symmetric,NoSymKeyFound,NotFound
SBIMTEST,SBSEC$,symmetric,NoSymKeyFound,NotFound
SBIMTEST,SBCOM,symmetric,NoSymKeyFound,NotFound
SBIMTEST,SBCOM$,symmetric,NoSymKeyFound,NotFound
SBIMTEST,SBRCM,symmetric,NoSymKeyFound,NotFound
SBIMTEST,SBRCM$,symmetric,NoSymKeyFound,NotFound
SBIMTEST,SBRCMT,symmetric,NoSymKeyFound,NotFound
SBIMTEST,SBRIM,symmetric,NoSymKeyFound,NotFound
SBIMTEST,SBRIM$,symmetric,NoSymKeyFound,NotFound
SBIMTEST,SBDIRHM,symmetric,NoSymKeyFound,NotFound
SBIMTEST,SBDIRHM$,symmetric,NoSymKeyFound,NotFound
SBIMTEST,SBVIPAT,symmetric,NoSymKeyFound,NotFound
SBIMTEST,SBVIPAT$,symmetric,NoSymKeyFound,NotFound
SBIMTEST,master,asymmetric,NoAsymKeyFound,NotFound
SBIMTEST,tempdb,asymmetric,NoAsymKeyFound,NotFound
SBIMTEST,model,asymmetric,NoAsymKeyFound,NotFound
SBIMTEST,msdb,asymmetric,NoAsymKeyFound,NotFound
SBIMTEST,SBSYS,asymmetric,NoAsymKeyFound,NotFound
SBIMTEST,SBSEC,asymmetric,NoAsymKeyFound,NotFound
SBIMTEST,SBSEC$,asymmetric,NoAsymKeyFound,NotFound
SBIMTEST,SBCOM,asymmetric,NoAsymKeyFound,NotFound
SBIMTEST,SBCOM$,asymmetric,NoAsymKeyFound,NotFound
SBIMTEST,SBRCM,asymmetric,NoAsymKeyFound,NotFound
SBIMTEST,SBRCM$,asymmetric,NoAsymKeyFound,NotFound
SBIMTEST,SBRCMT,asymmetric,NoAsymKeyFound,NotFound
SBIMTEST,SBRIM,asymmetric,NoAsymKeyFound,NotFound
SBIMTEST,SBRIM$,asymmetric,NoAsymKeyFound,NotFound
SBIMTEST,SBDIRHM,asymmetric,NoAsymKeyFound,NotFound
SBIMTEST,SBDIRHM$,asymmetric,NoAsymKeyFound,NotFound
SBIMTEST,SBVIPAT,asymmetric,NoAsymKeyFound,NotFound
SBIMTEST,SBVIPAT$,asymmetric,NoAsymKeyFound,NotFound
SCCMCHL,master,symmetric,NoSymKeyFound,NotFound
SCCMCHL,tempdb,symmetric,NoSymKeyFound,NotFound
SCCMCHL,model,symmetric,NoSymKeyFound,NotFound
SCCMCHL,msdb,symmetric,NoSymKeyFound,NotFound
SCCMCHL,CM_CHL,symmetric,NoSymKeyFound,NotFound
SCCMCHL,master,asymmetric,NoAsymKeyFound,NotFound
SCCMCHL,tempdb,asymmetric,NoAsymKeyFound,NotFound
SCCMCHL,model,asymmetric,NoAsymKeyFound,NotFound
SCCMCHL,msdb,asymmetric,NoAsymKeyFound,NotFound
SCCMCHL,CM_CHL,asymmetric,NoAsymKeyFound,NotFound
SCCMREPORT,master,symmetric,NoSymKeyFound,NotFound
SCCMREPORT,tempdb,symmetric,NoSymKeyFound,NotFound
SCCMREPORT,model,symmetric,NoSymKeyFound,NotFound
SCCMREPORT,msdb,symmetric,NoSymKeyFound,NotFound
SCCMREPORT,ReportServer,symmetric,NoSymKeyFound,NotFound
SCCMREPORT,ReportServerTempDB,symmetric,NoSymKeyFound,NotFound
SCCMREPORT,CM_CHL_DW,symmetric,NoSymKeyFound,NotFound
SCCMREPORT,master,asymmetric,NoAsymKeyFound,NotFound
SCCMREPORT,tempdb,asymmetric,NoAsymKeyFound,NotFound
SCCMREPORT,model,asymmetric,NoAsymKeyFound,NotFound
SCCMREPORT,msdb,asymmetric,NoAsymKeyFound,NotFound
SCCMREPORT,ReportServer,asymmetric,NoAsymKeyFound,NotFound
SCCMREPORT,ReportServerTempDB,asymmetric,NoAsymKeyFound,NotFound
SCCMREPORT,CM_CHL_DW,asymmetric,NoAsymKeyFound,NotFound
SCCMSUP,master,symmetric,NoSymKeyFound,NotFound
SCCMSUP,tempdb,symmetric,NoSymKeyFound,NotFound
SCCMSUP,model,symmetric,NoSymKeyFound,NotFound
SCCMSUP,msdb,symmetric,NoSymKeyFound,NotFound
SCCMSUP,SUSDB,symmetric,NoSymKeyFound,NotFound
SCCMSUP,master,asymmetric,NoAsymKeyFound,NotFound
SCCMSUP,tempdb,asymmetric,NoAsymKeyFound,NotFound
SCCMSUP,model,asymmetric,NoAsymKeyFound,NotFound
SCCMSUP,msdb,asymmetric,NoAsymKeyFound,NotFound
SCCMSUP,SUSDB,asymmetric,NoAsymKeyFound,NotFound
SCHAUFSRV,master,symmetric,NoSymKeyFound,NotFound
SCHAUFSRV,tempdb,symmetric,NoSymKeyFound,NotFound
SCHAUFSRV,model,symmetric,NoSymKeyFound,NotFound
SCHAUFSRV,msdb,symmetric,NoSymKeyFound,NotFound
SCHAUFSRV,sGuide,symmetric,NoSymKeyFound,NotFound
SCHAUFSRV,Q-Flex,symmetric,NoSymKeyFound,NotFound
SCHAUFSRV,master,asymmetric,NoAsymKeyFound,NotFound
SCHAUFSRV,tempdb,asymmetric,NoAsymKeyFound,NotFound
SCHAUFSRV,model,asymmetric,NoAsymKeyFound,NotFound
SCHAUFSRV,msdb,asymmetric,NoAsymKeyFound,NotFound
SCHAUFSRV,sGuide,asymmetric,NoAsymKeyFound,NotFound
SCHAUFSRV,Q-Flex,asymmetric,NoAsymKeyFound,NotFound
SENTRYSUITESRV/SENTRYSUITE,master,symmetric,NoSymKeyFound,NotFound
SENTRYSUITESRV/SENTRYSUITE,tempdb,symmetric,NoSymKeyFound,NotFound
SENTRYSUITESRV/SENTRYSUITE,model,symmetric,NoSymKeyFound,NotFound
SENTRYSUITESRV/SENTRYSUITE,msdb,symmetric,NoSymKeyFound,NotFound
SENTRYSUITESRV/SENTRYSUITE,SentrySuite,symmetric,NoSymKeyFound,NotFound
SENTRYSUITESRV/SENTRYSUITE,SentryConnectGateway,symmetric,NoSymKeyFound,NotFound
SENTRYSUITESRV/SENTRYSUITE,master,asymmetric,NoAsymKeyFound,NotFound
SENTRYSUITESRV/SENTRYSUITE,tempdb,asymmetric,NoAsymKeyFound,NotFound
SENTRYSUITESRV/SENTRYSUITE,model,asymmetric,NoAsymKeyFound,NotFound
SENTRYSUITESRV/SENTRYSUITE,msdb,asymmetric,NoAsymKeyFound,NotFound
SENTRYSUITESRV/SENTRYSUITE,SentrySuite,asymmetric,NoAsymKeyFound,NotFound
SENTRYSUITESRV/SENTRYSUITE,SentryConnectGateway,asymmetric,NoAsymKeyFound,NotFound
SENTRYSUITETEST/SENTRYSUITE,master,symmetric,NoSymKeyFound,NotFound
SENTRYSUITETEST/SENTRYSUITE,tempdb,symmetric,NoSymKeyFound,NotFound
SENTRYSUITETEST/SENTRYSUITE,model,symmetric,NoSymKeyFound,NotFound
SENTRYSUITETEST/SENTRYSUITE,msdb,symmetric,NoSymKeyFound,NotFound
SENTRYSUITETEST/SENTRYSUITE,SentrySuite,symmetric,NoSymKeyFound,NotFound
SENTRYSUITETEST/SENTRYSUITE,SentryConnectGateway,symmetric,NoSymKeyFound,NotFound
SENTRYSUITETEST/SENTRYSUITE,SentryWorklist,symmetric,NoSymKeyFound,NotFound
SENTRYSUITETEST/SENTRYSUITE,DBCUBECHL,symmetric,NoSymKeyFound,NotFound
SENTRYSUITETEST/SENTRYSUITE,master,asymmetric,NoAsymKeyFound,NotFound
SENTRYSUITETEST/SENTRYSUITE,tempdb,asymmetric,NoAsymKeyFound,NotFound
SENTRYSUITETEST/SENTRYSUITE,model,asymmetric,NoAsymKeyFound,NotFound
SENTRYSUITETEST/SENTRYSUITE,msdb,asymmetric,NoAsymKeyFound,NotFound
SENTRYSUITETEST/SENTRYSUITE,SentrySuite,asymmetric,NoAsymKeyFound,NotFound
SENTRYSUITETEST/SENTRYSUITE,SentryConnectGateway,asymmetric,NoAsymKeyFound,NotFound
SENTRYSUITETEST/SENTRYSUITE,SentryWorklist,asymmetric,NoAsymKeyFound,NotFound
SENTRYSUITETEST/SENTRYSUITE,DBCUBECHL,asymmetric,NoAsymKeyFound,NotFound
SHATEST,master,symmetric,NoSymKeyFound,NotFound
SHATEST,tempdb,symmetric,NoSymKeyFound,NotFound
SHATEST,model,symmetric,NoSymKeyFound,NotFound
SHATEST,msdb,symmetric,NoSymKeyFound,NotFound
SHATEST,master,asymmetric,NoAsymKeyFound,NotFound
SHATEST,tempdb,asymmetric,NoAsymKeyFound,NotFound
SHATEST,model,asymmetric,NoAsymKeyFound,NotFound
SHATEST,msdb,asymmetric,NoAsymKeyFound,NotFound
SWLMAESDBS01-PI,master,symmetric,NoSymKeyFound,NotFound
SWLMAESDBS01-PI,tempdb,symmetric,NoSymKeyFound,NotFound
SWLMAESDBS01-PI,model,symmetric,NoSymKeyFound,NotFound
SWLMAESDBS01-PI,msdb,symmetric,NoSymKeyFound,NotFound
SWLMAESDBS01-PI,mirthdb,symmetric,NoSymKeyFound,NotFound
SWLMAESDBS01-PI,master,asymmetric,NoAsymKeyFound,NotFound
SWLMAESDBS01-PI,tempdb,asymmetric,NoAsymKeyFound,NotFound
SWLMAESDBS01-PI,model,asymmetric,NoAsymKeyFound,NotFound
SWLMAESDBS01-PI,msdb,asymmetric,NoAsymKeyFound,NotFound
SWLMAESDBS01-PI,mirthdb,asymmetric,NoAsymKeyFound,NotFound
SWLMAESDBS01-TI,master,symmetric,NoSymKeyFound,NotFound
SWLMAESDBS01-TI,tempdb,symmetric,NoSymKeyFound,NotFound
SWLMAESDBS01-TI,model,symmetric,NoSymKeyFound,NotFound
SWLMAESDBS01-TI,msdb,symmetric,NoSymKeyFound,NotFound
SWLMAESDBS01-TI,mirthdb,symmetric,NoSymKeyFound,NotFound
SWLMAESDBS01-TI,master,asymmetric,NoAsymKeyFound,NotFound
SWLMAESDBS01-TI,tempdb,asymmetric,NoAsymKeyFound,NotFound
SWLMAESDBS01-TI,model,asymmetric,NoAsymKeyFound,NotFound
SWLMAESDBS01-TI,msdb,asymmetric,NoAsymKeyFound,NotFound
SWLMAESDBS01-TI,mirthdb,asymmetric,NoAsymKeyFound,NotFound
SYSADMVWS01-DI,master,symmetric,NoSymKeyFound,NotFound
SYSADMVWS01-DI,tempdb,symmetric,NoSymKeyFound,NotFound
SYSADMVWS01-DI,model,symmetric,NoSymKeyFound,NotFound
SYSADMVWS01-DI,msdb,symmetric,NoSymKeyFound,NotFound
SYSADMVWS01-DI,master,asymmetric,NoAsymKeyFound,NotFound
SYSADMVWS01-DI,tempdb,asymmetric,NoAsymKeyFound,NotFound
SYSADMVWS01-DI,model,asymmetric,NoAsymKeyFound,NotFound
SYSADMVWS01-DI,msdb,asymmetric,NoAsymKeyFound,NotFound
SYSEPUSAS01-PI,master,symmetric,NoSymKeyFound,NotFound
SYSEPUSAS01-PI,tempdb,symmetric,NoSymKeyFound,NotFound
SYSEPUSAS01-PI,model,symmetric,NoSymKeyFound,NotFound
SYSEPUSAS01-PI,msdb,symmetric,NoSymKeyFound,NotFound
SYSEPUSAS01-PI,ExtendedIPUConfigData,symmetric,NoSymKeyFound,NotFound
SYSEPUSAS01-PI,ExtendedIPURoutineCacheData_4.6.22,symmetric,NoSymKeyFound,NotFound
SYSEPUSAS01-PI,ExtendedIPU,symmetric,NoSymKeyFound,NotFound
SYSEPUSAS01-PI,ExtendedIPUAccessLogs,symmetric,NoSymKeyFound,NotFound
SYSEPUSAS01-PI,ExtendedIPUAnonymized,symmetric,NoSymKeyFound,NotFound
SYSEPUSAS01-PI,ExtendedIPUPDFFiles,symmetric,NoSymKeyFound,NotFound
SYSEPUSAS01-PI,ExtendedIPUStatistics,symmetric,NoSymKeyFound,NotFound
SYSEPUSAS01-PI,master,asymmetric,NoAsymKeyFound,NotFound
SYSEPUSAS01-PI,tempdb,asymmetric,NoAsymKeyFound,NotFound
SYSEPUSAS01-PI,model,asymmetric,NoAsymKeyFound,NotFound
SYSEPUSAS01-PI,msdb,asymmetric,NoAsymKeyFound,NotFound
SYSEPUSAS01-PI,ExtendedIPUConfigData,asymmetric,NoAsymKeyFound,NotFound
SYSEPUSAS01-PI,ExtendedIPURoutineCacheData_4.6.22,asymmetric,NoAsymKeyFound,NotFound
SYSEPUSAS01-PI,ExtendedIPU,asymmetric,NoAsymKeyFound,NotFound
SYSEPUSAS01-PI,ExtendedIPUAccessLogs,asymmetric,NoAsymKeyFound,NotFound
SYSEPUSAS01-PI,ExtendedIPUAnonymized,asymmetric,NoAsymKeyFound,NotFound
SYSEPUSAS01-PI,ExtendedIPUPDFFiles,asymmetric,NoAsymKeyFound,NotFound
SYSEPUSAS01-PI,ExtendedIPUStatistics,asymmetric,NoAsymKeyFound,NotFound
SYSMEXIPUSRV,master,symmetric,NoSymKeyFound,NotFound
SYSMEXIPUSRV,tempdb,symmetric,NoSymKeyFound,NotFound
SYSMEXIPUSRV,model,symmetric,NoSymKeyFound,NotFound
SYSMEXIPUSRV,msdb,symmetric,NoSymKeyFound,NotFound
SYSMEXIPUSRV,ExtendedIPU,symmetric,NoSymKeyFound,NotFound
SYSMEXIPUSRV,ExtendedIPUAnonymized,symmetric,NoSymKeyFound,NotFound
SYSMEXIPUSRV,ExtendedIPURoutineCacheData_4.6.22,symmetric,NoSymKeyFound,NotFound
SYSMEXIPUSRV,ExtendedIPUPDFFiles,symmetric,NoSymKeyFound,NotFound
SYSMEXIPUSRV,ExtendedIPUStatistics,symmetric,NoSymKeyFound,NotFound
SYSMEXIPUSRV,ExtendedIPUAccessLogs,symmetric,NoSymKeyFound,NotFound
SYSMEXIPUSRV,ExtendedIPUConfigData,symmetric,NoSymKeyFound,NotFound
SYSMEXIPUSRV,master,asymmetric,NoAsymKeyFound,NotFound
SYSMEXIPUSRV,tempdb,asymmetric,NoAsymKeyFound,NotFound
SYSMEXIPUSRV,model,asymmetric,NoAsymKeyFound,NotFound
SYSMEXIPUSRV,msdb,asymmetric,NoAsymKeyFound,NotFound
SYSMEXIPUSRV,ExtendedIPU,asymmetric,NoAsymKeyFound,NotFound
SYSMEXIPUSRV,ExtendedIPUAnonymized,asymmetric,NoAsymKeyFound,NotFound
SYSMEXIPUSRV,ExtendedIPURoutineCacheData_4.6.22,asymmetric,NoAsymKeyFound,NotFound
SYSMEXIPUSRV,ExtendedIPUPDFFiles,asymmetric,NoAsymKeyFound,NotFound
SYSMEXIPUSRV,ExtendedIPUStatistics,asymmetric,NoAsymKeyFound,NotFound
SYSMEXIPUSRV,ExtendedIPUAccessLogs,asymmetric,NoAsymKeyFound,NotFound
SYSMEXIPUSRV,ExtendedIPUConfigData,asymmetric,NoAsymKeyFound,NotFound
THYCOTICDB,master,symmetric,NoSymKeyFound,NotFound
THYCOTICDB,tempdb,symmetric,NoSymKeyFound,NotFound
THYCOTICDB,model,symmetric,NoSymKeyFound,NotFound
THYCOTICDB,msdb,symmetric,NoSymKeyFound,NotFound
THYCOTICDB,SecretServer,symmetric,NoSymKeyFound,NotFound
THYCOTICDB,master,asymmetric,NoAsymKeyFound,NotFound
THYCOTICDB,tempdb,asymmetric,NoAsymKeyFound,NotFound
THYCOTICDB,model,asymmetric,NoAsymKeyFound,NotFound
THYCOTICDB,msdb,asymmetric,NoAsymKeyFound,NotFound
THYCOTICDB,SecretServer,asymmetric,NoAsymKeyFound,NotFound
THYCOTICSRV,master,symmetric,NoSymKeyFound,NotFound
THYCOTICSRV,tempdb,symmetric,NoSymKeyFound,NotFound
THYCOTICSRV,model,symmetric,NoSymKeyFound,NotFound
THYCOTICSRV,msdb,symmetric,NoSymKeyFound,NotFound
THYCOTICSRV,SecretServer,symmetric,NoSymKeyFound,NotFound
THYCOTICSRV,SecretServerInt,symmetric,NoSymKeyFound,NotFound
THYCOTICSRV,master,asymmetric,NoAsymKeyFound,NotFound
THYCOTICSRV,tempdb,asymmetric,NoAsymKeyFound,NotFound
THYCOTICSRV,model,asymmetric,NoAsymKeyFound,NotFound
THYCOTICSRV,msdb,asymmetric,NoAsymKeyFound,NotFound
THYCOTICSRV,SecretServer,asymmetric,NoAsymKeyFound,NotFound
THYCOTICSRV,SecretServerInt,asymmetric,NoAsymKeyFound,NotFound
TSSTEST/SQLEXPRESS,master,symmetric,NoSymKeyFound,NotFound
TSSTEST/SQLEXPRESS,tempdb,symmetric,NoSymKeyFound,NotFound
TSSTEST/SQLEXPRESS,model,symmetric,NoSymKeyFound,NotFound
TSSTEST/SQLEXPRESS,msdb,symmetric,NoSymKeyFound,NotFound
TSSTEST/SQLEXPRESS,SecretServer,symmetric,NoSymKeyFound,NotFound
TSSTEST/SQLEXPRESS,tmp_hra,symmetric,NoSymKeyFound,NotFound
TSSTEST/SQLEXPRESS,master,asymmetric,NoAsymKeyFound,NotFound
TSSTEST/SQLEXPRESS,tempdb,asymmetric,NoAsymKeyFound,NotFound
TSSTEST/SQLEXPRESS,model,asymmetric,NoAsymKeyFound,NotFound
TSSTEST/SQLEXPRESS,msdb,asymmetric,NoAsymKeyFound,NotFound
TSSTEST/SQLEXPRESS,SecretServer,asymmetric,NoAsymKeyFound,NotFound
TSSTEST/SQLEXPRESS,tmp_hra,asymmetric,NoAsymKeyFound,NotFound
WSSQL01,master,symmetric,NoSymKeyFound,NotFound
WSSQL01,tempdb,symmetric,NoSymKeyFound,NotFound
WSSQL01,model,symmetric,NoSymKeyFound,NotFound
WSSQL01,msdb,symmetric,NoSymKeyFound,NotFound
WSSQL01,portier,symmetric,NoSymKeyFound,NotFound
WSSQL01,Papercut,symmetric,NoSymKeyFound,NotFound
WSSQL01,S4L,symmetric,##MS_DatabaseMasterKey##,TRIPLE_DES
WSSQL01,UniteData,symmetric,NoSymKeyFound,NotFound
WSSQL01,UniteAnalyzer,symmetric,NoSymKeyFound,NotFound
WSSQL01,UniteAuditTrail,symmetric,NoSymKeyFound,NotFound
WSSQL01,UniteConnect,symmetric,NoSymKeyFound,NotFound
WSSQL01,ePO_WSEPO01,symmetric,NoSymKeyFound,NotFound
WSSQL01,ePO_WSEPO01_Events,symmetric,NoSymKeyFound,NotFound
WSSQL01,Carrousel,symmetric,NoSymKeyFound,NotFound
WSSQL01,Shared_sync_hra,symmetric,NoSymKeyFound,NotFound
WSSQL01,Shared_sync_hra_prod,symmetric,NoSymKeyFound,NotFound
WSSQL01,master,asymmetric,NoAsymKeyFound,NotFound
WSSQL01,tempdb,asymmetric,NoAsymKeyFound,NotFound
WSSQL01,model,asymmetric,NoAsymKeyFound,NotFound
WSSQL01,msdb,asymmetric,NoAsymKeyFound,NotFound
WSSQL01,portier,asymmetric,NoAsymKeyFound,NotFound
WSSQL01,Papercut,asymmetric,NoAsymKeyFound,NotFound
WSSQL01,S4L,asymmetric,NoAsymKeyFound,NotFound
WSSQL01,UniteData,asymmetric,NoAsymKeyFound,NotFound
WSSQL01,UniteAnalyzer,asymmetric,NoAsymKeyFound,NotFound
WSSQL01,UniteAuditTrail,asymmetric,NoAsymKeyFound,NotFound
WSSQL01,UniteConnect,asymmetric,NoAsymKeyFound,NotFound
WSSQL01,ePO_WSEPO01,asymmetric,NoAsymKeyFound,NotFound
WSSQL01,ePO_WSEPO01_Events,asymmetric,NoAsymKeyFound,NotFound
WSSQL01,Carrousel,asymmetric,NoAsymKeyFound,NotFound
WSSQL01,Shared_sync_hra,asymmetric,NoAsymKeyFound,NotFound
WSSQL01,Shared_sync_hra_prod,asymmetric,NoAsymKeyFound,NotFound
WSSQLMED01,master,symmetric,NoSymKeyFound,NotFound
WSSQLMED01,tempdb,symmetric,NoSymKeyFound,NotFound
WSSQLMED01,model,symmetric,NoSymKeyFound,NotFound
WSSQLMED01,msdb,symmetric,NoSymKeyFound,NotFound
WSSQLMED01,MUSE_System,symmetric,NoSymKeyFound,NotFound
WSSQLMED01,MUSE_SiteTemplate,symmetric,NoSymKeyFound,NotFound
WSSQLMED01,MUSE_Site0001,symmetric,NoSymKeyFound,NotFound
WSSQLMED01,test,symmetric,NoSymKeyFound,NotFound
WSSQLMED01,ATLAS,symmetric,##MS_DatabaseMasterKey##,AES_256
WSSQLMED01,ATLAS,symmetric,atlas_symmetric_key,AES_256
WSSQLMED01,AdvArchive,symmetric,NoSymKeyFound,NotFound
WSSQLMED01,AdvLog,symmetric,NoSymKeyFound,NotFound
WSSQLMED01,AdvSetup,symmetric,NoSymKeyFound,NotFound
WSSQLMED01,Diamant,symmetric,NoSymKeyFound,NotFound
WSSQLMED01,Matcher_CHLux,symmetric,NoSymKeyFound,NotFound
WSSQLMED01,master,asymmetric,NoAsymKeyFound,NotFound
WSSQLMED01,tempdb,asymmetric,NoAsymKeyFound,NotFound
WSSQLMED01,model,asymmetric,NoAsymKeyFound,NotFound
WSSQLMED01,msdb,asymmetric,NoAsymKeyFound,NotFound
WSSQLMED01,MUSE_System,asymmetric,NoAsymKeyFound,NotFound
WSSQLMED01,MUSE_SiteTemplate,asymmetric,NoAsymKeyFound,NotFound
WSSQLMED01,MUSE_Site0001,asymmetric,NoAsymKeyFound,NotFound
WSSQLMED01,test,asymmetric,NoAsymKeyFound,NotFound
WSSQLMED01,ATLAS,asymmetric,NoAsymKeyFound,NotFound
WSSQLMED01,AdvArchive,asymmetric,NoAsymKeyFound,NotFound
WSSQLMED01,AdvLog,asymmetric,NoAsymKeyFound,NotFound
WSSQLMED01,AdvSetup,asymmetric,NoAsymKeyFound,NotFound
WSSQLMED01,Diamant,asymmetric,NoAsymKeyFound,NotFound
WSSQLMED01,Matcher_CHLux,asymmetric,NoAsymKeyFound,NotFound
WSSQLTEST01,master,symmetric,NoSymKeyFound,NotFound
WSSQLTEST01,tempdb,symmetric,NoSymKeyFound,NotFound
WSSQLTEST01,model,symmetric,NoSymKeyFound,NotFound
WSSQLTEST01,msdb,symmetric,NoSymKeyFound,NotFound
WSSQLTEST01,S4L,symmetric,##MS_DatabaseMasterKey##,TRIPLE_DES
WSSQLTEST01,ONETRUST_REPORTING,symmetric,NoSymKeyFound,NotFound
WSSQLTEST01,S4L_rebuild,symmetric,##MS_DatabaseMasterKey##,TRIPLE_DES
WSSQLTEST01,igrc,symmetric,NoSymKeyFound,NotFound
WSSQLTEST01,PFM_BD_Mouvements,symmetric,NoSymKeyFound,NotFound
WSSQLTEST01,CHL_IPAM,symmetric,NoSymKeyFound,NotFound
WSSQLTEST01,master,asymmetric,NoAsymKeyFound,NotFound
WSSQLTEST01,tempdb,asymmetric,NoAsymKeyFound,NotFound
WSSQLTEST01,model,asymmetric,NoAsymKeyFound,NotFound
WSSQLTEST01,msdb,asymmetric,NoAsymKeyFound,NotFound
WSSQLTEST01,S4L,asymmetric,NoAsymKeyFound,NotFound
WSSQLTEST01,ONETRUST_REPORTING,asymmetric,NoAsymKeyFound,NotFound
WSSQLTEST01,S4L_rebuild,asymmetric,NoAsymKeyFound,NotFound
WSSQLTEST01,igrc,asymmetric,NoAsymKeyFound,NotFound
WSSQLTEST01,PFM_BD_Mouvements,asymmetric,NoAsymKeyFound,NotFound
WSSQLTEST01,CHL_IPAM,asymmetric,NoAsymKeyFound,NotFound
ZCMSQL,master,symmetric,NoSymKeyFound,NotFound
ZCMSQL,tempdb,symmetric,NoSymKeyFound,NotFound
ZCMSQL,model,symmetric,NoSymKeyFound,NotFound
ZCMSQL,msdb,symmetric,NoSymKeyFound,NotFound
ZCMSQL,DBAudit,symmetric,NoSymKeyFound,NotFound
ZCMSQL,ZCM_CHL,symmetric,NoSymKeyFound,NotFound
ZCMSQL,master,asymmetric,NoAsymKeyFound,NotFound
ZCMSQL,tempdb,asymmetric,NoAsymKeyFound,NotFound
ZCMSQL,model,asymmetric,NoAsymKeyFound,NotFound
ZCMSQL,msdb,asymmetric,NoAsymKeyFound,NotFound
ZCMSQL,DBAudit,asymmetric,NoAsymKeyFound,NotFound
ZCMSQL,ZCM_CHL,asymmetric,NoAsymKeyFound,NotFound
