APEXCENTRAL/SQLEXPRESS,Failed
APEXONE/OFFICESCAN,Failed
BRAINWAVEDB,Failed
CATOSRV,Failed
CATOTEST,Failed
CHIPTEXSAS01-PI,Failed
CNSSQL1,All
COPLIVEDBS01-PI,Failed
COPRA6COPUS,Failed
COPRADEMO,Failed
COPRALIVE,Failed
COPRASTAT,Failed
COPRATEST,Failed
COPSTATDBS01-PI,Failed
DRAGONDB/SQLEXPRESS,Failed
ECGSRV/SQL2016,Failed
ECGTEST/SQL2016,Failed
ENDOBASESRV/MSSQLENDOBASE,Failed
ESTOSPROCALL,Failed
IMAGEDRIVEDB,Failed
INFINITYGW,Failed
INFRASQL,Failed
ITCDB01,Failed
LABOSOMSRV,Failed
LABOSRV,Failed
MATCHERSRV,Failed
METAVI6DBS01-DI,Failed
METAVI6DBS01-PI,Failed
METAVI6DBS01-TI,Failed
MVDB23,Failed
MVDBTEST23,Failed
MVDEVDBS01-TI,Failed
MVESRV,Failed
NEUROSRV,Failed
NOSOKOSDBS01-PI,Failed
ONKOZERTSRV,Failed
OPERA5DBS01-PI/OPERAPRD,Failed
OPERA5SAS01-TI/OPERATST,Failed
OPSCCTSSAS01-PI,Failed
OPTIMDB,Failed
ORGACARDDB01,Failed
ORGCARDSAS-TI,Failed
PFMSAS02-PI/PFMSQL2016,Failed
RDMSRV,Failed
SAATMANNSRV,Failed
SALTOSAS01-PI,Failed
SALTOSAS01-TI,Failed
SBIMSRV,Failed
SBIMTEST,Failed
SCCMCHL,Failed
SCCMREPORT,Failed
SCCMSUP,Failed
SCHAUFSRV,Failed
SENTRYSUITESRV/SENTRYSUITE,Failed
SENTRYSUITETEST/SENTRYSUITE,Failed
SHATEST,Failed
SWLMAESDBS01-PI,Failed
SWLMAESDBS01-TI,Failed
SYSADMVWS01-DI,Failed
SYSEPUSAS01-PI,Failed
SYSMEXIPUSRV,Failed
THYCOTICDB,Failed
THYCOTICSRV,Failed
TSSTEST/SQLEXPRESS,Failed
WSSQL01,All
WSSQLMED01,All
WSSQLTEST01,Failed
ZCMSQL,Failed
