APEXCENTRAL/SQLEXPRESS,remote access,1,1
APEXCENTRAL/SQLEXPRESS,cross db ownership chaining,0,0
APEXCENTRAL/SQLEXPRESS,scan for startup procs,0,0
APEXCENTRAL/SQLEXPRESS,clr enabled,0,0
APEXCENTRAL/SQLEXPRESS,default trace enabled,1,1
APEXCENTRAL/SQLEXPRESS,clr strict security,1,1
APEXCENTRAL/SQLEXPRESS,Database Mail XPs,0,0
APEXCENTRAL/SQLEXPRESS,Ole Automation Procedures,0,0
APEXCENTRAL/SQLEXPRESS,xp_cmdshell,0,0
APEXCENTRAL/SQLEXPRESS,Ad Hoc Distributed Queries,0,0
APEXCENTRAL/SQLEXPRESS,remote admin connections,0,0
APEXONE/OFFICESCAN,remote access,1,1
APEXONE/OFFICESCAN,cross db ownership chaining,0,0
APEXONE/OFFICESCAN,scan for startup procs,0,0
APEXONE/OFFICESCAN,clr enabled,0,0
APEXONE/OFFICESCAN,default trace enabled,1,1
APEXONE/OFFICESCAN,Database Mail XPs,0,0
APEXONE/OFFICESCAN,Ole Automation Procedures,0,0
APEXONE/OFFICESCAN,xp_cmdshell,0,0
APEXONE/OFFICESCAN,Ad Hoc Distributed Queries,0,0
APEXONE/OFFICESCAN,remote admin connections,0,0
BRAINWAVEDB,remote access,1,1
BRAINWAVEDB,cross db ownership chaining,0,0
BRAINWAVEDB,scan for startup procs,0,0
BRAINWAVEDB,clr enabled,0,0
BRAINWAVEDB,default trace enabled,1,1
BRAINWAVEDB,clr strict security,1,1
BRAINWAVEDB,Database Mail XPs,0,0
BRAINWAVEDB,Ole Automation Procedures,0,0
BRAINWAVEDB,xp_cmdshell,0,0
BRAINWAVEDB,Ad Hoc Distributed Queries,0,0
BRAINWAVEDB,remote admin connections,0,0
CATOSRV,remote access,1,1
CATOSRV,cross db ownership chaining,0,0
CATOSRV,scan for startup procs,0,0
CATOSRV,clr enabled,0,0
CATOSRV,default trace enabled,1,1
CATOSRV,clr strict security,1,1
CATOSRV,Database Mail XPs,0,0
CATOSRV,Ole Automation Procedures,0,0
CATOSRV,xp_cmdshell,0,0
CATOSRV,Ad Hoc Distributed Queries,0,0
CATOSRV,remote admin connections,0,0
CATOTEST,remote access,1,1
CATOTEST,cross db ownership chaining,0,0
CATOTEST,scan for startup procs,0,0
CATOTEST,clr enabled,0,0
CATOTEST,default trace enabled,1,1
CATOTEST,clr strict security,1,1
CATOTEST,Database Mail XPs,0,0
CATOTEST,Ole Automation Procedures,0,0
CATOTEST,xp_cmdshell,0,0
CATOTEST,Ad Hoc Distributed Queries,0,0
CATOTEST,remote admin connections,0,0
CHIPTEXSAS01-PI,remote access,1,1
CHIPTEXSAS01-PI,cross db ownership chaining,0,0
CHIPTEXSAS01-PI,scan for startup procs,0,0
CHIPTEXSAS01-PI,clr enabled,0,0
CHIPTEXSAS01-PI,default trace enabled,1,1
CHIPTEXSAS01-PI,clr strict security,1,1
CHIPTEXSAS01-PI,Database Mail XPs,0,0
CHIPTEXSAS01-PI,Ole Automation Procedures,0,0
CHIPTEXSAS01-PI,xp_cmdshell,0,0
CHIPTEXSAS01-PI,Ad Hoc Distributed Queries,0,0
CHIPTEXSAS01-PI,remote admin connections,0,0
CNSSQL1,remote access,1,1
CNSSQL1,cross db ownership chaining,0,0
CNSSQL1,scan for startup procs,0,0
CNSSQL1,clr enabled,0,0
CNSSQL1,default trace enabled,1,1
CNSSQL1,Database Mail XPs,0,0
CNSSQL1,Ole Automation Procedures,0,0
CNSSQL1,xp_cmdshell,0,0
CNSSQL1,Ad Hoc Distributed Queries,0,0
CNSSQL1,remote admin connections,0,0
COPLIVEDBS01-PI,remote access,1,1
COPLIVEDBS01-PI,cross db ownership chaining,0,0
COPLIVEDBS01-PI,scan for startup procs,0,0
COPLIVEDBS01-PI,clr enabled,1,1
COPLIVEDBS01-PI,default trace enabled,1,1
COPLIVEDBS01-PI,clr strict security,1,1
COPLIVEDBS01-PI,Database Mail XPs,0,0
COPLIVEDBS01-PI,Ole Automation Procedures,0,0
COPLIVEDBS01-PI,xp_cmdshell,0,0
COPLIVEDBS01-PI,Ad Hoc Distributed Queries,0,0
COPLIVEDBS01-PI,remote admin connections,0,0
COPRA6COPUS,remote access,1,1
COPRA6COPUS,cross db ownership chaining,0,0
COPRA6COPUS,scan for startup procs,0,0
COPRA6COPUS,clr enabled,0,0
COPRA6COPUS,default trace enabled,1,1
COPRA6COPUS,clr strict security,1,1
COPRA6COPUS,Database Mail XPs,0,0
COPRA6COPUS,Ole Automation Procedures,0,0
COPRA6COPUS,xp_cmdshell,0,0
COPRA6COPUS,Ad Hoc Distributed Queries,0,0
COPRA6COPUS,remote admin connections,0,0
COPRADEMO,remote access,1,1
COPRADEMO,cross db ownership chaining,0,0
COPRADEMO,scan for startup procs,0,0
COPRADEMO,clr enabled,1,1
COPRADEMO,default trace enabled,1,1
COPRADEMO,clr strict security,1,1
COPRADEMO,Database Mail XPs,0,0
COPRADEMO,Ole Automation Procedures,0,0
COPRADEMO,xp_cmdshell,0,0
COPRADEMO,Ad Hoc Distributed Queries,0,0
COPRADEMO,remote admin connections,0,0
COPRALIVE,remote access,1,1
COPRALIVE,cross db ownership chaining,0,0
COPRALIVE,scan for startup procs,0,0
COPRALIVE,clr enabled,1,1
COPRALIVE,default trace enabled,1,1
COPRALIVE,clr strict security,1,1
COPRALIVE,Database Mail XPs,0,0
COPRALIVE,Ole Automation Procedures,0,0
COPRALIVE,xp_cmdshell,0,0
COPRALIVE,Ad Hoc Distributed Queries,0,0
COPRALIVE,remote admin connections,0,0
COPRASTAT,remote access,1,1
COPRASTAT,cross db ownership chaining,0,0
COPRASTAT,scan for startup procs,0,0
COPRASTAT,clr enabled,1,1
COPRASTAT,default trace enabled,1,1
COPRASTAT,clr strict security,1,1
COPRASTAT,Database Mail XPs,0,0
COPRASTAT,Ole Automation Procedures,0,0
COPRASTAT,xp_cmdshell,0,0
COPRASTAT,Ad Hoc Distributed Queries,0,0
COPRASTAT,remote admin connections,0,0
COPRATEST,remote access,1,1
COPRATEST,cross db ownership chaining,0,0
COPRATEST,scan for startup procs,0,0
COPRATEST,clr enabled,1,1
COPRATEST,default trace enabled,1,1
COPRATEST,clr strict security,1,1
COPRATEST,Database Mail XPs,0,0
COPRATEST,Ole Automation Procedures,0,0
COPRATEST,xp_cmdshell,0,0
COPRATEST,Ad Hoc Distributed Queries,0,0
COPRATEST,remote admin connections,0,0
COPSTATDBS01-PI,remote access,1,1
COPSTATDBS01-PI,cross db ownership chaining,0,0
COPSTATDBS01-PI,scan for startup procs,0,0
COPSTATDBS01-PI,clr enabled,1,1
COPSTATDBS01-PI,default trace enabled,1,1
COPSTATDBS01-PI,clr strict security,1,1
COPSTATDBS01-PI,Database Mail XPs,0,0
COPSTATDBS01-PI,Ole Automation Procedures,0,0
COPSTATDBS01-PI,xp_cmdshell,0,0
COPSTATDBS01-PI,Ad Hoc Distributed Queries,0,0
COPSTATDBS01-PI,remote admin connections,0,0
DRAGONDB/SQLEXPRESS,remote access,1,1
DRAGONDB/SQLEXPRESS,cross db ownership chaining,0,0
DRAGONDB/SQLEXPRESS,scan for startup procs,0,0
DRAGONDB/SQLEXPRESS,clr enabled,0,0
DRAGONDB/SQLEXPRESS,default trace enabled,1,1
DRAGONDB/SQLEXPRESS,clr strict security,1,1
DRAGONDB/SQLEXPRESS,Database Mail XPs,0,0
DRAGONDB/SQLEXPRESS,Ole Automation Procedures,0,0
DRAGONDB/SQLEXPRESS,xp_cmdshell,0,0
DRAGONDB/SQLEXPRESS,Ad Hoc Distributed Queries,0,0
DRAGONDB/SQLEXPRESS,remote admin connections,0,0
ECGSRV/SQL2016,remote access,1,1
ECGSRV/SQL2016,cross db ownership chaining,0,0
ECGSRV/SQL2016,scan for startup procs,0,0
ECGSRV/SQL2016,clr enabled,1,1
ECGSRV/SQL2016,default trace enabled,1,1
ECGSRV/SQL2016,Database Mail XPs,0,0
ECGSRV/SQL2016,Ole Automation Procedures,0,0
ECGSRV/SQL2016,xp_cmdshell,0,0
ECGSRV/SQL2016,Ad Hoc Distributed Queries,0,0
ECGSRV/SQL2016,remote admin connections,0,0
ECGTEST/SQL2016,remote access,1,1
ECGTEST/SQL2016,cross db ownership chaining,0,0
ECGTEST/SQL2016,scan for startup procs,0,0
ECGTEST/SQL2016,clr enabled,1,1
ECGTEST/SQL2016,default trace enabled,1,1
ECGTEST/SQL2016,Database Mail XPs,0,0
ECGTEST/SQL2016,Ole Automation Procedures,0,0
ECGTEST/SQL2016,xp_cmdshell,0,0
ECGTEST/SQL2016,Ad Hoc Distributed Queries,0,0
ECGTEST/SQL2016,remote admin connections,0,0
ENDOBASESRV/MSSQLENDOBASE,remote access,1,1
ENDOBASESRV/MSSQLENDOBASE,cross db ownership chaining,0,0
ENDOBASESRV/MSSQLENDOBASE,scan for startup procs,0,0
ENDOBASESRV/MSSQLENDOBASE,clr enabled,0,0
ENDOBASESRV/MSSQLENDOBASE,default trace enabled,1,1
ENDOBASESRV/MSSQLENDOBASE,clr strict security,1,1
ENDOBASESRV/MSSQLENDOBASE,Database Mail XPs,0,0
ENDOBASESRV/MSSQLENDOBASE,Ole Automation Procedures,0,0
ENDOBASESRV/MSSQLENDOBASE,xp_cmdshell,0,0
ENDOBASESRV/MSSQLENDOBASE,Ad Hoc Distributed Queries,0,0
ENDOBASESRV/MSSQLENDOBASE,remote admin connections,0,0
ESTOSPROCALL,remote access,1,1
ESTOSPROCALL,cross db ownership chaining,0,0
ESTOSPROCALL,scan for startup procs,0,0
ESTOSPROCALL,clr enabled,0,0
ESTOSPROCALL,default trace enabled,1,1
ESTOSPROCALL,clr strict security,1,1
ESTOSPROCALL,Database Mail XPs,0,0
ESTOSPROCALL,Ole Automation Procedures,0,0
ESTOSPROCALL,xp_cmdshell,0,0
ESTOSPROCALL,Ad Hoc Distributed Queries,0,0
ESTOSPROCALL,remote admin connections,0,0
IMAGEDRIVEDB,remote access,1,1
IMAGEDRIVEDB,cross db ownership chaining,0,0
IMAGEDRIVEDB,scan for startup procs,0,0
IMAGEDRIVEDB,clr enabled,0,0
IMAGEDRIVEDB,default trace enabled,1,1
IMAGEDRIVEDB,Database Mail XPs,0,0
IMAGEDRIVEDB,Ole Automation Procedures,0,0
IMAGEDRIVEDB,xp_cmdshell,0,0
IMAGEDRIVEDB,Ad Hoc Distributed Queries,0,0
IMAGEDRIVEDB,remote admin connections,0,0
INFINITYGW,remote access,1,1
INFINITYGW,cross db ownership chaining,0,0
INFINITYGW,scan for startup procs,0,0
INFINITYGW,clr enabled,0,0
INFINITYGW,default trace enabled,1,1
INFINITYGW,clr strict security,1,1
INFINITYGW,Database Mail XPs,0,0
INFINITYGW,Ole Automation Procedures,0,0
INFINITYGW,xp_cmdshell,0,0
INFINITYGW,Ad Hoc Distributed Queries,0,0
INFINITYGW,remote admin connections,0,0
INFRASQL,remote access,1,1
INFRASQL,cross db ownership chaining,0,0
INFRASQL,scan for startup procs,0,0
INFRASQL,clr enabled,0,0
INFRASQL,default trace enabled,1,1
INFRASQL,clr strict security,1,1
INFRASQL,Database Mail XPs,0,0
INFRASQL,Ole Automation Procedures,0,0
INFRASQL,xp_cmdshell,0,0
INFRASQL,Ad Hoc Distributed Queries,0,0
INFRASQL,remote admin connections,0,0
ITCDB01,remote access,1,1
ITCDB01,cross db ownership chaining,0,0
ITCDB01,scan for startup procs,0,0
ITCDB01,clr enabled,0,0
ITCDB01,default trace enabled,1,1
ITCDB01,clr strict security,1,1
ITCDB01,Database Mail XPs,0,0
ITCDB01,Ole Automation Procedures,0,0
ITCDB01,xp_cmdshell,0,0
ITCDB01,Ad Hoc Distributed Queries,0,0
ITCDB01,remote admin connections,0,0
LABOSOMSRV,remote access,1,1
LABOSOMSRV,cross db ownership chaining,0,0
LABOSOMSRV,scan for startup procs,0,0
LABOSOMSRV,clr enabled,0,0
LABOSOMSRV,default trace enabled,1,1
LABOSOMSRV,Database Mail XPs,0,0
LABOSOMSRV,Ole Automation Procedures,0,0
LABOSOMSRV,xp_cmdshell,0,0
LABOSOMSRV,Ad Hoc Distributed Queries,0,0
LABOSOMSRV,remote admin connections,0,0
LABOSRV,remote access,1,1
LABOSRV,cross db ownership chaining,0,0
LABOSRV,scan for startup procs,0,0
LABOSRV,clr enabled,0,0
LABOSRV,default trace enabled,1,1
LABOSRV,clr strict security,1,1
LABOSRV,Database Mail XPs,0,0
LABOSRV,Ole Automation Procedures,0,0
LABOSRV,xp_cmdshell,0,0
LABOSRV,Ad Hoc Distributed Queries,0,0
LABOSRV,remote admin connections,0,0
MATCHERSRV,remote access,1,1
MATCHERSRV,cross db ownership chaining,0,0
MATCHERSRV,scan for startup procs,0,0
MATCHERSRV,clr enabled,0,0
MATCHERSRV,default trace enabled,1,1
MATCHERSRV,Database Mail XPs,0,0
MATCHERSRV,Ole Automation Procedures,0,0
MATCHERSRV,xp_cmdshell,0,0
MATCHERSRV,Ad Hoc Distributed Queries,0,0
MATCHERSRV,remote admin connections,0,0
METAVI6DBS01-DI,remote access,1,1
METAVI6DBS01-DI,cross db ownership chaining,0,0
METAVI6DBS01-DI,scan for startup procs,0,0
METAVI6DBS01-DI,clr enabled,0,0
METAVI6DBS01-DI,default trace enabled,1,1
METAVI6DBS01-DI,clr strict security,1,1
METAVI6DBS01-DI,Database Mail XPs,0,0
METAVI6DBS01-DI,Ole Automation Procedures,0,0
METAVI6DBS01-DI,xp_cmdshell,0,0
METAVI6DBS01-DI,Ad Hoc Distributed Queries,0,0
METAVI6DBS01-DI,remote admin connections,0,0
METAVI6DBS01-PI,remote access,0,0
METAVI6DBS01-PI,cross db ownership chaining,0,0
METAVI6DBS01-PI,scan for startup procs,0,0
METAVI6DBS01-PI,clr enabled,0,0
METAVI6DBS01-PI,default trace enabled,1,1
METAVI6DBS01-PI,clr strict security,1,1
METAVI6DBS01-PI,Database Mail XPs,0,0
METAVI6DBS01-PI,Ole Automation Procedures,0,0
METAVI6DBS01-PI,xp_cmdshell,0,0
METAVI6DBS01-PI,Ad Hoc Distributed Queries,0,0
METAVI6DBS01-PI,remote admin connections,0,0
METAVI6DBS01-TI,remote access,1,1
METAVI6DBS01-TI,cross db ownership chaining,0,0
METAVI6DBS01-TI,scan for startup procs,0,0
METAVI6DBS01-TI,clr enabled,0,0
METAVI6DBS01-TI,default trace enabled,1,1
METAVI6DBS01-TI,clr strict security,1,1
METAVI6DBS01-TI,Database Mail XPs,0,0
METAVI6DBS01-TI,Ole Automation Procedures,0,0
METAVI6DBS01-TI,xp_cmdshell,0,0
METAVI6DBS01-TI,Ad Hoc Distributed Queries,0,0
METAVI6DBS01-TI,remote admin connections,0,0
MVDB23,remote access,1,1
MVDB23,cross db ownership chaining,1,1
MVDB23,scan for startup procs,1,1
MVDB23,clr enabled,0,0
MVDB23,default trace enabled,1,1
MVDB23,clr strict security,1,1
MVDB23,Database Mail XPs,0,0
MVDB23,Ole Automation Procedures,0,0
MVDB23,xp_cmdshell,1,1
MVDB23,Ad Hoc Distributed Queries,0,0
MVDB23,remote admin connections,0,0
MVDBTEST23,remote access,1,1
MVDBTEST23,cross db ownership chaining,0,0
MVDBTEST23,scan for startup procs,0,0
MVDBTEST23,clr enabled,0,0
MVDBTEST23,default trace enabled,1,1
MVDBTEST23,clr strict security,1,1
MVDBTEST23,Database Mail XPs,0,0
MVDBTEST23,Ole Automation Procedures,0,0
MVDBTEST23,xp_cmdshell,0,0
MVDBTEST23,Ad Hoc Distributed Queries,0,0
MVDBTEST23,remote admin connections,0,0
MVDEVDBS01-TI,remote access,1,1
MVDEVDBS01-TI,cross db ownership chaining,1,1
MVDEVDBS01-TI,scan for startup procs,0,0
MVDEVDBS01-TI,clr enabled,0,0
MVDEVDBS01-TI,default trace enabled,1,1
MVDEVDBS01-TI,clr strict security,1,1
MVDEVDBS01-TI,Database Mail XPs,0,0
MVDEVDBS01-TI,Ole Automation Procedures,0,0
MVDEVDBS01-TI,xp_cmdshell,1,1
MVDEVDBS01-TI,Ad Hoc Distributed Queries,0,0
MVDEVDBS01-TI,remote admin connections,0,0
MVESRV,remote access,1,1
MVESRV,cross db ownership chaining,0,0
MVESRV,scan for startup procs,0,0
MVESRV,clr enabled,0,0
MVESRV,default trace enabled,1,1
MVESRV,Database Mail XPs,0,0
MVESRV,Ole Automation Procedures,0,0
MVESRV,xp_cmdshell,0,0
MVESRV,Ad Hoc Distributed Queries,0,0
MVESRV,remote admin connections,0,0
NEUROSRV,remote access,1,1
NEUROSRV,cross db ownership chaining,0,0
NEUROSRV,scan for startup procs,0,0
NEUROSRV,clr enabled,0,0
NEUROSRV,default trace enabled,1,1
NEUROSRV,clr strict security,1,1
NEUROSRV,Database Mail XPs,0,0
NEUROSRV,Ole Automation Procedures,0,0
NEUROSRV,xp_cmdshell,0,0
NEUROSRV,Ad Hoc Distributed Queries,0,0
NEUROSRV,remote admin connections,0,0
NOSOKOSDBS01-PI,remote access,0,0
NOSOKOSDBS01-PI,cross db ownership chaining,0,0
NOSOKOSDBS01-PI,scan for startup procs,0,0
NOSOKOSDBS01-PI,clr enabled,0,0
NOSOKOSDBS01-PI,default trace enabled,1,1
NOSOKOSDBS01-PI,clr strict security,1,1
NOSOKOSDBS01-PI,Database Mail XPs,0,0
NOSOKOSDBS01-PI,Ole Automation Procedures,0,0
NOSOKOSDBS01-PI,xp_cmdshell,0,0
NOSOKOSDBS01-PI,Ad Hoc Distributed Queries,0,0
NOSOKOSDBS01-PI,remote admin connections,0,0
ONKOZERTSRV,remote access,1,1
ONKOZERTSRV,cross db ownership chaining,0,0
ONKOZERTSRV,scan for startup procs,0,0
ONKOZERTSRV,clr enabled,0,0
ONKOZERTSRV,default trace enabled,1,1
ONKOZERTSRV,Database Mail XPs,0,0
ONKOZERTSRV,Ole Automation Procedures,0,0
ONKOZERTSRV,xp_cmdshell,0,0
ONKOZERTSRV,Ad Hoc Distributed Queries,0,0
ONKOZERTSRV,remote admin connections,0,0
OPERA5DBS01-PI/OPERAPRD,remote access,1,1
OPERA5DBS01-PI/OPERAPRD,cross db ownership chaining,0,0
OPERA5DBS01-PI/OPERAPRD,scan for startup procs,0,0
OPERA5DBS01-PI/OPERAPRD,clr enabled,0,0
OPERA5DBS01-PI/OPERAPRD,default trace enabled,1,1
OPERA5DBS01-PI/OPERAPRD,clr strict security,1,1
OPERA5DBS01-PI/OPERAPRD,Database Mail XPs,0,0
OPERA5DBS01-PI/OPERAPRD,Ole Automation Procedures,0,0
OPERA5DBS01-PI/OPERAPRD,xp_cmdshell,0,0
OPERA5DBS01-PI/OPERAPRD,Ad Hoc Distributed Queries,0,0
OPERA5DBS01-PI/OPERAPRD,remote admin connections,0,0
OPERA5SAS01-TI/OPERATST,remote access,1,1
OPERA5SAS01-TI/OPERATST,cross db ownership chaining,0,0
OPERA5SAS01-TI/OPERATST,scan for startup procs,0,0
OPERA5SAS01-TI/OPERATST,clr enabled,0,0
OPERA5SAS01-TI/OPERATST,default trace enabled,1,1
OPERA5SAS01-TI/OPERATST,clr strict security,1,1
OPERA5SAS01-TI/OPERATST,Database Mail XPs,0,0
OPERA5SAS01-TI/OPERATST,Ole Automation Procedures,0,0
OPERA5SAS01-TI/OPERATST,xp_cmdshell,0,0
OPERA5SAS01-TI/OPERATST,Ad Hoc Distributed Queries,0,0
OPERA5SAS01-TI/OPERATST,remote admin connections,0,0
OPSCCTSSAS01-PI,remote access,1,1
OPSCCTSSAS01-PI,cross db ownership chaining,0,0
OPSCCTSSAS01-PI,scan for startup procs,0,0
OPSCCTSSAS01-PI,clr enabled,0,0
OPSCCTSSAS01-PI,default trace enabled,1,1
OPSCCTSSAS01-PI,clr strict security,1,1
OPSCCTSSAS01-PI,Database Mail XPs,0,0
OPSCCTSSAS01-PI,Ole Automation Procedures,0,0
OPSCCTSSAS01-PI,xp_cmdshell,0,0
OPSCCTSSAS01-PI,Ad Hoc Distributed Queries,0,0
OPSCCTSSAS01-PI,remote admin connections,0,0
OPTIMDB,remote access,1,1
OPTIMDB,cross db ownership chaining,0,0
OPTIMDB,scan for startup procs,0,0
OPTIMDB,clr enabled,0,0
OPTIMDB,default trace enabled,1,1
OPTIMDB,clr strict security,1,1
OPTIMDB,Database Mail XPs,0,0
OPTIMDB,Ole Automation Procedures,0,0
OPTIMDB,xp_cmdshell,0,0
OPTIMDB,Ad Hoc Distributed Queries,0,0
OPTIMDB,remote admin connections,0,0
ORGACARDDB01,remote access,1,1
ORGACARDDB01,cross db ownership chaining,0,0
ORGACARDDB01,scan for startup procs,0,0
ORGACARDDB01,clr enabled,0,0
ORGACARDDB01,default trace enabled,1,1
ORGACARDDB01,clr strict security,1,1
ORGACARDDB01,Database Mail XPs,0,0
ORGACARDDB01,Ole Automation Procedures,0,0
ORGACARDDB01,xp_cmdshell,0,0
ORGACARDDB01,Ad Hoc Distributed Queries,0,0
ORGACARDDB01,remote admin connections,0,0
ORGCARDSAS-TI,remote access,1,1
ORGCARDSAS-TI,cross db ownership chaining,0,0
ORGCARDSAS-TI,scan for startup procs,0,0
ORGCARDSAS-TI,clr enabled,0,0
ORGCARDSAS-TI,default trace enabled,1,1
ORGCARDSAS-TI,clr strict security,1,1
ORGCARDSAS-TI,Database Mail XPs,0,0
ORGCARDSAS-TI,Ole Automation Procedures,0,0
ORGCARDSAS-TI,xp_cmdshell,0,0
ORGCARDSAS-TI,Ad Hoc Distributed Queries,0,0
ORGCARDSAS-TI,remote admin connections,0,0
PFMSAS02-PI/PFMSQL2016,remote access,1,1
PFMSAS02-PI/PFMSQL2016,cross db ownership chaining,0,0
PFMSAS02-PI/PFMSQL2016,scan for startup procs,0,0
PFMSAS02-PI/PFMSQL2016,clr enabled,0,0
PFMSAS02-PI/PFMSQL2016,default trace enabled,1,1
PFMSAS02-PI/PFMSQL2016,Database Mail XPs,0,0
PFMSAS02-PI/PFMSQL2016,Ole Automation Procedures,0,0
PFMSAS02-PI/PFMSQL2016,xp_cmdshell,0,0
PFMSAS02-PI/PFMSQL2016,Ad Hoc Distributed Queries,0,0
PFMSAS02-PI/PFMSQL2016,remote admin connections,0,0
RDMSRV,remote access,1,1
RDMSRV,cross db ownership chaining,0,0
RDMSRV,scan for startup procs,0,0
RDMSRV,clr enabled,0,0
RDMSRV,default trace enabled,1,1
RDMSRV,clr strict security,1,1
RDMSRV,Database Mail XPs,0,0
RDMSRV,Ole Automation Procedures,0,0
RDMSRV,xp_cmdshell,0,0
RDMSRV,Ad Hoc Distributed Queries,0,0
RDMSRV,remote admin connections,0,0
SAATMANNSRV,remote access,1,1
SAATMANNSRV,cross db ownership chaining,0,0
SAATMANNSRV,scan for startup procs,0,0
SAATMANNSRV,clr enabled,0,0
SAATMANNSRV,default trace enabled,1,1
SAATMANNSRV,clr strict security,1,1
SAATMANNSRV,Database Mail XPs,0,0
SAATMANNSRV,Ole Automation Procedures,0,0
SAATMANNSRV,xp_cmdshell,0,0
SAATMANNSRV,Ad Hoc Distributed Queries,0,0
SAATMANNSRV,remote admin connections,0,0
SALTOSAS01-PI,remote access,1,1
SALTOSAS01-PI,cross db ownership chaining,0,0
SALTOSAS01-PI,scan for startup procs,0,0
SALTOSAS01-PI,clr enabled,0,0
SALTOSAS01-PI,default trace enabled,1,1
SALTOSAS01-PI,clr strict security,1,1
SALTOSAS01-PI,Database Mail XPs,0,0
SALTOSAS01-PI,Ole Automation Procedures,0,0
SALTOSAS01-PI,xp_cmdshell,0,0
SALTOSAS01-PI,Ad Hoc Distributed Queries,0,0
SALTOSAS01-PI,remote admin connections,0,0
SALTOSAS01-TI,remote access,1,1
SALTOSAS01-TI,cross db ownership chaining,0,0
SALTOSAS01-TI,scan for startup procs,0,0
SALTOSAS01-TI,clr enabled,0,0
SALTOSAS01-TI,default trace enabled,1,1
SALTOSAS01-TI,clr strict security,1,1
SALTOSAS01-TI,Database Mail XPs,0,0
SALTOSAS01-TI,Ole Automation Procedures,0,0
SALTOSAS01-TI,xp_cmdshell,0,0
SALTOSAS01-TI,Ad Hoc Distributed Queries,0,0
SALTOSAS01-TI,remote admin connections,0,0
SBIMSRV,remote access,1,1
SBIMSRV,cross db ownership chaining,0,0
SBIMSRV,scan for startup procs,0,0
SBIMSRV,clr enabled,0,0
SBIMSRV,default trace enabled,1,1
SBIMSRV,clr strict security,1,1
SBIMSRV,Database Mail XPs,0,0
SBIMSRV,Ole Automation Procedures,0,0
SBIMSRV,xp_cmdshell,0,0
SBIMSRV,Ad Hoc Distributed Queries,0,0
SBIMSRV,remote admin connections,0,0
SBIMTEST,remote access,1,1
SBIMTEST,cross db ownership chaining,0,0
SBIMTEST,scan for startup procs,0,0
SBIMTEST,clr enabled,0,0
SBIMTEST,default trace enabled,1,1
SBIMTEST,clr strict security,1,1
SBIMTEST,Database Mail XPs,0,0
SBIMTEST,Ole Automation Procedures,0,0
SBIMTEST,xp_cmdshell,0,0
SBIMTEST,Ad Hoc Distributed Queries,0,0
SBIMTEST,remote admin connections,0,0
SCCMCHL,remote access,1,1
SCCMCHL,cross db ownership chaining,0,0
SCCMCHL,scan for startup procs,0,0
SCCMCHL,clr enabled,1,1
SCCMCHL,default trace enabled,1,1
SCCMCHL,clr strict security,0,0
SCCMCHL,Database Mail XPs,0,0
SCCMCHL,Ole Automation Procedures,0,0
SCCMCHL,xp_cmdshell,0,0
SCCMCHL,Ad Hoc Distributed Queries,0,0
SCCMCHL,remote admin connections,0,0
SCCMREPORT,remote access,1,1
SCCMREPORT,cross db ownership chaining,0,0
SCCMREPORT,scan for startup procs,0,0
SCCMREPORT,clr enabled,0,0
SCCMREPORT,default trace enabled,1,1
SCCMREPORT,clr strict security,1,1
SCCMREPORT,Database Mail XPs,0,0
SCCMREPORT,Ole Automation Procedures,0,0
SCCMREPORT,xp_cmdshell,0,0
SCCMREPORT,Ad Hoc Distributed Queries,0,0
SCCMREPORT,remote admin connections,0,0
SCCMSUP,remote access,1,1
SCCMSUP,cross db ownership chaining,0,0
SCCMSUP,scan for startup procs,0,0
SCCMSUP,clr enabled,0,0
SCCMSUP,default trace enabled,1,1
SCCMSUP,clr strict security,1,1
SCCMSUP,Database Mail XPs,0,0
SCCMSUP,Ole Automation Procedures,0,0
SCCMSUP,xp_cmdshell,0,0
SCCMSUP,Ad Hoc Distributed Queries,0,0
SCCMSUP,remote admin connections,0,0
SCHAUFSRV,remote access,1,1
SCHAUFSRV,cross db ownership chaining,0,0
SCHAUFSRV,scan for startup procs,0,0
SCHAUFSRV,clr enabled,0,0
SCHAUFSRV,default trace enabled,1,1
SCHAUFSRV,clr strict security,1,1
SCHAUFSRV,Database Mail XPs,0,0
SCHAUFSRV,Ole Automation Procedures,0,0
SCHAUFSRV,xp_cmdshell,0,0
SCHAUFSRV,Ad Hoc Distributed Queries,0,0
SCHAUFSRV,remote admin connections,0,0
SENTRYSUITESRV/SENTRYSUITE,remote access,1,1
SENTRYSUITESRV/SENTRYSUITE,cross db ownership chaining,0,0
SENTRYSUITESRV/SENTRYSUITE,scan for startup procs,0,0
SENTRYSUITESRV/SENTRYSUITE,clr enabled,0,0
SENTRYSUITESRV/SENTRYSUITE,default trace enabled,1,1
SENTRYSUITESRV/SENTRYSUITE,Database Mail XPs,0,0
SENTRYSUITESRV/SENTRYSUITE,Ole Automation Procedures,0,0
SENTRYSUITESRV/SENTRYSUITE,xp_cmdshell,0,0
SENTRYSUITESRV/SENTRYSUITE,Ad Hoc Distributed Queries,0,0
SENTRYSUITESRV/SENTRYSUITE,remote admin connections,0,0
SENTRYSUITETEST/SENTRYSUITE,remote access,1,1
SENTRYSUITETEST/SENTRYSUITE,cross db ownership chaining,0,0
SENTRYSUITETEST/SENTRYSUITE,scan for startup procs,0,0
SENTRYSUITETEST/SENTRYSUITE,clr enabled,0,0
SENTRYSUITETEST/SENTRYSUITE,default trace enabled,1,1
SENTRYSUITETEST/SENTRYSUITE,Database Mail XPs,0,0
SENTRYSUITETEST/SENTRYSUITE,Ole Automation Procedures,0,0
SENTRYSUITETEST/SENTRYSUITE,xp_cmdshell,0,0
SENTRYSUITETEST/SENTRYSUITE,Ad Hoc Distributed Queries,0,0
SENTRYSUITETEST/SENTRYSUITE,remote admin connections,0,0
SHATEST,remote access,1,1
SHATEST,cross db ownership chaining,0,0
SHATEST,scan for startup procs,0,0
SHATEST,clr enabled,0,0
SHATEST,default trace enabled,1,1
SHATEST,Database Mail XPs,0,0
SHATEST,Ole Automation Procedures,0,0
SHATEST,xp_cmdshell,0,0
SHATEST,Ad Hoc Distributed Queries,0,0
SHATEST,remote admin connections,0,0
SWLMAESDBS01-PI,remote access,1,1
SWLMAESDBS01-PI,cross db ownership chaining,0,0
SWLMAESDBS01-PI,scan for startup procs,0,0
SWLMAESDBS01-PI,clr enabled,0,0
SWLMAESDBS01-PI,default trace enabled,1,1
SWLMAESDBS01-PI,clr strict security,1,1
SWLMAESDBS01-PI,Database Mail XPs,0,0
SWLMAESDBS01-PI,Ole Automation Procedures,0,0
SWLMAESDBS01-PI,xp_cmdshell,0,0
SWLMAESDBS01-PI,Ad Hoc Distributed Queries,0,0
SWLMAESDBS01-PI,remote admin connections,0,0
SWLMAESDBS01-TI,remote access,1,1
SWLMAESDBS01-TI,cross db ownership chaining,0,0
SWLMAESDBS01-TI,scan for startup procs,0,0
SWLMAESDBS01-TI,clr enabled,0,0
SWLMAESDBS01-TI,default trace enabled,1,1
SWLMAESDBS01-TI,clr strict security,1,1
SWLMAESDBS01-TI,Database Mail XPs,0,0
SWLMAESDBS01-TI,Ole Automation Procedures,0,0
SWLMAESDBS01-TI,xp_cmdshell,0,0
SWLMAESDBS01-TI,Ad Hoc Distributed Queries,0,0
SWLMAESDBS01-TI,remote admin connections,0,0
SYSADMVWS01-DI,remote access,0,0
SYSADMVWS01-DI,cross db ownership chaining,0,0
SYSADMVWS01-DI,scan for startup procs,0,0
SYSADMVWS01-DI,clr enabled,0,0
SYSADMVWS01-DI,default trace enabled,1,1
SYSADMVWS01-DI,clr strict security,1,1
SYSADMVWS01-DI,Database Mail XPs,0,0
SYSADMVWS01-DI,Ole Automation Procedures,0,0
SYSADMVWS01-DI,xp_cmdshell,0,0
SYSADMVWS01-DI,Ad Hoc Distributed Queries,0,0
SYSADMVWS01-DI,remote admin connections,0,0
SYSEPUSAS01-PI,remote access,1,1
SYSEPUSAS01-PI,cross db ownership chaining,0,0
SYSEPUSAS01-PI,scan for startup procs,0,0
SYSEPUSAS01-PI,clr enabled,0,0
SYSEPUSAS01-PI,default trace enabled,1,1
SYSEPUSAS01-PI,clr strict security,1,1
SYSEPUSAS01-PI,Database Mail XPs,0,0
SYSEPUSAS01-PI,Ole Automation Procedures,1,1
SYSEPUSAS01-PI,xp_cmdshell,0,0
SYSEPUSAS01-PI,Ad Hoc Distributed Queries,0,0
SYSEPUSAS01-PI,remote admin connections,0,0
SYSMEXIPUSRV,remote access,1,1
SYSMEXIPUSRV,cross db ownership chaining,0,0
SYSMEXIPUSRV,scan for startup procs,0,0
SYSMEXIPUSRV,clr enabled,0,0
SYSMEXIPUSRV,default trace enabled,1,1
SYSMEXIPUSRV,Database Mail XPs,0,0
SYSMEXIPUSRV,Ole Automation Procedures,1,1
SYSMEXIPUSRV,xp_cmdshell,0,0
SYSMEXIPUSRV,Ad Hoc Distributed Queries,0,0
SYSMEXIPUSRV,remote admin connections,0,0
THYCOTICDB,remote access,1,1
THYCOTICDB,cross db ownership chaining,0,0
THYCOTICDB,scan for startup procs,0,0
THYCOTICDB,clr enabled,0,0
THYCOTICDB,default trace enabled,1,1
THYCOTICDB,clr strict security,1,1
THYCOTICDB,Database Mail XPs,0,0
THYCOTICDB,Ole Automation Procedures,0,0
THYCOTICDB,xp_cmdshell,0,0
THYCOTICDB,Ad Hoc Distributed Queries,0,0
THYCOTICDB,remote admin connections,0,0
THYCOTICSRV,remote access,1,1
THYCOTICSRV,cross db ownership chaining,0,0
THYCOTICSRV,scan for startup procs,0,0
THYCOTICSRV,clr enabled,0,0
THYCOTICSRV,default trace enabled,1,1
THYCOTICSRV,clr strict security,1,1
THYCOTICSRV,Database Mail XPs,0,0
THYCOTICSRV,Ole Automation Procedures,0,0
THYCOTICSRV,xp_cmdshell,0,0
THYCOTICSRV,Ad Hoc Distributed Queries,0,0
THYCOTICSRV,remote admin connections,0,0
TSSTEST/SQLEXPRESS,remote access,1,1
TSSTEST/SQLEXPRESS,cross db ownership chaining,0,0
TSSTEST/SQLEXPRESS,scan for startup procs,0,0
TSSTEST/SQLEXPRESS,clr enabled,0,0
TSSTEST/SQLEXPRESS,default trace enabled,1,1
TSSTEST/SQLEXPRESS,clr strict security,1,1
TSSTEST/SQLEXPRESS,Database Mail XPs,0,0
TSSTEST/SQLEXPRESS,Ole Automation Procedures,0,0
TSSTEST/SQLEXPRESS,xp_cmdshell,0,0
TSSTEST/SQLEXPRESS,Ad Hoc Distributed Queries,0,0
TSSTEST/SQLEXPRESS,remote admin connections,0,0
WSSQL01,remote access,1,1
WSSQL01,cross db ownership chaining,0,0
WSSQL01,scan for startup procs,0,0
WSSQL01,clr enabled,1,1
WSSQL01,default trace enabled,1,1
WSSQL01,clr strict security,0,0
WSSQL01,Database Mail XPs,0,0
WSSQL01,Ole Automation Procedures,0,0
WSSQL01,xp_cmdshell,0,0
WSSQL01,Ad Hoc Distributed Queries,0,0
WSSQL01,remote admin connections,0,0
WSSQLMED01,remote access,1,1
WSSQLMED01,cross db ownership chaining,0,0
WSSQLMED01,scan for startup procs,0,0
WSSQLMED01,clr enabled,0,0
WSSQLMED01,default trace enabled,1,1
WSSQLMED01,clr strict security,1,1
WSSQLMED01,Database Mail XPs,0,0
WSSQLMED01,Ole Automation Procedures,0,0
WSSQLMED01,xp_cmdshell,0,0
WSSQLMED01,Ad Hoc Distributed Queries,0,0
WSSQLMED01,remote admin connections,0,0
WSSQLTEST01,remote access,1,1
WSSQLTEST01,cross db ownership chaining,0,0
WSSQLTEST01,scan for startup procs,0,0
WSSQLTEST01,clr enabled,0,0
WSSQLTEST01,default trace enabled,1,1
WSSQLTEST01,clr strict security,1,1
WSSQLTEST01,Database Mail XPs,0,0
WSSQLTEST01,Ole Automation Procedures,0,0
WSSQLTEST01,xp_cmdshell,0,0
WSSQLTEST01,Ad Hoc Distributed Queries,0,0
WSSQLTEST01,remote admin connections,0,0
ZCMSQL,remote access,1,1
ZCMSQL,cross db ownership chaining,0,0
ZCMSQL,scan for startup procs,0,0
ZCMSQL,clr enabled,0,0
ZCMSQL,default trace enabled,1,1
ZCMSQL,Database Mail XPs,0,0
ZCMSQL,Ole Automation Procedures,0,0
ZCMSQL,xp_cmdshell,0,0
ZCMSQL,Ad Hoc Distributed Queries,0,0
ZCMSQL,remote admin connections,0,0
