Changing password for monitoring
DEV,CPU,Ora-DEV,CYBERDEV,19.0.0.0.0,CYBERDEV,ARCHIVELOG,PRIMARY,CYBERDEV,WE8DEC,Enterprise Edition,FALSE,1,1,,,ora-DEV.chl.lu:1521/CYBERDEV,NON_CONTAINER
DEV,CPU,Ora-DEV,SHERDEV,19.0.0.0.0,SHERDEV,ARCHIVELOG,PRIMARY,SHERDEV,WE8DEC,Enterprise Edition,FALSE,2,0,,,ora-DEV.chl.lu:1521/SHERDEV,NON_CONTAINER
DEV,CPU,OraLabo-Dev,LABODEV,19.0.0.0.0,LABODEV,ARCHIVELOG,PRIMARY,LABODEV,WE8DEC,Enterprise Edition,FALSE,3,2,,,OraLabo-Dev.chl.lu:1521/LABODEV,NON_CONTAINER
DEV,CPU,ORARETRO-DEV,RETRODEV,19.0.0.0.0,RETRODEV,ARCHIVELOG,PRIMARY,RETRODEV,AL32UTF8,Enterprise Edition,FALSE,1,1,,,ORARETRO-DEV.chl.lu:1521/RETRODEV,NON_CONTAINER
ERROR:
Help: https://docs.oracle.com/error-help/db/ora-28000/
Help: https://docs.oracle.com/error-help/db/ora-28001/
Help: https://docs.oracle.com/error-help/db/sp2-0157/
Help: https://docs.oracle.com/error-help/db/sp2-0306/
Help: https://docs.oracle.com/error-help/db/sp2-0650/
MGT,MGT,OEMSRV,OEM,19.0.0.0.0,OEM,ARCHIVELOG,PRIMARY,OEM,AL32UTF8,Enterprise Edition,FALSE,2,1,,,OEMSRV.chl.lu:1521/OEM,NON_CONTAINER
New password: 
ORA-28000: The account is locked.
ORA-28001: the password has expired
Password unchanged
PRD,CPU,ORAAPPSDBS01-PI,ORAWEB,19.0.0.0.0,ORAWEB,ARCHIVELOG,PRIMARY,ORAWEB,WE8DEC,Enterprise Edition,FALSE,6,2,,,OraOraWeb-prod.chl.lu:1529/ORAWEB,NON_CONTAINER
PRD,CPU,OraCyberlab-Prod,CYBERLAB,19.0.0.0.0,CYBERLAB,ARCHIVELOG,PRIMARY,CYBERLAB,WE8DEC,Enterprise Edition,FALSE,2,1,,,OraCyberlab-Prod.chl.lu:1524/CYBERLAB,NON_CONTAINER
PRD,CPU,OraEnnov-PROD,ENNOV,19.0.0.0.0,ENNOV,ARCHIVELOG,PRIMARY,ENNOV,WE8DEC,Enterprise Edition,FALSE,1,1,,,OraEnnov-PROD.chl.lu:1523/ENNOV,NON_CONTAINER
PRD,CPU,OraHydMedia-Prod,HYDPRDG5,19.0.0.0.0,HYDPRDG5,ARCHIVELOG,PRIMARY,HYDPRDG5,WE8DEC,Enterprise Edition,FALSE,1,1,,,OraHydMedia-Prod.chl.lu:1534/HYDPRDG5,NON_CONTAINER
PRD,CPU,OraLabo-Prod,LABO,19.0.0.0.0,LABO,ARCHIVELOG,PRIMARY,LABO,WE8DEC,Enterprise Edition,FALSE,7,3,,,oralabo-prod.chl.lu:1523/LABO,NON_CONTAINER
PRD,CPU,ORALEGACY,DIM,19.0.0.0.0,DIM,ARCHIVELOG,PRIMARY,DIM,WE8ISO8859P1,Enterprise Edition,FALSE,1,0,,,ORALEGACY.chl.lu:1521/DIM,NON_CONTAINER
PRD,CPU,ORALEGACY,RISCHL,19.0.0.0.0,RISCHL,ARCHIVELOG,PRIMARY,RISCHL,WE8DEC,Enterprise Edition,FALSE,1,0,,,ORALEGACY.chl.lu:1521/RISCHL,NON_CONTAINER
PRD,CPU,OraMirth-Prod,MIRTH,19.0.0.0.0,MIRTH,ARCHIVELOG,PRIMARY,MIRTH,WE8DEC,Enterprise Edition,FALSE,1,1,,,OraMirth-Prod.chl.lu:1527/MIRTH,NON_CONTAINER
PRD,CPU,ORARETRO-PROD,RETRO,19.0.0.0.0,RETRO,ARCHIVELOG,PRIMARY,RETRO,AL32UTF8,Enterprise Edition,FALSE,1,1,,,ORARETRO-PROD.chl.lu:1521/RETRO,NON_CONTAINER
PRD,CPU,OraSherlock-Prod,SHERLOCK,19.0.0.0.0,SHERLOCK,ARCHIVELOG,PRIMARY,SHERLOCK,WE8DEC,Enterprise Edition,FALSE,1,2,,,OraSherlock-prod.chl.lu:1527/SHERLOCK,NON_CONTAINER
PRD,SAP,BWCHEMPROD,BW1,19.0.0.0.0,BW1,ARCHIVELOG,PRIMARY,BW1,UTF8,Enterprise Edition,FALSE,11,4,,,BWCHEMPROD.chl.lu:1521/BW1,NON_CONTAINER
PRD,SAP,SAPBWL01-PI,BA1,19.0.0.0.0,BA1,ARCHIVELOG,PRIMARY,BA1,UTF8,Enterprise Edition,FALSE,9,6,,,SAPBWL01-PI.chl.lu:1521/BA1,NON_CONTAINER
PRD,SAP,SAPBWL01-PI,BJ1,19.0.0.0.0,BJ1,ARCHIVELOG,PRIMARY,BJ1,UTF8,Enterprise Edition,FALSE,2,1,,,SAPBWL01-PI.chl.lu:1522/BJ1,NON_CONTAINER
PRD,SAP,SAPBWN01-PD,BA3,19.0.0.0.0,BA3,ARCHIVELOG,PRIMARY,BA3,UTF8,Enterprise Edition,FALSE,7,3,,,SAPBWN01-PD.chl.lu:1521/BA3,NON_CONTAINER
PRD,SAP,SAPBWN01-PD,BJ3,19.0.0.0.0,BJ3,ARCHIVELOG,PRIMARY,BJ3,UTF8,Enterprise Edition,FALSE,2,1,,,SAPBWN01-PD.chl.lu:1522/BJ3,NON_CONTAINER
PRD,SAP,SAPBWN01-TD,NA3,19.0.0.0.0,NA3,ARCHIVELOG,PRIMARY,NA3,UTF8,Enterprise Edition,FALSE,5,2,,,SAPBWN01-TD.chl.lu:1521/NA3,NON_CONTAINER
PRD,SAP,SAPBWN01-TD,NJ3,19.0.0.0.0,NJ3,ARCHIVELOG,PRIMARY,NJ3,UTF8,Enterprise Edition,FALSE,2,1,,,SAPBWN01-TD.chl.lu:1522/NJ3,NON_CONTAINER
PRD,SAP,SAPCHLDB,CHL,19.0.0.0.0,CHL,ARCHIVELOG,PRIMARY,CHL,UTF8,Enterprise Edition,FALSE,86,7,,,SAPCHLDB.chl.lu:1521/CHL,NON_CONTAINER
      <proxy> ::= <proxyuser>[<username>][/<password>][@<connect_identifier>]
Retype new password: 
SP2-0157: unable to CONNECT to ORACLE after 3 attempts, exiting SQL*Plus
SP2-0306: Invalid option.
SP2-0650: New passwords do not match
TST,CPU,Ora-DEV,ENNOVT,19.0.0.0.0,ENNOVT,ARCHIVELOG,PRIMARY,ENNOVT,WE8DEC,Enterprise Edition,FALSE,1,1,,,ora-DEV.chl.lu:1521/ENNOVT,NON_CONTAINER
TST,CPU,Ora-DEV,HYDTEST,19.0.0.0.0,HYDTEST,ARCHIVELOG,PRIMARY,HYDTEST,WE8DEC,Enterprise Edition,FALSE,1,0,,,ora-DEV.chl.lu:1521/HYDTEST,NON_CONTAINER
TST,CPU,Ora-DEV,MIRTHT,19.0.0.0.0,MIRTHT,ARCHIVELOG,PRIMARY,MIRTHT,WE8DEC,Enterprise Edition,FALSE,1,1,,,ora-DEV.chl.lu:1521/MIRTHT,NON_CONTAINER
TST,CPU,Ora-DEV,ORAWEBT,19.0.0.0.0,ORAWEBT,ARCHIVELOG,PRIMARY,ORAWEBT,WE8DEC,Enterprise Edition,FALSE,2,1,,,ora-DEV.chl.lu:1521/ORAWEBT,NON_CONTAINER
TST,CPU,OraLabo-Dev,LABOTEST,19.0.0.0.0,LABOTEST,ARCHIVELOG,PRIMARY,LABOTEST,WE8DEC,Enterprise Edition,FALSE,3,1,,,OraLabo-Dev.chl.lu:1521/LABOTEST,NON_CONTAINER
TST,SAP,SAPCHCDB,CHC,19.0.0.0.0,CHC,ARCHIVELOG,PRIMARY,CHC,UTF8,Enterprise Edition,FALSE,7,2,,,SAPCHCDB.chl.lu:1521/CHC,NON_CONTAINER
UAT,CPU,ORARETRO-UAT,RETROUAT,19.0.0.0.0,RETROUAT,ARCHIVELOG,PRIMARY,RETROUAT,AL32UTF8,Enterprise Edition,FALSE,1,1,,,ORARETRO-UAT.chl.lu:1521/RETROUAT,NON_CONTAINER
Usage: CONN[ECT] [{logon|/|proxy} [AS {SYSDBA|SYSOPER|SYSASM|SYSBACKUP|SYSDG|SYSKM|SYSRAC}] [edition=value]]
where <logon> ::= <username>[/<password>][@<connect_identifier>]
