BWCHEMPROD,BW1,BW1,NON_CONTAINER,DBSNMP,OPEN
BWCHEMPROD,BW1,BW1,NON_CONTAINER,MONITORING,OPEN
BWCHEMPROD,BW1,BW1,NON_CONTAINER,OPS$BW1ADM,OPEN
BWCHEMPROD,BW1,BW1,NON_CONTAINER,OPS$ORABW1,OPEN
BWCHEMPROD,BW1,BW1,NON_CONTAINER,OPS$ORACLE,OPEN
BWCHEMPROD,BW1,BW1,NON_CONTAINER,OPS$SAPSERVICEBW1,OPEN
BWCHEMPROD,BW1,BW1,NON_CONTAINER,ORACLE_OCM,OPEN
BWCHEMPROD,BW1,BW1,NON_CONTAINER,SAPSR3,OPEN
BWCHEMPROD,BW1,BW1,NON_CONTAINER,SYS,OPEN
BWCHEMPROD,BW1,BW1,NON_CONTAINER,SYSTEM,OPEN
Changing password for monitoring
ERROR:
Help: https://docs.oracle.com/error-help/db/ora-28000/
Help: https://docs.oracle.com/error-help/db/ora-28001/
Help: https://docs.oracle.com/error-help/db/sp2-0157/
Help: https://docs.oracle.com/error-help/db/sp2-0306/
Help: https://docs.oracle.com/error-help/db/sp2-0650/
New password: 
OEMSRV,OEM,OEM,NON_CONTAINER,ADMINISTRATOR,OPEN
OEMSRV,OEM,OEM,NON_CONTAINER,DBSNMP,OPEN
OEMSRV,OEM,OEM,NON_CONTAINER,GRAFANA_APP_MONITOR,OPEN
OEMSRV,OEM,OEM,NON_CONTAINER,MGMT_VIEW,OPEN
OEMSRV,OEM,OEM,NON_CONTAINER,MONITORING,OPEN
OEMSRV,OEM,OEM,NON_CONTAINER,OAS_BIPLATFORM,OPEN
OEMSRV,OEM,OEM,NON_CONTAINER,OAS_IAU_APPEND,OPEN
OEMSRV,OEM,OEM,NON_CONTAINER,OAS_IAU,OPEN
OEMSRV,OEM,OEM,NON_CONTAINER,OAS_IAU_VIEWER,OPEN
OEMSRV,OEM,OEM,NON_CONTAINER,OAS_MDS,OPEN
OEMSRV,OEM,OEM,NON_CONTAINER,OAS_OPSS,OPEN
OEMSRV,OEM,OEM,NON_CONTAINER,OAS_STB,OPEN
OEMSRV,OEM,OEM,NON_CONTAINER,OAS_WLS,OPEN
OEMSRV,OEM,OEM,NON_CONTAINER,OAS_WLS_RUNTIME,OPEN
OEMSRV,OEM,OEM,NON_CONTAINER,SYSMAN122140_OPSS,OPEN
OEMSRV,OEM,OEM,NON_CONTAINER,SYSMAN_MDS,OPEN
OEMSRV,OEM,OEM,NON_CONTAINER,SYSMAN,OPEN
OEMSRV,OEM,OEM,NON_CONTAINER,SYSMAN_RO,OPEN
OEMSRV,OEM,OEM,NON_CONTAINER,SYSMAN_STB,OPEN
OEMSRV,OEM,OEM,NON_CONTAINER,SYS,OPEN
ORA-28000: The account is locked.
ORA-28001: the password has expired
ORAAPPSDBS01-PI,ORAWEB,ORAWEB,NON_CONTAINER,ADMINISTRATOR,OPEN
ORAAPPSDBS01-PI,ORAWEB,ORAWEB,NON_CONTAINER,APEX_PUBLIC_USER,OPEN
ORAAPPSDBS01-PI,ORAWEB,ORAWEB,NON_CONTAINER,BO,OPEN
ORAAPPSDBS01-PI,ORAWEB,ORAWEB,NON_CONTAINER,CARDIO,OPEN
ORAAPPSDBS01-PI,ORAWEB,ORAWEB,NON_CONTAINER,CELLULE_CRISE,OPEN
ORAAPPSDBS01-PI,ORAWEB,ORAWEB,NON_CONTAINER,CTXSYS,OPEN
ORAAPPSDBS01-PI,ORAWEB,ORAWEB,NON_CONTAINER,DBSNMP,OPEN
ORAAPPSDBS01-PI,ORAWEB,ORAWEB,NON_CONTAINER,EQUIPEMENT,OPEN
ORAAPPSDBS01-PI,ORAWEB,ORAWEB,NON_CONTAINER,ESANTE,OPEN
ORAAPPSDBS01-PI,ORAWEB,ORAWEB,NON_CONTAINER,ETUDES,OPEN
ORAAPPSDBS01-PI,ORAWEB,ORAWEB,NON_CONTAINER,EVERBRIDGE,OPEN
ORAAPPSDBS01-PI,ORAWEB,ORAWEB,NON_CONTAINER,EVERBRIDGE_TEST,OPEN
ORAAPPSDBS01-PI,ORAWEB,ORAWEB,NON_CONTAINER,HTMLDB,OPEN
ORAAPPSDBS01-PI,ORAWEB,ORAWEB,NON_CONTAINER,HTMLDB_PUBLIC_USER,OPEN
ORAAPPSDBS01-PI,ORAWEB,ORAWEB,NON_CONTAINER,HTMLDB_STAT_AD,OPEN
ORAAPPSDBS01-PI,ORAWEB,ORAWEB,NON_CONTAINER,HTMLDB_STAT,OPEN
ORAAPPSDBS01-PI,ORAWEB,ORAWEB,NON_CONTAINER,HTMLDB_STATS,OPEN
ORAAPPSDBS01-PI,ORAWEB,ORAWEB,NON_CONTAINER,INTRANET,OPEN
ORAAPPSDBS01-PI,ORAWEB,ORAWEB,NON_CONTAINER,MIDPOINT,OPEN
ORAAPPSDBS01-PI,ORAWEB,ORAWEB,NON_CONTAINER,MONITORING,OPEN
ORAAPPSDBS01-PI,ORAWEB,ORAWEB,NON_CONTAINER,ODS,OPEN
ORAAPPSDBS01-PI,ORAWEB,ORAWEB,NON_CONTAINER,ODSTEST,OPEN
ORAAPPSDBS01-PI,ORAWEB,ORAWEB,NON_CONTAINER,ORDS_METADATA,OPEN
ORAAPPSDBS01-PI,ORAWEB,ORAWEB,NON_CONTAINER,ORDS_PUBLIC_USER,OPEN
ORAAPPSDBS01-PI,ORAWEB,ORAWEB,NON_CONTAINER,OUTLN,OPEN
ORAAPPSDBS01-PI,ORAWEB,ORAWEB,NON_CONTAINER,OWF_MGR,OPEN
ORAAPPSDBS01-PI,ORAWEB,ORAWEB,NON_CONTAINER,PLAINTES_STATS,OPEN
ORAAPPSDBS01-PI,ORAWEB,ORAWEB,NON_CONTAINER,PLPDF,OPEN
ORAAPPSDBS01-PI,ORAWEB,ORAWEB,NON_CONTAINER,PURCHASE,OPEN
ORAAPPSDBS01-PI,ORAWEB,ORAWEB,NON_CONTAINER,RDV,OPEN
ORAAPPSDBS01-PI,ORAWEB,ORAWEB,NON_CONTAINER,SERVICENOW,OPEN
ORAAPPSDBS01-PI,ORAWEB,ORAWEB,NON_CONTAINER,SYS,OPEN
ORAAPPSDBS01-PI,ORAWEB,ORAWEB,NON_CONTAINER,SYSTEM,OPEN
ORAAPPSDBS01-PI,ORAWEB,ORAWEB,NON_CONTAINER,XDBADMN,OPEN
ORAAPPSDBS01-PI,ORAWEB,ORAWEB,NON_CONTAINER,YODA,OPEN
ORAAPPSDBS01-PI,ORAWEB,ORAWEB,NON_CONTAINER,ZPFM,OPEN
ORAAPPSDBS01-PI,ORAWEB,ORAWEB,NON_CONTAINER,ZPFM_RO,OPEN
OraCyberlab-Prod,CYBERLAB,CYBERLAB,NON_CONTAINER,ADMINISTRATOR,OPEN
OraCyberlab-Prod,CYBERLAB,CYBERLAB,NON_CONTAINER,CYBERLABV4,OPEN
OraCyberlab-Prod,CYBERLAB,CYBERLAB,NON_CONTAINER,CYBERLABV4_RO,OPEN
OraCyberlab-Prod,CYBERLAB,CYBERLAB,NON_CONTAINER,DBSNMP,OPEN
OraCyberlab-Prod,CYBERLAB,CYBERLAB,NON_CONTAINER,MONITORING,OPEN
OraCyberlab-Prod,CYBERLAB,CYBERLAB,NON_CONTAINER,OUTLN,OPEN
OraCyberlab-Prod,CYBERLAB,CYBERLAB,NON_CONTAINER,SYS,OPEN
OraCyberlab-Prod,CYBERLAB,CYBERLAB,NON_CONTAINER,SYSTEM,OPEN
Ora-DEV,CYBERDEV,CYBERDEV,NON_CONTAINER,ADMINISTRATOR,OPEN
Ora-DEV,CYBERDEV,CYBERDEV,NON_CONTAINER,CYBERLABV4,OPEN
Ora-DEV,CYBERDEV,CYBERDEV,NON_CONTAINER,CYBERLABV4_RO,OPEN
Ora-DEV,CYBERDEV,CYBERDEV,NON_CONTAINER,CYBERLABV6,OPEN
Ora-DEV,CYBERDEV,CYBERDEV,NON_CONTAINER,DBSNMP,OPEN
Ora-DEV,CYBERDEV,CYBERDEV,NON_CONTAINER,MONITORING,OPEN
Ora-DEV,CYBERDEV,CYBERDEV,NON_CONTAINER,OUTLN,OPEN
Ora-DEV,CYBERDEV,CYBERDEV,NON_CONTAINER,SYS,OPEN
Ora-DEV,CYBERDEV,CYBERDEV,NON_CONTAINER,SYSTEM,OPEN
Ora-DEV,ENNOVT,ENNOVT,NON_CONTAINER,ADMINISTRATOR,OPEN
Ora-DEV,ENNOVT,ENNOVT,NON_CONTAINER,DATAMART_ENNOV,OPEN
Ora-DEV,ENNOVT,ENNOVT,NON_CONTAINER,DBSNMP,OPEN
Ora-DEV,ENNOVT,ENNOVT,NON_CONTAINER,DT_ETL_ENNOVPROD,OPEN
Ora-DEV,ENNOVT,ENNOVT,NON_CONTAINER,ENNOV8PROD,OPEN
Ora-DEV,ENNOVT,ENNOVT,NON_CONTAINER,ENNOV8PROD_RO,OPEN
Ora-DEV,ENNOVT,ENNOVT,NON_CONTAINER,ENNOV8QUARTZ,OPEN
Ora-DEV,ENNOVT,ENNOVT,NON_CONTAINER,MONITORING,OPEN
Ora-DEV,ENNOVT,ENNOVT,NON_CONTAINER,SYS,OPEN
Ora-DEV,ENNOVT,ENNOVT,NON_CONTAINER,SYSTEM,OPEN
Ora-DEV,HYDTEST,HYDTEST,NON_CONTAINER,ADMINISTRATOR,OPEN
Ora-DEV,HYDTEST,HYDTEST,NON_CONTAINER,DBSNMP,OPEN
Ora-DEV,HYDTEST,HYDTEST,NON_CONTAINER,G5_4SAP,OPEN
Ora-DEV,HYDTEST,HYDTEST,NON_CONTAINER,G5,OPEN
Ora-DEV,HYDTEST,HYDTEST,NON_CONTAINER,HYD_KEYCLK,OPEN
Ora-DEV,HYDTEST,HYDTEST,NON_CONTAINER,MONITORING,OPEN
Ora-DEV,HYDTEST,HYDTEST,NON_CONTAINER,ORACLE_OCM,OPEN
Ora-DEV,HYDTEST,HYDTEST,NON_CONTAINER,SYS,OPEN
Ora-DEV,HYDTEST,HYDTEST,NON_CONTAINER,SYSTEM,OPEN
Ora-DEV,MIRTHT,MIRTHT,NON_CONTAINER,ADMINISTRATOR,OPEN
Ora-DEV,MIRTHT,MIRTHT,NON_CONTAINER,ANIMGCP_DEV,OPEN
Ora-DEV,MIRTHT,MIRTHT,NON_CONTAINER,DBSNMP,OPEN
Ora-DEV,MIRTHT,MIRTHT,NON_CONTAINER,ESANTE_DEV,OPEN
Ora-DEV,MIRTHT,MIRTHT,NON_CONTAINER,HL7HISTORY_DEV,OPEN
Ora-DEV,MIRTHT,MIRTHT,NON_CONTAINER,HL7HISTORY_TEST,OPEN
Ora-DEV,MIRTHT,MIRTHT,NON_CONTAINER,HL7HISTORY_TEST_RO,OPEN
Ora-DEV,MIRTHT,MIRTHT,NON_CONTAINER,MONITORING,OPEN
Ora-DEV,MIRTHT,MIRTHT,NON_CONTAINER,ORACLE_OCM,OPEN
Ora-DEV,MIRTHT,MIRTHT,NON_CONTAINER,PIERRE_ANIM,OPEN
Ora-DEV,MIRTHT,MIRTHT,NON_CONTAINER,ROBERT_ANIM,OPEN
Ora-DEV,MIRTHT,MIRTHT,NON_CONTAINER,SYS,OPEN
Ora-DEV,MIRTHT,MIRTHT,NON_CONTAINER,SYSTEM,OPEN
Ora-DEV,ORAWEBT,ORAWEBT,NON_CONTAINER,ADMINISTRATOR,OPEN
Ora-DEV,ORAWEBT,ORAWEBT,NON_CONTAINER,APEX_LISTENER,OPEN
Ora-DEV,ORAWEBT,ORAWEBT,NON_CONTAINER,APEX_PUBLIC_USER,OPEN
Ora-DEV,ORAWEBT,ORAWEBT,NON_CONTAINER,APEX_REST_PUBLIC_USER,OPEN
Ora-DEV,ORAWEBT,ORAWEBT,NON_CONTAINER,AST,OPEN
Ora-DEV,ORAWEBT,ORAWEBT,NON_CONTAINER,AUBERTIN,OPEN
Ora-DEV,ORAWEBT,ORAWEBT,NON_CONTAINER,BEAUCHET,OPEN
Ora-DEV,ORAWEBT,ORAWEBT,NON_CONTAINER,BELLION,OPEN
Ora-DEV,ORAWEBT,ORAWEBT,NON_CONTAINER,BIEGEL,OPEN
Ora-DEV,ORAWEBT,ORAWEBT,NON_CONTAINER,BO,OPEN
Ora-DEV,ORAWEBT,ORAWEBT,NON_CONTAINER,BRASSEUR,OPEN
Ora-DEV,ORAWEBT,ORAWEBT,NON_CONTAINER,BRUSSELMAN,OPEN
Ora-DEV,ORAWEBT,ORAWEBT,NON_CONTAINER,BURZALA,OPEN
Ora-DEV,ORAWEBT,ORAWEBT,NON_CONTAINER,CARDIO,OPEN
Ora-DEV,ORAWEBT,ORAWEBT,NON_CONTAINER,CDOUGLAS,OPEN
Ora-DEV,ORAWEBT,ORAWEBT,NON_CONTAINER,CELLULE_CRISE,OPEN
Ora-DEV,ORAWEBT,ORAWEBT,NON_CONTAINER,CHRISTOPHE,OPEN
Ora-DEV,ORAWEBT,ORAWEBT,NON_CONTAINER,CIGRAND,OPEN
Ora-DEV,ORAWEBT,ORAWEBT,NON_CONTAINER,CLAUDE,OPEN
Ora-DEV,ORAWEBT,ORAWEBT,NON_CONTAINER,COLBACH,OPEN
Ora-DEV,ORAWEBT,ORAWEBT,NON_CONTAINER,CORDEIRO,OPEN
Ora-DEV,ORAWEBT,ORAWEBT,NON_CONTAINER,CTXSYS,OPEN
Ora-DEV,ORAWEBT,ORAWEBT,NON_CONTAINER,DACUNHA,OPEN
Ora-DEV,ORAWEBT,ORAWEBT,NON_CONTAINER,DBSNMP,OPEN
Ora-DEV,ORAWEBT,ORAWEBT,NON_CONTAINER,DELVAUX,OPEN
Ora-DEV,ORAWEBT,ORAWEBT,NON_CONTAINER,DEVE,OPEN
Ora-DEV,ORAWEBT,ORAWEBT,NON_CONTAINER,DIANE,OPEN
Ora-DEV,ORAWEBT,ORAWEBT,NON_CONTAINER,DIANE_STATS,OPEN
Ora-DEV,ORAWEBT,ORAWEBT,NON_CONTAINER,DIBARI,OPEN
Ora-DEV,ORAWEBT,ORAWEBT,NON_CONTAINER,DIFFERDING,OPEN
Ora-DEV,ORAWEBT,ORAWEBT,NON_CONTAINER,DIMMER,OPEN
Ora-DEV,ORAWEBT,ORAWEBT,NON_CONTAINER,DONAT,OPEN
Ora-DEV,ORAWEBT,ORAWEBT,NON_CONTAINER,ELSEN,OPEN
Ora-DEV,ORAWEBT,ORAWEBT,NON_CONTAINER,ENNOV,OPEN
Ora-DEV,ORAWEBT,ORAWEBT,NON_CONTAINER,EQUIPEMENT,OPEN
Ora-DEV,ORAWEBT,ORAWEBT,NON_CONTAINER,ESANTE,OPEN
Ora-DEV,ORAWEBT,ORAWEBT,NON_CONTAINER,ETUDES,OPEN
Ora-DEV,ORAWEBT,ORAWEBT,NON_CONTAINER,EVERBRIDGE,OPEN
Ora-DEV,ORAWEBT,ORAWEBT,NON_CONTAINER,EVERBRIDGE_TEST,OPEN
Ora-DEV,ORAWEBT,ORAWEBT,NON_CONTAINER,FICKINGER,OPEN
Ora-DEV,ORAWEBT,ORAWEBT,NON_CONTAINER,FORNES,OPEN
Ora-DEV,ORAWEBT,ORAWEBT,NON_CONTAINER,FRAITURE,OPEN
Ora-DEV,ORAWEBT,ORAWEBT,NON_CONTAINER,FRIEDEN,OPEN
Ora-DEV,ORAWEBT,ORAWEBT,NON_CONTAINER,GASSER,OPEN
Ora-DEV,ORAWEBT,ORAWEBT,NON_CONTAINER,GEORGES,OPEN
Ora-DEV,ORAWEBT,ORAWEBT,NON_CONTAINER,GERSON,OPEN
Ora-DEV,ORAWEBT,ORAWEBT,NON_CONTAINER,GILLEN,OPEN
Ora-DEV,ORAWEBT,ORAWEBT,NON_CONTAINER,GOEPFERT,OPEN
Ora-DEV,ORAWEBT,ORAWEBT,NON_CONTAINER,GOUBER,OPEN
Ora-DEV,ORAWEBT,ORAWEBT,NON_CONTAINER,GRH2,OPEN
Ora-DEV,ORAWEBT,ORAWEBT,NON_CONTAINER,GRH,OPEN
Ora-DEV,ORAWEBT,ORAWEBT,NON_CONTAINER,GRH_RESTORE,OPEN
Ora-DEV,ORAWEBT,ORAWEBT,NON_CONTAINER,GRH_STATS,OPEN
Ora-DEV,ORAWEBT,ORAWEBT,NON_CONTAINER,GRUSLIN,OPEN
Ora-DEV,ORAWEBT,ORAWEBT,NON_CONTAINER,HAMER,OPEN
Ora-DEV,ORAWEBT,ORAWEBT,NON_CONTAINER,HARTZ,OPEN
Ora-DEV,ORAWEBT,ORAWEBT,NON_CONTAINER,HCM,OPEN
Ora-DEV,ORAWEBT,ORAWEBT,NON_CONTAINER,HEINEN,OPEN
Ora-DEV,ORAWEBT,ORAWEBT,NON_CONTAINER,HEINTZ,OPEN
Ora-DEV,ORAWEBT,ORAWEBT,NON_CONTAINER,HELENOROLO,OPEN
Ora-DEV,ORAWEBT,ORAWEBT,NON_CONTAINER,HOFFMANN,OPEN
Ora-DEV,ORAWEBT,ORAWEBT,NON_CONTAINER,HTMLDB,OPEN
Ora-DEV,ORAWEBT,ORAWEBT,NON_CONTAINER,HTMLDB_PUBLIC_USER,OPEN
Ora-DEV,ORAWEBT,ORAWEBT,NON_CONTAINER,HTMLDB_RO,OPEN
Ora-DEV,ORAWEBT,ORAWEBT,NON_CONTAINER,HTMLDB_STAT,OPEN
Ora-DEV,ORAWEBT,ORAWEBT,NON_CONTAINER,HTMLDB_STATS,OPEN
Ora-DEV,ORAWEBT,ORAWEBT,NON_CONTAINER,HTMLDB_TEL,OPEN
Ora-DEV,ORAWEBT,ORAWEBT,NON_CONTAINER,INTRANET,OPEN
Ora-DEV,ORAWEBT,ORAWEBT,NON_CONTAINER,JACOBSM,OPEN
Ora-DEV,ORAWEBT,ORAWEBT,NON_CONTAINER,JAMROS,OPEN
Ora-DEV,ORAWEBT,ORAWEBT,NON_CONTAINER,JCI,OPEN
Ora-DEV,ORAWEBT,ORAWEBT,NON_CONTAINER,KAUFMANN_G,OPEN
Ora-DEV,ORAWEBT,ORAWEBT,NON_CONTAINER,KLEIN,OPEN
Ora-DEV,ORAWEBT,ORAWEBT,NON_CONTAINER,KNEIP,OPEN
Ora-DEV,ORAWEBT,ORAWEBT,NON_CONTAINER,KUFFERY,OPEN
Ora-DEV,ORAWEBT,ORAWEBT,NON_CONTAINER,LAAS,OPEN
Ora-DEV,ORAWEBT,ORAWEBT,NON_CONTAINER,LARCHER,OPEN
Ora-DEV,ORAWEBT,ORAWEBT,NON_CONTAINER,LAVANDIER,OPEN
Ora-DEV,ORAWEBT,ORAWEBT,NON_CONTAINER,LION,OPEN
Ora-DEV,ORAWEBT,ORAWEBT,NON_CONTAINER,MAHASSEN,OPEN
Ora-DEV,ORAWEBT,ORAWEBT,NON_CONTAINER,MARTINEZ,OPEN
Ora-DEV,ORAWEBT,ORAWEBT,NON_CONTAINER,MARTINO,OPEN
Ora-DEV,ORAWEBT,ORAWEBT,NON_CONTAINER,MARTINS,OPEN
Ora-DEV,ORAWEBT,ORAWEBT,NON_CONTAINER,MATTIONI,OPEN
Ora-DEV,ORAWEBT,ORAWEBT,NON_CONTAINER,MEJA,OPEN
Ora-DEV,ORAWEBT,ORAWEBT,NON_CONTAINER,MEUNIER,OPEN
Ora-DEV,ORAWEBT,ORAWEBT,NON_CONTAINER,MICHEL,OPEN
Ora-DEV,ORAWEBT,ORAWEBT,NON_CONTAINER,MIRTH_BADGES,OPEN
Ora-DEV,ORAWEBT,ORAWEBT,NON_CONTAINER,MONITORING,OPEN
Ora-DEV,ORAWEBT,ORAWEBT,NON_CONTAINER,MOUSEL,OPEN
Ora-DEV,ORAWEBT,ORAWEBT,NON_CONTAINER,NEIERTZ,OPEN
Ora-DEV,ORAWEBT,ORAWEBT,NON_CONTAINER,NELLY,OPEN
Ora-DEV,ORAWEBT,ORAWEBT,NON_CONTAINER,NESSER,OPEN
Ora-DEV,ORAWEBT,ORAWEBT,NON_CONTAINER,NIEGO,OPEN
Ora-DEV,ORAWEBT,ORAWEBT,NON_CONTAINER,ODS,OPEN
Ora-DEV,ORAWEBT,ORAWEBT,NON_CONTAINER,ODSTEST,OPEN
Ora-DEV,ORAWEBT,ORAWEBT,NON_CONTAINER,ORDS_METADATA,OPEN
Ora-DEV,ORAWEBT,ORAWEBT,NON_CONTAINER,ORDS_PUBLIC_USER,OPEN
Ora-DEV,ORAWEBT,ORAWEBT,NON_CONTAINER,OUTLN,OPEN
Ora-DEV,ORAWEBT,ORAWEBT,NON_CONTAINER,OWF_MGR,OPEN
Ora-DEV,ORAWEBT,ORAWEBT,NON_CONTAINER,PAPPAFAVA,OPEN
Ora-DEV,ORAWEBT,ORAWEBT,NON_CONTAINER,PEARCE,OPEN
Ora-DEV,ORAWEBT,ORAWEBT,NON_CONTAINER,PLAINTES_STATS,OPEN
Ora-DEV,ORAWEBT,ORAWEBT,NON_CONTAINER,PLPDF,OPEN
Ora-DEV,ORAWEBT,ORAWEBT,NON_CONTAINER,PONNET,OPEN
Ora-DEV,ORAWEBT,ORAWEBT,NON_CONTAINER,POUPART,OPEN
Ora-DEV,ORAWEBT,ORAWEBT,NON_CONTAINER,PURCHASE,OPEN
Ora-DEV,ORAWEBT,ORAWEBT,NON_CONTAINER,RDVLABO,OPEN
Ora-DEV,ORAWEBT,ORAWEBT,NON_CONTAINER,RDV,OPEN
Ora-DEV,ORAWEBT,ORAWEBT,NON_CONTAINER,RECHT,OPEN
Ora-DEV,ORAWEBT,ORAWEBT,NON_CONTAINER,RODRIGUES,OPEN
Ora-DEV,ORAWEBT,ORAWEBT,NON_CONTAINER,ROILGEN,OPEN
Ora-DEV,ORAWEBT,ORAWEBT,NON_CONTAINER,SANDROLINI,OPEN
Ora-DEV,ORAWEBT,ORAWEBT,NON_CONTAINER,SANTOSMONTEIRO,OPEN
Ora-DEV,ORAWEBT,ORAWEBT,NON_CONTAINER,SANTOS,OPEN
Ora-DEV,ORAWEBT,ORAWEBT,NON_CONTAINER,SCHILTZ,OPEN
Ora-DEV,ORAWEBT,ORAWEBT,NON_CONTAINER,SCHODER,OPEN
Ora-DEV,ORAWEBT,ORAWEBT,NON_CONTAINER,SCHOLTES,OPEN
Ora-DEV,ORAWEBT,ORAWEBT,NON_CONTAINER,SCORIEL,OPEN
Ora-DEV,ORAWEBT,ORAWEBT,NON_CONTAINER,SERGE,OPEN
Ora-DEV,ORAWEBT,ORAWEBT,NON_CONTAINER,SERVICENOW,OPEN
Ora-DEV,ORAWEBT,ORAWEBT,NON_CONTAINER,SPALLETTA,OPEN
Ora-DEV,ORAWEBT,ORAWEBT,NON_CONTAINER,STAAR,OPEN
Ora-DEV,ORAWEBT,ORAWEBT,NON_CONTAINER,STEVE,OPEN
Ora-DEV,ORAWEBT,ORAWEBT,NON_CONTAINER,SYS,OPEN
Ora-DEV,ORAWEBT,ORAWEBT,NON_CONTAINER,SYSTEM,OPEN
Ora-DEV,ORAWEBT,ORAWEBT,NON_CONTAINER,TESTWF1,OPEN
Ora-DEV,ORAWEBT,ORAWEBT,NON_CONTAINER,THEIS,OPEN
Ora-DEV,ORAWEBT,ORAWEBT,NON_CONTAINER,VANMARUM,OPEN
Ora-DEV,ORAWEBT,ORAWEBT,NON_CONTAINER,WAGENER,OPEN
Ora-DEV,ORAWEBT,ORAWEBT,NON_CONTAINER,WEBER,OPEN
Ora-DEV,ORAWEBT,ORAWEBT,NON_CONTAINER,WEINACHT,OPEN
Ora-DEV,ORAWEBT,ORAWEBT,NON_CONTAINER,WIES,OPEN
Ora-DEV,ORAWEBT,ORAWEBT,NON_CONTAINER,XDBADMN,OPEN
Ora-DEV,ORAWEBT,ORAWEBT,NON_CONTAINER,YODA_COMPTA,OPEN
Ora-DEV,ORAWEBT,ORAWEBT,NON_CONTAINER,YODA,OPEN
Ora-DEV,ORAWEBT,ORAWEBT,NON_CONTAINER,ZABBIX,OPEN
Ora-DEV,ORAWEBT,ORAWEBT,NON_CONTAINER,ZPFM,OPEN
Ora-DEV,ORAWEBT,ORAWEBT,NON_CONTAINER,ZPFM_RO,OPEN
Ora-DEV,SHERDEV,SHERDEV,NON_CONTAINER,ADMINISTRATOR,OPEN
Ora-DEV,SHERDEV,SHERDEV,NON_CONTAINER,CORE,OPEN
Ora-DEV,SHERDEV,SHERDEV,NON_CONTAINER,DBSNMP,OPEN
Ora-DEV,SHERDEV,SHERDEV,NON_CONTAINER,ENGINE,OPEN
Ora-DEV,SHERDEV,SHERDEV,NON_CONTAINER,JBOSS,OPEN
Ora-DEV,SHERDEV,SHERDEV,NON_CONTAINER,MONITORING,OPEN
Ora-DEV,SHERDEV,SHERDEV,NON_CONTAINER,ORACLE_OCM,OPEN
Ora-DEV,SHERDEV,SHERDEV,NON_CONTAINER,RIS_FACTURATION,OPEN
Ora-DEV,SHERDEV,SHERDEV,NON_CONTAINER,SHERLOCK,OPEN
Ora-DEV,SHERDEV,SHERDEV,NON_CONTAINER,SYS,OPEN
Ora-DEV,SHERDEV,SHERDEV,NON_CONTAINER,SYSTEM,OPEN
Ora-DEV,SHERDEV,SHERDEV,NON_CONTAINER,USERMANAGEMENT,OPEN
OraEnnov-PROD,ENNOV,ENNOV,NON_CONTAINER,DATAMART_ENNOV,OPEN
OraEnnov-PROD,ENNOV,ENNOV,NON_CONTAINER,DBSNMP,OPEN
OraEnnov-PROD,ENNOV,ENNOV,NON_CONTAINER,DT_ETL_ENNOV,OPEN
OraEnnov-PROD,ENNOV,ENNOV,NON_CONTAINER,ENNOV8PROD,OPEN
OraEnnov-PROD,ENNOV,ENNOV,NON_CONTAINER,ENNOV8PROD_RO,OPEN
OraEnnov-PROD,ENNOV,ENNOV,NON_CONTAINER,ENNOV8QUARTZ,OPEN
OraEnnov-PROD,ENNOV,ENNOV,NON_CONTAINER,MONITORING,OPEN
OraEnnov-PROD,ENNOV,ENNOV,NON_CONTAINER,SYS,OPEN
OraHydMedia-Prod,HYDPRDG5,HYDPRDG5,NON_CONTAINER,ADMINISTRATOR,OPEN
OraHydMedia-Prod,HYDPRDG5,HYDPRDG5,NON_CONTAINER,DBSNMP,OPEN
OraHydMedia-Prod,HYDPRDG5,HYDPRDG5,NON_CONTAINER,G5,OPEN
OraHydMedia-Prod,HYDPRDG5,HYDPRDG5,NON_CONTAINER,G6_4SAP,OPEN
OraHydMedia-Prod,HYDPRDG5,HYDPRDG5,NON_CONTAINER,MONITORING,OPEN
OraHydMedia-Prod,HYDPRDG5,HYDPRDG5,NON_CONTAINER,SYS,OPEN
OraHydMedia-Prod,HYDPRDG5,HYDPRDG5,NON_CONTAINER,SYSTEM,OPEN
OraLabo-Dev,LABODEV,LABODEV,NON_CONTAINER,ADMINISTRATOR,OPEN
OraLabo-Dev,LABODEV,LABODEV,NON_CONTAINER,DBSNMP,OPEN
OraLabo-Dev,LABODEV,LABODEV,NON_CONTAINER,MIPSDEV,OPEN
OraLabo-Dev,LABODEV,LABODEV,NON_CONTAINER,MONITORING,OPEN
OraLabo-Dev,LABODEV,LABODEV,NON_CONTAINER,ORAGLIMS,OPEN
OraLabo-Dev,LABODEV,LABODEV,NON_CONTAINER,ORAGLIMS_RO,OPEN
OraLabo-Dev,LABODEV,LABODEV,NON_CONTAINER,OUTLN,OPEN
OraLabo-Dev,LABODEV,LABODEV,NON_CONTAINER,SYS,OPEN
OraLabo-Dev,LABOTEST,LABOTEST,NON_CONTAINER,ADMINISTRATOR,OPEN
OraLabo-Dev,LABOTEST,LABOTEST,NON_CONTAINER,DBSNMP,OPEN
OraLabo-Dev,LABOTEST,LABOTEST,NON_CONTAINER,MIPSDEV,OPEN
OraLabo-Dev,LABOTEST,LABOTEST,NON_CONTAINER,MONITORING,OPEN
OraLabo-Dev,LABOTEST,LABOTEST,NON_CONTAINER,ORAGLIMS,OPEN
OraLabo-Dev,LABOTEST,LABOTEST,NON_CONTAINER,ORAGLIMS_RO,OPEN
OraLabo-Dev,LABOTEST,LABOTEST,NON_CONTAINER,OUTLN,OPEN
OraLabo-Dev,LABOTEST,LABOTEST,NON_CONTAINER,SYS,OPEN
OraLabo-Prod,LABO,LABO,NON_CONTAINER,ADMINISTRATOR,OPEN
OraLabo-Prod,LABO,LABO,NON_CONTAINER,DBSNMP,OPEN
OraLabo-Prod,LABO,LABO,NON_CONTAINER,MIPSDEV,OPEN
OraLabo-Prod,LABO,LABO,NON_CONTAINER,MONITORING,OPEN
OraLabo-Prod,LABO,LABO,NON_CONTAINER,ORAGLIMS,OPEN
OraLabo-Prod,LABO,LABO,NON_CONTAINER,ORAGLIMS_RO,OPEN
OraLabo-Prod,LABO,LABO,NON_CONTAINER,OUTLN,OPEN
OraLabo-Prod,LABO,LABO,NON_CONTAINER,SYS,OPEN
ORALEGACY,DIM,DIM,NON_CONTAINER,ADMINISTRATOR,OPEN
ORALEGACY,DIM,DIM,NON_CONTAINER,BUSINESSOBJECTS,OPEN
ORALEGACY,DIM,DIM,NON_CONTAINER,CATALOGUE,OPEN
ORALEGACY,DIM,DIM,NON_CONTAINER,CQ,OPEN
ORALEGACY,DIM,DIM,NON_CONTAINER,DBSNMP,OPEN
ORALEGACY,DIM,DIM,NON_CONTAINER,DOCUMENT,OPEN
ORALEGACY,DIM,DIM,NON_CONTAINER,GAP,OPEN
ORALEGACY,DIM,DIM,NON_CONTAINER,HPMS,OPEN
ORALEGACY,DIM,DIM,NON_CONTAINER,ICODEINCCI,OPEN
ORALEGACY,DIM,DIM,NON_CONTAINER,ICODEINCCI_STAT,OPEN
ORALEGACY,DIM,DIM,NON_CONTAINER,ICODE,OPEN
ORALEGACY,DIM,DIM,NON_CONTAINER,ICODE_STAT,OPEN
ORALEGACY,DIM,DIM,NON_CONTAINER,MASTER,OPEN
ORALEGACY,DIM,DIM,NON_CONTAINER,MONITORING,OPEN
ORALEGACY,DIM,DIM,NON_CONTAINER,MTSSYS,OPEN
ORALEGACY,DIM,DIM,NON_CONTAINER,MWSACCESS,OPEN
ORALEGACY,DIM,DIM,NON_CONTAINER,NMCL,OPEN
ORALEGACY,DIM,DIM,NON_CONTAINER,OUTILS,OPEN
ORALEGACY,DIM,DIM,NON_CONTAINER,OUTLN,OPEN
ORALEGACY,DIM,DIM,NON_CONTAINER,PATIENT,OPEN
ORALEGACY,DIM,DIM,NON_CONTAINER,PMSI,OPEN
ORALEGACY,DIM,DIM,NON_CONTAINER,RDV,OPEN
ORALEGACY,DIM,DIM,NON_CONTAINER,REGULATION,OPEN
ORALEGACY,DIM,DIM,NON_CONTAINER,SID,OPEN
ORALEGACY,DIM,DIM,NON_CONTAINER,STRUCTURE,OPEN
ORALEGACY,DIM,DIM,NON_CONTAINER,SYS,OPEN
ORALEGACY,DIM,DIM,NON_CONTAINER,SYSTEM,OPEN
ORALEGACY,DIM,DIM,NON_CONTAINER,UPDATES,OPEN
ORALEGACY,RISCHL,RISCHL,NON_CONTAINER,ADMINISTRATOR,OPEN
ORALEGACY,RISCHL,RISCHL,NON_CONTAINER,BOP_BO,OPEN
ORALEGACY,RISCHL,RISCHL,NON_CONTAINER,BOP_CONSULTANT,OPEN
ORALEGACY,RISCHL,RISCHL,NON_CONTAINER,BOP,OPEN
ORALEGACY,RISCHL,RISCHL,NON_CONTAINER,COMMON,OPEN
ORALEGACY,RISCHL,RISCHL,NON_CONTAINER,DBSNMP,OPEN
ORALEGACY,RISCHL,RISCHL,NON_CONTAINER,HL7_INTERFACE,OPEN
ORALEGACY,RISCHL,RISCHL,NON_CONTAINER,HST50,OPEN
ORALEGACY,RISCHL,RISCHL,NON_CONTAINER,HSTDEMO,OPEN
ORALEGACY,RISCHL,RISCHL,NON_CONTAINER,INTRANET,OPEN
ORALEGACY,RISCHL,RISCHL,NON_CONTAINER,MEDTECH,OPEN
ORALEGACY,RISCHL,RISCHL,NON_CONTAINER,MONITORING,OPEN
ORALEGACY,RISCHL,RISCHL,NON_CONTAINER,RIS_BO,OPEN
ORALEGACY,RISCHL,RISCHL,NON_CONTAINER,RIS,OPEN
ORALEGACY,RISCHL,RISCHL,NON_CONTAINER,SAPBI,OPEN
ORALEGACY,RISCHL,RISCHL,NON_CONTAINER,SYS,OPEN
ORALEGACY,RISCHL,RISCHL,NON_CONTAINER,SYSTEM,OPEN
ORALEGACY,RISCHL,RISCHL,NON_CONTAINER,TRANSLATOR,OPEN
ORALEGACY,RISCHL,RISCHL,NON_CONTAINER,YODA_CHARGES,OPEN
ORALEGACY,RISCHL,RISCHL,NON_CONTAINER,YODA,OPEN
OraMirth-Prod,MIRTH,MIRTH,NON_CONTAINER,ADMINISTRATOR,OPEN
OraMirth-Prod,MIRTH,MIRTH,NON_CONTAINER,DBSNMP,OPEN
OraMirth-Prod,MIRTH,MIRTH,NON_CONTAINER,ESANTE,OPEN
OraMirth-Prod,MIRTH,MIRTH,NON_CONTAINER,ESANTE_STATS,OPEN
OraMirth-Prod,MIRTH,MIRTH,NON_CONTAINER,HL7HISTORY_PROD,OPEN
OraMirth-Prod,MIRTH,MIRTH,NON_CONTAINER,HL7HISTORY_PROD_RO,OPEN
OraMirth-Prod,MIRTH,MIRTH,NON_CONTAINER,LAURENT_ANIM,OPEN
OraMirth-Prod,MIRTH,MIRTH,NON_CONTAINER,MONITORING,OPEN
OraMirth-Prod,MIRTH,MIRTH,NON_CONTAINER,ORACLE_OCM,OPEN
OraMirth-Prod,MIRTH,MIRTH,NON_CONTAINER,PIERRE_ANIM,OPEN
OraMirth-Prod,MIRTH,MIRTH,NON_CONTAINER,ROBERT_ANIM,OPEN
OraMirth-Prod,MIRTH,MIRTH,NON_CONTAINER,SYS,OPEN
OraMirth-Prod,MIRTH,MIRTH,NON_CONTAINER,SYSTEM,OPEN
OraMirth-Prod,MIRTH,MIRTH,NON_CONTAINER,TEST,OPEN
ORARETRO-DEV,RETRODEV,RETRODEV,NON_CONTAINER,ADMINISTRATOR,OPEN
ORARETRO-DEV,RETRODEV,RETRODEV,NON_CONTAINER,APEX_LISTENER,OPEN
ORARETRO-DEV,RETRODEV,RETRODEV,NON_CONTAINER,APEX_PUBLIC_USER,OPEN
ORARETRO-DEV,RETRODEV,RETRODEV,NON_CONTAINER,APEX_REST_PUBLIC_USER,OPEN
ORARETRO-DEV,RETRODEV,RETRODEV,NON_CONTAINER,DBSNMP,OPEN
ORARETRO-DEV,RETRODEV,RETRODEV,NON_CONTAINER,FLOWS,OPEN
ORARETRO-DEV,RETRODEV,RETRODEV,NON_CONTAINER,MONITORING,OPEN
ORARETRO-DEV,RETRODEV,RETRODEV,NON_CONTAINER,ORDS_METADATA,OPEN
ORARETRO-DEV,RETRODEV,RETRODEV,NON_CONTAINER,ORDS_PUBLIC_USER,OPEN
ORARETRO-DEV,RETRODEV,RETRODEV,NON_CONTAINER,RETRO_MIG_BKP,OPEN
ORARETRO-DEV,RETRODEV,RETRODEV,NON_CONTAINER,RETRO_MIG,OPEN
ORARETRO-DEV,RETRODEV,RETRODEV,NON_CONTAINER,RETRO_MIRTH,OPEN
ORARETRO-DEV,RETRODEV,RETRODEV,NON_CONTAINER,RETRO,OPEN
ORARETRO-DEV,RETRODEV,RETRODEV,NON_CONTAINER,SYS,OPEN
ORARETRO-DEV,RETRODEV,RETRODEV,NON_CONTAINER,SYSTEM,OPEN
ORARETRO-PROD,RETRO,RETRO,NON_CONTAINER,ADMINISTRATOR,OPEN
ORARETRO-PROD,RETRO,RETRO,NON_CONTAINER,APEX_LISTENER,OPEN
ORARETRO-PROD,RETRO,RETRO,NON_CONTAINER,APEX_PUBLIC_USER,OPEN
ORARETRO-PROD,RETRO,RETRO,NON_CONTAINER,APEX_REST_PUBLIC_USER,OPEN
ORARETRO-PROD,RETRO,RETRO,NON_CONTAINER,DBSNMP,OPEN
ORARETRO-PROD,RETRO,RETRO,NON_CONTAINER,MONITORING,OPEN
ORARETRO-PROD,RETRO,RETRO,NON_CONTAINER,ORDS_METADATA,OPEN
ORARETRO-PROD,RETRO,RETRO,NON_CONTAINER,ORDS_PUBLIC_USER,OPEN
ORARETRO-PROD,RETRO,RETRO,NON_CONTAINER,RETRO_MIRTH,OPEN
ORARETRO-PROD,RETRO,RETRO,NON_CONTAINER,RETRO,OPEN
ORARETRO-PROD,RETRO,RETRO,NON_CONTAINER,SYS,OPEN
ORARETRO-PROD,RETRO,RETRO,NON_CONTAINER,SYSTEM,OPEN
ORARETRO-UAT,RETROUAT,RETROUAT,NON_CONTAINER,ADMINISTRATOR,OPEN
ORARETRO-UAT,RETROUAT,RETROUAT,NON_CONTAINER,APEX_LISTENER,OPEN
ORARETRO-UAT,RETROUAT,RETROUAT,NON_CONTAINER,APEX_PUBLIC_USER,OPEN
ORARETRO-UAT,RETROUAT,RETROUAT,NON_CONTAINER,APEX_REST_PUBLIC_USER,OPEN
ORARETRO-UAT,RETROUAT,RETROUAT,NON_CONTAINER,DBSNMP,OPEN
ORARETRO-UAT,RETROUAT,RETROUAT,NON_CONTAINER,MONITORING,OPEN
ORARETRO-UAT,RETROUAT,RETROUAT,NON_CONTAINER,ORDS_METADATA,OPEN
ORARETRO-UAT,RETROUAT,RETROUAT,NON_CONTAINER,ORDS_PUBLIC_USER,OPEN
ORARETRO-UAT,RETROUAT,RETROUAT,NON_CONTAINER,RETRO_MIRTH,OPEN
ORARETRO-UAT,RETROUAT,RETROUAT,NON_CONTAINER,RETRO,OPEN
ORARETRO-UAT,RETROUAT,RETROUAT,NON_CONTAINER,SYS,OPEN
ORARETRO-UAT,RETROUAT,RETROUAT,NON_CONTAINER,SYSTEM,OPEN
OraSherlock-Prod,SHERLOCK,SHERLOCK,NON_CONTAINER,ADMINISTRATOR,OPEN
OraSherlock-Prod,SHERLOCK,SHERLOCK,NON_CONTAINER,CORE,OPEN
OraSherlock-Prod,SHERLOCK,SHERLOCK,NON_CONTAINER,DBSNMP,OPEN
OraSherlock-Prod,SHERLOCK,SHERLOCK,NON_CONTAINER,ENGINE,OPEN
OraSherlock-Prod,SHERLOCK,SHERLOCK,NON_CONTAINER,ENGINE_RO,OPEN
OraSherlock-Prod,SHERLOCK,SHERLOCK,NON_CONTAINER,JBOSS,OPEN
OraSherlock-Prod,SHERLOCK,SHERLOCK,NON_CONTAINER,MONITORING,OPEN
OraSherlock-Prod,SHERLOCK,SHERLOCK,NON_CONTAINER,ORACLE_OCM,OPEN
OraSherlock-Prod,SHERLOCK,SHERLOCK,NON_CONTAINER,RIS_FACTURATION,OPEN
OraSherlock-Prod,SHERLOCK,SHERLOCK,NON_CONTAINER,SHERLOCK,OPEN
OraSherlock-Prod,SHERLOCK,SHERLOCK,NON_CONTAINER,SYS,OPEN
OraSherlock-Prod,SHERLOCK,SHERLOCK,NON_CONTAINER,SYSTEM,OPEN
OraSherlock-Prod,SHERLOCK,SHERLOCK,NON_CONTAINER,USERMANAGEMENT,OPEN
Password unchanged
      <proxy> ::= <proxyuser>[<username>][/<password>][@<connect_identifier>]
Retype new password: 
SAPBWL01-PI,BA1,BA1,NON_CONTAINER,DBSNMP,OPEN
SAPBWL01-PI,BA1,BA1,NON_CONTAINER,MONITORING,OPEN
SAPBWL01-PI,BA1,BA1,NON_CONTAINER,OPS$BA1ADM,OPEN
SAPBWL01-PI,BA1,BA1,NON_CONTAINER,OPS$ORABA1,OPEN
SAPBWL01-PI,BA1,BA1,NON_CONTAINER,OPS$ORACLE,OPEN
SAPBWL01-PI,BA1,BA1,NON_CONTAINER,OPS$SAPSERVICEBA1,OPEN
SAPBWL01-PI,BA1,BA1,NON_CONTAINER,ORACLE_OCM,OPEN
SAPBWL01-PI,BA1,BA1,NON_CONTAINER,SAPSR3,OPEN
SAPBWL01-PI,BA1,BA1,NON_CONTAINER,SYS,OPEN
SAPBWL01-PI,BA1,BA1,NON_CONTAINER,SYSTEM,OPEN
SAPBWL01-PI,BJ1,BJ1,NON_CONTAINER,DBSNMP,OPEN
SAPBWL01-PI,BJ1,BJ1,NON_CONTAINER,MONITORING,OPEN
SAPBWL01-PI,BJ1,BJ1,NON_CONTAINER,OPS$BJ1ADM,OPEN
SAPBWL01-PI,BJ1,BJ1,NON_CONTAINER,OPS$ORABJ1,OPEN
SAPBWL01-PI,BJ1,BJ1,NON_CONTAINER,OPS$ORACLE,OPEN
SAPBWL01-PI,BJ1,BJ1,NON_CONTAINER,ORACLE_OCM,OPEN
SAPBWL01-PI,BJ1,BJ1,NON_CONTAINER,SAPSR3DB,OPEN
SAPBWL01-PI,BJ1,BJ1,NON_CONTAINER,SYS,OPEN
SAPBWL01-PI,BJ1,BJ1,NON_CONTAINER,SYSTEM,OPEN
SAPBWN01-PD,BA3,BA3,NON_CONTAINER,DBSNMP,OPEN
SAPBWN01-PD,BA3,BA3,NON_CONTAINER,MONITORING,OPEN
SAPBWN01-PD,BA3,BA3,NON_CONTAINER,OPS$BA3ADM,OPEN
SAPBWN01-PD,BA3,BA3,NON_CONTAINER,OPS$ORABA3,OPEN
SAPBWN01-PD,BA3,BA3,NON_CONTAINER,OPS$ORACLE,OPEN
SAPBWN01-PD,BA3,BA3,NON_CONTAINER,OPS$SAPSERVICEBA3,OPEN
SAPBWN01-PD,BA3,BA3,NON_CONTAINER,ORACLE_OCM,OPEN
SAPBWN01-PD,BA3,BA3,NON_CONTAINER,SAPSR3,OPEN
SAPBWN01-PD,BA3,BA3,NON_CONTAINER,SYS,OPEN
SAPBWN01-PD,BA3,BA3,NON_CONTAINER,SYSTEM,OPEN
SAPBWN01-PD,BJ3,BJ3,NON_CONTAINER,DBSNMP,OPEN
SAPBWN01-PD,BJ3,BJ3,NON_CONTAINER,MONITORING,OPEN
SAPBWN01-PD,BJ3,BJ3,NON_CONTAINER,OPS$BJ3ADM,OPEN
SAPBWN01-PD,BJ3,BJ3,NON_CONTAINER,OPS$ORABJ3,OPEN
SAPBWN01-PD,BJ3,BJ3,NON_CONTAINER,OPS$ORACLE,OPEN
SAPBWN01-PD,BJ3,BJ3,NON_CONTAINER,ORACLE_OCM,OPEN
SAPBWN01-PD,BJ3,BJ3,NON_CONTAINER,SAPSR3DB,OPEN
SAPBWN01-PD,BJ3,BJ3,NON_CONTAINER,SYS,OPEN
SAPBWN01-PD,BJ3,BJ3,NON_CONTAINER,SYSTEM,OPEN
SAPBWN01-TD,NA3,NA3,NON_CONTAINER,BACKUP,OPEN
SAPBWN01-TD,NA3,NA3,NON_CONTAINER,DBSNMP,OPEN
SAPBWN01-TD,NA3,NA3,NON_CONTAINER,MONITORING,OPEN
SAPBWN01-TD,NA3,NA3,NON_CONTAINER,OPS$NA3ADM,OPEN
SAPBWN01-TD,NA3,NA3,NON_CONTAINER,OPS$ORACLE,OPEN
SAPBWN01-TD,NA3,NA3,NON_CONTAINER,OPS$ORANA3,OPEN
SAPBWN01-TD,NA3,NA3,NON_CONTAINER,OPS$SAPSERVICENA3,OPEN
SAPBWN01-TD,NA3,NA3,NON_CONTAINER,ORACLE_OCM,OPEN
SAPBWN01-TD,NA3,NA3,NON_CONTAINER,SAPSR3,OPEN
SAPBWN01-TD,NA3,NA3,NON_CONTAINER,SYS,OPEN
SAPBWN01-TD,NA3,NA3,NON_CONTAINER,SYSTEM,OPEN
SAPBWN01-TD,NJ3,NJ3,NON_CONTAINER,BACKUP,OPEN
SAPBWN01-TD,NJ3,NJ3,NON_CONTAINER,DBSNMP,OPEN
SAPBWN01-TD,NJ3,NJ3,NON_CONTAINER,MONITORING,OPEN
SAPBWN01-TD,NJ3,NJ3,NON_CONTAINER,OPS$NA3ADM,OPEN
SAPBWN01-TD,NJ3,NJ3,NON_CONTAINER,OPS$NJ3ADM,OPEN
SAPBWN01-TD,NJ3,NJ3,NON_CONTAINER,OPS$ORACLE,OPEN
SAPBWN01-TD,NJ3,NJ3,NON_CONTAINER,OPS$ORANA3,OPEN
SAPBWN01-TD,NJ3,NJ3,NON_CONTAINER,OPS$ORANJ3,OPEN
SAPBWN01-TD,NJ3,NJ3,NON_CONTAINER,ORACLE_OCM,OPEN
SAPBWN01-TD,NJ3,NJ3,NON_CONTAINER,SAPSR3DB,OPEN
SAPBWN01-TD,NJ3,NJ3,NON_CONTAINER,SYS,OPEN
SAPBWN01-TD,NJ3,NJ3,NON_CONTAINER,SYSTEM,OPEN
SAPCHCDB,CHC,CHC,NON_CONTAINER,DBSNMP,OPEN
SAPCHCDB,CHC,CHC,NON_CONTAINER,MONITORING,OPEN
SAPCHCDB,CHC,CHC,NON_CONTAINER,MONITORING_ORACLEDB_EXP,OPEN
SAPCHCDB,CHC,CHC,NON_CONTAINER,OPS$CHCADM,OPEN
SAPCHCDB,CHC,CHC,NON_CONTAINER,OPS$ORACHC,OPEN
SAPCHCDB,CHC,CHC,NON_CONTAINER,OPS$ORACLE,OPEN
SAPCHCDB,CHC,CHC,NON_CONTAINER,OPS$SAPSERVICECHC,OPEN
SAPCHCDB,CHC,CHC,NON_CONTAINER,ORACLE_OCM,OPEN
SAPCHCDB,CHC,CHC,NON_CONTAINER,SAPSR3,OPEN
SAPCHCDB,CHC,CHC,NON_CONTAINER,SYS,OPEN
SAPCHCDB,CHC,CHC,NON_CONTAINER,SYSTEM,OPEN
SAPCHLDB,CHL,CHL,NON_CONTAINER,DBSNMP,OPEN
SAPCHLDB,CHL,CHL,NON_CONTAINER,MONITORING,OPEN
SAPCHLDB,CHL,CHL,NON_CONTAINER,MONITORING_ORACLEDB_EXP,OPEN
SAPCHLDB,CHL,CHL,NON_CONTAINER,OPS$CHLADM,OPEN
SAPCHLDB,CHL,CHL,NON_CONTAINER,OPS$ORACHL,OPEN
SAPCHLDB,CHL,CHL,NON_CONTAINER,OPS$ORACLE,OPEN
SAPCHLDB,CHL,CHL,NON_CONTAINER,OPS$SAPSERVICECHL,OPEN
SAPCHLDB,CHL,CHL,NON_CONTAINER,ORACLE_OCM,OPEN
SAPCHLDB,CHL,CHL,NON_CONTAINER,SAPSR3,OPEN
SAPCHLDB,CHL,CHL,NON_CONTAINER,SYS,OPEN
SAPCHLDB,CHL,CHL,NON_CONTAINER,SYSTEM,OPEN
SP2-0157: unable to CONNECT to ORACLE after 3 attempts, exiting SQL*Plus
SP2-0306: Invalid option.
SP2-0650: New passwords do not match
Usage: CONN[ECT] [{logon|/|proxy} [AS {SYSDBA|SYSOPER|SYSASM|SYSBACKUP|SYSDG|SYSKM|SYSRAC}] [edition=value]]
where <logon> ::= <username>[/<password>][@<connect_identifier>]
