APEXCENTRAL/SQLEXPRESS,NoAudit,0,NONE,NONE,0,AUDIT_CHANGE_GROUP,0
APEXCENTRAL/SQLEXPRESS,NoAudit,0,NONE,NONE,0,FAILED_LOGIN_GROUP,0
APEXCENTRAL/SQLEXPRESS,NoAudit,0,NONE,NONE,0,SUCCESSFUL_LOGIN_GROUP,0
APEXONE/OFFICESCAN,NoAudit,0,NONE,NONE,0,AUDIT_CHANGE_GROUP,0
APEXONE/OFFICESCAN,NoAudit,0,NONE,NONE,0,FAILED_LOGIN_GROUP,0
APEXONE/OFFICESCAN,NoAudit,0,NONE,NONE,0,SUCCESSFUL_LOGIN_GROUP,0
BRAINWAVEDB,NoAudit,0,NONE,NONE,0,AUDIT_CHANGE_GROUP,0
BRAINWAVEDB,NoAudit,0,NONE,NONE,0,FAILED_LOGIN_GROUP,0
BRAINWAVEDB,NoAudit,0,NONE,NONE,0,SUCCESSFUL_LOGIN_GROUP,0
CATOSRV,NoAudit,0,NONE,NONE,0,AUDIT_CHANGE_GROUP,0
CATOSRV,NoAudit,0,NONE,NONE,0,FAILED_LOGIN_GROUP,0
CATOSRV,NoAudit,0,NONE,NONE,0,SUCCESSFUL_LOGIN_GROUP,0
CATOTEST,NoAudit,0,NONE,NONE,0,AUDIT_CHANGE_GROUP,0
CATOTEST,NoAudit,0,NONE,NONE,0,FAILED_LOGIN_GROUP,0
CATOTEST,NoAudit,0,NONE,NONE,0,SUCCESSFUL_LOGIN_GROUP,0
CHIPTEXSAS01-PI,NoAudit,0,NONE,NONE,0,AUDIT_CHANGE_GROUP,0
CHIPTEXSAS01-PI,NoAudit,0,NONE,NONE,0,FAILED_LOGIN_GROUP,0
CHIPTEXSAS01-PI,NoAudit,0,NONE,NONE,0,SUCCESSFUL_LOGIN_GROUP,0
CNSSQL1,NoAudit,0,NONE,NONE,0,AUDIT_CHANGE_GROUP,0
CNSSQL1,NoAudit,0,NONE,NONE,0,FAILED_LOGIN_GROUP,0
CNSSQL1,NoAudit,0,NONE,NONE,0,SUCCESSFUL_LOGIN_GROUP,0
COPLIVEDBS01-PI,NoAudit,0,NONE,NONE,0,AUDIT_CHANGE_GROUP,0
COPLIVEDBS01-PI,NoAudit,0,NONE,NONE,0,FAILED_LOGIN_GROUP,0
COPLIVEDBS01-PI,NoAudit,0,NONE,NONE,0,SUCCESSFUL_LOGIN_GROUP,0
COPRA6COPUS,NoAudit,0,NONE,NONE,0,AUDIT_CHANGE_GROUP,0
COPRA6COPUS,NoAudit,0,NONE,NONE,0,FAILED_LOGIN_GROUP,0
COPRA6COPUS,NoAudit,0,NONE,NONE,0,SUCCESSFUL_LOGIN_GROUP,0
COPRADEMO,NoAudit,0,NONE,NONE,0,AUDIT_CHANGE_GROUP,0
COPRADEMO,NoAudit,0,NONE,NONE,0,FAILED_LOGIN_GROUP,0
COPRADEMO,NoAudit,0,NONE,NONE,0,SUCCESSFUL_LOGIN_GROUP,0
COPRALIVE,NoAudit,0,NONE,NONE,0,AUDIT_CHANGE_GROUP,0
COPRALIVE,NoAudit,0,NONE,NONE,0,FAILED_LOGIN_GROUP,0
COPRALIVE,NoAudit,0,NONE,NONE,0,SUCCESSFUL_LOGIN_GROUP,0
COPRASTAT,NoAudit,0,NONE,NONE,0,AUDIT_CHANGE_GROUP,0
COPRASTAT,NoAudit,0,NONE,NONE,0,FAILED_LOGIN_GROUP,0
COPRASTAT,NoAudit,0,NONE,NONE,0,SUCCESSFUL_LOGIN_GROUP,0
COPRATEST,NoAudit,0,NONE,NONE,0,AUDIT_CHANGE_GROUP,0
COPRATEST,NoAudit,0,NONE,NONE,0,FAILED_LOGIN_GROUP,0
COPRATEST,NoAudit,0,NONE,NONE,0,SUCCESSFUL_LOGIN_GROUP,0
COPSTATDBS01-PI,NoAudit,0,NONE,NONE,0,AUDIT_CHANGE_GROUP,0
COPSTATDBS01-PI,NoAudit,0,NONE,NONE,0,FAILED_LOGIN_GROUP,0
COPSTATDBS01-PI,NoAudit,0,NONE,NONE,0,SUCCESSFUL_LOGIN_GROUP,0
DRAGONDB/SQLEXPRESS,NoAudit,0,NONE,NONE,0,AUDIT_CHANGE_GROUP,0
DRAGONDB/SQLEXPRESS,NoAudit,0,NONE,NONE,0,FAILED_LOGIN_GROUP,0
DRAGONDB/SQLEXPRESS,NoAudit,0,NONE,NONE,0,SUCCESSFUL_LOGIN_GROUP,0
ECGSRV/SQL2016,NoAudit,0,NONE,NONE,0,AUDIT_CHANGE_GROUP,0
ECGSRV/SQL2016,NoAudit,0,NONE,NONE,0,FAILED_LOGIN_GROUP,0
ECGSRV/SQL2016,NoAudit,0,NONE,NONE,0,SUCCESSFUL_LOGIN_GROUP,0
ECGTEST/SQL2016,NoAudit,0,NONE,NONE,0,AUDIT_CHANGE_GROUP,0
ECGTEST/SQL2016,NoAudit,0,NONE,NONE,0,FAILED_LOGIN_GROUP,0
ECGTEST/SQL2016,NoAudit,0,NONE,NONE,0,SUCCESSFUL_LOGIN_GROUP,0
ENDOBASESRV/MSSQLENDOBASE,NoAudit,0,NONE,NONE,0,AUDIT_CHANGE_GROUP,0
ENDOBASESRV/MSSQLENDOBASE,NoAudit,0,NONE,NONE,0,FAILED_LOGIN_GROUP,0
ENDOBASESRV/MSSQLENDOBASE,NoAudit,0,NONE,NONE,0,SUCCESSFUL_LOGIN_GROUP,0
ESTOSPROCALL,NoAudit,0,NONE,NONE,0,AUDIT_CHANGE_GROUP,0
ESTOSPROCALL,NoAudit,0,NONE,NONE,0,FAILED_LOGIN_GROUP,0
ESTOSPROCALL,NoAudit,0,NONE,NONE,0,SUCCESSFUL_LOGIN_GROUP,0
IMAGEDRIVEDB,NoAudit,0,NONE,NONE,0,AUDIT_CHANGE_GROUP,0
IMAGEDRIVEDB,NoAudit,0,NONE,NONE,0,FAILED_LOGIN_GROUP,0
IMAGEDRIVEDB,NoAudit,0,NONE,NONE,0,SUCCESSFUL_LOGIN_GROUP,0
INFINITYGW,NoAudit,0,NONE,NONE,0,AUDIT_CHANGE_GROUP,0
INFINITYGW,NoAudit,0,NONE,NONE,0,FAILED_LOGIN_GROUP,0
INFINITYGW,NoAudit,0,NONE,NONE,0,SUCCESSFUL_LOGIN_GROUP,0
INFRASQL,NoAudit,0,NONE,NONE,0,AUDIT_CHANGE_GROUP,0
INFRASQL,NoAudit,0,NONE,NONE,0,FAILED_LOGIN_GROUP,0
INFRASQL,NoAudit,0,NONE,NONE,0,SUCCESSFUL_LOGIN_GROUP,0
ITCDB01,NoAudit,0,NONE,NONE,0,AUDIT_CHANGE_GROUP,0
ITCDB01,NoAudit,0,NONE,NONE,0,FAILED_LOGIN_GROUP,0
ITCDB01,NoAudit,0,NONE,NONE,0,SUCCESSFUL_LOGIN_GROUP,0
LABOSOMSRV,NoAudit,0,NONE,NONE,0,AUDIT_CHANGE_GROUP,0
LABOSOMSRV,NoAudit,0,NONE,NONE,0,FAILED_LOGIN_GROUP,0
LABOSOMSRV,NoAudit,0,NONE,NONE,0,SUCCESSFUL_LOGIN_GROUP,0
LABOSRV,NoAudit,0,NONE,NONE,0,AUDIT_CHANGE_GROUP,0
LABOSRV,NoAudit,0,NONE,NONE,0,FAILED_LOGIN_GROUP,0
LABOSRV,NoAudit,0,NONE,NONE,0,SUCCESSFUL_LOGIN_GROUP,0
MATCHERSRV,NoAudit,0,NONE,NONE,0,AUDIT_CHANGE_GROUP,0
MATCHERSRV,NoAudit,0,NONE,NONE,0,FAILED_LOGIN_GROUP,0
MATCHERSRV,NoAudit,0,NONE,NONE,0,SUCCESSFUL_LOGIN_GROUP,0
METAVI6DBS01-DI,NoAudit,0,NONE,NONE,0,AUDIT_CHANGE_GROUP,0
METAVI6DBS01-DI,NoAudit,0,NONE,NONE,0,FAILED_LOGIN_GROUP,0
METAVI6DBS01-DI,NoAudit,0,NONE,NONE,0,SUCCESSFUL_LOGIN_GROUP,0
METAVI6DBS01-PI,AudiMSSQL_StandardCHL,1,APPLICATION LOG,ServerAuditSpecification_StandardCHL,1,AUDIT_CHANGE_GROUP,SUCCESS AND FAILURE
METAVI6DBS01-PI,AudiMSSQL_StandardCHL,1,APPLICATION LOG,ServerAuditSpecification_StandardCHL,1,FAILED_LOGIN_GROUP,SUCCESS AND FAILURE
METAVI6DBS01-PI,AudiMSSQL_StandardCHL,1,APPLICATION LOG,ServerAuditSpecification_StandardCHL,1,SUCCESSFUL_LOGIN_GROUP,SUCCESS AND FAILURE
METAVI6DBS01-TI,NoAudit,0,NONE,NONE,0,AUDIT_CHANGE_GROUP,0
METAVI6DBS01-TI,NoAudit,0,NONE,NONE,0,FAILED_LOGIN_GROUP,0
METAVI6DBS01-TI,NoAudit,0,NONE,NONE,0,SUCCESSFUL_LOGIN_GROUP,0
MVDB23,NoAudit,0,NONE,NONE,0,AUDIT_CHANGE_GROUP,0
MVDB23,NoAudit,0,NONE,NONE,0,FAILED_LOGIN_GROUP,0
MVDB23,NoAudit,0,NONE,NONE,0,SUCCESSFUL_LOGIN_GROUP,0
MVDBTEST23,NoAudit,0,NONE,NONE,0,AUDIT_CHANGE_GROUP,0
MVDBTEST23,NoAudit,0,NONE,NONE,0,FAILED_LOGIN_GROUP,0
MVDBTEST23,NoAudit,0,NONE,NONE,0,SUCCESSFUL_LOGIN_GROUP,0
MVDEVDBS01-TI,NoAudit,0,NONE,NONE,0,AUDIT_CHANGE_GROUP,0
MVDEVDBS01-TI,NoAudit,0,NONE,NONE,0,FAILED_LOGIN_GROUP,0
MVDEVDBS01-TI,NoAudit,0,NONE,NONE,0,SUCCESSFUL_LOGIN_GROUP,0
MVESRV,NoAudit,0,NONE,NONE,0,AUDIT_CHANGE_GROUP,0
MVESRV,NoAudit,0,NONE,NONE,0,FAILED_LOGIN_GROUP,0
MVESRV,NoAudit,0,NONE,NONE,0,SUCCESSFUL_LOGIN_GROUP,0
NEUROSRV,NoAudit,0,NONE,NONE,0,AUDIT_CHANGE_GROUP,0
NEUROSRV,NoAudit,0,NONE,NONE,0,FAILED_LOGIN_GROUP,0
NEUROSRV,NoAudit,0,NONE,NONE,0,SUCCESSFUL_LOGIN_GROUP,0
NOSOKOSDBS01-PI,AudiMSSQL_StandardCHL,1,APPLICATION LOG,ServerAuditSpecification_StandardCHL,1,AUDIT_CHANGE_GROUP,SUCCESS AND FAILURE
NOSOKOSDBS01-PI,AudiMSSQL_StandardCHL,1,APPLICATION LOG,ServerAuditSpecification_StandardCHL,1,FAILED_LOGIN_GROUP,SUCCESS AND FAILURE
NOSOKOSDBS01-PI,AudiMSSQL_StandardCHL,1,APPLICATION LOG,ServerAuditSpecification_StandardCHL,1,SUCCESSFUL_LOGIN_GROUP,SUCCESS AND FAILURE
ONKOZERTSRV,NoAudit,0,NONE,NONE,0,AUDIT_CHANGE_GROUP,0
ONKOZERTSRV,NoAudit,0,NONE,NONE,0,FAILED_LOGIN_GROUP,0
ONKOZERTSRV,NoAudit,0,NONE,NONE,0,SUCCESSFUL_LOGIN_GROUP,0
OPERA5DBS01-PI/OPERAPRD,NoAudit,0,NONE,NONE,0,AUDIT_CHANGE_GROUP,0
OPERA5DBS01-PI/OPERAPRD,NoAudit,0,NONE,NONE,0,FAILED_LOGIN_GROUP,0
OPERA5DBS01-PI/OPERAPRD,NoAudit,0,NONE,NONE,0,SUCCESSFUL_LOGIN_GROUP,0
OPERA5SAS01-TI/OPERATST,NoAudit,0,NONE,NONE,0,AUDIT_CHANGE_GROUP,0
OPERA5SAS01-TI/OPERATST,NoAudit,0,NONE,NONE,0,FAILED_LOGIN_GROUP,0
OPERA5SAS01-TI/OPERATST,NoAudit,0,NONE,NONE,0,SUCCESSFUL_LOGIN_GROUP,0
OPSCCTSSAS01-PI,NoAudit,0,NONE,NONE,0,AUDIT_CHANGE_GROUP,0
OPSCCTSSAS01-PI,NoAudit,0,NONE,NONE,0,FAILED_LOGIN_GROUP,0
OPSCCTSSAS01-PI,NoAudit,0,NONE,NONE,0,SUCCESSFUL_LOGIN_GROUP,0
OPTIMDB,NoAudit,0,NONE,NONE,0,AUDIT_CHANGE_GROUP,0
OPTIMDB,NoAudit,0,NONE,NONE,0,FAILED_LOGIN_GROUP,0
OPTIMDB,NoAudit,0,NONE,NONE,0,SUCCESSFUL_LOGIN_GROUP,0
ORGACARDDB01,NoAudit,0,NONE,NONE,0,AUDIT_CHANGE_GROUP,0
ORGACARDDB01,NoAudit,0,NONE,NONE,0,FAILED_LOGIN_GROUP,0
ORGACARDDB01,NoAudit,0,NONE,NONE,0,SUCCESSFUL_LOGIN_GROUP,0
ORGCARDSAS-TI,NoAudit,0,NONE,NONE,0,AUDIT_CHANGE_GROUP,0
ORGCARDSAS-TI,NoAudit,0,NONE,NONE,0,FAILED_LOGIN_GROUP,0
ORGCARDSAS-TI,NoAudit,0,NONE,NONE,0,SUCCESSFUL_LOGIN_GROUP,0
PFMSAS02-PI/PFMSQL2016,NoAudit,0,NONE,NONE,0,AUDIT_CHANGE_GROUP,0
PFMSAS02-PI/PFMSQL2016,NoAudit,0,NONE,NONE,0,FAILED_LOGIN_GROUP,0
PFMSAS02-PI/PFMSQL2016,NoAudit,0,NONE,NONE,0,SUCCESSFUL_LOGIN_GROUP,0
RDMSRV,NoAudit,0,NONE,NONE,0,AUDIT_CHANGE_GROUP,0
RDMSRV,NoAudit,0,NONE,NONE,0,FAILED_LOGIN_GROUP,0
RDMSRV,NoAudit,0,NONE,NONE,0,SUCCESSFUL_LOGIN_GROUP,0
SAATMANNSRV,NoAudit,0,NONE,NONE,0,AUDIT_CHANGE_GROUP,0
SAATMANNSRV,NoAudit,0,NONE,NONE,0,FAILED_LOGIN_GROUP,0
SAATMANNSRV,NoAudit,0,NONE,NONE,0,SUCCESSFUL_LOGIN_GROUP,0
SALTOSAS01-PI,NoAudit,0,NONE,NONE,0,AUDIT_CHANGE_GROUP,0
SALTOSAS01-PI,NoAudit,0,NONE,NONE,0,FAILED_LOGIN_GROUP,0
SALTOSAS01-PI,NoAudit,0,NONE,NONE,0,SUCCESSFUL_LOGIN_GROUP,0
SALTOSAS01-TI,NoAudit,0,NONE,NONE,0,AUDIT_CHANGE_GROUP,0
SALTOSAS01-TI,NoAudit,0,NONE,NONE,0,FAILED_LOGIN_GROUP,0
SALTOSAS01-TI,NoAudit,0,NONE,NONE,0,SUCCESSFUL_LOGIN_GROUP,0
SBIMSRV,NoAudit,0,NONE,NONE,0,AUDIT_CHANGE_GROUP,0
SBIMSRV,NoAudit,0,NONE,NONE,0,FAILED_LOGIN_GROUP,0
SBIMSRV,NoAudit,0,NONE,NONE,0,SUCCESSFUL_LOGIN_GROUP,0
SBIMTEST,NoAudit,0,NONE,NONE,0,AUDIT_CHANGE_GROUP,0
SBIMTEST,NoAudit,0,NONE,NONE,0,FAILED_LOGIN_GROUP,0
SBIMTEST,NoAudit,0,NONE,NONE,0,SUCCESSFUL_LOGIN_GROUP,0
SCCMCHL,NoAudit,0,NONE,NONE,0,AUDIT_CHANGE_GROUP,0
SCCMCHL,NoAudit,0,NONE,NONE,0,FAILED_LOGIN_GROUP,0
SCCMCHL,NoAudit,0,NONE,NONE,0,SUCCESSFUL_LOGIN_GROUP,0
SCCMREPORT,NoAudit,0,NONE,NONE,0,AUDIT_CHANGE_GROUP,0
SCCMREPORT,NoAudit,0,NONE,NONE,0,FAILED_LOGIN_GROUP,0
SCCMREPORT,NoAudit,0,NONE,NONE,0,SUCCESSFUL_LOGIN_GROUP,0
SCCMSUP,NoAudit,0,NONE,NONE,0,AUDIT_CHANGE_GROUP,0
SCCMSUP,NoAudit,0,NONE,NONE,0,FAILED_LOGIN_GROUP,0
SCCMSUP,NoAudit,0,NONE,NONE,0,SUCCESSFUL_LOGIN_GROUP,0
SCHAUFSRV,NoAudit,0,NONE,NONE,0,AUDIT_CHANGE_GROUP,0
SCHAUFSRV,NoAudit,0,NONE,NONE,0,FAILED_LOGIN_GROUP,0
SCHAUFSRV,NoAudit,0,NONE,NONE,0,SUCCESSFUL_LOGIN_GROUP,0
SENTRYSUITESRV/SENTRYSUITE,NoAudit,0,NONE,NONE,0,AUDIT_CHANGE_GROUP,0
SENTRYSUITESRV/SENTRYSUITE,NoAudit,0,NONE,NONE,0,FAILED_LOGIN_GROUP,0
SENTRYSUITESRV/SENTRYSUITE,NoAudit,0,NONE,NONE,0,SUCCESSFUL_LOGIN_GROUP,0
SENTRYSUITETEST/SENTRYSUITE,NoAudit,0,NONE,NONE,0,AUDIT_CHANGE_GROUP,0
SENTRYSUITETEST/SENTRYSUITE,NoAudit,0,NONE,NONE,0,FAILED_LOGIN_GROUP,0
SENTRYSUITETEST/SENTRYSUITE,NoAudit,0,NONE,NONE,0,SUCCESSFUL_LOGIN_GROUP,0
SHATEST,NoAudit,0,NONE,NONE,0,AUDIT_CHANGE_GROUP,0
SHATEST,NoAudit,0,NONE,NONE,0,FAILED_LOGIN_GROUP,0
SHATEST,NoAudit,0,NONE,NONE,0,SUCCESSFUL_LOGIN_GROUP,0
SWLMAESDBS01-PI,NoAudit,0,NONE,NONE,0,AUDIT_CHANGE_GROUP,0
SWLMAESDBS01-PI,NoAudit,0,NONE,NONE,0,FAILED_LOGIN_GROUP,0
SWLMAESDBS01-PI,NoAudit,0,NONE,NONE,0,SUCCESSFUL_LOGIN_GROUP,0
SWLMAESDBS01-TI,NoAudit,0,NONE,NONE,0,AUDIT_CHANGE_GROUP,0
SWLMAESDBS01-TI,NoAudit,0,NONE,NONE,0,FAILED_LOGIN_GROUP,0
SWLMAESDBS01-TI,NoAudit,0,NONE,NONE,0,SUCCESSFUL_LOGIN_GROUP,0
SYSADMVWS01-DI,AudiMSSQL_StandardCHL,1,APPLICATION LOG,ServerAuditSpecification_StandardCHL,1,AUDIT_CHANGE_GROUP,SUCCESS AND FAILURE
SYSADMVWS01-DI,AudiMSSQL_StandardCHL,1,APPLICATION LOG,ServerAuditSpecification_StandardCHL,1,FAILED_LOGIN_GROUP,SUCCESS AND FAILURE
SYSADMVWS01-DI,AudiMSSQL_StandardCHL,1,APPLICATION LOG,ServerAuditSpecification_StandardCHL,1,SUCCESSFUL_LOGIN_GROUP,SUCCESS AND FAILURE
SYSEPUSAS01-PI,NoAudit,0,NONE,NONE,0,AUDIT_CHANGE_GROUP,0
SYSEPUSAS01-PI,NoAudit,0,NONE,NONE,0,FAILED_LOGIN_GROUP,0
SYSEPUSAS01-PI,NoAudit,0,NONE,NONE,0,SUCCESSFUL_LOGIN_GROUP,0
SYSMEXIPUSRV,NoAudit,0,NONE,NONE,0,AUDIT_CHANGE_GROUP,0
SYSMEXIPUSRV,NoAudit,0,NONE,NONE,0,FAILED_LOGIN_GROUP,0
SYSMEXIPUSRV,NoAudit,0,NONE,NONE,0,SUCCESSFUL_LOGIN_GROUP,0
THYCOTICDB,NoAudit,0,NONE,NONE,0,AUDIT_CHANGE_GROUP,0
THYCOTICDB,NoAudit,0,NONE,NONE,0,FAILED_LOGIN_GROUP,0
THYCOTICDB,NoAudit,0,NONE,NONE,0,SUCCESSFUL_LOGIN_GROUP,0
THYCOTICSRV,NoAudit,0,NONE,NONE,0,AUDIT_CHANGE_GROUP,0
THYCOTICSRV,NoAudit,0,NONE,NONE,0,FAILED_LOGIN_GROUP,0
THYCOTICSRV,NoAudit,0,NONE,NONE,0,SUCCESSFUL_LOGIN_GROUP,0
TSSTEST/SQLEXPRESS,NoAudit,0,NONE,NONE,0,AUDIT_CHANGE_GROUP,0
TSSTEST/SQLEXPRESS,NoAudit,0,NONE,NONE,0,FAILED_LOGIN_GROUP,0
TSSTEST/SQLEXPRESS,NoAudit,0,NONE,NONE,0,SUCCESSFUL_LOGIN_GROUP,0
WSSQL01,NoAudit,0,NONE,NONE,0,AUDIT_CHANGE_GROUP,0
WSSQL01,NoAudit,0,NONE,NONE,0,FAILED_LOGIN_GROUP,0
WSSQL01,NoAudit,0,NONE,NONE,0,SUCCESSFUL_LOGIN_GROUP,0
WSSQLMED01,NoAudit,0,NONE,NONE,0,AUDIT_CHANGE_GROUP,0
WSSQLMED01,Audit-CHL_CHG0043050_WSSQLMED01,1,APPLICATION LOG,ServerAuditSpecification-CHL_CHG0043050-WSSQLMED01,1,FAILED_LOGIN_GROUP,SUCCESS AND FAILURE
WSSQLMED01,Audit-CHL_CHG0043050_WSSQLMED01,1,APPLICATION LOG,ServerAuditSpecification-CHL_CHG0043050-WSSQLMED01,1,SUCCESSFUL_LOGIN_GROUP,SUCCESS AND FAILURE
WSSQLTEST01,NoAudit,0,NONE,NONE,0,AUDIT_CHANGE_GROUP,0
WSSQLTEST01,NoAudit,0,NONE,NONE,0,FAILED_LOGIN_GROUP,0
WSSQLTEST01,NoAudit,0,NONE,NONE,0,SUCCESSFUL_LOGIN_GROUP,0
ZCMSQL,NoAudit,0,NONE,NONE,0,AUDIT_CHANGE_GROUP,0
ZCMSQL,NoAudit,0,NONE,NONE,0,FAILED_LOGIN_GROUP,0
ZCMSQL,NoAudit,0,NONE,NONE,0,SUCCESSFUL_LOGIN_GROUP,0
