APEXCENTRAL/SQLEXPRESS,master,Public,OnlyDefaultPermission,OnlyDefaultPermission
APEXONE/OFFICESCAN,master,Public,OnlyDefaultPermission,OnlyDefaultPermission
BRAINWAVEDB,master,Public,OnlyDefaultPermission,OnlyDefaultPermission
CATOSRV,master,Public,OnlyDefaultPermission,OnlyDefaultPermission
CATOTEST,master,Public,OnlyDefaultPermission,OnlyDefaultPermission
CHIPTEXSAS01-PI,master,Public,OnlyDefaultPermission,OnlyDefaultPermission
CNSSQL1,master,Public,OnlyDefaultPermission,OnlyDefaultPermission
COPLIVEDBS01-PI,master,Public,OnlyDefaultPermission,OnlyDefaultPermission
COPRA6COPUS,master,Public,OnlyDefaultPermission,OnlyDefaultPermission
COPRADEMO,master,Public,OnlyDefaultPermission,OnlyDefaultPermission
COPRALIVE,master,Public,OnlyDefaultPermission,OnlyDefaultPermission
COPRASTAT,master,Public,OnlyDefaultPermission,OnlyDefaultPermission
COPRATEST,master,Public,OnlyDefaultPermission,OnlyDefaultPermission
COPSTATDBS01-PI,master,Public,OnlyDefaultPermission,OnlyDefaultPermission
DRAGONDB/SQLEXPRESS,master,Public,OnlyDefaultPermission,OnlyDefaultPermission
ECGSRV/SQL2016,master,Public,OnlyDefaultPermission,OnlyDefaultPermission
ECGTEST/SQL2016,master,Public,OnlyDefaultPermission,OnlyDefaultPermission
ENDOBASESRV/MSSQLENDOBASE,master,Public,OnlyDefaultPermission,OnlyDefaultPermission
ESTOSPROCALL,master,Public,OnlyDefaultPermission,OnlyDefaultPermission
IMAGEDRIVEDB,master,Public,OnlyDefaultPermission,OnlyDefaultPermission
INFINITYGW,master,Public,OnlyDefaultPermission,OnlyDefaultPermission
INFRASQL,master,Public,OnlyDefaultPermission,OnlyDefaultPermission
ITCDB01,master,Public,OnlyDefaultPermission,OnlyDefaultPermission
LABOSOMSRV,master,Public,OnlyDefaultPermission,OnlyDefaultPermission
LABOSRV,master,Public,OnlyDefaultPermission,OnlyDefaultPermission
MATCHERSRV,master,Public,OnlyDefaultPermission,OnlyDefaultPermission
METAVI6DBS01-DI,master,Public,OnlyDefaultPermission,OnlyDefaultPermission
METAVI6DBS01-PI,master,Public,OnlyDefaultPermission,OnlyDefaultPermission
METAVI6DBS01-TI,master,Public,OnlyDefaultPermission,OnlyDefaultPermission
MVDB23,master,Public,OnlyDefaultPermission,OnlyDefaultPermission
MVDBTEST23,master,Public,OnlyDefaultPermission,OnlyDefaultPermission
MVDEVDBS01-TI,master,Public,OnlyDefaultPermission,OnlyDefaultPermission
MVESRV,master,Public,OnlyDefaultPermission,OnlyDefaultPermission
NEUROSRV,master,Public,OnlyDefaultPermission,OnlyDefaultPermission
NOSOKOSDBS01-PI,master,Public,OnlyDefaultPermission,OnlyDefaultPermission
ONKOZERTSRV,master,Public,OnlyDefaultPermission,OnlyDefaultPermission
OPERA5DBS01-PI/OPERAPRD,master,Public,OnlyDefaultPermission,OnlyDefaultPermission
OPERA5SAS01-TI/OPERATST,master,Public,OnlyDefaultPermission,OnlyDefaultPermission
OPSCCTSSAS01-PI,master,Public,OnlyDefaultPermission,OnlyDefaultPermission
OPTIMDB,master,Public,OnlyDefaultPermission,OnlyDefaultPermission
ORGACARDDB01,master,Public,OnlyDefaultPermission,OnlyDefaultPermission
ORGCARDSAS-TI,master,Public,OnlyDefaultPermission,OnlyDefaultPermission
PFMSAS02-PI/PFMSQL2016,master,Public,OnlyDefaultPermission,OnlyDefaultPermission
RDMSRV,master,Public,OnlyDefaultPermission,OnlyDefaultPermission
SAATMANNSRV,master,Public,OnlyDefaultPermission,OnlyDefaultPermission
SALTOSAS01-PI,master,Public,OnlyDefaultPermission,OnlyDefaultPermission
SALTOSAS01-TI,master,Public,OnlyDefaultPermission,OnlyDefaultPermission
SBIMSRV,master,Public,OnlyDefaultPermission,OnlyDefaultPermission
SBIMTEST,master,Public,OnlyDefaultPermission,OnlyDefaultPermission
SCCMCHL,master,Public,OnlyDefaultPermission,OnlyDefaultPermission
SCCMREPORT,master,Public,OnlyDefaultPermission,OnlyDefaultPermission
SCCMSUP,master,Public,OnlyDefaultPermission,OnlyDefaultPermission
SCHAUFSRV,master,Public,OnlyDefaultPermission,OnlyDefaultPermission
SENTRYSUITESRV/SENTRYSUITE,master,Public,OnlyDefaultPermission,OnlyDefaultPermission
SENTRYSUITETEST/SENTRYSUITE,master,Public,OnlyDefaultPermission,OnlyDefaultPermission
SHATEST,master,Public,OnlyDefaultPermission,OnlyDefaultPermission
SWLMAESDBS01-PI,master,Public,OnlyDefaultPermission,OnlyDefaultPermission
SWLMAESDBS01-TI,master,Public,OnlyDefaultPermission,OnlyDefaultPermission
SYSADMVWS01-DI,master,Public,OnlyDefaultPermission,OnlyDefaultPermission
SYSEPUSAS01-PI,master,Public,OnlyDefaultPermission,OnlyDefaultPermission
SYSMEXIPUSRV,master,Public,OnlyDefaultPermission,OnlyDefaultPermission
THYCOTICDB,master,Public,OnlyDefaultPermission,OnlyDefaultPermission
THYCOTICSRV,master,Public,OnlyDefaultPermission,OnlyDefaultPermission
TSSTEST/SQLEXPRESS,master,Public,OnlyDefaultPermission,OnlyDefaultPermission
WSSQL01,master,Public,OnlyDefaultPermission,OnlyDefaultPermission
WSSQLMED01,master,Public,OnlyDefaultPermission,OnlyDefaultPermission
WSSQLTEST01,master,Public,OnlyDefaultPermission,OnlyDefaultPermission
ZCMSQL,master,Public,OnlyDefaultPermission,OnlyDefaultPermission
