APEXCENTRAL/SQLEXPRESS,Express Edition (64-bit),14.0.2052.1,French_CI_AS,0,APEXCENTRAL,NULL,NULL,5,0,0,2147483647,0,2,7,10.0,20200122,NT AUTHORITY/NETWORKSERVICE,PRD,FREE_LIC
APEXONE/OFFICESCAN,Express Edition (64-bit),13.0.5108.50,SQL_Latin1_General_CP1_CI_AS,0,APEXONE,NULL,NULL,5,0,0,2147483647,0,2,7,10.0,20200122,NT AUTHORITY/NETWORKSERVICE,PRD,FREE_LIC
BRAINWAVEDB,Standard Edition (64-bit),15.0.4326.1,French_CI_AS,0,BRAINWAVEDB,NULL,NULL,5,4,0,10240,0,4,15,10.0,20220105,NT Service/MSSQLSERVER,PRD,CHL
CATOSRV,Standard Edition (64-bit),15.0.4355.3,French_CI_AS,0,CATOSRV,NULL,NULL,5,2,0,5940,0,2,7,10.0,20210209,NT Service/MSSQLSERVER,PRD,CHL
CATOTEST,Standard Edition (64-bit),15.0.4395.2,French_CI_AS,0,CATOTEST,NULL,NULL,5,0,0,2147483647,0,2,3,10.0,20190618,NT Service/MSSQLSERVER,TST,CHL
CHIPTEXSAS01-PI,Express Edition (64-bit),16.0.1175.1,French_CI_AS,0,CHIPTEXSAS01-PI,NULL,NULL,5,0,0,1410,0,1,7,10.0,20240213,NT Service/MSSQLSERVER,PRD,FREE_LIC
CNSSQL1,Standard Edition (64-bit),10.0.4064.0,Latin1_General_CI_AS,0,CNSSQL1,,,5,0,0,4096,0,2,5,6.1,20100709,LocalSystem,PRD,CHL
COPLIVEDBS01-PI,Enterprise Edition (64-bit),16.0.4222.2,Latin1_General_CI_AS,0,COPLIVEDBS01-PI,NULL,NULL,50,4,0,18432,0,4,31,10.0,20250403,NT Service/MSSQLSERVER,PRD,INCCI
COPRA6COPUS,Standard Edition (64-bit),15.0.4355.3,French_CI_AS,0,COPRA6COPUS,NULL,NULL,5,2,0,3072,0,2,7,10.0,20230404,NT Service/MSSQLSERVER,PRD,INCCI
COPRADEMO,Developer Edition (64-bit),14.0.3490.10,French_CI_AS,0,COPRADEMO,NULL,NULL,5,0,0,2147483647,0,4,31,10.0,20190118,NT Service/MSSQLSERVER,TST,FREE_LIC
COPRALIVE,Enterprise Edition: Core-based Licensing (64-bit),14.0.3465.1,French_CI_AS,0,COPRALIVE,NULL,NULL,50,0,0,28672,0,4,15,10.0,20190927,NT Service/MSSQLSERVER,PRD,INCCI
COPRASTAT,Standard Edition (64-bit),14.0.3465.1,French_CI_AS,0,COPRASTAT,NULL,NULL,5,0,0,8096,0,4,7,10.0,20190927,NT Service/MSSQLSERVER,PRD,INCCI
COPRATEST,Standard Edition (64-bit),14.0.3500.1,French_CI_AS,0,COPRATEST,NULL,NULL,50,0,0,12288,0,4,15,10.0,20190927,NT Service/MSSQLSERVER,TST,INCCI
COPSTATDBS01-PI,Standard Edition (64-bit),16.0.4230.2,Latin1_General_CI_AS,0,COPSTATDBS01-PI,NULL,NULL,50,4,0,28000,0,4,7,10.0,20250403,NT Service/MSSQLSERVER,PRD,INCCI
DRAGONDB/SQLEXPRESS,Express Edition (64-bit),14.0.3445.2,French_CI_AS,0,DRAGONDB,NULL,NULL,5,0,0,2147483647,0,1,7,10.0,20210315,NT Service/MSSQL$SQLEXPRESS,PRD,FREE_LIC
ECGSRV/SQL2016,Standard Edition (64-bit),13.0.5893.48,SQL_Latin1_General_CP1_CI_AS,0,ECGSRV,NULL,NULL,5,0,0,6144,0,4,11,10.0,20211125,NT Service/MSSQL$SQL2016,PRD,CHL
ECGTEST/SQL2016,Standard Edition (64-bit),13.0.5888.11,SQL_Latin1_General_CP1_CI_AS,0,ECGTEST,NULL,NULL,5,0,0,4000,0,4,7,10.0,20210309,NT Service/MSSQL$SQL2016,TST,CHL
ENDOBASESRV/MSSQLENDOBASE,Standard Edition (64-bit),15.0.4365.2,French_CI_AS,0,ENDOBASESRV,NULL,NULL,5,2,0,2147483647,0,2,11,10.0,20231110,NT Service/MSSQL$MSSQLENDOBASE,PRD,CHL
ESTOSPROCALL,Express Edition (64-bit),14.0.3530.2,French_CI_AS,0,ESTOSPROCALL,NULL,NULL,5,0,0,2147483647,0,2,3,10.0,20190315,NT Service/MSSQLSERVER,PRD,FREE_LIC
IMAGEDRIVEDB,Standard Edition (64-bit),13.0.4604.0,French_CI_AS,0,IMAGEDRIVEDB,NULL,NULL,5,0,0,2147483647,0,4,7,6.3,20180712,NT Service/MSSQLSERVER,PRD,CHL
INFINITYGW,Express Edition (64-bit),14.0.3515.1,French_CI_AS,0,INFINITYGW,NULL,NULL,5,0,0,2147483647,0,1,7,10.0,20200414,NT Service/MSSQLSERVER,PRD,FREE_LIC
INFRASQL,Standard Edition (64-bit),14.0.3370.1,French_CI_AS,0,INFRASQL,NULL,NULL,5,0,0,12288,0,4,15,10.0,20180129,NT Service/MSSQLSERVER,PRD,CHL
ITCDB01,Standard Edition (64-bit),15.0.4188.2,French_CI_AS,0,ITCDB01,NULL,NULL,5,2,0,2253,0,2,7,10.0,20210615,NT Service/MSSQLSERVER,PRD,CHL
LABOSOMSRV,Express Edition (64-bit),11.0.6260.1,French_CI_AS,0,LABOSOMSRV,NULL,NULL,5,0,0,2147483647,0,2,2,6.3,20151208,NT Service/MSSQLSERVER,PRD,FREE_LIC
LABOSRV,Express Edition (64-bit),14.0.3460.9,SQL_Latin1_General_CP1_CI_AS,0,LABOSRV,NULL,NULL,5,0,0,2147483647,0,1,7,10.0,20200206,NT Service/MSSQLSERVER,PRD,FREE_LIC
MATCHERSRV,Standard Edition (64-bit),12.0.4237.0,French_CI_AS,0,MATCHERSRV,NULL,NULL,5,0,0,4096,0,2,7,6.3,20160202,NT Service/MSSQLSERVER,PRD,CHL
METAVI6DBS01-DI,Developer Edition (64-bit),16.0.4205.1,French_CI_AS,0,METAVI6DBS01-DI,NULL,NULL,5,2,3072,4096,0,2,7,10.0,20250718,NT Service/MSSQLSERVER,DEV,FREE_LIC
METAVI6DBS01-PI,Standard Edition (64-bit),16.0.4225.2,French_CI_AS,0,METAVI6DBS01-PI,NULL,NULL,5,6,0,32768,0,12,39,10.0,20260422,ADCHL/SQLGMSAPRD01$,PRD,CHL
METAVI6DBS01-TI,Developer Edition (64-bit),16.0.4205.1,French_CI_AS,0,METAVI6DBS01-TI,NULL,NULL,5,2,3072,4096,0,2,7,10.0,20250718,NT Service/MSSQLSERVER,TST,FREE_LIC
MVDB23,Standard Edition (64-bit),15.0.4455.2,French_CI_AS,0,MVDB23,NULL,NULL,5,6,27648,28672,1,12,39,10.0,20230320,NT Service/MSSQLSERVER,PRD,CHL
MVDBTEST23,Standard Edition (64-bit),15.0.4440.1,French_CI_AS,0,MVDBTEST23,NULL,NULL,5,2,3072,4096,0,2,7,10.0,20230505,NT Service/MSSQLSERVER,TST,CHL
MVDEVDBS01-TI,Standard Edition (64-bit),15.0.4440.1,French_CI_AS,0,MVDEVDBS01-TI,NULL,NULL,5,2,0,5940,1,2,7,10.0,20241112,NT Service/MSSQLSERVER,TST,CHL
MVESRV,Express Edition (64-bit),12.0.5223.6,French_CI_AS,0,MVESRV,NULL,NULL,5,0,0,2147483647,0,2,7,6.3,20171025,NT Service/MSSQLSERVER,PRD,FREE_LIC
NEUROSRV,Standard Edition (64-bit),14.0.3465.1,French_CI_AS,0,NEUROSRV,NULL,NULL,5,0,0,2147483647,0,2,7,10.0,20200624,NT Service/MSSQLSERVER,PRD,CHL
NOSOKOSDBS01-PI,Standard Edition (64-bit),16.0.4215.2,French_CI_AS,0,NOSOKOSDBS01-PI,NULL,NULL,5,4,0,13108,0,4,15,10.0,20251211,ADCHL/SQLGMSAPRD01$,PRD,CHL
ONKOZERTSRV,Express Edition (64-bit),13.0.5893.48,French_CI_AS,0,ONKOZERTSRV,NULL,NULL,5,0,0,4096,0,1,7,10.0,20200320,NT Service/MSSQLSERVER,PRD,FREE_LIC
OPERA5DBS01-PI/OPERAPRD,Standard Edition (64-bit),15.0.4455.2,SQL_Latin1_General_CP1_CI_AI,0,OPERA5DBS01-PI,NULL,NULL,5,4,0,12288,0,4,23,10.0,20240624,NT Service/MSSQL$OPERAPRD,PRD,CHL
OPERA5SAS01-TI/OPERATST,Developer Edition (64-bit),15.0.2145.1,SQL_Latin1_General_CP1_CI_AI,0,OPERA5SAS01-TI,NULL,NULL,5,4,0,3000,0,8,19,10.0,20240618,NT Service/MSSQL$OPERATST,TST,FREE_LIC
OPSCCTSSAS01-PI,Express Edition (64-bit),15.0.2160.4,SQL_Latin1_General_CP1_CI_AS,0,OPSCCTSSAS01-PI,NULL,NULL,5,0,0,2147483647,0,1,7,10.0,20250417,NT SERVICE/MSSQLSERVER,PRD,FREE_LIC
OPTIMDB,Standard Edition (64-bit),14.0.3465.1,French_CI_AS,0,OPTIMDB,NULL,NULL,5,0,1024,5120,0,2,7,10.0,20210312,adchl/optimadmin,PRD,CHL
ORGACARDDB01,Standard Edition (64-bit),15.0.4365.2,French_CI_AS,0,ORGACARDDB01,NULL,NULL,5,4,0,8192,0,4,11,10.0,20220324,NT Service/MSSQLSERVER,PRD,CHL
ORGCARDSAS-TI,Standard Edition (64-bit),15.0.4465.1,French_CI_AS,0,ORGCARDSAS-TI,NULL,NULL,5,6,0,9216,0,6,15,10.0,20231110,NT Service/MSSQLSERVER,TST,CHL
PFMSAS02-PI/PFMSQL2016,Standard Edition (64-bit),13.0.6435.1,French_CI_AS,0,PFMSAS02-PI,NULL,NULL,5,0,500,6000,0,4,11,10.0,20240703,NT Service/MSSQL$PFMSQL2016,PRD,CHL
RDMSRV,Standard Edition (64-bit),14.0.3465.1,French_CI_AS,0,RDMSRV,NULL,NULL,5,0,0,2147483647,0,4,15,10.0,20200624,NT Service/MSSQLSERVER,PRD,CHL
SAATMANNSRV,Express Edition (64-bit),15.0.4455.2,French_CI_AS,0,SAATMANNSRV,NULL,NULL,5,0,0,2147483647,0,1,5,10.0,20201028,NT Service/MSSQLSERVER,PRD,FREE_LIC
SALTOSAS01-PI,Express Edition (64-bit),16.0.1000.6,French_CI_AS,0,SALTOSAS01-PI,NULL,NULL,5,0,0,8000,0,1,23,10.0,20240327,NT Service/MSSQLSERVER,PRD,FREE_LIC
SALTOSAS01-TI,Express Edition (64-bit),16.0.1000.6,French_CI_AS,0,SALTOSAS01-TI,NULL,NULL,5,0,0,1410,0,1,3,10.0,20240530,NT Service/MSSQLSERVER,TST,FREE_LIC
SBIMSRV,Express Edition (64-bit),14.0.3465.1,French_CI_AS,0,SBIMSRV,NULL,NULL,5,0,0,6144,0,2,11,10.0,20190315,NT Service/MSSQLSERVER,PRD,FREE_LIC
SBIMTEST,Express Edition (64-bit),14.0.3465.1,French_CI_AS,0,SBIMTEST,NULL,NULL,5,0,0,2147483647,0,2,11,10.0,20190315,NT Service/MSSQLSERVER,TST,FREE_LIC
SCCMCHL,Standard Edition (64-bit),14.0.3480.1,SQL_Latin1_General_CP1_CI_AS,0,SCCMCHL,NULL,NULL,5,0,8192,8192,0,8,19,10.0,20170904,LocalSystem,PRD,PROVIDER
SCCMREPORT,Standard Edition (64-bit),14.0.3480.1,SQL_Latin1_General_CP1_CI_AS,0,SCCMREPORT,NULL,NULL,5,0,0,6144,0,4,7,10.0,20170904,LocalSystem,PRD,PROVIDER
SCCMSUP,Standard Edition (64-bit),14.0.3480.1,French_CI_AS,0,SCCMSUP,NULL,NULL,5,0,0,4096,0,4,7,10.0,20190621,NT Service/MSSQLSERVER,PRD,PROVIDER
SCHAUFSRV,Express Edition (64-bit),14.0.3465.1,French_CI_AS,0,SCHAUFSRV,NULL,NULL,5,0,0,2147483647,0,2,7,10.0,20180627,NT Service/MSSQLSERVER,PRD,FREE_LIC
SENTRYSUITESRV/SENTRYSUITE,Standard Edition (64-bit),12.0.6449.1,SQL_Latin1_General_CP1_CI_AS,0,SENTRYSUITESRV,NULL,NULL,5,0,0,10240,0,4,15,6.3,20200414,LocalSystem,PRD,CHL
SENTRYSUITETEST/SENTRYSUITE,Standard Edition (64-bit),12.0.6444.4,SQL_Latin1_General_CP1_CI_AS,0,SENTRYSUITETEST,NULL,NULL,5,0,0,4096,0,4,7,6.3,20200415,LocalSystem,TST,CHL
SHATEST,Standard Edition (64-bit),11.0.6260.1,French_CI_AS,0,SHATEST,NULL,NULL,5,0,0,2147483647,0,2,3,6.3,20170821,NT Service/MSSQLSERVER,TST,CHL
SWLMAESDBS01-PI,Express Edition (64-bit),16.0.4225.2,French_CI_AS,0,SWLMAESDBS01-PI,NULL,NULL,5,0,0,4000,0,1,15,10.0,20240527,NT Service/MSSQLSERVER,PRD,FREE_LIC
SWLMAESDBS01-TI,Express Edition (64-bit),16.0.4115.5,French_CI_AS,0,SWLMAESDBS01-TI,NULL,NULL,5,0,0,4000,0,1,7,10.0,20240430,NT Service/MSSQLSERVER,TST,FREE_LIC
SYSADMVWS01-DI,Standard Edition (64-bit),16.0.4215.2,French_CI_AS,0,SYSADMVWS01-DI,NULL,NULL,5,2,0,3277,0,2,3,10.0,20251210,ADCHL/SQLGMSAPRD01$,DEV,CHL
SYSEPUSAS01-PI,Standard Edition (64-bit),16.0.4150.1,French_CI_AS,0,SYSEPUSAS01-PI,NULL,NULL,5,4,0,11264,0,4,15,10.0,20241112,NT Service/MSSQLSERVER,PRD,CHL
SYSMEXIPUSRV,Standard Edition (64-bit),11.0.6260.1,French_CI_AS,0,SYSMEXIPUSRV,NULL,NULL,5,0,0,2147483647,0,2,7,6.3,20170425,NT Service/MSSQLSERVER,PRD,CHL
THYCOTICDB,Express Edition (64-bit),15.0.2155.2,SQL_Latin1_General_CP1_CI_AS,0,THYCOTICDB,NULL,NULL,5,4,0,2147483647,0,2,9,10.0,20251204,NT Service/MSSQLSERVER,PRD,FREE_LIC
THYCOTICSRV,Express Edition (64-bit),14.0.3515.1,SQL_Latin1_General_CP1_CI_AS,0,THYCOTICSRV,NULL,NULL,5,0,0,2147483647,0,1,15,10.0,20251211,NT Service/MSSQLSERVER,PRD,FREE_LIC
TSSTEST/SQLEXPRESS,Express Edition (64-bit),14.0.3460.9,SQL_Latin1_General_CP1_CI_AS,0,TSSTEST,NULL,NULL,5,0,0,2147483647,0,2,11,10.0,20211129,NT AUTHORITY/NETWORKSERVICE,TST,FREE_LIC
WSSQL01,Standard Edition (64-bit),15.0.4261.1,French_CI_AS,0,WSSQL01,NULL,NULL,5,2,0,18432,0,2,23,10.0,20210423,NT Service/MSSQLSERVER,PRD,CHL
WSSQLMED01,Standard Edition (64-bit),15.0.4355.3,French_CI_AS,0,WSSQLMED01,NULL,NULL,5,2,0,10240,0,2,15,10.0,20220927,NT Service/MSSQLSERVER,PRD,CHL
WSSQLTEST01,Standard Edition (64-bit),15.0.4280.7,French_CI_AS,0,WSSQLTEST01,NULL,NULL,5,2,0,2147483647,0,2,7,10.0,20210624,NT Service/MSSQLSERVER,TST,CHL
ZCMSQL,Standard Edition (64-bit),13.0.4604.0,French_CI_AS,0,ZCMSQL,NULL,NULL,5,0,0,8192,0,4,11,10.0,20180905,NT Service/MSSQLSERVER,PRD,CHL
