APEXCENTRAL/SQLEXPRESS,master,0,0
APEXCENTRAL/SQLEXPRESS,tempdb,0,0
APEXCENTRAL/SQLEXPRESS,model,0,0
APEXCENTRAL/SQLEXPRESS,msdb,0,1
APEXCENTRAL/SQLEXPRESS,db_ApexCentral,1,0
APEXONE/OFFICESCAN,master,0,0
APEXONE/OFFICESCAN,tempdb,0,0
APEXONE/OFFICESCAN,model,0,0
APEXONE/OFFICESCAN,msdb,0,1
APEXONE/OFFICESCAN,APEXONE-ApexOne,0,0
BRAINWAVEDB,master,0,0
BRAINWAVEDB,tempdb,0,0
BRAINWAVEDB,model,0,0
BRAINWAVEDB,msdb,0,1
BRAINWAVEDB,igrc,0,0
BRAINWAVEDB,brainwave_Old,0,0
CATOSRV,master,0,0
CATOSRV,tempdb,0,0
CATOSRV,model,0,0
CATOSRV,msdb,0,1
CATOSRV,Cato,0,0
CATOTEST,master,0,0
CATOTEST,tempdb,0,0
CATOTEST,model,0,0
CATOTEST,msdb,0,1
CATOTEST,Cato-test,0,0
CHIPTEXSAS01-PI,master,0,0
CHIPTEXSAS01-PI,tempdb,0,0
CHIPTEXSAS01-PI,model,0,0
CHIPTEXSAS01-PI,msdb,0,1
CHIPTEXSAS01-PI,Chiptex,0,0
CNSSQL1,master,0,0
CNSSQL1,tempdb,0,0
CNSSQL1,model,0,0
CNSSQL1,msdb,0,1
CNSSQL1,NOD32,0,0
CNSSQL1,portier,0,0
COPLIVEDBS01-PI,master,0,0
COPLIVEDBS01-PI,tempdb,0,0
COPLIVEDBS01-PI,model,0,0
COPLIVEDBS01-PI,msdb,0,1
COPLIVEDBS01-PI,COPRA6Design,0,0
COPLIVEDBS01-PI,COPRA6Test,0,0
COPLIVEDBS01-PI,COPRA6Live,0,0
COPLIVEDBS01-PI,COPRA6Design_old,0,0
COPLIVEDBS01-PI,COPRA6Live_old,0,0
COPLIVEDBS01-PI,COPRA6Test_old,0,0
COPLIVEDBS01-PI,Copus,0,0
COPRA6COPUS,master,0,0
COPRA6COPUS,tempdb,0,0
COPRA6COPUS,model,0,0
COPRA6COPUS,msdb,0,1
COPRADEMO,master,0,0
COPRADEMO,tempdb,0,0
COPRADEMO,model,0,0
COPRADEMO,msdb,0,1
COPRADEMO,COPRA6Design,0,1
COPRADEMO,COPRA6Test,0,0
COPRADEMO,COPRA6Storage,0,1
COPRADEMO,COPRA6Statistic,0,1
COPRALIVE,master,0,0
COPRALIVE,tempdb,0,0
COPRALIVE,model,0,0
COPRALIVE,msdb,0,1
COPRALIVE,COPRA6Live,0,1
COPRALIVE,Copus,0,0
COPRASTAT,master,0,0
COPRASTAT,tempdb,0,0
COPRASTAT,model,0,0
COPRASTAT,msdb,0,1
COPRASTAT,COPRA6Storage,0,1
COPRASTAT,COPRA6Statistic,0,1
COPRATEST,master,0,0
COPRATEST,tempdb,0,0
COPRATEST,model,0,0
COPRATEST,msdb,0,1
COPRATEST,COPRA6Design,0,1
COPRATEST,COPRA6Test,0,1
COPSTATDBS01-PI,master,0,0
COPSTATDBS01-PI,tempdb,0,0
COPSTATDBS01-PI,model,0,0
COPSTATDBS01-PI,msdb,0,1
COPSTATDBS01-PI,COPRA6Storage,0,0
COPSTATDBS01-PI,COPRA6Statistic,0,0
DRAGONDB/SQLEXPRESS,master,0,0
DRAGONDB/SQLEXPRESS,tempdb,0,0
DRAGONDB/SQLEXPRESS,model,0,0
DRAGONDB/SQLEXPRESS,msdb,0,1
DRAGONDB/SQLEXPRESS,NuanceMC,0,0
DRAGONDB/SQLEXPRESS,NuanceSAS,0,0
ECGSRV/SQL2016,master,0,0
ECGSRV/SQL2016,tempdb,0,0
ECGSRV/SQL2016,model,0,0
ECGSRV/SQL2016,msdb,0,1
ECGSRV/SQL2016,dbEMS,0,0
ECGSRV/SQL2016,dbEMSConfig,0,0
ECGSRV/SQL2016,dbReporting,0,0
ECGSRV/SQL2016,DiagnosticECG,0,0
ECGSRV/SQL2016,dbEGPlus_DCM,0,0
ECGTEST/SQL2016,master,0,0
ECGTEST/SQL2016,tempdb,0,0
ECGTEST/SQL2016,model,0,0
ECGTEST/SQL2016,msdb,0,1
ECGTEST/SQL2016,dbReporting,0,0
ECGTEST/SQL2016,dbEMS,0,0
ECGTEST/SQL2016,dbEMSConfig,0,0
ECGTEST/SQL2016,DiagnosticECG,0,0
ECGTEST/SQL2016,dbEGPlus_DCM,0,0
ECGTEST/SQL2016,dbST80i,0,0
ENDOBASESRV/MSSQLENDOBASE,master,0,0
ENDOBASESRV/MSSQLENDOBASE,tempdb,0,0
ENDOBASESRV/MSSQLENDOBASE,model,0,0
ENDOBASESRV/MSSQLENDOBASE,msdb,0,1
ENDOBASESRV/MSSQLENDOBASE,ENDOBASE3,0,0
ESTOSPROCALL,master,0,0
ESTOSPROCALL,tempdb,0,0
ESTOSPROCALL,model,0,0
ESTOSPROCALL,msdb,0,1
ESTOSPROCALL,CtiServerDatabase,1,0
IMAGEDRIVEDB,master,0,0
IMAGEDRIVEDB,tempdb,0,0
IMAGEDRIVEDB,model,0,0
IMAGEDRIVEDB,msdb,0,1
IMAGEDRIVEDB,EnterpriseServer,0,0
IMAGEDRIVEDB,ImageDrive_Research,0,0
INFINITYGW,master,0,0
INFINITYGW,tempdb,0,0
INFINITYGW,model,0,0
INFINITYGW,msdb,0,1
INFINITYGW,gateway,0,0
INFRASQL,master,0,0
INFRASQL,tempdb,0,0
INFRASQL,model,0,0
INFRASQL,msdb,0,1
INFRASQL,eamaudit_old,0,0
INFRASQL,HorizonEventDB,0,0
INFRASQL,SUSDB,0,0
INFRASQL,oSCM,0,0
INFRASQL,CHL_IPAM,0,0
INFRASQL,ServiceNowImport,0,0
INFRASQL,HzExtLogDB,0,0
INFRASQL,HzIntLogDB,0,0
INFRASQL,eamaudit,0,0
INFRASQL,oSCM_dev,0,0
INFRASQL,oSCM_prod,0,0
INFRASQL,WS1IDMDB,0,0
ITCDB01,master,0,0
ITCDB01,tempdb,0,0
ITCDB01,model,0,0
ITCDB01,msdb,0,1
ITCDB01,idamirth,0,0
ITCDB01,idapat,0,0
ITCDB01,ida,0,0
LABOSOMSRV,master,0,0
LABOSOMSRV,tempdb,0,0
LABOSOMSRV,model,0,0
LABOSOMSRV,msdb,0,1
LABOSOMSRV,MEDATEC,0,0
LABOSOMSRV,Medatec-PED,0,0
LABOSRV,master,0,0
LABOSRV,tempdb,0,0
LABOSRV,model,0,0
LABOSRV,msdb,0,1
LABOSRV,BIORAD_CHL,0,0
LABOSRV,BIORAD_UC2_CHL,0,0
MATCHERSRV,master,0,0
MATCHERSRV,tempdb,0,0
MATCHERSRV,model,0,0
MATCHERSRV,msdb,0,1
MATCHERSRV,Matcher_CHLux,0,0
METAVI6DBS01-DI,master,0,0
METAVI6DBS01-DI,tempdb,0,0
METAVI6DBS01-DI,model,0,0
METAVI6DBS01-DI,msdb,0,1
METAVI6DBS01-DI,CHL_Training_EMPI,0,0
METAVI6DBS01-DI,CHL_Training_PROD,0,0
METAVI6DBS01-DI,CHL_Demo_PROD,0,0
METAVI6DBS01-DI,CHL_Demo_EMPI,0,0
METAVI6DBS01-PI,master,0,0
METAVI6DBS01-PI,tempdb,0,0
METAVI6DBS01-PI,model,0,0
METAVI6DBS01-PI,msdb,0,1
METAVI6DBS01-TI,master,0,0
METAVI6DBS01-TI,tempdb,0,0
METAVI6DBS01-TI,model,0,0
METAVI6DBS01-TI,msdb,0,1
METAVI6DBS01-TI,CHL_Test,0,0
METAVI6DBS01-TI,CHL_Test_EMPI,0,0
METAVI6DBS01-TI,CHL_Master_PROD,0,0
METAVI6DBS01-TI,CHL_Master_EMPI,0,0
MVDB23,master,0,0
MVDB23,tempdb,0,0
MVDB23,model,0,0
MVDB23,msdb,0,1
MVDB23,MV_Empi,0,0
MVDB23,MV_Prod,0,0
MVDB23,MV_Archive2,0,0
MVDB23,METAVISION_EXPORT,0,0
MVDB23,distribution,0,0
MVDB23,MV_Arch_2009-2014,0,0
MVDB23,MV_Prod_2009-2014,0,0
MVDB23,MV_Empi_2009-2014,0,0
MVDBTEST23,master,0,0
MVDBTEST23,tempdb,0,0
MVDBTEST23,model,0,0
MVDBTEST23,msdb,0,1
MVDBTEST23,MVCore_02_6_23_EMPI,0,0
MVDBTEST23,MVCore_02_6_23_PROD,0,0
MVDBTEST23,MV_Empi,0,0
MVDBTEST23,MV_Prod,0,0
MVDEVDBS01-TI,master,0,0
MVDEVDBS01-TI,tempdb,0,0
MVDEVDBS01-TI,model,0,0
MVDEVDBS01-TI,msdb,0,1
MVDEVDBS01-TI,MV_Empi,0,0
MVDEVDBS01-TI,MV_Prod,0,0
MVESRV,master,0,0
MVESRV,tempdb,0,0
MVESRV,model,0,0
MVESRV,msdb,0,1
MVESRV,FRAMEWORK,0,0
MVESRV,MONITOR,0,0
MVESRV,QUARTZ,0,0
NEUROSRV,master,0,0
NEUROSRV,tempdb,0,0
NEUROSRV,model,0,0
NEUROSRV,msdb,0,1
NEUROSRV,ShellPlus,0,0
NEUROSRV,KPManagement,0,0
NEUROSRV,KPRaw0,0,0
NEUROSRV,KPArchive0,0,0
NOSOKOSDBS01-PI,master,0,0
NOSOKOSDBS01-PI,tempdb,0,0
NOSOKOSDBS01-PI,model,0,0
NOSOKOSDBS01-PI,msdb,0,1
NOSOKOSDBS01-PI,Mirth_Nosotech,0,0
NOSOKOSDBS01-PI,Nosokos7_PROD,0,0
NOSOKOSDBS01-PI,Nosotech_DDE_PROD,0,0
NOSOKOSDBS01-PI,Nosotech_Interface_ADT_PROD,0,0
NOSOKOSDBS01-PI,Nosotech_Interface_Laboratoire_PROD,0,0
ONKOZERTSRV,master,0,0
ONKOZERTSRV,tempdb,0,0
ONKOZERTSRV,model,0,0
ONKOZERTSRV,msdb,0,1
ONKOZERTSRV,TuDocGeneral,0,0
OPERA5DBS01-PI/OPERAPRD,master,0,0
OPERA5DBS01-PI/OPERAPRD,tempdb,0,0
OPERA5DBS01-PI/OPERAPRD,model,0,0
OPERA5DBS01-PI/OPERAPRD,msdb,0,1
OPERA5DBS01-PI/OPERAPRD,Opera40,0,0
OPERA5DBS01-PI/OPERAPRD,Operawarehouse40,0,0
OPERA5DBS01-PI/OPERAPRD,OperawarehouseWaiting40,0,0
OPERA5DBS01-PI/OPERAPRD,Int_Admis40,0,0
OPERA5DBS01-PI/OPERAPRD,MetaVision,0,0
OPERA5SAS01-TI/OPERATST,master,0,0
OPERA5SAS01-TI/OPERATST,tempdb,0,0
OPERA5SAS01-TI/OPERATST,model,0,0
OPERA5SAS01-TI/OPERATST,msdb,0,1
OPERA5SAS01-TI/OPERATST,Opera40,0,0
OPERA5SAS01-TI/OPERATST,Operawarehouse40,0,0
OPERA5SAS01-TI/OPERATST,OperawarehouseWaiting40,0,0
OPERA5SAS01-TI/OPERATST,Int_Admis40,0,0
OPERA5SAS01-TI/OPERATST,MetaVision,0,0
OPERA5SAS01-TI/OPERATST,TempOpera,0,0
OPSCCTSSAS01-PI,master,0,0
OPSCCTSSAS01-PI,tempdb,0,0
OPSCCTSSAS01-PI,model,0,0
OPSCCTSSAS01-PI,msdb,0,1
OPSCCTSSAS01-PI,configdb,1,0
OPSCCTSSAS01-PI,OSCADM,0,0
OPTIMDB,master,0,0
OPTIMDB,tempdb,0,0
OPTIMDB,model,0,0
OPTIMDB,msdb,0,1
OPTIMDB,OPTIM_OXS_PATIENT_MANAGEMENT_V8,0,0
OPTIMDB,OptimSPM4,0,0
ORGACARDDB01,master,0,0
ORGACARDDB01,tempdb,0,0
ORGACARDDB01,model,0,0
ORGACARDDB01,msdb,0,1
ORGACARDDB01,OCONE_HM,0,0
ORGACARDDB01,OCONE_CE,0,0
ORGACARDDB01,OCARCHIV_CE,0,0
ORGACARDDB01,OCARCHIV_HM,0,0
ORGACARDDB01,OCONE_Testsystem,0,0
ORGACARDDB01,OCONE_Schulungssystem,0,0
ORGACARDDB01,OCARCHIV_Testsystem,0,0
ORGACARDDB01,OCARCHIV_Schulungssystem,0,0
ORGCARDSAS-TI,master,0,0
ORGCARDSAS-TI,tempdb,0,0
ORGCARDSAS-TI,model,0,0
ORGCARDSAS-TI,msdb,0,1
PFMSAS02-PI/PFMSQL2016,master,0,0
PFMSAS02-PI/PFMSQL2016,tempdb,0,0
PFMSAS02-PI/PFMSQL2016,model,0,0
PFMSAS02-PI/PFMSQL2016,msdb,0,1
PFMSAS02-PI/PFMSQL2016,PFM_BD_Mouvements,1,0
RDMSRV,master,0,0
RDMSRV,tempdb,0,0
RDMSRV,model,0,0
RDMSRV,msdb,0,1
RDMSRV,EzDose,0,0
SAATMANNSRV,master,0,0
SAATMANNSRV,tempdb,0,0
SAATMANNSRV,model,0,0
SAATMANNSRV,msdb,0,1
SAATMANNSRV,DB_Schnittstelle,0,0
SAATMANNSRV,DB_GeDoWinQS,0,0
SAATMANNSRV,DB_QS_Monitor,0,0
SALTOSAS01-PI,master,0,0
SALTOSAS01-PI,tempdb,0,0
SALTOSAS01-PI,model,0,0
SALTOSAS01-PI,msdb,0,1
SALTOSAS01-PI,SALTO_SPACE,0,0
SALTOSAS01-PI,TBS_BAWSE,0,0
SALTOSAS01-TI,master,0,0
SALTOSAS01-TI,tempdb,0,0
SALTOSAS01-TI,model,0,0
SALTOSAS01-TI,msdb,0,1
SALTOSAS01-TI,SALTO_SPACE,0,0
SALTOSAS01-TI,TBS_BAWSE,0,0
SBIMSRV,master,0,0
SBIMSRV,tempdb,0,0
SBIMSRV,model,0,0
SBIMSRV,msdb,0,1
SBIMSRV,SBCOM$,0,0
SBIMSRV,SBCOM,0,0
SBIMSRV,SBDIRHM$,0,0
SBIMSRV,SBDIRHM,0,0
SBIMSRV,SBRCM$,0,0
SBIMSRV,SBRCM,0,0
SBIMSRV,SBRCMT,0,0
SBIMSRV,SBRIM$,0,0
SBIMSRV,SBRIM,0,0
SBIMSRV,SBSEC$,0,0
SBIMSRV,SBSEC,0,0
SBIMSRV,SBSYS,0,0
SBIMSRV,SBVIPAT$,0,0
SBIMSRV,SBVIPAT,0,0
SBIMTEST,master,0,0
SBIMTEST,tempdb,0,0
SBIMTEST,model,0,0
SBIMTEST,msdb,0,1
SBIMTEST,SBSYS,0,0
SBIMTEST,SBSEC,0,0
SBIMTEST,SBSEC$,0,0
SBIMTEST,SBCOM,0,0
SBIMTEST,SBCOM$,0,0
SBIMTEST,SBRCM,0,0
SBIMTEST,SBRCM$,0,0
SBIMTEST,SBRCMT,0,0
SBIMTEST,SBRIM,0,0
SBIMTEST,SBRIM$,0,0
SBIMTEST,SBDIRHM,0,0
SBIMTEST,SBDIRHM$,0,0
SBIMTEST,SBVIPAT,0,0
SBIMTEST,SBVIPAT$,0,0
SCCMCHL,master,0,0
SCCMCHL,tempdb,0,0
SCCMCHL,model,0,0
SCCMCHL,msdb,0,1
SCCMCHL,CM_CHL,0,1
SCCMREPORT,master,0,0
SCCMREPORT,tempdb,0,0
SCCMREPORT,model,0,0
SCCMREPORT,msdb,0,1
SCCMREPORT,ReportServer,0,0
SCCMREPORT,ReportServerTempDB,0,0
SCCMREPORT,CM_CHL_DW,0,0
SCCMSUP,master,0,0
SCCMSUP,tempdb,0,0
SCCMSUP,model,0,0
SCCMSUP,msdb,0,1
SCCMSUP,SUSDB,0,0
SCHAUFSRV,master,0,0
SCHAUFSRV,tempdb,0,0
SCHAUFSRV,model,0,0
SCHAUFSRV,msdb,0,1
SCHAUFSRV,sGuide,1,0
SCHAUFSRV,Q-Flex,1,0
SENTRYSUITESRV/SENTRYSUITE,master,0,0
SENTRYSUITESRV/SENTRYSUITE,tempdb,0,0
SENTRYSUITESRV/SENTRYSUITE,model,0,0
SENTRYSUITESRV/SENTRYSUITE,msdb,0,1
SENTRYSUITESRV/SENTRYSUITE,SentrySuite,0,0
SENTRYSUITESRV/SENTRYSUITE,SentryConnectGateway,0,0
SENTRYSUITETEST/SENTRYSUITE,master,0,0
SENTRYSUITETEST/SENTRYSUITE,tempdb,0,0
SENTRYSUITETEST/SENTRYSUITE,model,0,0
SENTRYSUITETEST/SENTRYSUITE,msdb,0,1
SENTRYSUITETEST/SENTRYSUITE,SentrySuite,0,0
SENTRYSUITETEST/SENTRYSUITE,SentryConnectGateway,0,0
SENTRYSUITETEST/SENTRYSUITE,SentryWorklist,0,0
SENTRYSUITETEST/SENTRYSUITE,DBCUBECHL,0,0
SHATEST,master,0,0
SHATEST,tempdb,0,0
SHATEST,model,0,0
SHATEST,msdb,0,1
SWLMAESDBS01-PI,master,0,0
SWLMAESDBS01-PI,tempdb,0,0
SWLMAESDBS01-PI,model,0,0
SWLMAESDBS01-PI,msdb,0,1
SWLMAESDBS01-PI,mirthdb,1,0
SWLMAESDBS01-TI,master,0,0
SWLMAESDBS01-TI,tempdb,0,0
SWLMAESDBS01-TI,model,0,0
SWLMAESDBS01-TI,msdb,0,1
SWLMAESDBS01-TI,mirthdb,0,0
SYSADMVWS01-DI,master,0,0
SYSADMVWS01-DI,tempdb,0,0
SYSADMVWS01-DI,model,0,0
SYSADMVWS01-DI,msdb,0,1
SYSEPUSAS01-PI,master,0,0
SYSEPUSAS01-PI,tempdb,0,0
SYSEPUSAS01-PI,model,0,0
SYSEPUSAS01-PI,msdb,0,1
SYSEPUSAS01-PI,ExtendedIPUConfigData,0,0
SYSEPUSAS01-PI,ExtendedIPURoutineCacheData_4.6.22,0,0
SYSEPUSAS01-PI,ExtendedIPU,0,0
SYSEPUSAS01-PI,ExtendedIPUAccessLogs,0,0
SYSEPUSAS01-PI,ExtendedIPUAnonymized,0,0
SYSEPUSAS01-PI,ExtendedIPUPDFFiles,0,0
SYSEPUSAS01-PI,ExtendedIPUStatistics,0,0
SYSMEXIPUSRV,master,0,0
SYSMEXIPUSRV,tempdb,0,0
SYSMEXIPUSRV,model,0,0
SYSMEXIPUSRV,msdb,0,1
SYSMEXIPUSRV,ExtendedIPU,0,0
SYSMEXIPUSRV,ExtendedIPUAnonymized,0,0
SYSMEXIPUSRV,ExtendedIPURoutineCacheData_4.6.22,0,0
SYSMEXIPUSRV,ExtendedIPUPDFFiles,0,0
SYSMEXIPUSRV,ExtendedIPUStatistics,0,0
SYSMEXIPUSRV,ExtendedIPUAccessLogs,0,0
SYSMEXIPUSRV,ExtendedIPUConfigData,0,0
THYCOTICDB,master,0,0
THYCOTICDB,tempdb,0,0
THYCOTICDB,model,0,0
THYCOTICDB,msdb,0,1
THYCOTICDB,SecretServer,1,0
THYCOTICSRV,master,0,0
THYCOTICSRV,tempdb,0,0
THYCOTICSRV,model,0,0
THYCOTICSRV,msdb,0,1
THYCOTICSRV,SecretServer,1,0
THYCOTICSRV,SecretServerInt,0,0
TSSTEST/SQLEXPRESS,master,0,0
TSSTEST/SQLEXPRESS,tempdb,0,0
TSSTEST/SQLEXPRESS,model,0,0
TSSTEST/SQLEXPRESS,msdb,0,1
TSSTEST/SQLEXPRESS,SecretServer,0,0
TSSTEST/SQLEXPRESS,tmp_hra,0,0
WSSQL01,master,0,0
WSSQL01,tempdb,0,0
WSSQL01,model,0,0
WSSQL01,msdb,0,1
WSSQL01,portier,0,0
WSSQL01,Papercut,0,0
WSSQL01,S4L,0,0
WSSQL01,UniteData,0,0
WSSQL01,UniteAnalyzer,0,0
WSSQL01,UniteAuditTrail,0,0
WSSQL01,UniteConnect,0,0
WSSQL01,ePO_WSEPO01,0,0
WSSQL01,ePO_WSEPO01_Events,0,0
WSSQL01,Carrousel,0,0
WSSQL01,Shared_sync_hra,0,0
WSSQL01,Shared_sync_hra_prod,0,0
WSSQLMED01,master,0,0
WSSQLMED01,tempdb,0,0
WSSQLMED01,model,0,0
WSSQLMED01,msdb,0,1
WSSQLMED01,MUSE_System,0,0
WSSQLMED01,MUSE_SiteTemplate,0,0
WSSQLMED01,MUSE_Site0001,0,0
WSSQLMED01,test,0,0
WSSQLMED01,ATLAS,0,0
WSSQLMED01,AdvArchive,0,0
WSSQLMED01,AdvLog,0,0
WSSQLMED01,AdvSetup,0,0
WSSQLMED01,Diamant,0,0
WSSQLMED01,Matcher_CHLux,0,0
WSSQLTEST01,master,0,0
WSSQLTEST01,tempdb,0,0
WSSQLTEST01,model,0,0
WSSQLTEST01,msdb,0,1
WSSQLTEST01,S4L,0,0
WSSQLTEST01,ONETRUST_REPORTING,0,0
WSSQLTEST01,S4L_rebuild,0,0
WSSQLTEST01,igrc,0,0
WSSQLTEST01,PFM_BD_Mouvements,0,0
WSSQLTEST01,CHL_IPAM,0,0
ZCMSQL,master,0,0
ZCMSQL,tempdb,0,0
ZCMSQL,model,0,0
ZCMSQL,msdb,0,1
ZCMSQL,DBAudit,0,0
ZCMSQL,ZCM_CHL,0,0
